
Processing ../rootlogon.C...
Processing BetaFit_MC.cpp...

--- Analyzing H5 Series: ID_H5a for B10 ---
****************************************
Minimizer is Minuit2 / Migrad
Chi2                      =      117.257
NDf                       =          116
Edm                       =  6.06888e-08
NCalls                    =           69
Constant                  =      95.4311   +/-   0.515435    
Mean                      =  7.63425e-05   +/-   5.79383e-06 
Sigma                     =   0.00121075   +/-   5.76245e-06  	 (limited)
****************************************
Minimizer is Minuit2 / Migrad
Chi2                      =      51.7529
NDf                       =           54
Edm                       =  4.61806e-09
NCalls                    =           69
Constant                  =      63.2844   +/-   0.372818    
Mean                      =  3.55805e-05   +/-   5.98984e-06 
Sigma                     =   0.00115981   +/-   5.96868e-06  	 (limited)
****************************************
Minimizer is Minuit2 / Migrad
Chi2                      =      19.2445
NDf                       =           11
Edm                       =  4.14071e-09
NCalls                    =           71
Constant                  =      101.954   +/-   0.622329    
Mean                      =  4.54661e-07   +/-   6.17578e-06 
Sigma                     =   0.00115978   +/-   6.30806e-06  	 (limited)
****************************************
Minimizer is Minuit2 / Migrad
Chi2                      =      9.76855
NDf                       =            4
Edm                       =  2.75382e-10
NCalls                    =           69
Constant                  =      61.2321   +/-   0.479974    
Mean                      = -1.15855e-05   +/-   7.90026e-06 
Sigma                     =   0.00116621   +/-   8.15713e-06  	 (limited)
****************************************
Minimizer is Minuit2 / Migrad
Chi2                      =      13.3757
NDf                       =            4
Edm                       =  2.15211e-09
NCalls                    =           71
Constant                  =      71.3164   +/-   0.328461    
Mean                      = -6.42186e-06   +/-   4.6276e-06  
Sigma                     =   0.00117983   +/-   4.83266e-06  	 (limited)

--- Analyzing H5 Series: ID_H5b for B10 ---
****************************************
Minimizer is Minuit2 / Migrad
Chi2                      =      1046.69
NDf                       =          404
Edm                       =  7.43327e-08
NCalls                    =           71
Constant                  =       159.94   +/-   0.350683    
Mean                      =  7.04594e-05   +/-   1.05889e-06 
Sigma                     =  0.000523728   +/-   1.05245e-06  	 (limited)
****************************************
Minimizer is Minuit2 / Migrad
Chi2                      =      578.698
NDf                       =          336
Edm                       =  2.76131e-08
NCalls                    =           71
Constant                  =      61.6773   +/-   0.148083    
Mean                      =  4.22256e-05   +/-   9.35031e-07 
Sigma                     =  0.000433796   +/-   9.3252e-07   	 (limited)
****************************************
Minimizer is Minuit2 / Migrad
Chi2                      =      129.677
NDf                       =           77
Edm                       =  4.93293e-07
NCalls                    =           71
Constant                  =      104.644   +/-   0.259234    
Mean                      =   2.3189e-05   +/-   9.05049e-07 
Sigma                     =   0.00041156   +/-   9.11814e-07  	 (limited)
****************************************
Minimizer is Minuit2 / Migrad
Chi2                      =      87.5426
NDf                       =           37
Edm                       =  3.39612e-08
NCalls                    =           71
Constant                  =      63.6513   +/-   0.201153    
Mean                      =   1.3285e-05   +/-   1.13404e-06 
Sigma                     =  0.000404933   +/-   1.12735e-06  	 (limited)
****************************************
Minimizer is Minuit2 / Migrad
Chi2                      =      195.666
NDf                       =           37
Edm                       =  1.28689e-07
NCalls                    =           71
Constant                  =       75.226   +/-   0.136157    
Mean                      =  4.77157e-06   +/-   6.45346e-07 
Sigma                     =  0.000402267   +/-   6.39674e-07  	 (limited)

--- Analyzing H4 Series: ID_H4a for B10 ---
****************************************
Minimizer is Minuit2 / Migrad
Chi2                      =      36.7491
NDf                       =           15
Edm                       =  1.50568e-09
NCalls                    =           74
Constant                  =      111.454   +/-   0.465339    
Mean                      =      1.00013   +/-   4.204e-06   
Sigma                     =   0.00116825   +/-   4.20105e-06  	 (limited)

--- Analyzing H4 Series: ID_H4b for B10 ---
****************************************
Minimizer is Minuit2 / Migrad
Chi2                      =      154.616
NDf                       =           30
Edm                       =  2.06436e-07
NCalls                    =           77
Constant                  =      102.612   +/-   0.182282    
Mean                      =      1.00004   +/-   6.40717e-07 
Sigma                     =  0.000402669   +/-   6.32407e-07  	 (limited)

--- Analyzing H5 Series: ID_H5a for B11 ---
****************************************
Minimizer is Minuit2 / Migrad
Chi2                      =      145.552
NDf                       =          120
Edm                       =  3.11884e-06
NCalls                    =           62
Constant                  =      94.6365   +/-   0.546359    
Mean                      =  9.42724e-05   +/-   6.28532e-06 
Sigma                     =   0.00123864   +/-   6.25283e-06  	 (limited)
****************************************
Minimizer is Minuit2 / Migrad
Chi2                      =      60.9071
NDf                       =           54
Edm                       =  3.11599e-08
NCalls                    =           69
Constant                  =      62.9572   +/-   0.401395    
Mean                      =  3.59825e-05   +/-   6.60496e-06 
Sigma                     =   0.00117942   +/-   6.68827e-06  	 (limited)
****************************************
Minimizer is Minuit2 / Migrad
Chi2                      =      17.5081
NDf                       =           11
Edm                       =  1.55184e-08
NCalls                    =           69
Constant                  =      102.843   +/-   0.676869    
Mean                      =  4.49788e-07   +/-   6.67697e-06 
Sigma                     =   0.00116021   +/-   6.85988e-06  	 (limited)
****************************************
Minimizer is Minuit2 / Migrad
Chi2                      =      2.83287
NDf                       =            4
Edm                       =  8.52341e-08
NCalls                    =           69
Constant                  =      60.2413   +/-   0.507241    
Mean                      =  1.08654e-05   +/-   9.13492e-06 
Sigma                     =   0.00119313   +/-   9.55969e-06  	 (limited)
****************************************
Minimizer is Minuit2 / Migrad
Chi2                      =      10.6358
NDf                       =            4
Edm                       =  1.93592e-07
NCalls                    =           71
Constant                  =      70.4486   +/-   0.346092    
Mean                      =  1.71344e-06   +/-   5.23312e-06 
Sigma                     =   0.00118298   +/-   5.42752e-06  	 (limited)

--- Analyzing H5 Series: ID_H5b for B11 ---
****************************************
Minimizer is Minuit2 / Migrad
Chi2                      =      1100.77
NDf                       =          436
Edm                       =    2.855e-07
NCalls                    =           71
Constant                  =      148.907   +/-   0.348445    
Mean                      =  7.68549e-05   +/-   1.22209e-06 
Sigma                     =   0.00056213   +/-   1.19938e-06  	 (limited)
****************************************
Minimizer is Minuit2 / Migrad
Chi2                      =      510.719
NDf                       =          345
Edm                       =  6.39587e-08
NCalls                    =           71
Constant                  =      60.4974   +/-   0.155953    
Mean                      =  4.79786e-05   +/-   1.03003e-06 
Sigma                     =  0.000445195   +/-   1.02746e-06  	 (limited)
****************************************
Minimizer is Minuit2 / Migrad
Chi2                      =      205.659
NDf                       =           79
Edm                       =  2.28674e-07
NCalls                    =           71
Constant                  =      104.643   +/-   0.276754    
Mean                      =  2.88244e-05   +/-   9.7751e-07  
Sigma                     =  0.000416285   +/-   9.72041e-07  	 (limited)
****************************************
Minimizer is Minuit2 / Migrad
Chi2                      =        86.02
NDf                       =           37
Edm                       =  1.09047e-08
NCalls                    =           71
Constant                  =      64.1679   +/-   0.218491    
Mean                      =  1.93093e-05   +/-   1.23463e-06 
Sigma                     =  0.000408236   +/-   1.23773e-06  	 (limited)
****************************************
Minimizer is Minuit2 / Migrad
Chi2                      =      157.738
NDf                       =           37
Edm                       =  1.43782e-08
NCalls                    =           73
Constant                  =      74.5015   +/-   0.146206    
Mean                      =  8.05056e-06   +/-   7.08341e-07 
Sigma                     =  0.000403021   +/-   6.99562e-07  	 (limited)

--- Analyzing H4 Series: ID_H4a for B11 ---
****************************************
Minimizer is Minuit2 / Migrad
Chi2                      =      33.9413
NDf                       =           15
Edm                       =  1.71971e-08
NCalls                    =           75
Constant                  =      111.331   +/-   0.503563    
Mean                      =      1.00017   +/-   4.65787e-06 
Sigma                     =   0.00117656   +/-   4.7138e-06   	 (limited)

--- Analyzing H4 Series: ID_H4b for B11 ---
****************************************
Minimizer is Minuit2 / Migrad
Chi2                      =      173.602
NDf                       =           31
Edm                       =  8.02072e-08
NCalls                    =           77
Constant                  =      101.348   +/-   0.194314    
Mean                      =      1.00005   +/-   6.97349e-07 
Sigma                     =  0.000405475   +/-   6.76467e-07  	 (limited)

--- Analyzing H5 Series: ID_H5a for Be10 ---
****************************************
Minimizer is Minuit2 / Migrad
Chi2                      =      318.368
NDf                       =          298
Edm                       =  2.62834e-07
NCalls                    =           70
Constant                  =      71.9174   +/-   0.366424    
Mean                      =  0.000138859   +/-   6.84944e-06 
Sigma                     =   0.00152122   +/-   6.75388e-06  	 (limited)
****************************************
Minimizer is Minuit2 / Migrad
Chi2                      =      92.7722
NDf                       =           68
Edm                       =  4.67709e-08
NCalls                    =           69
Constant                  =      98.3668   +/-   0.554432    
Mean                      =   6.5014e-05   +/-   7.16329e-06 
Sigma                     =   0.00144196   +/-   7.13631e-06  	 (limited)
****************************************
Minimizer is Minuit2 / Migrad
Chi2                      =      30.9615
NDf                       =           32
Edm                       =  9.72554e-06
NCalls                    =           63
Constant                  =      82.7603   +/-   0.480095    
Mean                      =  3.72993e-05   +/-   7.20113e-06 
Sigma                     =   0.00142224   +/-   7.18422e-06  	 (limited)
****************************************
Minimizer is Minuit2 / Migrad
Chi2                      =      6.05148
NDf                       =            6
Edm                       =  4.82192e-07
NCalls                    =           63
Constant                  =      99.9556   +/-   0.744692    
Mean                      =  1.93953e-05   +/-   9.18893e-06 
Sigma                     =   0.00142731   +/-   8.97837e-06  	 (limited)
****************************************
Minimizer is Minuit2 / Migrad
Chi2                      =      10.8857
NDf                       =            6
Edm                       =  6.65328e-08
NCalls                    =           69
Constant                  =      111.449   +/-   0.511259    
Mean                      =  2.34993e-05   +/-   5.59242e-06 
Sigma                     =   0.00142792   +/-   5.42659e-06  	 (limited)

--- Analyzing H5 Series: ID_H5b for Be10 ---
****************************************
Minimizer is Minuit2 / Migrad
Chi2                      =       1400.4
NDf                       =          522
Edm                       =  7.85834e-07
NCalls                    =           71
Constant                  =      224.236   +/-   0.474047    
Mean                      =  8.98533e-05   +/-   1.32552e-06 
Sigma                     =   0.00067584   +/-   1.31474e-06  	 (limited)
****************************************
Minimizer is Minuit2 / Migrad
Chi2                      =      620.947
NDf                       =          405
Edm                       =  1.56694e-07
NCalls                    =           72
Constant                  =      96.1477   +/-   0.221857    
Mean                      =  6.25093e-05   +/-   1.08791e-06 
Sigma                     =  0.000521554   +/-   1.07712e-06  	 (limited)
****************************************
Minimizer is Minuit2 / Migrad
Chi2                      =      306.952
NDf                       =          184
Edm                       =    7.668e-08
NCalls                    =           71
Constant                  =       87.532   +/-   0.208312    
Mean                      =  4.09662e-05   +/-   1.01207e-06 
Sigma                     =  0.000477545   +/-   1.01488e-06  	 (limited)
****************************************
Minimizer is Minuit2 / Migrad
Chi2                      =      103.397
NDf                       =           43
Edm                       =  9.17222e-08
NCalls                    =           71
Constant                  =      107.914   +/-   0.331805    
Mean                      =  3.19063e-05   +/-   1.26988e-06 
Sigma                     =  0.000466274   +/-   1.2699e-06   	 (limited)
****************************************
Minimizer is Minuit2 / Migrad
Chi2                      =      234.692
NDf                       =           87
Edm                       =  2.97396e-08
NCalls                    =           71
Constant                  =      61.4366   +/-   0.11281     
Mean                      =  1.71702e-05   +/-   7.56087e-07 
Sigma                     =  0.000457487   +/-   7.55257e-07  	 (limited)

--- Analyzing H4 Series: ID_H4a for Be10 ---
****************************************
Minimizer is Minuit2 / Migrad
Chi2                      =      60.0279
NDf                       =           59
Edm                       =  4.67157e-06
NCalls                    =           69
Constant                  =      64.3939   +/-   0.260265    
Mean                      =      1.00024   +/-   4.98966e-06 
Sigma                     =   0.00142081   +/-   4.8636e-06   	 (limited)

--- Analyzing H4 Series: ID_H4b for Be10 ---
****************************************
Minimizer is Minuit2 / Migrad
Chi2                      =        238.3
NDf                       =           63
Edm                       =   6.3346e-08
NCalls                    =           78
Constant                  =      95.7629   +/-   0.171808    
Mean                      =      1.00008   +/-   7.49555e-07 
Sigma                     =  0.000459626   +/-   7.3937e-07   	 (limited)

--- Analyzing H5 Series: ID_H5a for Be7 ---
****************************************
Minimizer is Minuit2 / Migrad
Chi2                      =      281.414
NDf                       =          271
Edm                       =  3.68346e-08
NCalls                    =           69
Constant                  =      55.5807   +/-   0.258306    
Mean                      =  6.44544e-05   +/-   5.74422e-06 
Sigma                     =   0.00140994   +/-   5.822e-06    	 (limited)
****************************************
Minimizer is Minuit2 / Migrad
Chi2                      =      75.8175
NDf                       =           66
Edm                       =  2.04999e-10
NCalls                    =           69
Constant                  =      71.6384   +/-   0.360373    
Mean                      =  1.64399e-05   +/-   6.121e-06   
Sigma                     =   0.00139671   +/-   6.07199e-06  	 (limited)
****************************************
Minimizer is Minuit2 / Migrad
Chi2                      =      32.4828
NDf                       =           15
Edm                       =  6.31376e-06
NCalls                    =           63
Constant                  =      116.639   +/-   0.598897    
Mean                      =   -1.975e-06   +/-   6.1001e-06  
Sigma                     =    0.0013987   +/-   5.86463e-06  	 (limited)
****************************************
Minimizer is Minuit2 / Migrad
Chi2                      =      13.0263
NDf                       =            6
Edm                       =   3.2408e-06
NCalls                    =           61
Constant                  =      68.0534   +/-   0.452358    
Mean                      = -1.32081e-05   +/-   8.12451e-06 
Sigma                     =   0.00141829   +/-   8.02365e-06  	 (limited)
****************************************
Minimizer is Minuit2 / Migrad
Chi2                      =      24.9464
NDf                       =            6
Edm                       =  1.12011e-05
NCalls                    =           63
Constant                  =      80.8284   +/-   0.314228    
Mean                      = -9.26778e-06   +/-   4.75101e-06 
Sigma                     =   0.00142317   +/-   4.68134e-06  	 (limited)

--- Analyzing H5 Series: ID_H5b for Be7 ---
****************************************
Minimizer is Minuit2 / Migrad
Chi2                      =      729.151
NDf                       =          412
Edm                       =  8.38742e-08
NCalls                    =           71
Constant                  =      208.851   +/-   0.39711     
Mean                      =  6.47917e-05   +/-   9.09866e-07 
Sigma                     =   0.00053023   +/-   9.05901e-07  	 (limited)
****************************************
Minimizer is Minuit2 / Migrad
Chi2                      =      490.291
NDf                       =          366
Edm                       =  2.46845e-07
NCalls                    =           71
Constant                  =      75.2987   +/-   0.157118    
Mean                      =  3.39418e-05   +/-   8.71819e-07 
Sigma                     =  0.000472599   +/-   8.77142e-07  	 (limited)
****************************************
Minimizer is Minuit2 / Migrad
Chi2                      =      273.813
NDf                       =          176
Edm                       =  2.58757e-07
NCalls                    =           71
Constant                  =      63.4679   +/-   0.136609    
Mean                      =  1.79066e-05   +/-   8.65489e-07 
Sigma                     =   0.00045706   +/-   8.69926e-07  	 (limited)
****************************************
Minimizer is Minuit2 / Migrad
Chi2                      =      102.958
NDf                       =           42
Edm                       =  1.15634e-08
NCalls                    =           71
Constant                  =      74.8467   +/-   0.207394    
Mean                      =   9.8884e-06   +/-   1.10526e-06 
Sigma                     =  0.000456048   +/-   1.1037e-06   	 (limited)
****************************************
Minimizer is Minuit2 / Migrad
Chi2                      =      197.203
NDf                       =           41
Edm                       =  1.10092e-06
NCalls                    =           69
Constant                  =      88.9629   +/-   0.142728    
Mean                      =   1.7864e-06   +/-   6.5068e-07  
Sigma                     =   0.00045344   +/-   6.59547e-07  	 (limited)

--- Analyzing H4 Series: ID_H4a for Be7 ---
****************************************
Minimizer is Minuit2 / Migrad
Chi2                      =      61.5575
NDf                       =           27
Edm                       =  2.93701e-09
NCalls                    =           75
Constant                  =      90.8524   +/-   0.327727    
Mean                      =       1.0001   +/-   4.38698e-06 
Sigma                     =   0.00140127   +/-   4.42681e-06  	 (limited)

--- Analyzing H4 Series: ID_H4b for Be7 ---
****************************************
Minimizer is Minuit2 / Migrad
Chi2                      =      241.031
NDf                       =           62
Edm                       =  2.07186e-08
NCalls                    =           78
Constant                  =      69.2346   +/-   0.108711    
Mean                      =      1.00003   +/-   6.36004e-07 
Sigma                     =  0.000454482   +/-   6.35311e-07  	 (limited)

--- Analyzing H5 Series: ID_H5a for Be9 ---
****************************************
Minimizer is Minuit2 / Migrad
Chi2                      =      283.925
NDf                       =          286
Edm                       =  1.01081e-07
NCalls                    =           70
Constant                  =      60.3724   +/-   0.316417    
Mean                      =  0.000125031   +/-   6.88607e-06 
Sigma                     =   0.00148223   +/-   6.91712e-06  	 (limited)
****************************************
Minimizer is Minuit2 / Migrad
Chi2                      =      92.9766
NDf                       =           66
Edm                       =   7.8743e-08
NCalls                    =           69
Constant                  =       82.066   +/-   0.473143    
Mean                      =  5.81867e-05   +/-   7.12663e-06 
Sigma                     =   0.00141202   +/-   7.19173e-06  	 (limited)
****************************************
Minimizer is Minuit2 / Migrad
Chi2                      =      55.1091
NDf                       =           32
Edm                       =  3.22141e-09
NCalls                    =           69
Constant                  =      66.3479   +/-   0.394057    
Mean                      =  2.16246e-05   +/-   7.44428e-06 
Sigma                     =   0.00143184   +/-   7.56252e-06  	 (limited)
****************************************
Minimizer is Minuit2 / Migrad
Chi2                      =      10.6612
NDf                       =            6
Edm                       =  1.24342e-05
NCalls                    =           61
Constant                  =      80.3274   +/-   0.614238    
Mean                      =  1.26128e-05   +/-   9.34998e-06 
Sigma                     =   0.00143082   +/-   9.32161e-06  	 (limited)
****************************************
Minimizer is Minuit2 / Migrad
Chi2                      =      35.1573
NDf                       =            6
Edm                       =  5.64965e-08
NCalls                    =           71
Constant                  =      90.9818   +/-   0.429044    
Mean                      =   3.3307e-06   +/-   5.94446e-06 
Sigma                     =   0.00143395   +/-   6.01679e-06  	 (limited)

--- Analyzing H5 Series: ID_H5b for Be9 ---
****************************************
Minimizer is Minuit2 / Migrad
Chi2                      =       1100.7
NDf                       =          478
Edm                       =  1.48584e-08
NCalls                    =           71
Constant                  =      201.943   +/-   0.434948    
Mean                      =  8.08669e-05   +/-   1.22462e-06 
Sigma                     =  0.000617635   +/-   1.2144e-06   	 (limited)
****************************************
Minimizer is Minuit2 / Migrad
Chi2                      =      535.482
NDf                       =          389
Edm                       =  2.62603e-07
NCalls                    =           71
Constant                  =      81.6953   +/-   0.192595    
Mean                      =  5.29369e-05   +/-   1.05708e-06 
Sigma                     =  0.000500452   +/-   1.04979e-06  	 (limited)
****************************************
Minimizer is Minuit2 / Migrad
Chi2                      =      269.499
NDf                       =          180
Edm                       =  4.62305e-07
NCalls                    =           71
Constant                  =      72.1037   +/-   0.175591    
Mean                      =  3.42326e-05   +/-   1.01398e-06 
Sigma                     =  0.000468306   +/-   1.01603e-06  	 (limited)
****************************************
Minimizer is Minuit2 / Migrad
Chi2                      =      88.7093
NDf                       =           42
Edm                       =  2.01387e-07
NCalls                    =           71
Constant                  =      88.0603   +/-   0.277056    
Mean                      =  2.19566e-05   +/-   1.28547e-06 
Sigma                     =  0.000459502   +/-   1.29343e-06  	 (limited)
****************************************
Minimizer is Minuit2 / Migrad
Chi2                      =      217.381
NDf                       =           42
Edm                       =  1.12537e-07
NCalls                    =           71
Constant                  =      100.217   +/-   0.186689    
Mean                      =  1.33774e-05   +/-   7.60962e-07 
Sigma                     =  0.000456368   +/-   7.61719e-07  	 (limited)

--- Analyzing H4 Series: ID_H4a for Be9 ---
****************************************
Minimizer is Minuit2 / Migrad
Chi2                      =      40.5961
NDf                       =           28
Edm                       =  1.59059e-08
NCalls                    =           75
Constant                  =      103.327   +/-   0.424558    
Mean                      =      1.00018   +/-   5.13182e-06 
Sigma                     =   0.00142987   +/-   5.07968e-06  	 (limited)

--- Analyzing H4 Series: ID_H4b for Be9 ---
****************************************
Minimizer is Minuit2 / Migrad
Chi2                      =      215.356
NDf                       =           62
Edm                       =  9.88334e-07
NCalls                    =           78
Constant                  =      78.3071   +/-   0.143362    
Mean                      =      1.00006   +/-   7.55176e-07 
Sigma                     =   0.00045718   +/-   7.55751e-07  	 (limited)

--- Analyzing H5 Series: ID_H5a for C12 ---
****************************************
Minimizer is Minuit2 / Migrad
Chi2                      =      200.788
NDf                       =          221
Edm                       =  8.62259e-08
NCalls                    =           68
Constant                  =      79.6298   +/-   0.437323    
Mean                      =  5.54073e-05   +/-   5.44962e-06 
Sigma                     =    0.0011316   +/-   5.4192e-06   	 (limited)
****************************************
Minimizer is Minuit2 / Migrad
Chi2                      =      107.174
NDf                       =          102
Edm                       =  8.12809e-06
NCalls                    =           62
Constant                  =      63.3071   +/-   0.383002    
Mean                      =  9.42507e-06   +/-   5.62454e-06 
Sigma                     =   0.00106953   +/-   5.63312e-06  	 (limited)
****************************************
Minimizer is Minuit2 / Migrad
Chi2                      =      39.9245
NDf                       =           49
Edm                       =  5.17698e-11
NCalls                    =           69
Constant                  =      61.9387   +/-   0.376388    
Mean                      = -7.84878e-06   +/-   5.66349e-06 
Sigma                     =   0.00106645   +/-   5.66743e-06  	 (limited)
****************************************
Minimizer is Minuit2 / Migrad
Chi2                      =      16.0969
NDf                       =           11
Edm                       =  2.07348e-06
NCalls                    =           61
Constant                  =      84.7741   +/-   0.649673    
Mean                      = -1.82714e-05   +/-   6.97025e-06 
Sigma                     =    0.0010744   +/-   6.65433e-06  	 (limited)
****************************************
Minimizer is Minuit2 / Migrad
Chi2                      =      28.4083
NDf                       =           11
Edm                       =   1.9051e-06
NCalls                    =           63
Constant                  =      116.966   +/-   0.482133    
Mean                      =  -2.9449e-05   +/-   3.78909e-06 
Sigma                     =    0.0010845   +/-   3.62449e-06  	 (limited)

--- Analyzing H5 Series: ID_H5b for C12 ---
****************************************
Minimizer is Minuit2 / Migrad
Chi2                      =      984.734
NDf                       =          378
Edm                       =  1.67925e-07
NCalls                    =           71
Constant                  =      272.377   +/-   0.604819    
Mean                      =  5.24206e-05   +/-   9.91753e-07 
Sigma                     =  0.000490985   +/-   9.92462e-07  	 (limited)
****************************************
Minimizer is Minuit2 / Migrad
Chi2                      =      491.206
NDf                       =          311
Edm                       =  1.01728e-07
NCalls                    =           71
Constant                  =      127.873   +/-   0.309773    
Mean                      =  3.30514e-05   +/-   8.61893e-07 
Sigma                     =   0.00040052   +/-   8.57855e-07  	 (limited)
****************************************
Minimizer is Minuit2 / Migrad
Chi2                      =      387.637
NDf                       =          293
Edm                       =  1.41294e-07
NCalls                    =           71
Constant                  =      64.7249   +/-   0.159964    
Mean                      =   1.6814e-05   +/-   8.20143e-07 
Sigma                     =   0.00037785   +/-   8.24205e-07  	 (limited)
****************************************
Minimizer is Minuit2 / Migrad
Chi2                      =        130.8
NDf                       =           70
Edm                       =  5.70391e-08
NCalls                    =           71
Constant                  =      89.6306   +/-   0.283198    
Mean                      =  1.04939e-05   +/-   1.02819e-06 
Sigma                     =  0.000372109   +/-   1.03132e-06  	 (limited)
****************************************
Minimizer is Minuit2 / Migrad
Chi2                      =      351.723
NDf                       =          142
Edm                       =  4.73461e-07
NCalls                    =           71
Constant                  =      63.0484   +/-   0.10711     
Mean                      =   6.4343e-08   +/-   5.49257e-07 
Sigma                     =  0.000368937   +/-   5.5013e-07   	 (limited)

--- Analyzing H4 Series: ID_H4a for C12 ---
****************************************
Minimizer is Minuit2 / Migrad
Chi2                      =       83.008
NDf                       =           77
Edm                       =  5.39106e-09
NCalls                    =           75
Constant                  =      63.3041   +/-   0.247325    
Mean                      =      1.00011   +/-   3.6474e-06  
Sigma                     =   0.00107543   +/-   3.59866e-06  	 (limited)

--- Analyzing H4 Series: ID_H4b for C12 ---
****************************************
Minimizer is Minuit2 / Migrad
Chi2                      =      322.943
NDf                       =          147
Edm                       =  7.90997e-08
NCalls                    =           78
Constant                  =      67.8614   +/-   0.113657    
Mean                      =      1.00003   +/-   5.43982e-07 
Sigma                     =  0.000369228   +/-   5.46428e-07  	 (limited)

--- Analyzing H5 Series: ID_H5a for N15 ---
****************************************
Minimizer is Minuit2 / Migrad
Chi2                      =      186.208
NDf                       =          208
Edm                       =  1.46499e-05
NCalls                    =           62
Constant                  =      72.6071   +/-   0.39371     
Mean                      =  7.57461e-05   +/-   5.05698e-06 
Sigma                     =   0.00105156   +/-   4.88293e-06  	 (limited)
****************************************
Minimizer is Minuit2 / Migrad
Chi2                      =       43.608
NDf                       =           45
Edm                       =  2.63264e-08
NCalls                    =           67
Constant                  =      108.799   +/-   0.650335    
Mean                      =  1.43972e-05   +/-   5.13758e-06 
Sigma                     =  0.000976894   +/-   5.09392e-06  	 (limited)
****************************************
Minimizer is Minuit2 / Migrad
Chi2                      =      46.7666
NDf                       =           21
Edm                       =  1.47318e-09
NCalls                    =           69
Constant                  =      96.0127   +/-   0.590625    
Mean                      = -5.83599e-06   +/-   5.14261e-06 
Sigma                     =  0.000963243   +/-   5.09994e-06  	 (limited)
****************************************
Minimizer is Minuit2 / Migrad
Chi2                      =      15.5365
NDf                       =            9
Edm                       =  1.08901e-05
NCalls                    =           61
Constant                  =      60.3053   +/-   0.475958    
Mean                      = -1.53577e-05   +/-   6.69477e-06 
Sigma                     =  0.000971825   +/-   6.7746e-06   	 (limited)
****************************************
Minimizer is Minuit2 / Migrad
Chi2                      =       11.153
NDf                       =            9
Edm                       =  6.74636e-09
NCalls                    =           68
Constant                  =      79.8021   +/-   0.343068    
Mean                      = -1.82565e-05   +/-   3.66718e-06 
Sigma                     =   0.00097346   +/-   3.67073e-06  	 (limited)

--- Analyzing H5 Series: ID_H5b for N15 ---
****************************************
Minimizer is Minuit2 / Migrad
Chi2                      =      1191.03
NDf                       =          393
Edm                       =  2.05376e-08
NCalls                    =           71
Constant                  =      225.546   +/-   0.491721    
Mean                      =  6.37662e-05   +/-   1.02797e-06 
Sigma                     =  0.000508979   +/-   1.01544e-06  	 (limited)
****************************************
Minimizer is Minuit2 / Migrad
Chi2                      =      606.296
NDf                       =          305
Edm                       =  3.31365e-09
NCalls                    =           71
Constant                  =      102.288   +/-   0.244384    
Mean                      =  3.98096e-05   +/-   8.47418e-07 
Sigma                     =  0.000394802   +/-   8.44709e-07  	 (limited)
****************************************
Minimizer is Minuit2 / Migrad
Chi2                      =      296.583
NDf                       =          141
Edm                       =  3.69469e-08
NCalls                    =           71
Constant                  =      96.8715   +/-   0.236949    
Mean                      =  2.46554e-05   +/-   7.94767e-07 
Sigma                     =  0.000366066   +/-   7.90741e-07  	 (limited)
****************************************
Minimizer is Minuit2 / Migrad
Chi2                      =       167.71
NDf                       =           66
Edm                       =  2.53999e-07
NCalls                    =           71
Constant                  =      62.9538   +/-   0.198909    
Mean                      =  1.35114e-05   +/-   9.89146e-07 
Sigma                     =   0.00035538   +/-   1.00481e-06  	 (limited)
****************************************
Minimizer is Minuit2 / Migrad
Chi2                      =      232.722
NDf                       =           66
Edm                       =  3.47042e-11
NCalls                    =           73
Constant                  =      83.6219   +/-   0.14382     
Mean                      =  2.88349e-06   +/-   5.35677e-07 
Sigma                     =  0.000352215   +/-   5.34163e-07  	 (limited)

--- Analyzing H4 Series: ID_H4a for N15 ---
****************************************
Minimizer is Minuit2 / Migrad
Chi2                      =      53.5786
NDf                       =           33
Edm                       =  6.56875e-08
NCalls                    =           75
Constant                  =      92.3854   +/-   0.376345    
Mean                      =      1.00014   +/-   3.48122e-06 
Sigma                     =  0.000973561   +/-   3.4678e-06   	 (limited)

--- Analyzing H4 Series: ID_H4b for N15 ---
****************************************
Minimizer is Minuit2 / Migrad
Chi2                      =      229.697
NDf                       =           54
Edm                       =  3.65475e-08
NCalls                    =           77
Constant                  =       112.64   +/-   0.190975    
Mean                      =      1.00004   +/-   5.33898e-07 
Sigma                     =  0.000353562   +/-   5.37538e-07  	 (limited)

--- Analyzing H5 Series: ID_H5a for O16 ---
****************************************
Minimizer is Minuit2 / Migrad
Chi2                      =      192.256
NDf                       =          190
Edm                       =  1.53732e-09
NCalls                    =           72
Constant                  =      67.4759   +/-   0.441381    
Mean                      =  5.44262e-05   +/-   5.58578e-06 
Sigma                     =  0.000968959   +/-   5.46428e-06  	 (limited)
****************************************
Minimizer is Minuit2 / Migrad
Chi2                      =      104.911
NDf                       =           86
Edm                       =  1.29968e-07
NCalls                    =           66
Constant                  =      56.0836   +/-   0.40584     
Mean                      =  1.49147e-05   +/-   5.81307e-06 
Sigma                     =  0.000911633   +/-   5.82868e-06  	 (limited)
****************************************
Minimizer is Minuit2 / Migrad
Chi2                      =      12.2602
NDf                       =           19
Edm                       =  1.12544e-05
NCalls                    =           61
Constant                  =      110.773   +/-   0.810631    
Mean                      = -1.17758e-05   +/-   5.68092e-06 
Sigma                     =  0.000891044   +/-   5.60642e-06  	 (limited)
****************************************
Minimizer is Minuit2 / Migrad
Chi2                      =      10.5897
NDf                       =            9
Edm                       =  1.58116e-07
NCalls                    =           61
Constant                  =      75.5105   +/-   0.697187    
Mean                      = -3.25333e-05   +/-   7.14704e-06 
Sigma                     =  0.000910361   +/-   6.75522e-06  	 (limited)
****************************************
Minimizer is Minuit2 / Migrad
Chi2                      =      26.9415
NDf                       =            9
Edm                       =  1.12479e-06
NCalls                    =           61
Constant                  =      108.477   +/-   0.545348    
Mean                      = -1.78269e-05   +/-   3.89292e-06 
Sigma                     =  0.000912422   +/-   3.70167e-06  	 (limited)

--- Analyzing H5 Series: ID_H5b for O16 ---
****************************************
Minimizer is Minuit2 / Migrad
Chi2                      =      959.239
NDf                       =          369
Edm                       =  1.76729e-07
NCalls                    =           71
Constant                  =      216.343   +/-   0.557618    
Mean                      =  5.04411e-05   +/-   1.12842e-06 
Sigma                     =  0.000477997   +/-   1.12154e-06  	 (limited)
****************************************
Minimizer is Minuit2 / Migrad
Chi2                      =      473.034
NDf                       =          291
Edm                       =  7.18826e-07
NCalls                    =           72
Constant                  =       107.38   +/-   0.303977    
Mean                      =  3.46007e-05   +/-   9.57566e-07 
Sigma                     =  0.000377177   +/-   9.54562e-07  	 (limited)
****************************************
Minimizer is Minuit2 / Migrad
Chi2                      =      255.359
NDf                       =          134
Edm                       =  1.61208e-07
NCalls                    =           71
Constant                  =      111.639   +/-   0.323399    
Mean                      =  2.27341e-05   +/-   9.0426e-07  
Sigma                     =  0.000351855   +/-   9.1052e-07   	 (limited)
****************************************
Minimizer is Minuit2 / Migrad
Chi2                      =      110.173
NDf                       =           64
Edm                       =  1.25087e-07
NCalls                    =           71
Constant                  =      79.3654   +/-   0.295542    
Mean                      =  1.24528e-05   +/-   1.11947e-06 
Sigma                     =  0.000342605   +/-   1.13036e-06  	 (limited)
****************************************
Minimizer is Minuit2 / Migrad
Chi2                      =      249.836
NDf                       =           63
Edm                       =  5.48399e-07
NCalls                    =           71
Constant                  =      114.282   +/-   0.232897    
Mean                      =  3.42283e-06   +/-   6.00613e-07 
Sigma                     =  0.000337589   +/-   6.0526e-07   	 (limited)

--- Analyzing H4 Series: ID_H4a for O16 ---
****************************************
Minimizer is Minuit2 / Migrad
Chi2                      =      43.6695
NDf                       =           33
Edm                       =  5.55651e-10
NCalls                    =           79
Constant                  =      105.796   +/-   0.496151    
Mean                      =      1.00011   +/-   3.69439e-06 
Sigma                     =  0.000900832   +/-   3.64578e-06  	 (limited)

--- Analyzing H4 Series: ID_H4b for O16 ---
****************************************
Minimizer is Minuit2 / Migrad
Chi2                      =      312.076
NDf                       =          113
Edm                       =  3.61989e-08
NCalls                    =           78
Constant                  =      72.9963   +/-   0.14563     
Mean                      =      1.00004   +/-   5.94775e-07 
Sigma                     =  0.000339246   +/-   5.98206e-07  	 (limited)
