***************************************************
* Importing amsvar ... 
***************************************************
* USLC=9 UCC=icc64 UICC=2023 UGCC=1310 UROOT=6
* ROOTSYS=/cvmfs/sft.cern.ch/lcg/app/releases/ROOT/6.32.06/x86_64-almalinux9.4-gcc114-opt
* Compiler: icpx
* CXXFLAGS: -pthread -std=c++17 -m64 -pthread -std=c++17 -m64 -I/cvmfs/sft.cern.ch/lcg/app/releases/ROOT/6.32.06/x86_64-almalinux9.4-gcc114-opt/include -O3 -D_GLIBCXX_USE_CXX11_ABI=0
* Red Hat Enterprise Linux release 9.6 (Plow)
***************************************************
Intel(R) oneAPI DPC++/C++ Compiler 2023.2.0 (2023.2.0.20230721)
Target: x86_64-unknown-linux-gnu
Thread model: posix
InstalledDir: /cvmfs/projects.cern.ch/intelsw/oneAPI/linux/x86_64/2023/compiler/2023.2.1/linux/bin-llvm
Configuration file: /cvmfs/projects.cern.ch/intelsw/oneAPI/linux/x86_64/2023/compiler/2023.2.1/linux/bin-llvm/../bin/icpx.cfg
ROOT version: 6.32.06
LD_LIBRARY_PATH: /cvmfs/projects.cern.ch/intelsw/oneAPI/linux/x86_64/2023/compiler/latest/linux/lib:/cvmfs/projects.cern.ch/intelsw/oneAPI/linux/x86_64/2023/compiler/2023.2.1/linux/lib:/cvmfs/projects.cern.ch/intelsw/oneAPI/linux/x86_64/2023/compiler/2023.2.1/linux/lib/x64:/cvmfs/projects.cern.ch/intelsw/oneAPI/linux/x86_64/2023/compiler/2023.2.1/linux/lib/oclfpga/host/linux64/lib:/cvmfs/projects.cern.ch/intelsw/oneAPI/linux/x86_64/2023/compiler/2023.2.1/linux/compiler/lib/intel64_lin:/cvmfs/sft.cern.ch/lcg/releases/gcc/11.3.0-de683/x86_64-el9/lib:/cvmfs/sft.cern.ch/lcg/releases/gcc/11.3.0-de683/x86_64-el9/lib64:/cvmfs/sft.cern.ch/lcg/releases/binutils/2.40-acaab/x86_64-el9/lib:/cvmfs/sft.cern.ch/lcg/app/releases/ROOT/6.32.06/x86_64-almalinux9.4-gcc114-opt/lib:.:/cvmfs/ams.cern.ch/opt/xrootd-4.8.2.el9/lib64:/cvmfs/ams.cern.ch/opt/castor.cc7/lib:/cvmfs/ams.cern.ch/opt/lib64_EL9
Arguments after sourcing scripts: joblist/ad3.txt
Number of arguments: 1
[INFO] Using list: joblist/ad3.txt
[INFO] Output file: /eos/user/z/zixuan/Isotope/ISS/Be/ad3.root
Analyzer configured for: Beryllium (ISS Data), Z=4, A=7, isNoBkgCut=0, FragmentZ=4
BinningManager: Pre-calculating bins for all isotopes (Z=1 to 8)...
BinningManager initialized with 67 general/isotope-specific bins and 0 total isotope-specific beta binnings.
HistManager: Output file '/eos/user/z/zixuan/Isotope/ISS/Be/ad3.root' opened.
DEBUG: Niso=3 charge=4
DEBUG: iso ptr=0x7f39116e6990
DEBUG: ID Hists
DEBUG: BKG Hists
DEBUG: Flux Hists
DEBUG Finish Hist Defination
IsotopeAnalyzer initialized with 56361 entries.
[HistManager] Preparing filtered tree with selected branches...
[HistManager] Filtered tree prepared with 70 branches. Ready for filling.
Total entries: 56361 | isISS=1 | Z=4 | A=7
Processing entry 0/56361
s=1 d=0 zsrc=5 run=1629591543 event=97480 L1UnbQ=6.58196 L1UnbQStat=0 masked=0 L1Unb_QStat=1 L1Unb_hasXYSig=1 InnerQ=5.09337 TOFQ0=5.29675 TOFQ1=4.89792
s=1 d=0 zsrc=5 run=1629592733 event=1086709 L1UnbQ=6.13841 L1UnbQStat=2048 masked=0 L1Unb_QStat=1 L1Unb_hasXYSig=1 InnerQ=5.16825 TOFQ0=4.72554 TOFQ1=4.77529
s=1 d=0 zsrc=5 run=1629598309 event=1110689 L1UnbQ=6.07401 L1UnbQStat=0 masked=0 L1Unb_QStat=1 L1Unb_hasXYSig=1 InnerQ=4.85654 TOFQ0=5.00818 TOFQ1=5.15651
s=1 d=0 zsrc=5 run=1629599682 event=182945 L1UnbQ=6.17219 L1UnbQStat=262208 masked=0 L1Unb_QStat=1 L1Unb_hasXYSig=1 InnerQ=4.98388 TOFQ0=5.13511 TOFQ1=5.31688
s=1 d=2 zsrc=5 run=1629599682 event=182945 L1UnbQ=6.17219 L1UnbQStat=262208 masked=0 L1Unb_QStat=1 L1Unb_hasXYSig=1 InnerQ=4.98388 TOFQ0=5.13511 TOFQ1=5.31688
s=1 d=0 zsrc=5 run=1629602469 event=1102490 L1UnbQ=6.42919 L1UnbQStat=262208 masked=0 L1Unb_QStat=1 L1Unb_hasXYSig=1 InnerQ=4.86307 TOFQ0=5.36257 TOFQ1=5.12542
s=1 d=0 zsrc=5 run=1629610662 event=57707 L1UnbQ=5.96496 L1UnbQStat=0 masked=0 L1Unb_QStat=1 L1Unb_hasXYSig=1 InnerQ=4.94572 TOFQ0=5.38238 TOFQ1=5.15301
s=1 d=0 zsrc=5 run=1629613111 event=22928 L1UnbQ=6.17264 L1UnbQStat=0 masked=0 L1Unb_QStat=1 L1Unb_hasXYSig=1 InnerQ=4.96931 TOFQ0=5.24675 TOFQ1=4.95788
s=1 d=0 zsrc=5 run=1629615037 event=990830 L1UnbQ=6.76882 L1UnbQStat=0 masked=0 L1Unb_QStat=1 L1Unb_hasXYSig=1 InnerQ=4.99501 TOFQ0=5.41416 TOFQ1=5.08151
s=1 d=0 zsrc=5 run=1629616554 event=6427 L1UnbQ=6.20139 L1UnbQStat=0 masked=0 L1Unb_QStat=1 L1Unb_hasXYSig=1 InnerQ=4.9592 TOFQ0=5.09927 TOFQ1=4.99722
s=1 d=1 zsrc=5 run=1629616554 event=6427 L1UnbQ=6.20139 L1UnbQStat=0 masked=0 L1Unb_QStat=1 L1Unb_hasXYSig=1 InnerQ=4.9592 TOFQ0=5.09927 TOFQ1=4.99722
s=1 d=0 zsrc=5 run=1629618562 event=124725 L1UnbQ=6.0662 L1UnbQStat=0 masked=0 L1Unb_QStat=1 L1Unb_hasXYSig=1 InnerQ=4.96349 TOFQ0=5.26292 TOFQ1=5.15555
s=1 d=1 zsrc=5 run=1629618562 event=124725 L1UnbQ=6.0662 L1UnbQStat=0 masked=0 L1Unb_QStat=1 L1Unb_hasXYSig=1 InnerQ=4.96349 TOFQ0=5.26292 TOFQ1=5.15555
s=1 d=0 zsrc=5 run=1629618562 event=407865 L1UnbQ=6.07418 L1UnbQStat=2105344 masked=0 L1Unb_QStat=1 L1Unb_hasXYSig=1 InnerQ=5.03797 TOFQ0=5.19529 TOFQ1=5.05997
s=1 d=0 zsrc=5 run=1629618562 event=435898 L1UnbQ=6.26556 L1UnbQStat=0 masked=0 L1Unb_QStat=1 L1Unb_hasXYSig=1 InnerQ=4.93015 TOFQ0=5.19864 TOFQ1=5.24891
s=1 d=0 zsrc=5 run=1629618562 event=722004 L1UnbQ=6.08914 L1UnbQStat=0 masked=0 L1Unb_QStat=1 L1Unb_hasXYSig=1 InnerQ=5.08782 TOFQ0=5.24646 TOFQ1=4.91466
s=1 d=0 zsrc=5 run=1629624112 event=26273 L1UnbQ=7.04558 L1UnbQStat=0 masked=0 L1Unb_QStat=1 L1Unb_hasXYSig=1 InnerQ=4.88974 TOFQ0=5.76458 TOFQ1=5.06118
s=1 d=0 zsrc=5 run=1629624112 event=644581 L1UnbQ=6.47553 L1UnbQStat=24576 masked=0 L1Unb_QStat=1 L1Unb_hasXYSig=1 InnerQ=4.99047 TOFQ0=4.95373 TOFQ1=4.99896
s=1 d=0 zsrc=5 run=1629624112 event=711651 L1UnbQ=6.13863 L1UnbQStat=0 masked=0 L1Unb_QStat=1 L1Unb_hasXYSig=1 InnerQ=5.07246 TOFQ0=5.02749 TOFQ1=5.14467
s=1 d=0 zsrc=5 run=1629624112 event=798694 L1UnbQ=6.34962 L1UnbQStat=0 masked=0 L1Unb_QStat=1 L1Unb_hasXYSig=1 InnerQ=5.213 TOFQ0=5.31446 TOFQ1=5.16724
s=1 d=0 zsrc=5 run=1629624112 event=939628 L1UnbQ=6.06926 L1UnbQStat=0 masked=0 L1Unb_QStat=1 L1Unb_hasXYSig=1 InnerQ=4.92431 TOFQ0=5.23075 TOFQ1=4.92426
s=1 d=0 zsrc=5 run=1629624112 event=1199790 L1UnbQ=6.25579 L1UnbQStat=0 masked=0 L1Unb_QStat=1 L1Unb_hasXYSig=1 InnerQ=4.76118 TOFQ0=5.07477 TOFQ1=5.25226
s=1 d=0 zsrc=5 run=1629624112 event=1217836 L1UnbQ=6.2429 L1UnbQStat=64 masked=0 L1Unb_QStat=1 L1Unb_hasXYSig=1 InnerQ=5.09481 TOFQ0=5.12631 TOFQ1=5.0869
s=1 d=0 zsrc=5 run=1629625108 event=437674 L1UnbQ=5.99927 L1UnbQStat=0 masked=0 L1Unb_QStat=1 L1Unb_hasXYSig=1 InnerQ=4.98445 TOFQ0=5.10948 TOFQ1=5.08262
s=1 d=0 zsrc=5 run=1629627765 event=305591 L1UnbQ=6.16251 L1UnbQStat=0 masked=0 L1Unb_QStat=1 L1Unb_hasXYSig=1 InnerQ=5.00546 TOFQ0=5.24557 TOFQ1=5.32002
s=1 d=0 zsrc=5 run=1629629701 event=993840 L1UnbQ=6.18293 L1UnbQStat=8192 masked=0 L1Unb_QStat=1 L1Unb_hasXYSig=1 InnerQ=4.93789 TOFQ0=5.16861 TOFQ1=5.28697
s=1 d=0 zsrc=5 run=1629629701 event=1441539 L1UnbQ=6.03271 L1UnbQStat=0 masked=0 L1Unb_QStat=1 L1Unb_hasXYSig=1 InnerQ=5.0081 TOFQ0=4.95122 TOFQ1=5.70832
s=1 d=0 zsrc=5 run=1629635313 event=13414 L1UnbQ=6.09619 L1UnbQStat=2097152 masked=0 L1Unb_QStat=1 L1Unb_hasXYSig=1 InnerQ=4.98009 TOFQ0=5.16744 TOFQ1=4.89265
s=1 d=0 zsrc=5 run=1629635313 event=28738 L1UnbQ=5.93279 L1UnbQStat=0 masked=0 L1Unb_QStat=1 L1Unb_hasXYSig=1 InnerQ=4.97814 TOFQ0=5.28787 TOFQ1=4.85511
s=1 d=2 zsrc=5 run=1629635313 event=28738 L1UnbQ=5.93279 L1UnbQStat=0 masked=0 L1Unb_QStat=1 L1Unb_hasXYSig=1 InnerQ=4.97814 TOFQ0=5.28787 TOFQ1=4.85511
s=1 d=0 zsrc=5 run=1629635313 event=1055644 L1UnbQ=6.07333 L1UnbQStat=0 masked=0 L1Unb_QStat=1 L1Unb_hasXYSig=1 InnerQ=4.9489 TOFQ0=5.29975 TOFQ1=5.11041
s=1 d=0 zsrc=5 run=1629637341 event=450508 L1UnbQ=6.85487 L1UnbQStat=0 masked=0 L1Unb_QStat=1 L1Unb_hasXYSig=1 InnerQ=4.80673 TOFQ0=5.50228 TOFQ1=5.39586
s=1 d=0 zsrc=5 run=1629638153 event=577552 L1UnbQ=6.47845 L1UnbQStat=0 masked=0 L1Unb_QStat=1 L1Unb_hasXYSig=1 InnerQ=5.1344 TOFQ0=4.85081 TOFQ1=5.12728
s=1 d=0 zsrc=5 run=1629640930 event=764847 L1UnbQ=6.47243 L1UnbQStat=0 masked=0 L1Unb_QStat=1 L1Unb_hasXYSig=1 InnerQ=5.23637 TOFQ0=5.13415 TOFQ1=5.38738
s=1 d=0 zsrc=5 run=1629643821 event=90649 L1UnbQ=5.96928 L1UnbQStat=0 masked=0 L1Unb_QStat=1 L1Unb_hasXYSig=1 InnerQ=4.92318 TOFQ0=5.06592 TOFQ1=5.0971
s=1 d=0 zsrc=5 run=1629643821 event=376034 L1UnbQ=6.4012 L1UnbQStat=0 masked=0 L1Unb_QStat=1 L1Unb_hasXYSig=1 InnerQ=4.92948 TOFQ0=5.02857 TOFQ1=5.09546
s=1 d=1 zsrc=5 run=1629645704 event=727765 L1UnbQ=6.121 L1UnbQStat=0 masked=0 L1Unb_QStat=1 L1Unb_hasXYSig=1 InnerQ=5.12973 TOFQ0=5.17288 TOFQ1=4.93236
s=1 d=0 zsrc=5 run=1629646568 event=300989 L1UnbQ=6.21634 L1UnbQStat=2097152 masked=0 L1Unb_QStat=1 L1Unb_hasXYSig=1 InnerQ=5.02361 TOFQ0=5.33788 TOFQ1=4.89443
s=1 d=0 zsrc=5 run=1629646568 event=749168 L1UnbQ=6.23236 L1UnbQStat=0 masked=0 L1Unb_QStat=1 L1Unb_hasXYSig=1 InnerQ=4.94386 TOFQ0=5.084 TOFQ1=5.142
s=1 d=0 zsrc=5 run=1629646568 event=1166609 L1UnbQ=5.97671 L1UnbQStat=0 masked=0 L1Unb_QStat=1 L1Unb_hasXYSig=1 InnerQ=5.1474 TOFQ0=5.13482 TOFQ1=5.14614
s=1 d=0 zsrc=5 run=1629648492 event=630098 L1UnbQ=6.207 L1UnbQStat=24576 masked=0 L1Unb_QStat=1 L1Unb_hasXYSig=1 InnerQ=4.77508 TOFQ0=4.85787 TOFQ1=5.80027
s=1 d=2 zsrc=5 run=1629648492 event=630098 L1UnbQ=6.207 L1UnbQStat=24576 masked=0 L1Unb_QStat=1 L1Unb_hasXYSig=1 InnerQ=4.77508 TOFQ0=4.85787 TOFQ1=5.80027
s=1 d=0 zsrc=5 run=1629649522 event=27057 L1UnbQ=6.26943 L1UnbQStat=0 masked=0 L1Unb_QStat=1 L1Unb_hasXYSig=1 InnerQ=4.86085 TOFQ0=5.17449 TOFQ1=5.13318
s=1 d=0 zsrc=5 run=1629649522 event=619669 L1UnbQ=5.91334 L1UnbQStat=262208 masked=0 L1Unb_QStat=1 L1Unb_hasXYSig=1 InnerQ=5.11801 TOFQ0=5.10416 TOFQ1=4.85974
s=1 d=0 zsrc=5 run=1629649522 event=711500 L1UnbQ=6.35022 L1UnbQStat=0 masked=0 L1Unb_QStat=1 L1Unb_hasXYSig=1 InnerQ=4.95455 TOFQ0=5.37579 TOFQ1=5.2956
s=1 d=0 zsrc=5 run=1629650421 event=73211 L1UnbQ=6.24049 L1UnbQStat=0 masked=0 L1Unb_QStat=1 L1Unb_hasXYSig=1 InnerQ=5.17216 TOFQ0=5.15947 TOFQ1=5.28482
s=1 d=0 zsrc=5 run=1629651280 event=163860 L1UnbQ=6.81356 L1UnbQStat=0 masked=0 L1Unb_QStat=1 L1Unb_hasXYSig=1 InnerQ=5.05273 TOFQ0=5.48542 TOFQ1=4.91099
s=1 d=0 zsrc=5 run=1629652110 event=755472 L1UnbQ=6.66688 L1UnbQStat=262208 masked=0 L1Unb_QStat=1 L1Unb_hasXYSig=1 InnerQ=4.83297 TOFQ0=4.91633 TOFQ1=5.27419
s=1 d=0 zsrc=5 run=1629652110 event=765477 L1UnbQ=5.97387 L1UnbQStat=0 masked=0 L1Unb_QStat=1 L1Unb_hasXYSig=1 InnerQ=4.93686 TOFQ0=5.22793 TOFQ1=5.54885
s=1 d=0 zsrc=5 run=1629652110 event=981655 L1UnbQ=6.08401 L1UnbQStat=0 masked=0 L1Unb_QStat=1 L1Unb_hasXYSig=1 InnerQ=5.20989 TOFQ0=5.03162 TOFQ1=4.99019
s=1 d=0 zsrc=5 run=1629653299 event=90616 L1UnbQ=6.10495 L1UnbQStat=0 masked=0 L1Unb_QStat=1 L1Unb_hasXYSig=1 InnerQ=4.79525 TOFQ0=5.23347 TOFQ1=5.08245
s=1 d=2 zsrc=5 run=1629653299 event=90616 L1UnbQ=6.10495 L1UnbQStat=0 masked=0 L1Unb_QStat=1 L1Unb_hasXYSig=1 InnerQ=4.79525 TOFQ0=5.23347 TOFQ1=5.08245
s=1 d=0 zsrc=5 run=1629655192 event=336432 L1UnbQ=8.23655 L1UnbQStat=0 masked=0 L1Unb_QStat=1 L1Unb_hasXYSig=1 InnerQ=5.034 TOFQ0=5.09478 TOFQ1=5.00153
s=1 d=0 zsrc=5 run=1629655192 event=440777 L1UnbQ=6.14532 L1UnbQStat=0 masked=0 L1Unb_QStat=1 L1Unb_hasXYSig=1 InnerQ=5.22703 TOFQ0=4.90012 TOFQ1=5.19664
s=1 d=0 zsrc=5 run=1629655192 event=457268 L1UnbQ=5.93775 L1UnbQStat=0 masked=0 L1Unb_QStat=1 L1Unb_hasXYSig=1 InnerQ=4.94891 TOFQ0=5.16059 TOFQ1=5.46434
s=1 d=0 zsrc=5 run=1629655192 event=975307 L1UnbQ=6.03117 L1UnbQStat=0 masked=0 L1Unb_QStat=1 L1Unb_hasXYSig=1 InnerQ=5.09586 TOFQ0=4.93818 TOFQ1=5.11136
s=1 d=0 zsrc=5 run=1629655192 event=1151881 L1UnbQ=6.16477 L1UnbQStat=0 masked=0 L1Unb_QStat=1 L1Unb_hasXYSig=1 InnerQ=4.8791 TOFQ0=5.19885 TOFQ1=4.9174
s=1 d=0 zsrc=5 run=1629660891 event=364998 L1UnbQ=6.50499 L1UnbQStat=0 masked=0 L1Unb_QStat=1 L1Unb_hasXYSig=1 InnerQ=5.16072 TOFQ0=5.02208 TOFQ1=5.06726
s=1 d=0 zsrc=5 run=1629660891 event=488929 L1UnbQ=5.952 L1UnbQStat=514 masked=0 L1Unb_QStat=1 L1Unb_hasXYSig=1 InnerQ=4.90871 TOFQ0=4.92712 TOFQ1=5.23077
s=1 d=0 zsrc=5 run=1629663458 event=142601 L1UnbQ=6.11741 L1UnbQStat=0 masked=0 L1Unb_QStat=1 L1Unb_hasXYSig=1 InnerQ=4.93824 TOFQ0=4.95439 TOFQ1=5.28435
s=1 d=0 zsrc=5 run=1629663458 event=305581 L1UnbQ=6.86035 L1UnbQStat=2113536 masked=0 L1Unb_QStat=1 L1Unb_hasXYSig=1 InnerQ=4.86503 TOFQ0=5.09809 TOFQ1=4.97274
s=1 d=0 zsrc=5 run=1629665220 event=1213756 L1UnbQ=6.23855 L1UnbQStat=0 masked=0 L1Unb_QStat=1 L1Unb_hasXYSig=1 InnerQ=4.90042 TOFQ0=5.72163 TOFQ1=4.87883
s=1 d=0 zsrc=5 run=1629669232 event=305646 L1UnbQ=6.17623 L1UnbQStat=0 masked=0 L1Unb_QStat=1 L1Unb_hasXYSig=1 InnerQ=4.98508 TOFQ0=5.17746 TOFQ1=5.10829
s=1 d=0 zsrc=5 run=1629669232 event=468721 L1UnbQ=5.92324 L1UnbQStat=0 masked=0 L1Unb_QStat=1 L1Unb_hasXYSig=1 InnerQ=4.88234 TOFQ0=5.06241 TOFQ1=5.03335
s=1 d=0 zsrc=5 run=1629669232 event=799749 L1UnbQ=6.45534 L1UnbQStat=0 masked=0 L1Unb_QStat=1 L1Unb_hasXYSig=1 InnerQ=5.06647 TOFQ0=5.24123 TOFQ1=4.97539
s=1 d=2 zsrc=5 run=1629672167 event=264991 L1UnbQ=7.97814 L1UnbQStat=262208 masked=0 L1Unb_QStat=1 L1Unb_hasXYSig=1 InnerQ=4.77448 TOFQ0=5.56207 TOFQ1=5.13559
s=1 d=0 zsrc=5 run=1629689028 event=984691 L1UnbQ=5.98868 L1UnbQStat=0 masked=0 L1Unb_QStat=1 L1Unb_hasXYSig=1 InnerQ=5.00505 TOFQ0=5.92925 TOFQ1=4.70148
s=1 d=0 zsrc=5 run=1629691683 event=154145 L1UnbQ=6.20735 L1UnbQStat=512 masked=0 L1Unb_QStat=1 L1Unb_hasXYSig=1 InnerQ=4.84009 TOFQ0=5.41997 TOFQ1=5.41451
s=1 d=2 zsrc=5 run=1629691683 event=154145 L1UnbQ=6.20735 L1UnbQStat=512 masked=0 L1Unb_QStat=1 L1Unb_hasXYSig=1 InnerQ=4.84009 TOFQ0=5.41997 TOFQ1=5.41451
s=1 d=2 zsrc=5 run=1629693099 event=660347 L1UnbQ=6.05095 L1UnbQStat=0 masked=0 L1Unb_QStat=1 L1Unb_hasXYSig=1 InnerQ=4.88437 TOFQ0=5.53604 TOFQ1=5.04387
s=1 d=0 zsrc=5 run=1629693099 event=913910 L1UnbQ=5.97709 L1UnbQStat=0 masked=0 L1Unb_QStat=1 L1Unb_hasXYSig=1 InnerQ=4.81193 TOFQ0=5.383 TOFQ1=5.07149
s=1 d=2 zsrc=5 run=1629693099 event=913910 L1UnbQ=5.97709 L1UnbQStat=0 masked=0 L1Unb_QStat=1 L1Unb_hasXYSig=1 InnerQ=4.81193 TOFQ0=5.383 TOFQ1=5.07149
[selectdata] Filled 56361 events into filtered tree (out of 56361 total).
Event processing completed
Saving all results to file...
Analysis finished.
Analysis completed successfully
[INFO] Finished: /eos/user/z/zixuan/Isotope/ISS/Be/ad3.root
