nohup: ignoring input
===============================
  Starting first (preheat) run
===============================
=== Starting first round of jobs ===
  [first] starting warm-up job for /eos/ams/group/ihep/zixuan/filter/basic_L1Q4to8_part0.root (no log)
    PID for part0: 163845
  [first] starting warm-up job for /eos/ams/group/ihep/zixuan/filter/basic_L1Q4to8_part1.root (no log)
    PID for part1: 163848
  [first] starting warm-up job for /eos/ams/group/ihep/zixuan/filter/basic_L1Q4to8_part2.root (no log)
    PID for part2: 163853
  [first] starting warm-up job for /eos/ams/group/ihep/zixuan/filter/basic_L1Q4to8_part3.root (no log)
    PID for part3: 163862
  [first] starting warm-up job for /eos/ams/group/ihep/zixuan/filter/basic_L1Q4to8_part4.root (no log)
    PID for part4: 163866
  [first] starting warm-up job for /eos/ams/group/ihep/zixuan/filter/basic_L1Q4to8_part5.root (no log)
    PID for part5: 163874
  [first] starting warm-up job for /eos/ams/group/ihep/zixuan/filter/basic_L1Q4to8_part6.root (no log)
    PID for part6: 163883
  [first] starting warm-up job for /eos/ams/group/ihep/zixuan/filter/basic_L1Q4to8_part7.root (no log)
    PID for part7: 163886
  [first] starting warm-up job for /eos/ams/group/ihep/zixuan/filter/basic_L1Q4to8_part8.root (no log)
    PID for part8: 163899
  [first] starting warm-up job for /eos/ams/group/ihep/zixuan/filter/basic_L1Q4to8_part9.root (no log)
    PID for part9: 163902
  [first] starting warm-up job for /eos/ams/group/ihep/zixuan/filter/basic_L1Q4to8_part10.root (no log)
    PID for part10: 163912
  [first] starting warm-up job for /eos/ams/group/ihep/zixuan/filter/basic_L1Q4to8_part11.root (no log)
    PID for part11: 163927
  [first] starting warm-up job for /eos/ams/group/ihep/zixuan/filter/basic_L1Q4to8_part12.root (no log)
    PID for part12: 163938
  [first] starting warm-up job for /eos/ams/group/ihep/zixuan/filter/basic_L1Q4to8_part13.root (no log)
    PID for part13: 163946
  [first] starting warm-up job for /eos/ams/group/ihep/zixuan/filter/basic_L1Q4to8_part14.root (no log)
    PID for part14: 163961
All preheat jobs started. Sleeping 30s...
=== Killing preheat jobs ===
  Killing part9 (PID=163902) with SIGTERM
  Killing part8 (PID=163899) with SIGTERM
  Killing part7 (PID=163886) with SIGTERM
  Killing part6 (PID=163883) with SIGTERM
  Killing part5 (PID=163874) with SIGTERM
  Killing part4 (PID=163866) with SIGTERM
  Killing part3 (PID=163862) with SIGTERM
  Killing part2 (PID=163853) with SIGTERM
  Killing part1 (PID=163848) with SIGTERM
  Killing part0 (PID=163845) with SIGTERM
  Killing part12 (PID=163938) with SIGTERM
  Killing part13 (PID=163946) with SIGTERM
  Killing part10 (PID=163912) with SIGTERM
  Killing part11 (PID=163927) with SIGTERM
  Killing part14 (PID=163961) with SIGTERM

===============================
  Starting second (real) run
===============================
=== Starting second round of jobs ===
  [second] starting real job for /eos/ams/group/ihep/zixuan/filter/basic_L1Q4to8_part0.root, log -> part0.log
    PID for part0: 166393
  [second] starting real job for /eos/ams/group/ihep/zixuan/filter/basic_L1Q4to8_part1.root, log -> part1.log
    PID for part1: 166394
  [second] starting real job for /eos/ams/group/ihep/zixuan/filter/basic_L1Q4to8_part2.root, log -> part2.log
    PID for part2: 166395
  [second] starting real job for /eos/ams/group/ihep/zixuan/filter/basic_L1Q4to8_part3.root, log -> part3.log
    PID for part3: 166396
  [second] starting real job for /eos/ams/group/ihep/zixuan/filter/basic_L1Q4to8_part4.root, log -> part4.log
    PID for part4: 166397
  [second] starting real job for /eos/ams/group/ihep/zixuan/filter/basic_L1Q4to8_part5.root, log -> part5.log
    PID for part5: 166398
  [second] starting real job for /eos/ams/group/ihep/zixuan/filter/basic_L1Q4to8_part6.root, log -> part6.log
    PID for part6: 166399
  [second] starting real job for /eos/ams/group/ihep/zixuan/filter/basic_L1Q4to8_part7.root, log -> part7.log
    PID for part7: 166401
  [second] starting real job for /eos/ams/group/ihep/zixuan/filter/basic_L1Q4to8_part8.root, log -> part8.log
    PID for part8: 166402
  [second] starting real job for /eos/ams/group/ihep/zixuan/filter/basic_L1Q4to8_part9.root, log -> part9.log
    PID for part9: 166403
  [second] starting real job for /eos/ams/group/ihep/zixuan/filter/basic_L1Q4to8_part10.root, log -> part10.log
    PID for part10: 166404
  [second] starting real job for /eos/ams/group/ihep/zixuan/filter/basic_L1Q4to8_part11.root, log -> part11.log
    PID for part11: 166405
  [second] starting real job for /eos/ams/group/ihep/zixuan/filter/basic_L1Q4to8_part12.root, log -> part12.log
    PID for part12: 166406
  [second] starting real job for /eos/ams/group/ihep/zixuan/filter/basic_L1Q4to8_part13.root, log -> part13.log
    PID for part13: 166408
  [second] starting real job for /eos/ams/group/ihep/zixuan/filter/basic_L1Q4to8_part14.root, log -> part14.log
    PID for part14: 166410
All second-round jobs started.

You can monitor running jobs with:
  ps -u zixuan | egrep 'ISSBer.sh|SampleProductio'
  or use 'top', 'htop', etc.

If you want to wait in this shell until all second-round jobs finish, run:
  wait
