***************************************************
* Importing amsvar ... 
***************************************************
* USLC=9 UCC=icc64 UICC=2023 UGCC=1310 UROOT=6
* ROOTSYS=/cvmfs/sft.cern.ch/lcg/app/releases/ROOT/6.32.06/x86_64-almalinux9.4-gcc114-opt
* Compiler: icpx
* CXXFLAGS: -pthread -std=c++17 -m64 -pthread -std=c++17 -m64 -I/cvmfs/sft.cern.ch/lcg/app/releases/ROOT/6.32.06/x86_64-almalinux9.4-gcc114-opt/include -O3 -D_GLIBCXX_USE_CXX11_ABI=0
* Red Hat Enterprise Linux release 9.7 (Plow)
***************************************************
Intel(R) oneAPI DPC++/C++ Compiler 2023.2.0 (2023.2.0.20230721)
Target: x86_64-unknown-linux-gnu
Thread model: posix
InstalledDir: /cvmfs/projects.cern.ch/intelsw/oneAPI/linux/x86_64/2023/compiler/2023.2.1/linux/bin-llvm
Configuration file: /cvmfs/projects.cern.ch/intelsw/oneAPI/linux/x86_64/2023/compiler/2023.2.1/linux/bin-llvm/../bin/icpx.cfg
ROOT version: 6.32.06
LD_LIBRARY_PATH: /cvmfs/projects.cern.ch/intelsw/oneAPI/linux/x86_64/2023/compiler/latest/linux/lib:/cvmfs/projects.cern.ch/intelsw/oneAPI/linux/x86_64/2023/compiler/2023.2.1/linux/lib:/cvmfs/projects.cern.ch/intelsw/oneAPI/linux/x86_64/2023/compiler/2023.2.1/linux/lib/x64:/cvmfs/projects.cern.ch/intelsw/oneAPI/linux/x86_64/2023/compiler/2023.2.1/linux/lib/oclfpga/host/linux64/lib:/cvmfs/projects.cern.ch/intelsw/oneAPI/linux/x86_64/2023/compiler/2023.2.1/linux/compiler/lib/intel64_lin:/cvmfs/sft.cern.ch/lcg/releases/gcc/11.3.0-de683/x86_64-el9/lib:/cvmfs/sft.cern.ch/lcg/releases/gcc/11.3.0-de683/x86_64-el9/lib64:/cvmfs/sft.cern.ch/lcg/releases/binutils/2.40-acaab/x86_64-el9/lib:/cvmfs/sft.cern.ch/lcg/app/releases/ROOT/6.32.06/x86_64-almalinux9.4-gcc114-opt/lib:.:/cvmfs/ams.cern.ch/opt/xrootd-4.8.2.el9/lib64:/cvmfs/ams.cern.ch/opt/castor.cc7/lib:/cvmfs/ams.cern.ch/opt/lib64_EL9
Arguments after sourcing scripts: /eos/ams/group/ihep/zixuan/filter/newbasic_L1Q2to8_part4.root
Number of arguments: 1
[INFO] Using list: /eos/ams/group/ihep/zixuan/filter/newbasic_L1Q2to8_part4.root
[INFO] Output file: /eos/user/z/zixuan/Isotope/ISS/Be/newbasic_L1Q2to8_part4.root
Analyzer configured for: Beryllium (ISS Data), Z=4, A=7, isNoBkgCut=0, FragmentZ=4
BinningManager: Pre-calculating bins for all isotopes (Z=1 to 8)...
BinningManager initialized with 67 general/isotope-specific bins and 0 total isotope-specific beta binnings.
HistManager: Output file '/eos/user/z/zixuan/Isotope/ISS/Be/newbasic_L1Q2to8_part4.root' opened.
DEBUG: Niso=3 charge=4
DEBUG: iso ptr=0x7f9e65cb3950
DEBUG: ID Hists
DEBUG: BKG Hists
DEBUG: Flux Hists
DEBUG Finish Hist Defination
IsotopeAnalyzer initialized with 37384660 entries.
Error in <TChain::SetBranchAddress>: unknown branch -> livetime
Error in <TChain::SetBranchAddress>: unknown branch -> irti
Error in <TChain::SetBranchAddress>: unknown branch -> issaa
Error in <TChain::SetBranchAddress>: unknown branch -> rtilf
Error in <TChain::SetBranchAddress>: unknown branch -> rtinev
Error in <TChain::SetBranchAddress>: unknown branch -> rtinerr
Error in <TChain::SetBranchAddress>: unknown branch -> rtintrig
Error in <TChain::SetBranchAddress>: unknown branch -> rtinpar
Error in <TChain::SetBranchAddress>: unknown branch -> rtigood
Error in <TChain::SetBranchAddress>: unknown branch -> rtinexl
Error in <TChain::SetBranchAddress>: unknown branch -> rticdif
Error in <TChain::SetBranchAddress>: unknown branch -> nparticle
Error in <TChain::SetBranchAddress>: unknown branch -> nbetah
Error in <TChain::SetBranchAddress>: unknown branch -> nbeta
Error in <TChain::SetBranchAddress>: unknown branch -> btstat_pR
Error in <TChain::SetBranchAddress>: unknown branch -> btstat_new
Error in <TChain::SetBranchAddress>: unknown branch -> charge_pR
Error in <TChain::SetBranchAddress>: unknown branch -> iparindex
Error in <TChain::SetBranchAddress>: unknown branch -> cutoffp
Error in <TChain::SetBranchAddress>: unknown branch -> betah2p
Error in <TChain::SetBranchAddress>: unknown branch -> betah2q
Error in <TChain::SetBranchAddress>: unknown branch -> betah2ch
Error in <TChain::SetBranchAddress>: unknown branch -> tk_qrms
Error in <TChain::SetBranchAddress>: unknown branch -> tk_ql
Error in <TChain::SetBranchAddress>: unknown branch -> tk_qlsn
Error in <TChain::SetBranchAddress>: unknown branch -> tk_iso
Error in <TChain::SetBranchAddress>: unknown branch -> tk_exql
Error in <TChain::SetBranchAddress>: unknown branch -> tk_exdis
Error in <TChain::SetBranchAddress>: unknown branch -> tk_dir0
Error in <TChain::SetBranchAddress>: unknown branch -> tof_bpatt
Error in <TChain::SetBranchAddress>: unknown branch -> tof_beta
Error in <TChain::SetBranchAddress>: unknown branch -> tof_betah_oldtune
Error in <TChain::SetBranchAddress>: unknown branch -> tof_trapezoidedge
Error in <TChain::SetBranchAddress>: unknown branch -> tof_edge
Error in <TChain::SetBranchAddress>: unknown branch -> tof_goodgeo
Error in <TChain::SetBranchAddress>: unknown branch -> tof_z
Error in <TChain::SetBranchAddress>: unknown branch -> tof_pz
Error in <TChain::SetBranchAddress>: unknown branch -> tof_q
Error in <TChain::SetBranchAddress>: unknown branch -> tof_qrms
Error in <TChain::SetBranchAddress>: unknown branch -> tof_ql1
Error in <TChain::SetBranchAddress>: unknown branch -> tof_qs
Error in <TChain::SetBranchAddress>: unknown branch -> rich_itrtrack
Error in <TChain::SetBranchAddress>: unknown branch -> rich_udis
Error in <TChain::SetBranchAddress>: unknown branch -> rich_used
Error in <TChain::SetBranchAddress>: unknown branch -> rich_stat
Error in <TChain::SetBranchAddress>: unknown branch -> rich_width
Error in <TChain::SetBranchAddress>: unknown branch -> rich_pmt1
Error in <TChain::SetBranchAddress>: unknown branch -> rich_PMTChargeConsistency
Error in <TChain::SetBranchAddress>: unknown branch -> rich_BetaConsistency
Error in <TChain::SetBranchAddress>: unknown branch -> rich_pos_tkItr
Error in <TChain::SetBranchAddress>: unknown branch -> rich_goodgeo
Error in <TChain::SetBranchAddress>: unknown branch -> rich_theta_tkItr
Error in <TChain::SetBranchAddress>: unknown branch -> rich_phi_tkItr
Error in <TChain::SetBranchAddress>: unknown branch -> rich_n
Error in <TChain::SetBranchAddress>: unknown branch -> mmom
Error in <TChain::SetBranchAddress>: unknown branch -> mch
Error in <TChain::SetBranchAddress>: unknown branch -> mtrmom
Error in <TChain::SetBranchAddress>: unknown branch -> mtrpar
Total entries: 37384660 | isISS=1 | Z=4 | A=7
[INFO] Initializing Charge Tuning System (EGE model, optimized)...
[INFO] Charge Tuning System initialized. Loaded 636 valid EGE lookup tables using integer keys.
Processing entry 0/37384660
[DBG] L2Q Fail: q_l2 out of range. q_l2=20.495
[DBG] L2Q Fail: q_l2 out of range. q_l2=20.495
[DBG] L2Q Fail: q_l2 out of range. q_l2=9.61979
[DBG] L2Q Fail: q_l2 out of range. q_l2=9.61979
[DBG] L2Q Fail: q_l2 out of range. q_l2=9.63966
[DBG] L2Q Fail: q_l2 out of range. q_l2=9.63966
[DBG] L2Q Fail: q_l2 out of range. q_l2=9.58851
[DBG] L2Q Fail: q_l2 out of range. q_l2=9.58851
[DBG] L2Q Fail: q_l2 out of range. q_l2=9.69894
[DBG] L2Q Fail: q_l2 out of range. q_l2=9.69894
[DBG] L2Q Fail: q_l2 out of range. q_l2=12.6187
[DBG] L2Q Fail: InvCDF failed. cdf_l2=1
Processing entry 1000000/37384660
[DBG] L2Q Fail: q_l2 out of range. q_l2=10.5957
[DBG] L2Q Fail: q_l2 out of range. q_l2=10.5957
[DBG] L2Q Fail: q_l2 out of range. q_l2=26.2482
[DBG] L2Q Fail: q_l2 out of range. q_l2=9.83201
[DBG] L2Q Fail: q_l2 out of range. q_l2=9.83201
[DBG] L2Q Fail: q_l2 out of range. q_l2=9.78132
[DBG] L2Q Fail: q_l2 out of range. q_l2=9.78132
[DBG] L2Q Fail: q_l2 out of range. q_l2=10.7425
[DBG] L2Q Fail: q_l2 out of range. q_l2=11.5397
[DBG] L2Q Fail: q_l2 out of range. q_l2=11.5397
[DBG] L2Q Fail: q_l2 out of range. q_l2=9.8848
[DBG] L2Q Fail: q_l2 out of range. q_l2=9.56834
[DBG] L2Q Fail: q_l2 out of range. q_l2=9.56834
Processing entry 2000000/37384660
[DBG] L2Q Fail: q_l2 out of range. q_l2=9.78565
[DBG] L2Q Fail: q_l2 out of range. q_l2=10.0443
[DBG] L2Q Fail: q_l2 out of range. q_l2=10.0443
[DBG] L2Q Fail: q_l2 out of range. q_l2=11.9856
[DBG] L2Q Fail: q_l2 out of range. q_l2=10.9804
[DBG] L2Q Fail: q_l2 out of range. q_l2=12.1038
[DBG] L2Q Fail: q_l2 out of range. q_l2=12.1038
[DBG] L2Q Fail: q_l2 out of range. q_l2=13.7873
Processing entry 3000000/37384660
[DBG] L2Q Fail: q_l2 out of range. q_l2=9.6835
[DBG] L2Q Fail: q_l2 out of range. q_l2=9.6835
[DBG] L2Q Fail: q_l2 out of range. q_l2=9.93256
[DBG] L2Q Fail: q_l2 out of range. q_l2=9.93256
[DBG] L2Q Fail: q_l2 out of range. q_l2=10.8093
[DBG] L2Q Fail: q_l2 out of range. q_l2=9.92677
[DBG] L2Q Fail: q_l2 out of range. q_l2=9.92677
[DBG] L2Q Fail: q_l2 out of range. q_l2=9.92677
[DBG] L2Q Fail: q_l2 out of range. q_l2=9.92677
[DBG] L2Q Fail: q_l2 out of range. q_l2=1.82949
[DBG] L2Q Fail: q_l2 out of range. q_l2=0.884642
[DBG] L2Q Fail: q_l2 out of range. q_l2=16.2773
[DBG] L2Q Fail: q_l2 out of range. q_l2=16.2773
[DBG] L2Q Fail: q_l2 out of range. q_l2=8.95951
[DBG] L2Q Fail: q_l2 out of range. q_l2=8.95951
[DBG] L2Q Fail: q_l2 out of range. q_l2=17.2097
Processing entry 4000000/37384660
[DBG] L2Q Fail: q_l2 out of range. q_l2=9.59207
[DBG] L2Q Fail: q_l2 out of range. q_l2=9.59207
[DBG] L2Q Fail: q_l2 out of range. q_l2=9.59657
[DBG] L2Q Fail: q_l2 out of range. q_l2=9.59657
[DBG] L2Q Fail: q_l2 out of range. q_l2=19.542
[DBG] L2Q Fail: q_l2 out of range. q_l2=19.542
[DBG] L2Q Fail: q_l2 out of range. q_l2=16.8085
[DBG] L2Q Fail: q_l2 out of range. q_l2=16.8085
[DBG] L2Q Fail: q_l2 out of range. q_l2=10.134
[DBG] L2Q Fail: q_l2 out of range. q_l2=14.2905
[DBG] L2Q Fail: q_l2 out of range. q_l2=9.62832
[DBG] L2Q Fail: q_l2 out of range. q_l2=9.62832
[DBG] L2Q Fail: q_l2 out of range. q_l2=9.51999
[DBG] L2Q Fail: q_l2 out of range. q_l2=9.51999
[DBG] L2Q Fail: q_l2 out of range. q_l2=9.56732
[DBG] L2Q Fail: q_l2 out of range. q_l2=9.56732
Processing entry 5000000/37384660
[DBG] L2Q Fail: q_l2 out of range. q_l2=13.9056
[DBG] L2Q Fail: q_l2 out of range. q_l2=13.9056
[DBG] L2Q Fail: q_l2 out of range. q_l2=9.72921
[DBG] L2Q Fail: q_l2 out of range. q_l2=9.72921
[DBG] L2Q Fail: q_l2 out of range. q_l2=9.61572
[DBG] L2Q Fail: q_l2 out of range. q_l2=9.61572
[DBG] L2Q Fail: q_l2 out of range. q_l2=9.91967
[DBG] L2Q Fail: q_l2 out of range. q_l2=9.91967
[DBG] L2Q Fail: q_l2 out of range. q_l2=9.65987
[DBG] L2Q Fail: q_l2 out of range. q_l2=9.65987
Processing entry 6000000/37384660
[DBG] L2Q Fail: q_l2 out of range. q_l2=9.9216
[DBG] L2Q Fail: q_l2 out of range. q_l2=9.9216
[DBG] L2Q Fail: q_l2 out of range. q_l2=9.51453
[DBG] L2Q Fail: q_l2 out of range. q_l2=9.51453
[DBG] L2Q Fail: InvCDF failed. cdf_l2=1
[DBG] L2Q Fail: q_l2 out of range. q_l2=9.60337
[DBG] L2Q Fail: q_l2 out of range. q_l2=9.60337
[DBG] L2Q Fail: q_l2 out of range. q_l2=2.4639
[DBG] L2Q Fail: q_l2 out of range. q_l2=2.4639
[DBG] L2Q Fail: q_l2 out of range. q_l2=1.44094
[DBG] L2Q Fail: q_l2 out of range. q_l2=1.44094
[DBG] L2Q Fail: q_l2 out of range. q_l2=9.56182
[DBG] L2Q Fail: q_l2 out of range. q_l2=9.56182
[DBG] L2Q Fail: q_l2 out of range. q_l2=9.80492
[DBG] L2Q Fail: q_l2 out of range. q_l2=9.80492
[DBG] L2Q Fail: q_l2 out of range. q_l2=9.53192
[DBG] L2Q Fail: q_l2 out of range. q_l2=9.53192
[DBG] L2Q Fail: q_l2 out of range. q_l2=9.54462
[DBG] L2Q Fail: q_l2 out of range. q_l2=9.54462
[DBG] L2Q Fail: q_l2 out of range. q_l2=9.75319
[DBG] L2Q Fail: q_l2 out of range. q_l2=9.75319
[DBG] L2Q Fail: q_l2 out of range. q_l2=9.75319
[DBG] L2Q Fail: q_l2 out of range. q_l2=9.75319
Processing entry 7000000/37384660
[DBG] L2Q Fail: q_l2 out of range. q_l2=9.81898
[DBG] L2Q Fail: q_l2 out of range. q_l2=9.81898
[DBG] L2Q Fail: q_l2 out of range. q_l2=11.8352
[DBG] L2Q Fail: q_l2 out of range. q_l2=11.8352
[DBG] L2Q Fail: q_l2 out of range. q_l2=10.0028
[DBG] L2Q Fail: q_l2 out of range. q_l2=10.0028
[DBG] L2Q Fail: q_l2 out of range. q_l2=10.676
[DBG] L2Q Fail: q_l2 out of range. q_l2=10.676
[DBG] L2Q Fail: q_l2 out of range. q_l2=10.3413
[DBG] L2Q Fail: q_l2 out of range. q_l2=10.3413
[DBG] L2Q Fail: q_l2 out of range. q_l2=10.5397
[DBG] L2Q Fail: q_l2 out of range. q_l2=10.5397
[DBG] L2Q Fail: q_l2 out of range. q_l2=10.5875
[DBG] L2Q Fail: q_l2 out of range. q_l2=10.5875
Processing entry 8000000/37384660
[DBG] L2Q Fail: q_l2 out of range. q_l2=11.2239
[DBG] L2Q Fail: q_l2 out of range. q_l2=11.2239
[DBG] L2Q Fail: q_l2 out of range. q_l2=11.2239
[DBG] L2Q Fail: q_l2 out of range. q_l2=11.2239
[DBG] L2Q Fail: q_l2 out of range. q_l2=15.3191
[DBG] L2Q Fail: q_l2 out of range. q_l2=15.3191
[DBG] L2Q Fail: q_l2 out of range. q_l2=11.8584
[DBG] L2Q Fail: q_l2 out of range. q_l2=11.8584
[DBG] L2Q Fail: q_l2 out of range. q_l2=9.74406
[DBG] L2Q Fail: q_l2 out of range. q_l2=9.74406
[DBG] L2Q Fail: q_l2 out of range. q_l2=9.57316
[DBG] L2Q Fail: q_l2 out of range. q_l2=9.57316
[DBG] L2Q Fail: q_l2 out of range. q_l2=9.50317
[DBG] L2Q Fail: q_l2 out of range. q_l2=9.50317
[DBG] L2Q Fail: q_l2 out of range. q_l2=16.711
[DBG] L2Q Fail: q_l2 out of range. q_l2=9.54207
[DBG] L2Q Fail: q_l2 out of range. q_l2=9.54207
[DBG] L2Q Fail: q_l2 out of range. q_l2=9.71961
[DBG] L2Q Fail: q_l2 out of range. q_l2=9.71961
[DBG] L2Q Fail: q_l2 out of range. q_l2=9.651
[DBG] L2Q Fail: q_l2 out of range. q_l2=9.651
[DBG] L2Q Fail: q_l2 out of range. q_l2=9.5379
[DBG] L2Q Fail: q_l2 out of range. q_l2=9.5379
[DBG] L2Q Fail: q_l2 out of range. q_l2=9.50248
[DBG] L2Q Fail: q_l2 out of range. q_l2=9.50248
[DBG] L2Q Fail: q_l2 out of range. q_l2=9.87247
[DBG] L2Q Fail: q_l2 out of range. q_l2=9.87247
Processing entry 9000000/37384660
[DBG] L2Q Fail: q_l2 out of range. q_l2=9.55316
[DBG] L2Q Fail: q_l2 out of range. q_l2=9.55316
[DBG] L2Q Fail: q_l2 out of range. q_l2=11.2442
[DBG] L2Q Fail: q_l2 out of range. q_l2=11.2442
[DBG] L2Q Fail: q_l2 out of range. q_l2=10.2513
[DBG] L2Q Fail: q_l2 out of range. q_l2=10.2513
[DBG] L2Q Fail: q_l2 out of range. q_l2=9.51127
[DBG] L2Q Fail: q_l2 out of range. q_l2=9.51127
[DBG] L2Q Fail: q_l2 out of range. q_l2=9.54304
[DBG] L2Q Fail: q_l2 out of range. q_l2=9.54304
[DBG] L2Q Fail: q_l2 out of range. q_l2=9.50387
[DBG] L2Q Fail: q_l2 out of range. q_l2=9.50387
[DBG] L2Q Fail: q_l2 out of range. q_l2=9.68473
[DBG] L2Q Fail: q_l2 out of range. q_l2=9.68473
[DBG] L2Q Fail: q_l2 out of range. q_l2=9.56662
[DBG] L2Q Fail: q_l2 out of range. q_l2=9.56662
Processing entry 10000000/37384660
[DBG] L2Q Fail: q_l2 out of range. q_l2=13.2374
[DBG] L2Q Fail: q_l2 out of range. q_l2=9.61603
[DBG] L2Q Fail: q_l2 out of range. q_l2=9.61603
[DBG] L2Q Fail: q_l2 out of range. q_l2=12.2681
[DBG] L2Q Fail: q_l2 out of range. q_l2=12.2681
[DBG] L2Q Fail: q_l2 out of range. q_l2=2.23269
[DBG] L2Q Fail: q_l2 out of range. q_l2=2.23269
[DBG] L2Q Fail: q_l2 out of range. q_l2=2.23269
[DBG] L2Q Fail: q_l2 out of range. q_l2=2.23269
[DBG] L2Q Fail: q_l2 out of range. q_l2=12.1102
[DBG] L2Q Fail: q_l2 out of range. q_l2=10.3376
[DBG] L2Q Fail: q_l2 out of range. q_l2=9.76258
[DBG] L2Q Fail: q_l2 out of range. q_l2=9.76258
[DBG] L2Q Fail: q_l2 out of range. q_l2=9.66739
[DBG] L2Q Fail: q_l2 out of range. q_l2=9.66739
[DBG] L2Q Fail: q_l2 out of range. q_l2=9.7882
[DBG] L2Q Fail: q_l2 out of range. q_l2=9.7882
[DBG] L2Q Fail: q_l2 out of range. q_l2=9.76145
[DBG] L2Q Fail: q_l2 out of range. q_l2=9.76145
[DBG] L2Q Fail: q_l2 out of range. q_l2=9.78335
[DBG] L2Q Fail: q_l2 out of range. q_l2=9.78335
[DBG] L2Q Fail: q_l2 out of range. q_l2=9.79613
[DBG] L2Q Fail: q_l2 out of range. q_l2=9.79613
[DBG] L2Q Fail: q_l2 out of range. q_l2=9.66228
[DBG] L2Q Fail: q_l2 out of range. q_l2=9.66228
[DBG] L2Q Fail: q_l2 out of range. q_l2=9.6152
[DBG] L2Q Fail: q_l2 out of range. q_l2=9.6152
Processing entry 11000000/37384660
[DBG] L2Q Fail: q_l2 out of range. q_l2=10.1676
[DBG] L2Q Fail: q_l2 out of range. q_l2=10.1676
[DBG] L2Q Fail: q_l2 out of range. q_l2=10.6643
[DBG] L2Q Fail: q_l2 out of range. q_l2=13.6952
[DBG] L2Q Fail: q_l2 out of range. q_l2=9.93896
[DBG] L2Q Fail: q_l2 out of range. q_l2=9.93896
[DBG] L2Q Fail: q_l2 out of range. q_l2=22.1279
[DBG] L2Q Fail: q_l2 out of range. q_l2=22.1279
[DBG] L2Q Fail: q_l2 out of range. q_l2=9.78452
[DBG] L2Q Fail: q_l2 out of range. q_l2=9.78452
Processing entry 12000000/37384660
[DBG] L2Q Fail: q_l2 out of range. q_l2=14.1779
[DBG] L2Q Fail: q_l2 out of range. q_l2=14.1779
[DBG] L2Q Fail: q_l2 out of range. q_l2=9.64916
[DBG] L2Q Fail: q_l2 out of range. q_l2=9.64916
[DBG] L2Q Fail: q_l2 out of range. q_l2=10.0669
[DBG] L2Q Fail: q_l2 out of range. q_l2=10.0669
[DBG] L2Q Fail: q_l2 out of range. q_l2=9.63954
[DBG] L2Q Fail: q_l2 out of range. q_l2=9.63954
[DBG] L2Q Fail: q_l2 out of range. q_l2=9.71932
[DBG] L2Q Fail: q_l2 out of range. q_l2=9.71932
[DBG] L2Q Fail: q_l2 out of range. q_l2=26.0781
[DBG] L2Q Fail: q_l2 out of range. q_l2=26.0781
[DBG] L2Q Fail: q_l2 out of range. q_l2=15.8053
[DBG] L2Q Fail: q_l2 out of range. q_l2=15.8053
[DBG] L2Q Fail: q_l2 out of range. q_l2=9.73448
[DBG] L2Q Fail: q_l2 out of range. q_l2=9.73448
[DBG] L2Q Fail: q_l2 out of range. q_l2=9.62379
[DBG] L2Q Fail: q_l2 out of range. q_l2=9.62379
[DBG] L2Q Fail: q_l2 out of range. q_l2=10.748
Processing entry 13000000/37384660
[DBG] L2Q Fail: q_l2 out of range. q_l2=11.0108
[DBG] L2Q Fail: q_l2 out of range. q_l2=11.0108
[DBG] L2Q Fail: q_l2 out of range. q_l2=12.5802
[DBG] L2Q Fail: q_l2 out of range. q_l2=10.6079
[DBG] L2Q Fail: q_l2 out of range. q_l2=10.6079
[DBG] L2Q Fail: q_l2 out of range. q_l2=16.9455
[DBG] L2Q Fail: q_l2 out of range. q_l2=16.9455
[DBG] L2Q Fail: q_l2 out of range. q_l2=1.49535
[DBG] L2Q Fail: q_l2 out of range. q_l2=9.78119
[DBG] L2Q Fail: q_l2 out of range. q_l2=9.78119
[DBG] L2Q Fail: q_l2 out of range. q_l2=9.52897
[DBG] L2Q Fail: q_l2 out of range. q_l2=9.52897
[DBG] L2Q Fail: q_l2 out of range. q_l2=10.6114
[DBG] L2Q Fail: q_l2 out of range. q_l2=10.6114
Processing entry 14000000/37384660
[DBG] L2Q Fail: q_l2 out of range. q_l2=10.9653
[DBG] L2Q Fail: q_l2 out of range. q_l2=10.9653
[DBG] L2Q Fail: q_l2 out of range. q_l2=9.87242
[DBG] L2Q Fail: q_l2 out of range. q_l2=9.64435
[DBG] L2Q Fail: q_l2 out of range. q_l2=9.64435
[DBG] L2Q Fail: q_l2 out of range. q_l2=10.0548
[DBG] L2Q Fail: q_l2 out of range. q_l2=10.0548
[DBG] L2Q Fail: q_l2 out of range. q_l2=9.6159
[DBG] L2Q Fail: q_l2 out of range. q_l2=9.6159
[DBG] L2Q Fail: q_l2 out of range. q_l2=10.8675
[DBG] L2Q Fail: q_l2 out of range. q_l2=10.8675
[DBG] L2Q Fail: q_l2 out of range. q_l2=9.6257
[DBG] L2Q Fail: q_l2 out of range. q_l2=9.6257
[DBG] L2Q Fail: q_l2 out of range. q_l2=9.62391
[DBG] L2Q Fail: q_l2 out of range. q_l2=9.62391
[DBG] L2Q Fail: q_l2 out of range. q_l2=10.2942
[DBG] L2Q Fail: InvCDF failed. cdf_l2=1
[DBG] L2Q Fail: q_l2 out of range. q_l2=10.5881
[DBG] L2Q Fail: q_l2 out of range. q_l2=10.5881
[DBG] L2Q Fail: q_l2 out of range. q_l2=9.67204
[DBG] L2Q Fail: q_l2 out of range. q_l2=9.67204
[DBG] L2Q Fail: q_l2 out of range. q_l2=10.2806
Processing entry 15000000/37384660
[DBG] L2Q Fail: q_l2 out of range. q_l2=10.4587
[DBG] L2Q Fail: q_l2 out of range. q_l2=10.4587
[DBG] L2Q Fail: q_l2 out of range. q_l2=14.3511
[DBG] L2Q Fail: q_l2 out of range. q_l2=9.67783
[DBG] L2Q Fail: q_l2 out of range. q_l2=9.67783
[DBG] L2Q Fail: q_l2 out of range. q_l2=9.54382
[DBG] L2Q Fail: q_l2 out of range. q_l2=9.54382
[DBG] L2Q Fail: q_l2 out of range. q_l2=9.54382
[DBG] L2Q Fail: q_l2 out of range. q_l2=9.54382
[DBG] L2Q Fail: q_l2 out of range. q_l2=13.9699
[DBG] L2Q Fail: q_l2 out of range. q_l2=13.9699
Processing entry 16000000/37384660
[DBG] L2Q Fail: q_l2 out of range. q_l2=9.54089
[DBG] L2Q Fail: q_l2 out of range. q_l2=9.54089
[DBG] L2Q Fail: q_l2 out of range. q_l2=9.82297
[DBG] L2Q Fail: q_l2 out of range. q_l2=9.82297
[DBG] L2Q Fail: q_l2 out of range. q_l2=13.8536
[DBG] L2Q Fail: q_l2 out of range. q_l2=11.2773
[DBG] L2Q Fail: q_l2 out of range. q_l2=9.92104
[DBG] L2Q Fail: q_l2 out of range. q_l2=9.92104
[DBG] L2Q Fail: q_l2 out of range. q_l2=9.80874
[DBG] L2Q Fail: q_l2 out of range. q_l2=9.80874
[DBG] L2Q Fail: q_l2 out of range. q_l2=9.55104
[DBG] L2Q Fail: q_l2 out of range. q_l2=9.55104
[DBG] L2Q Fail: q_l2 out of range. q_l2=10.7015
[DBG] L2Q Fail: q_l2 out of range. q_l2=10.7015
[DBG] L2Q Fail: q_l2 out of range. q_l2=8.55824
[DBG] L2Q Fail: q_l2 out of range. q_l2=9.62161
[DBG] L2Q Fail: q_l2 out of range. q_l2=9.62161
[DBG] L2Q Fail: q_l2 out of range. q_l2=10.1115
[DBG] L2Q Fail: q_l2 out of range. q_l2=9.81428
[DBG] L2Q Fail: q_l2 out of range. q_l2=9.81428
[DBG] L2Q Fail: q_l2 out of range. q_l2=11.8973
[DBG] L2Q Fail: q_l2 out of range. q_l2=11.8973
[DBG] L2Q Fail: q_l2 out of range. q_l2=9.69686
[DBG] L2Q Fail: q_l2 out of range. q_l2=9.69686
Processing entry 17000000/37384660
[DBG] L2Q Fail: q_l2 out of range. q_l2=9.50945
[DBG] L2Q Fail: q_l2 out of range. q_l2=9.50945
[DBG] L2Q Fail: q_l2 out of range. q_l2=9.81939
[DBG] L2Q Fail: q_l2 out of range. q_l2=9.81939
[DBG] L2Q Fail: q_l2 out of range. q_l2=10.41
[DBG] L2Q Fail: q_l2 out of range. q_l2=10.41
[DBG] L2Q Fail: q_l2 out of range. q_l2=16.4494
[DBG] L2Q Fail: q_l2 out of range. q_l2=16.4494
[DBG] L2Q Fail: q_l2 out of range. q_l2=9.66745
[DBG] L2Q Fail: q_l2 out of range. q_l2=2.373
[DBG] L2Q Fail: q_l2 out of range. q_l2=2.373
Processing entry 18000000/37384660
[DBG] L2Q Fail: q_l2 out of range. q_l2=9.51518
[DBG] L2Q Fail: q_l2 out of range. q_l2=9.51518
[DBG] L2Q Fail: q_l2 out of range. q_l2=13.125
[DBG] L2Q Fail: q_l2 out of range. q_l2=13.125
[DBG] L2Q Fail: q_l2 out of range. q_l2=14.4898
[DBG] L2Q Fail: q_l2 out of range. q_l2=15.1219
[DBG] L2Q Fail: q_l2 out of range. q_l2=15.1219
[DBG] L2Q Fail: q_l2 out of range. q_l2=11.0104
[DBG] L2Q Fail: q_l2 out of range. q_l2=11.0104
Processing entry 19000000/37384660
[DBG] L2Q Fail: q_l2 out of range. q_l2=9.50539
[DBG] L2Q Fail: q_l2 out of range. q_l2=9.50539
[DBG] L2Q Fail: q_l2 out of range. q_l2=10.2712
[DBG] L2Q Fail: q_l2 out of range. q_l2=9.58215
[DBG] L2Q Fail: q_l2 out of range. q_l2=9.58215
[DBG] L2Q Fail: q_l2 out of range. q_l2=10.4813
[DBG] L2Q Fail: q_l2 out of range. q_l2=10.4813
[DBG] L2Q Fail: q_l2 out of range. q_l2=14.5782
[DBG] L2Q Fail: q_l2 out of range. q_l2=9.53239
[DBG] L2Q Fail: q_l2 out of range. q_l2=9.53239
[DBG] L2Q Fail: q_l2 out of range. q_l2=11.9549
[DBG] L2Q Fail: q_l2 out of range. q_l2=11.8636
[DBG] L2Q Fail: q_l2 out of range. q_l2=11.8636
[DBG] L2Q Fail: q_l2 out of range. q_l2=11.1385
[DBG] L2Q Fail: q_l2 out of range. q_l2=11.1385
[DBG] L2Q Fail: q_l2 out of range. q_l2=9.75791
[DBG] L2Q Fail: q_l2 out of range. q_l2=9.75791
Processing entry 20000000/37384660
[DBG] L2Q Fail: q_l2 out of range. q_l2=9.85413
[DBG] L2Q Fail: q_l2 out of range. q_l2=9.85413
[DBG] L2Q Fail: q_l2 out of range. q_l2=11.5589
[DBG] L2Q Fail: q_l2 out of range. q_l2=11.0975
[DBG] L2Q Fail: q_l2 out of range. q_l2=11.0975
[DBG] L2Q Fail: q_l2 out of range. q_l2=9.52092
[DBG] L2Q Fail: q_l2 out of range. q_l2=9.52092
[DBG] L2Q Fail: q_l2 out of range. q_l2=9.95973
[DBG] L2Q Fail: q_l2 out of range. q_l2=15.6447
Processing entry 21000000/37384660
[DBG] L2Q Fail: q_l2 out of range. q_l2=14.0493
[DBG] L2Q Fail: q_l2 out of range. q_l2=18.7062
[DBG] L2Q Fail: q_l2 out of range. q_l2=9.69302
[DBG] L2Q Fail: q_l2 out of range. q_l2=9.69302
[DBG] L2Q Fail: q_l2 out of range. q_l2=30.0311
[DBG] L2Q Fail: q_l2 out of range. q_l2=30.0311
[DBG] L2Q Fail: q_l2 out of range. q_l2=10.9221
[DBG] L2Q Fail: q_l2 out of range. q_l2=9.6385
[DBG] L2Q Fail: q_l2 out of range. q_l2=9.6385
[DBG] L2Q Fail: q_l2 out of range. q_l2=1.56974
[DBG] L2Q Fail: q_l2 out of range. q_l2=1.56974
[DBG] L2Q Fail: q_l2 out of range. q_l2=9.62608
[DBG] L2Q Fail: q_l2 out of range. q_l2=9.62608
[DBG] L2Q Fail: q_l2 out of range. q_l2=10.5512
[DBG] L2Q Fail: q_l2 out of range. q_l2=10.5512
[DBG] L2Q Fail: q_l2 out of range. q_l2=9.54978
[DBG] L2Q Fail: q_l2 out of range. q_l2=9.54978
Processing entry 22000000/37384660
[DBG] L2Q Fail: q_l2 out of range. q_l2=9.89593
[DBG] L2Q Fail: q_l2 out of range. q_l2=14.8057
[DBG] L2Q Fail: q_l2 out of range. q_l2=14.8057
[DBG] L2Q Fail: q_l2 out of range. q_l2=9.6445
[DBG] L2Q Fail: q_l2 out of range. q_l2=9.6445
[DBG] L2Q Fail: q_l2 out of range. q_l2=10.3209
[DBG] L2Q Fail: q_l2 out of range. q_l2=10.3209
[DBG] L2Q Fail: q_l2 out of range. q_l2=13.1294
[DBG] L2Q Fail: q_l2 out of range. q_l2=9.69168
[DBG] L2Q Fail: q_l2 out of range. q_l2=9.69168
[DBG] L2Q Fail: q_l2 out of range. q_l2=9.67231
[DBG] L2Q Fail: q_l2 out of range. q_l2=9.67231
Processing entry 23000000/37384660
[DBG] L2Q Fail: q_l2 out of range. q_l2=9.76667
[DBG] L2Q Fail: q_l2 out of range. q_l2=9.76667
[DBG] L2Q Fail: q_l2 out of range. q_l2=9.54914
[DBG] L2Q Fail: q_l2 out of range. q_l2=9.54914
[DBG] L2Q Fail: q_l2 out of range. q_l2=10.1313
[DBG] L2Q Fail: q_l2 out of range. q_l2=10.1313
[DBG] L2Q Fail: q_l2 out of range. q_l2=9.95325
[DBG] L2Q Fail: q_l2 out of range. q_l2=9.95325
[DBG] L2Q Fail: q_l2 out of range. q_l2=13.2811
[DBG] L2Q Fail: q_l2 out of range. q_l2=9.62581
[DBG] L2Q Fail: q_l2 out of range. q_l2=9.62581
[DBG] L2Q Fail: q_l2 out of range. q_l2=9.58757
[DBG] L2Q Fail: q_l2 out of range. q_l2=9.58757
[DBG] L2Q Fail: q_l2 out of range. q_l2=10.3693
[DBG] L2Q Fail: q_l2 out of range. q_l2=10.2058
[DBG] L2Q Fail: q_l2 out of range. q_l2=10.2058
[DBG] L2Q Fail: q_l2 out of range. q_l2=10.2058
[DBG] L2Q Fail: q_l2 out of range. q_l2=10.2058
[DBG] L2Q Fail: q_l2 out of range. q_l2=14.3346
[DBG] L2Q Fail: q_l2 out of range. q_l2=9.50176
[DBG] L2Q Fail: q_l2 out of range. q_l2=9.50176
[DBG] L2Q Fail: q_l2 out of range. q_l2=11.3136
[DBG] L2Q Fail: q_l2 out of range. q_l2=11.3136
[DBG] L2Q Fail: q_l2 out of range. q_l2=18.6343
Processing entry 24000000/37384660
[DBG] L2Q Fail: q_l2 out of range. q_l2=14.0959
[DBG] L2Q Fail: q_l2 out of range. q_l2=9.64776
[DBG] L2Q Fail: q_l2 out of range. q_l2=9.675
[DBG] L2Q Fail: q_l2 out of range. q_l2=9.675
[DBG] L2Q Fail: q_l2 out of range. q_l2=13.2907
[DBG] L2Q Fail: q_l2 out of range. q_l2=9.93176
[DBG] L2Q Fail: q_l2 out of range. q_l2=9.93176
[DBG] L2Q Fail: q_l2 out of range. q_l2=14.7405
[DBG] L2Q Fail: q_l2 out of range. q_l2=10.1602
[DBG] L2Q Fail: q_l2 out of range. q_l2=10.1602
[DBG] L2Q Fail: q_l2 out of range. q_l2=9.73954
[DBG] L2Q Fail: q_l2 out of range. q_l2=9.73954
[DBG] L2Q Fail: q_l2 out of range. q_l2=15.139
Processing entry 25000000/37384660
[DBG] L2Q Fail: q_l2 out of range. q_l2=10.0967
[DBG] L2Q Fail: q_l2 out of range. q_l2=9.51631
[DBG] L2Q Fail: q_l2 out of range. q_l2=9.51631
[DBG] L2Q Fail: q_l2 out of range. q_l2=13.1926
[DBG] L2Q Fail: q_l2 out of range. q_l2=11.0715
[DBG] L2Q Fail: q_l2 out of range. q_l2=10.3686
[DBG] L2Q Fail: q_l2 out of range. q_l2=10.3686
[DBG] L2Q Fail: q_l2 out of range. q_l2=14.9969
[DBG] L2Q Fail: q_l2 out of range. q_l2=14.9969
[DBG] L2Q Fail: q_l2 out of range. q_l2=10.8388
[DBG] L2Q Fail: q_l2 out of range. q_l2=10.8388
[DBG] L2Q Fail: q_l2 out of range. q_l2=11.9254
[DBG] L2Q Fail: q_l2 out of range. q_l2=11.9254
[DBG] L2Q Fail: q_l2 out of range. q_l2=10.3638
[DBG] L2Q Fail: q_l2 out of range. q_l2=10.3638
Processing entry 26000000/37384660
[DBG] L2Q Fail: q_l2 out of range. q_l2=9.68005
[DBG] L2Q Fail: q_l2 out of range. q_l2=9.68005
[DBG] L2Q Fail: q_l2 out of range. q_l2=9.72653
[DBG] L2Q Fail: q_l2 out of range. q_l2=10.2461
[DBG] L2Q Fail: q_l2 out of range. q_l2=10.2461
[DBG] L2Q Fail: q_l2 out of range. q_l2=1.20567
[DBG] L2Q Fail: q_l2 out of range. q_l2=10.3666
[DBG] L2Q Fail: q_l2 out of range. q_l2=10.3666
[DBG] L2Q Fail: q_l2 out of range. q_l2=10.0043
[DBG] L2Q Fail: q_l2 out of range. q_l2=10.0043
[DBG] L2Q Fail: q_l2 out of range. q_l2=9.62432
[DBG] L2Q Fail: q_l2 out of range. q_l2=9.62432
[DBG] L2Q Fail: q_l2 out of range. q_l2=10.2144
[DBG] L2Q Fail: q_l2 out of range. q_l2=10.2144
[DBG] L2Q Fail: q_l2 out of range. q_l2=9.54129
[DBG] L2Q Fail: q_l2 out of range. q_l2=9.54129
[DBG] L2Q Fail: q_l2 out of range. q_l2=16.4825
[DBG] L2Q Fail: q_l2 out of range. q_l2=16.4825
[DBG] L2Q Fail: q_l2 out of range. q_l2=9.77017
[DBG] L2Q Fail: q_l2 out of range. q_l2=9.77017
Processing entry 27000000/37384660
[DBG] L2Q Fail: q_l2 out of range. q_l2=12.2882
[DBG] L2Q Fail: q_l2 out of range. q_l2=16.4274
[DBG] L2Q Fail: q_l2 out of range. q_l2=9.64552
[DBG] L2Q Fail: q_l2 out of range. q_l2=9.64552
[DBG] L2Q Fail: q_l2 out of range. q_l2=9.64552
[DBG] L2Q Fail: q_l2 out of range. q_l2=9.64552
[DBG] L2Q Fail: q_l2 out of range. q_l2=9.71653
[DBG] L2Q Fail: q_l2 out of range. q_l2=9.71653
[DBG] L2Q Fail: q_l2 out of range. q_l2=9.71653
[DBG] L2Q Fail: q_l2 out of range. q_l2=9.71653
[DBG] L2Q Fail: q_l2 out of range. q_l2=9.68288
[DBG] L2Q Fail: q_l2 out of range. q_l2=9.68288
[DBG] L2Q Fail: q_l2 out of range. q_l2=12.8879
[DBG] L2Q Fail: q_l2 out of range. q_l2=9.56285
[DBG] L2Q Fail: q_l2 out of range. q_l2=9.56285
[DBG] L2Q Fail: q_l2 out of range. q_l2=9.80035
[DBG] L2Q Fail: q_l2 out of range. q_l2=9.80035
[DBG] L2Q Fail: q_l2 out of range. q_l2=9.55678
[DBG] L2Q Fail: q_l2 out of range. q_l2=9.55678
[DBG] L2Q Fail: q_l2 out of range. q_l2=15.5018
[DBG] L2Q Fail: q_l2 out of range. q_l2=15.5018
[DBG] L2Q Fail: q_l2 out of range. q_l2=12.7157
[DBG] L2Q Fail: q_l2 out of range. q_l2=12.7157
Processing entry 28000000/37384660
[DBG] L2Q Fail: q_l2 out of range. q_l2=11.6447
[DBG] L2Q Fail: q_l2 out of range. q_l2=11.6447
[DBG] L2Q Fail: q_l2 out of range. q_l2=9.64009
[DBG] L2Q Fail: q_l2 out of range. q_l2=9.64009
[DBG] L2Q Fail: q_l2 out of range. q_l2=9.66157
[DBG] L2Q Fail: q_l2 out of range. q_l2=9.66157
[DBG] L2Q Fail: q_l2 out of range. q_l2=12.8019
[DBG] L2Q Fail: q_l2 out of range. q_l2=12.8019
[DBG] L2Q Fail: q_l2 out of range. q_l2=0.980527
[DBG] L2Q Fail: q_l2 out of range. q_l2=9.82114
[DBG] L2Q Fail: q_l2 out of range. q_l2=9.82114
[DBG] L2Q Fail: q_l2 out of range. q_l2=9.7055
[DBG] L2Q Fail: q_l2 out of range. q_l2=9.7055
[DBG] L2Q Fail: q_l2 out of range. q_l2=9.7055
[DBG] L2Q Fail: q_l2 out of range. q_l2=9.7055
[DBG] L2Q Fail: q_l2 out of range. q_l2=10.2852
[DBG] L2Q Fail: q_l2 out of range. q_l2=10.2852
[DBG] L2Q Fail: q_l2 out of range. q_l2=17.1406
[DBG] L2Q Fail: q_l2 out of range. q_l2=1.01127
[DBG] L2Q Fail: q_l2 out of range. q_l2=1.2583
Processing entry 29000000/37384660
[DBG] L2Q Fail: q_l2 out of range. q_l2=10.6339
[DBG] L2Q Fail: q_l2 out of range. q_l2=1.13727
[DBG] L2Q Fail: q_l2 out of range. q_l2=9.90395
[DBG] L2Q Fail: q_l2 out of range. q_l2=9.90395
[DBG] L2Q Fail: q_l2 out of range. q_l2=9.58263
[DBG] L2Q Fail: q_l2 out of range. q_l2=9.58263
[DBG] L2Q Fail: q_l2 out of range. q_l2=1.96827
[DBG] L2Q Fail: q_l2 out of range. q_l2=1.96827
[DBG] L2Q Fail: q_l2 out of range. q_l2=1.24657
[DBG] L2Q Fail: q_l2 out of range. q_l2=9.64297
[DBG] L2Q Fail: q_l2 out of range. q_l2=9.64297
[DBG] L2Q Fail: q_l2 out of range. q_l2=14.2953
[DBG] L2Q Fail: q_l2 out of range. q_l2=9.75975
[DBG] L2Q Fail: q_l2 out of range. q_l2=9.75975
[DBG] L2Q Fail: q_l2 out of range. q_l2=11.8622
[DBG] L2Q Fail: q_l2 out of range. q_l2=14.8786
[DBG] L2Q Fail: q_l2 out of range. q_l2=14.8786
[DBG] L2Q Fail: q_l2 out of range. q_l2=1.63149
[DBG] L2Q Fail: q_l2 out of range. q_l2=10.4845
[DBG] L2Q Fail: q_l2 out of range. q_l2=10.4845
[DBG] L2Q Fail: q_l2 out of range. q_l2=10.4834
Processing entry 30000000/37384660
[DBG] L2Q Fail: q_l2 out of range. q_l2=9.57516
[DBG] L2Q Fail: q_l2 out of range. q_l2=9.57516
[DBG] L2Q Fail: q_l2 out of range. q_l2=10.0941
[DBG] L2Q Fail: q_l2 out of range. q_l2=10.0941
[DBG] L2Q Fail: q_l2 out of range. q_l2=2.4224
[DBG] L2Q Fail: q_l2 out of range. q_l2=2.4224
[DBG] L2Q Fail: q_l2 out of range. q_l2=9.64498
[DBG] L2Q Fail: q_l2 out of range. q_l2=9.64498
[DBG] L2Q Fail: q_l2 out of range. q_l2=12.2167
[DBG] L2Q Fail: q_l2 out of range. q_l2=12.2167
[DBG] L2Q Fail: q_l2 out of range. q_l2=1.30168
[DBG] L2Q Fail: q_l2 out of range. q_l2=2.04166
[DBG] L2Q Fail: q_l2 out of range. q_l2=2.04166
[DBG] L2Q Fail: q_l2 out of range. q_l2=16.0968
[DBG] L2Q Fail: q_l2 out of range. q_l2=9.66744
[DBG] L2Q Fail: q_l2 out of range. q_l2=9.66744
[DBG] L2Q Fail: q_l2 out of range. q_l2=9.86981
[DBG] L2Q Fail: q_l2 out of range. q_l2=9.86981
[DBG] L2Q Fail: q_l2 out of range. q_l2=9.75363
[DBG] L2Q Fail: q_l2 out of range. q_l2=9.75363
Processing entry 31000000/37384660
[DBG] L2Q Fail: q_l2 out of range. q_l2=1.17673
[DBG] L2Q Fail: q_l2 out of range. q_l2=18.8969
[DBG] L2Q Fail: q_l2 out of range. q_l2=18.8969
[DBG] L2Q Fail: q_l2 out of range. q_l2=9.61287
[DBG] L2Q Fail: q_l2 out of range. q_l2=9.61287
[DBG] L2Q Fail: q_l2 out of range. q_l2=9.75175
[DBG] L2Q Fail: q_l2 out of range. q_l2=9.75175
[DBG] L2Q Fail: q_l2 out of range. q_l2=9.7313
[DBG] L2Q Fail: q_l2 out of range. q_l2=9.7313
[DBG] L2Q Fail: q_l2 out of range. q_l2=10.0748
[DBG] L2Q Fail: q_l2 out of range. q_l2=10.0748
[DBG] L2Q Fail: q_l2 out of range. q_l2=10.0349
[DBG] L2Q Fail: q_l2 out of range. q_l2=10.0349
[DBG] L2Q Fail: q_l2 out of range. q_l2=10.0896
[DBG] L2Q Fail: q_l2 out of range. q_l2=10.0896
[DBG] L2Q Fail: q_l2 out of range. q_l2=9.85971
[DBG] L2Q Fail: q_l2 out of range. q_l2=10.1136
[DBG] L2Q Fail: q_l2 out of range. q_l2=10.1136
[DBG] L2Q Fail: q_l2 out of range. q_l2=9.555
[DBG] L2Q Fail: q_l2 out of range. q_l2=9.555
Processing entry 32000000/37384660
[DBG] L2Q Fail: q_l2 out of range. q_l2=9.51284
[DBG] L2Q Fail: q_l2 out of range. q_l2=9.51284
[DBG] L2Q Fail: q_l2 out of range. q_l2=2.25069
[DBG] L2Q Fail: q_l2 out of range. q_l2=9.50296
[DBG] L2Q Fail: q_l2 out of range. q_l2=9.50296
[DBG] L2Q Fail: q_l2 out of range. q_l2=9.71629
[DBG] L2Q Fail: q_l2 out of range. q_l2=9.71629
[DBG] L2Q Fail: q_l2 out of range. q_l2=10.5992
[DBG] L2Q Fail: q_l2 out of range. q_l2=9.50108
[DBG] L2Q Fail: q_l2 out of range. q_l2=9.50108
[DBG] L2Q Fail: q_l2 out of range. q_l2=13.2846
[DBG] L2Q Fail: q_l2 out of range. q_l2=13.2846
[DBG] L2Q Fail: q_l2 out of range. q_l2=14.8767
[DBG] L2Q Fail: q_l2 out of range. q_l2=14.8767
[DBG] L2Q Fail: q_l2 out of range. q_l2=0.966352
[DBG] L2Q Fail: q_l2 out of range. q_l2=11.5223
Processing entry 33000000/37384660
[DBG] L2Q Fail: q_l2 out of range. q_l2=9.53345
[DBG] L2Q Fail: q_l2 out of range. q_l2=9.53345
[DBG] L2Q Fail: q_l2 out of range. q_l2=11.6974
[DBG] L2Q Fail: q_l2 out of range. q_l2=13.5633
[DBG] L2Q Fail: q_l2 out of range. q_l2=9.77175
[DBG] L2Q Fail: q_l2 out of range. q_l2=9.77175
[DBG] L2Q Fail: q_l2 out of range. q_l2=1.45315
[DBG] L2Q Fail: q_l2 out of range. q_l2=1.45315
[DBG] L2Q Fail: q_l2 out of range. q_l2=9.7321
[DBG] L2Q Fail: q_l2 out of range. q_l2=9.7321
[DBG] L2Q Fail: q_l2 out of range. q_l2=14.8262
[DBG] L2Q Fail: q_l2 out of range. q_l2=14.8262
Processing entry 34000000/37384660
[DBG] L2Q Fail: q_l2 out of range. q_l2=9.50531
[DBG] L2Q Fail: q_l2 out of range. q_l2=9.50531
[DBG] L2Q Fail: q_l2 out of range. q_l2=9.8199
[DBG] L2Q Fail: q_l2 out of range. q_l2=9.8199
[DBG] L2Q Fail: q_l2 out of range. q_l2=9.91791
[DBG] L2Q Fail: q_l2 out of range. q_l2=11.8074
[DBG] L2Q Fail: q_l2 out of range. q_l2=11.8074
[DBG] L2Q Fail: q_l2 out of range. q_l2=9.60483
[DBG] L2Q Fail: q_l2 out of range. q_l2=9.60483
[DBG] L2Q Fail: q_l2 out of range. q_l2=9.64079
[DBG] L2Q Fail: q_l2 out of range. q_l2=9.64079
[DBG] L2Q Fail: q_l2 out of range. q_l2=10.0114
[DBG] L2Q Fail: q_l2 out of range. q_l2=10.0114
[DBG] L2Q Fail: q_l2 out of range. q_l2=13.6701
[DBG] L2Q Fail: q_l2 out of range. q_l2=13.6701
[DBG] L2Q Fail: q_l2 out of range. q_l2=9.99529
[DBG] L2Q Fail: q_l2 out of range. q_l2=9.99529
[DBG] L2Q Fail: q_l2 out of range. q_l2=16.9577
Processing entry 35000000/37384660
[DBG] L2Q Fail: InvCDF failed. cdf_l2=1
[DBG] L2Q Fail: q_l2 out of range. q_l2=16.5865
[DBG] L2Q Fail: q_l2 out of range. q_l2=9.66327
[DBG] L2Q Fail: q_l2 out of range. q_l2=9.66327
[DBG] L2Q Fail: q_l2 out of range. q_l2=9.5562
[DBG] L2Q Fail: q_l2 out of range. q_l2=9.5562
[DBG] L2Q Fail: q_l2 out of range. q_l2=13.5853
[DBG] L2Q Fail: q_l2 out of range. q_l2=9.53474
[DBG] L2Q Fail: q_l2 out of range. q_l2=9.53474
[DBG] L2Q Fail: q_l2 out of range. q_l2=9.53474
[DBG] L2Q Fail: q_l2 out of range. q_l2=9.53474
[DBG] L2Q Fail: q_l2 out of range. q_l2=2.49798
[DBG] L2Q Fail: q_l2 out of range. q_l2=2.49798
[DBG] L2Q Fail: q_l2 out of range. q_l2=9.59941
[DBG] L2Q Fail: q_l2 out of range. q_l2=10.698
[DBG] L2Q Fail: q_l2 out of range. q_l2=13.8517
[DBG] L2Q Fail: q_l2 out of range. q_l2=13.8517
[DBG] L2Q Fail: q_l2 out of range. q_l2=13.8517
[DBG] L2Q Fail: q_l2 out of range. q_l2=13.8517
[DBG] L2Q Fail: q_l2 out of range. q_l2=12.7834
[DBG] L2Q Fail: q_l2 out of range. q_l2=14.837
Processing entry 36000000/37384660
[DBG] L2Q Fail: q_l2 out of range. q_l2=11.1699
[DBG] L2Q Fail: q_l2 out of range. q_l2=11.1699
[DBG] L2Q Fail: q_l2 out of range. q_l2=9.50412
[DBG] L2Q Fail: q_l2 out of range. q_l2=9.50412
[DBG] L2Q Fail: q_l2 out of range. q_l2=12.9389
[DBG] L2Q Fail: q_l2 out of range. q_l2=10.7275
[DBG] L2Q Fail: q_l2 out of range. q_l2=10.7275
[DBG] L2Q Fail: q_l2 out of range. q_l2=11.0051
[DBG] L2Q Fail: q_l2 out of range. q_l2=11.6943
[DBG] L2Q Fail: q_l2 out of range. q_l2=11.6943
Processing entry 37000000/37384660
[DBG] L2Q Fail: q_l2 out of range. q_l2=9.78257
[DBG] L2Q Fail: q_l2 out of range. q_l2=9.78257
[DBG] L2Q Fail: q_l2 out of range. q_l2=10.0649
[DBG] L2Q Fail: q_l2 out of range. q_l2=10.0649
[DBG] L2Q Fail: q_l2 out of range. q_l2=11.6364
[DBG] L2Q Fail: q_l2 out of range. q_l2=11.6364
[DBG] L2Q Fail: q_l2 out of range. q_l2=11.2181
[DBG] L2Q Fail: q_l2 out of range. q_l2=16.4019
Event processing completed
Saving all results to file...
Analysis finished.
Analysis completed successfully
[INFO] Finished: /eos/user/z/zixuan/Isotope/ISS/Be/newbasic_L1Q2to8_part4.root
	Command being timed: "/afs/cern.ch/user/z/zixuan/public/AMSIsotopeFramework/submit/ISSBer.sh /eos/ams/group/ihep/zixuan/filter/newbasic_L1Q2to8_part4.root"
	User time (seconds): 469.25
	System time (seconds): 13.13
	Percent of CPU this job got: 49%
	Elapsed (wall clock) time (h:mm:ss or m:ss): 16:20.24
	Average shared text size (kbytes): 0
	Average unshared data size (kbytes): 0
	Average stack size (kbytes): 0
	Average total size (kbytes): 0
	Maximum resident set size (kbytes): 1882244
	Average resident set size (kbytes): 0
	Major (requiring I/O) page faults: 672
	Minor (reclaiming a frame) page faults: 578294
	Voluntary context switches: 250683
	Involuntary context switches: 59844
	Swaps: 0
	File system inputs: 0
	File system outputs: 32
	Socket messages sent: 0
	Socket messages received: 0
	Signals delivered: 0
	Page size (bytes): 4096
	Exit status: 0
