***************************************************
* Importing amsvar ... 
***************************************************
* USLC=9 UCC=icc64 UICC=2023 UGCC=1310 UROOT=6
* ROOTSYS=/cvmfs/sft.cern.ch/lcg/app/releases/ROOT/6.32.06/x86_64-almalinux9.4-gcc114-opt
* Compiler: icpx
* CXXFLAGS: -pthread -std=c++17 -m64 -pthread -std=c++17 -m64 -I/cvmfs/sft.cern.ch/lcg/app/releases/ROOT/6.32.06/x86_64-almalinux9.4-gcc114-opt/include -O3 -D_GLIBCXX_USE_CXX11_ABI=0
* Red Hat Enterprise Linux release 9.7 (Plow)
***************************************************
Intel(R) oneAPI DPC++/C++ Compiler 2023.2.0 (2023.2.0.20230721)
Target: x86_64-unknown-linux-gnu
Thread model: posix
InstalledDir: /cvmfs/projects.cern.ch/intelsw/oneAPI/linux/x86_64/2023/compiler/2023.2.1/linux/bin-llvm
Configuration file: /cvmfs/projects.cern.ch/intelsw/oneAPI/linux/x86_64/2023/compiler/2023.2.1/linux/bin-llvm/../bin/icpx.cfg
ROOT version: 6.32.06
LD_LIBRARY_PATH: /cvmfs/projects.cern.ch/intelsw/oneAPI/linux/x86_64/2023/compiler/latest/linux/lib:/cvmfs/projects.cern.ch/intelsw/oneAPI/linux/x86_64/2023/compiler/2023.2.1/linux/lib:/cvmfs/projects.cern.ch/intelsw/oneAPI/linux/x86_64/2023/compiler/2023.2.1/linux/lib/x64:/cvmfs/projects.cern.ch/intelsw/oneAPI/linux/x86_64/2023/compiler/2023.2.1/linux/lib/oclfpga/host/linux64/lib:/cvmfs/projects.cern.ch/intelsw/oneAPI/linux/x86_64/2023/compiler/2023.2.1/linux/compiler/lib/intel64_lin:/cvmfs/sft.cern.ch/lcg/releases/gcc/11.3.0-de683/x86_64-el9/lib:/cvmfs/sft.cern.ch/lcg/releases/gcc/11.3.0-de683/x86_64-el9/lib64:/cvmfs/sft.cern.ch/lcg/releases/binutils/2.40-acaab/x86_64-el9/lib:/cvmfs/sft.cern.ch/lcg/app/releases/ROOT/6.32.06/x86_64-almalinux9.4-gcc114-opt/lib:.:/cvmfs/ams.cern.ch/opt/xrootd-4.8.2.el9/lib64:/cvmfs/ams.cern.ch/opt/castor.cc7/lib:/cvmfs/ams.cern.ch/opt/lib64_EL9
Arguments after sourcing scripts: /eos/ams/group/ihep/zixuan/filter/basic_L1Q4to8_part13.root
Number of arguments: 1
[INFO] Using list: /eos/ams/group/ihep/zixuan/filter/basic_L1Q4to8_part13.root
[INFO] Output file: /eos/user/z/zixuan/Isotope/ISS/Be/basic_L1Q4to8_part13.root
Analyzer configured for: Beryllium (ISS Data), Z=4, A=7, isNoBkgCut=0, FragmentZ=4
BinningManager: Pre-calculating bins for all isotopes (Z=1 to 8)...
BinningManager initialized with 67 general/isotope-specific bins and 0 total isotope-specific beta binnings.
HistManager: Output file '/eos/user/z/zixuan/Isotope/ISS/Be/basic_L1Q4to8_part13.root' opened.
DEBUG: Niso=3 charge=4
DEBUG: iso ptr=0x7efd65f3c990
DEBUG: ID Hists
DEBUG: BKG Hists
DEBUG: Flux Hists
DEBUG Finish Hist Defination
IsotopeAnalyzer initialized with 12236342 entries.
Error in <TChain::SetBranchAddress>: unknown branch -> livetime
Error in <TChain::SetBranchAddress>: unknown branch -> rticdif
Error in <TChain::SetBranchAddress>: unknown branch -> nparticle
Error in <TChain::SetBranchAddress>: unknown branch -> nbetah
Error in <TChain::SetBranchAddress>: unknown branch -> nbeta
Error in <TChain::SetBranchAddress>: unknown branch -> btstat_pR
Error in <TChain::SetBranchAddress>: unknown branch -> btstat_new
Error in <TChain::SetBranchAddress>: unknown branch -> ibetah
Error in <TChain::SetBranchAddress>: unknown branch -> charge_pR
Error in <TChain::SetBranchAddress>: unknown branch -> iparindex
Error in <TChain::SetBranchAddress>: unknown branch -> cutoffp
Error in <TChain::SetBranchAddress>: unknown branch -> cutoffpi
Error in <TChain::SetBranchAddress>: unknown branch -> betah2p
Error in <TChain::SetBranchAddress>: unknown branch -> betah2q
Error in <TChain::SetBranchAddress>: unknown branch -> betah2ch
Error in <TChain::SetBranchAddress>: unknown branch -> tk_qrms
Error in <TChain::SetBranchAddress>: unknown branch -> tk_ql
Error in <TChain::SetBranchAddress>: unknown branch -> tk_qlsn
Error in <TChain::SetBranchAddress>: unknown branch -> tk_iso
Error in <TChain::SetBranchAddress>: unknown branch -> tk_exql
Error in <TChain::SetBranchAddress>: unknown branch -> tk_exdis
Error in <TChain::SetBranchAddress>: unknown branch -> tk_dir0
Error in <TChain::SetBranchAddress>: unknown branch -> tof_bpatt
Error in <TChain::SetBranchAddress>: unknown branch -> tof_beta
Error in <TChain::SetBranchAddress>: unknown branch -> tof_betah_oldtune
Error in <TChain::SetBranchAddress>: unknown branch -> tof_trapezoidedge
Error in <TChain::SetBranchAddress>: unknown branch -> tof_edge
Error in <TChain::SetBranchAddress>: unknown branch -> tof_goodgeo
Error in <TChain::SetBranchAddress>: unknown branch -> tof_z
Error in <TChain::SetBranchAddress>: unknown branch -> tof_pz
Error in <TChain::SetBranchAddress>: unknown branch -> tof_q
Error in <TChain::SetBranchAddress>: unknown branch -> tof_qrms
Error in <TChain::SetBranchAddress>: unknown branch -> tof_ql1
Error in <TChain::SetBranchAddress>: unknown branch -> tof_qs
Error in <TChain::SetBranchAddress>: unknown branch -> rich_itrtrack
Error in <TChain::SetBranchAddress>: unknown branch -> rich_udis
Error in <TChain::SetBranchAddress>: unknown branch -> rich_used
Error in <TChain::SetBranchAddress>: unknown branch -> rich_stat
Error in <TChain::SetBranchAddress>: unknown branch -> rich_width
Error in <TChain::SetBranchAddress>: unknown branch -> rich_pmt1
Error in <TChain::SetBranchAddress>: unknown branch -> rich_PMTChargeConsistency
Error in <TChain::SetBranchAddress>: unknown branch -> rich_BetaConsistency
Error in <TChain::SetBranchAddress>: unknown branch -> rich_pos_tkItr
Error in <TChain::SetBranchAddress>: unknown branch -> rich_goodgeo
Error in <TChain::SetBranchAddress>: unknown branch -> rich_theta_tkItr
Error in <TChain::SetBranchAddress>: unknown branch -> rich_phi_tkItr
Error in <TChain::SetBranchAddress>: unknown branch -> rich_n
Error in <TChain::SetBranchAddress>: unknown branch -> mmom
Error in <TChain::SetBranchAddress>: unknown branch -> mch
Error in <TChain::SetBranchAddress>: unknown branch -> mtrmom
Error in <TChain::SetBranchAddress>: unknown branch -> mtrpar
Total entries: 12236342 | isISS=1 | Z=4 | A=7
[INFO] Initializing Charge Tuning System (EGE model, optimized)...
[INFO] Charge Tuning System initialized. Loaded 530 valid EGE lookup tables using integer keys.
Processing entry 0/12236342
[DBG] L2Q Fail: InvCDF failed. cdf_l2=1
[DBG] L2Q Fail: InvCDF failed. cdf_l2=1
[DBG] L2Q Fail: q_l2 out of range. q_l2=12.914
[DBG] L2Q Fail: q_l2 out of range. q_l2=18.6101
[DBG] L2Q Fail: q_l2 out of range. q_l2=13.1297
[DBG] L2Q Fail: q_l2 out of range. q_l2=15.2682
[DBG] L2Q Fail: InvCDF failed. cdf_l2=1
[DBG] L2Q Fail: q_l2 out of range. q_l2=11.6593
[DBG] L2Q Fail: q_l2 out of range. q_l2=11.6593
[DBG] L2Q Fail: q_l2 out of range. q_l2=11.3207
Processing entry 1000000/12236342
[DBG] L2Q Fail: q_l2 out of range. q_l2=15.1602
[DBG] L2Q Fail: q_l2 out of range. q_l2=15.1602
[DBG] L2Q Fail: q_l2 out of range. q_l2=14.2342
[DBG] L2Q Fail: q_l2 out of range. q_l2=14.2342
[DBG] L2Q Fail: q_l2 out of range. q_l2=14.8186
[DBG] L2Q Fail: q_l2 out of range. q_l2=14.8186
[DBG] L2Q Fail: q_l2 out of range. q_l2=12.9288
[DBG] L2Q Fail: q_l2 out of range. q_l2=12.9288
[DBG] L2Q Fail: q_l2 out of range. q_l2=16.3731
Processing entry 2000000/12236342
[DBG] L2Q Fail: q_l2 out of range. q_l2=14.7057
[DBG] L2Q Fail: q_l2 out of range. q_l2=14.7057
[DBG] L2Q Fail: q_l2 out of range. q_l2=18.5441
[DBG] L2Q Fail: q_l2 out of range. q_l2=18.5441
[DBG] L2Q Fail: q_l2 out of range. q_l2=13.0289
[DBG] L2Q Fail: q_l2 out of range. q_l2=13.5828
[DBG] L2Q Fail: q_l2 out of range. q_l2=13.5828
[DBG] L2Q Fail: q_l2 out of range. q_l2=12.1844
[DBG] L2Q Fail: q_l2 out of range. q_l2=12.1844
[DBG] L2Q Fail: q_l2 out of range. q_l2=14.1123
[DBG] L2Q Fail: q_l2 out of range. q_l2=13.4744
[DBG] L2Q Fail: q_l2 out of range. q_l2=18.6053
[DBG] L2Q Fail: q_l2 out of range. q_l2=18.6053
Processing entry 3000000/12236342
[DBG] L2Q Fail: q_l2 out of range. q_l2=11.7008
[DBG] L2Q Fail: q_l2 out of range. q_l2=0.747099
[DBG] L2Q Fail: q_l2 out of range. q_l2=0.747099
[DBG] L2Q Fail: InvCDF failed. cdf_l2=1
[DBG] L2Q Fail: InvCDF failed. cdf_l2=1
[DBG] L2Q Fail: q_l2 out of range. q_l2=12.4456
[DBG] L2Q Fail: q_l2 out of range. q_l2=12.4456
[DBG] L2Q Fail: InvCDF failed. cdf_l2=1
[DBG] L2Q Fail: q_l2 out of range. q_l2=13.7178
[DBG] L2Q Fail: q_l2 out of range. q_l2=13.7178
[DBG] L2Q Fail: q_l2 out of range. q_l2=16.3803
[DBG] L2Q Fail: q_l2 out of range. q_l2=16.3803
Processing entry 4000000/12236342
[DBG] L2Q Fail: q_l2 out of range. q_l2=14.9991
[DBG] L2Q Fail: q_l2 out of range. q_l2=14.9991
[DBG] L2Q Fail: q_l2 out of range. q_l2=2.9315
[DBG] L2Q Fail: q_l2 out of range. q_l2=2.9315
[DBG] L2Q Fail: q_l2 out of range. q_l2=11.0631
[DBG] L2Q Fail: q_l2 out of range. q_l2=11.0631
Processing entry 5000000/12236342
[DBG] L2Q Fail: InvCDF failed. cdf_l2=1
[DBG] L2Q Fail: q_l2 out of range. q_l2=13.6455
[DBG] L2Q Fail: q_l2 out of range. q_l2=13.6455
Processing entry 6000000/12236342
[DBG] L2Q Fail: q_l2 out of range. q_l2=11.2057
[DBG] L2Q Fail: q_l2 out of range. q_l2=13.5401
Processing entry 7000000/12236342
[DBG] L2Q Fail: q_l2 out of range. q_l2=11.0795
[DBG] L2Q Fail: q_l2 out of range. q_l2=11.0005
[DBG] L2Q Fail: q_l2 out of range. q_l2=11.0005
[DBG] L2Q Fail: InvCDF failed. cdf_l2=1
[DBG] L2Q Fail: InvCDF failed. cdf_l2=1
[DBG] L2Q Fail: q_l2 out of range. q_l2=12.6545
[DBG] L2Q Fail: q_l2 out of range. q_l2=11.6548
[DBG] L2Q Fail: q_l2 out of range. q_l2=17.079
[DBG] L2Q Fail: q_l2 out of range. q_l2=17.079
[DBG] L2Q Fail: q_l2 out of range. q_l2=2.88242
[DBG] L2Q Fail: q_l2 out of range. q_l2=2.88242
[DBG] L2Q Fail: InvCDF failed. cdf_l2=1
Processing entry 8000000/12236342
[DBG] L2Q Fail: InvCDF failed. cdf_l2=1
[DBG] L2Q Fail: q_l2 out of range. q_l2=2.45443
[DBG] L2Q Fail: q_l2 out of range. q_l2=2.45443
[DBG] L2Q Fail: q_l2 out of range. q_l2=22.4288
[DBG] L2Q Fail: q_l2 out of range. q_l2=13.7412
[DBG] L2Q Fail: q_l2 out of range. q_l2=15.4778
[DBG] L2Q Fail: q_l2 out of range. q_l2=11.78
[DBG] L2Q Fail: q_l2 out of range. q_l2=11.78
[DBG] L2Q Fail: q_l2 out of range. q_l2=13.5846
[DBG] L2Q Fail: q_l2 out of range. q_l2=13.5846
[DBG] L2Q Fail: q_l2 out of range. q_l2=13.3972
[DBG] L2Q Fail: q_l2 out of range. q_l2=13.3972
Processing entry 9000000/12236342
[DBG] L2Q Fail: q_l2 out of range. q_l2=13.6967
[DBG] L2Q Fail: InvCDF failed. cdf_l2=1
[DBG] L2Q Fail: q_l2 out of range. q_l2=28.2664
[DBG] L2Q Fail: q_l2 out of range. q_l2=18.1798
[DBG] L2Q Fail: q_l2 out of range. q_l2=18.1798
[DBG] L2Q Fail: q_l2 out of range. q_l2=11.2956
Processing entry 10000000/12236342
[DBG] L2Q Fail: q_l2 out of range. q_l2=16.1271
[DBG] L2Q Fail: q_l2 out of range. q_l2=16.1271
[DBG] L2Q Fail: InvCDF failed. cdf_l2=1
[DBG] L2Q Fail: q_l2 out of range. q_l2=13.6212
[DBG] L2Q Fail: q_l2 out of range. q_l2=13.6212
[DBG] L2Q Fail: InvCDF failed. cdf_l2=1
[DBG] L2Q Fail: InvCDF failed. cdf_l2=1
[DBG] L2Q Fail: InvCDF failed. cdf_l2=1
[DBG] L2Q Fail: q_l2 out of range. q_l2=1.17132
[DBG] L2Q Fail: q_l2 out of range. q_l2=1.40898
[DBG] L2Q Fail: q_l2 out of range. q_l2=1.40898
Processing entry 11000000/12236342
[DBG] L2Q Fail: q_l2 out of range. q_l2=13.3653
[DBG] L2Q Fail: q_l2 out of range. q_l2=13.3653
[DBG] L2Q Fail: q_l2 out of range. q_l2=13.5644
[DBG] L2Q Fail: q_l2 out of range. q_l2=16.4974
[DBG] L2Q Fail: q_l2 out of range. q_l2=16.4974
[DBG] L2Q Fail: q_l2 out of range. q_l2=12.7382
[DBG] L2Q Fail: q_l2 out of range. q_l2=12.7382
[DBG] L2Q Fail: q_l2 out of range. q_l2=14.2399
[DBG] L2Q Fail: q_l2 out of range. q_l2=14.2399
[DBG] L2Q Fail: q_l2 out of range. q_l2=15.0489
[DBG] L2Q Fail: q_l2 out of range. q_l2=15.0489
Processing entry 12000000/12236342
[DBG] L2Q Fail: q_l2 out of range. q_l2=16.0523
[DBG] L2Q Fail: q_l2 out of range. q_l2=17.7097
[DBG] L2Q Fail: q_l2 out of range. q_l2=17.7097
Event processing completed
Saving all results to file...
Analysis finished.
Analysis completed successfully
[INFO] Finished: /eos/user/z/zixuan/Isotope/ISS/Be/basic_L1Q4to8_part13.root
	Command being timed: "/afs/cern.ch/user/z/zixuan/public/AMSIsotopeFramework/submit/ISSBer.sh /eos/ams/group/ihep/zixuan/filter/basic_L1Q4to8_part13.root"
	User time (seconds): 204.61
	System time (seconds): 10.35
	Percent of CPU this job got: 61%
	Elapsed (wall clock) time (h:mm:ss or m:ss): 5:47.48
	Average shared text size (kbytes): 0
	Average unshared data size (kbytes): 0
	Average stack size (kbytes): 0
	Average total size (kbytes): 0
	Maximum resident set size (kbytes): 549856
	Average resident set size (kbytes): 0
	Major (requiring I/O) page faults: 1
	Minor (reclaiming a frame) page faults: 141435
	Voluntary context switches: 67595
	Involuntary context switches: 91129
	Swaps: 0
	File system inputs: 0
	File system outputs: 32
	Socket messages sent: 0
	Socket messages received: 0
	Signals delivered: 0
	Page size (bytes): 4096
	Exit status: 0
