***************************************************
* Importing amsvar ... 
***************************************************
* USLC=9 UCC=icc64 UICC=2023 UGCC=1310 UROOT=6
* ROOTSYS=/cvmfs/sft.cern.ch/lcg/app/releases/ROOT/6.32.06/x86_64-almalinux9.4-gcc114-opt
* Compiler: icpx
* CXXFLAGS: -pthread -std=c++17 -m64 -pthread -std=c++17 -m64 -I/cvmfs/sft.cern.ch/lcg/app/releases/ROOT/6.32.06/x86_64-almalinux9.4-gcc114-opt/include -O3 -D_GLIBCXX_USE_CXX11_ABI=0
* Red Hat Enterprise Linux release 9.7 (Plow)
***************************************************
Intel(R) oneAPI DPC++/C++ Compiler 2023.2.0 (2023.2.0.20230721)
Target: x86_64-unknown-linux-gnu
Thread model: posix
InstalledDir: /cvmfs/projects.cern.ch/intelsw/oneAPI/linux/x86_64/2023/compiler/2023.2.1/linux/bin-llvm
Configuration file: /cvmfs/projects.cern.ch/intelsw/oneAPI/linux/x86_64/2023/compiler/2023.2.1/linux/bin-llvm/../bin/icpx.cfg
ROOT version: 6.32.06
LD_LIBRARY_PATH: /cvmfs/projects.cern.ch/intelsw/oneAPI/linux/x86_64/2023/compiler/latest/linux/lib:/cvmfs/projects.cern.ch/intelsw/oneAPI/linux/x86_64/2023/compiler/2023.2.1/linux/lib:/cvmfs/projects.cern.ch/intelsw/oneAPI/linux/x86_64/2023/compiler/2023.2.1/linux/lib/x64:/cvmfs/projects.cern.ch/intelsw/oneAPI/linux/x86_64/2023/compiler/2023.2.1/linux/lib/oclfpga/host/linux64/lib:/cvmfs/projects.cern.ch/intelsw/oneAPI/linux/x86_64/2023/compiler/2023.2.1/linux/compiler/lib/intel64_lin:/cvmfs/sft.cern.ch/lcg/releases/gcc/11.3.0-de683/x86_64-el9/lib:/cvmfs/sft.cern.ch/lcg/releases/gcc/11.3.0-de683/x86_64-el9/lib64:/cvmfs/sft.cern.ch/lcg/releases/binutils/2.40-acaab/x86_64-el9/lib:/cvmfs/sft.cern.ch/lcg/app/releases/ROOT/6.32.06/x86_64-almalinux9.4-gcc114-opt/lib:.:/cvmfs/ams.cern.ch/opt/xrootd-4.8.2.el9/lib64:/cvmfs/ams.cern.ch/opt/castor.cc7/lib:/cvmfs/ams.cern.ch/opt/lib64_EL9
Arguments after sourcing scripts: /eos/ams/group/ihep/zixuan/filter/basic_L1Q4to8_part7.root
Number of arguments: 1
[INFO] Using list: /eos/ams/group/ihep/zixuan/filter/basic_L1Q4to8_part7.root
[INFO] Output file: /eos/user/z/zixuan/Isotope/ISS/Be/basic_L1Q4to8_part7.root
Analyzer configured for: Beryllium (ISS Data), Z=4, A=7, isNoBkgCut=0, FragmentZ=4
BinningManager: Pre-calculating bins for all isotopes (Z=1 to 8)...
BinningManager initialized with 67 general/isotope-specific bins and 0 total isotope-specific beta binnings.
HistManager: Output file '/eos/user/z/zixuan/Isotope/ISS/Be/basic_L1Q4to8_part7.root' opened.
DEBUG: Niso=3 charge=4
DEBUG: iso ptr=0x7f6f455d5990
DEBUG: ID Hists
DEBUG: BKG Hists
DEBUG: Flux Hists
DEBUG Finish Hist Defination
IsotopeAnalyzer initialized with 14978049 entries.
Error in <TChain::SetBranchAddress>: unknown branch -> livetime
Error in <TChain::SetBranchAddress>: unknown branch -> rticdif
Error in <TChain::SetBranchAddress>: unknown branch -> nparticle
Error in <TChain::SetBranchAddress>: unknown branch -> nbetah
Error in <TChain::SetBranchAddress>: unknown branch -> nbeta
Error in <TChain::SetBranchAddress>: unknown branch -> btstat_pR
Error in <TChain::SetBranchAddress>: unknown branch -> btstat_new
Error in <TChain::SetBranchAddress>: unknown branch -> ibetah
Error in <TChain::SetBranchAddress>: unknown branch -> charge_pR
Error in <TChain::SetBranchAddress>: unknown branch -> iparindex
Error in <TChain::SetBranchAddress>: unknown branch -> cutoffp
Error in <TChain::SetBranchAddress>: unknown branch -> cutoffpi
Error in <TChain::SetBranchAddress>: unknown branch -> betah2p
Error in <TChain::SetBranchAddress>: unknown branch -> betah2q
Error in <TChain::SetBranchAddress>: unknown branch -> betah2ch
Error in <TChain::SetBranchAddress>: unknown branch -> tk_qrms
Error in <TChain::SetBranchAddress>: unknown branch -> tk_ql
Error in <TChain::SetBranchAddress>: unknown branch -> tk_qlsn
Error in <TChain::SetBranchAddress>: unknown branch -> tk_iso
Error in <TChain::SetBranchAddress>: unknown branch -> tk_exql
Error in <TChain::SetBranchAddress>: unknown branch -> tk_exdis
Error in <TChain::SetBranchAddress>: unknown branch -> tk_dir0
Error in <TChain::SetBranchAddress>: unknown branch -> tof_bpatt
Error in <TChain::SetBranchAddress>: unknown branch -> tof_beta
Error in <TChain::SetBranchAddress>: unknown branch -> tof_betah_oldtune
Error in <TChain::SetBranchAddress>: unknown branch -> tof_trapezoidedge
Error in <TChain::SetBranchAddress>: unknown branch -> tof_edge
Error in <TChain::SetBranchAddress>: unknown branch -> tof_goodgeo
Error in <TChain::SetBranchAddress>: unknown branch -> tof_z
Error in <TChain::SetBranchAddress>: unknown branch -> tof_pz
Error in <TChain::SetBranchAddress>: unknown branch -> tof_q
Error in <TChain::SetBranchAddress>: unknown branch -> tof_qrms
Error in <TChain::SetBranchAddress>: unknown branch -> tof_ql1
Error in <TChain::SetBranchAddress>: unknown branch -> tof_qs
Error in <TChain::SetBranchAddress>: unknown branch -> rich_itrtrack
Error in <TChain::SetBranchAddress>: unknown branch -> rich_udis
Error in <TChain::SetBranchAddress>: unknown branch -> rich_used
Error in <TChain::SetBranchAddress>: unknown branch -> rich_stat
Error in <TChain::SetBranchAddress>: unknown branch -> rich_width
Error in <TChain::SetBranchAddress>: unknown branch -> rich_pmt1
Error in <TChain::SetBranchAddress>: unknown branch -> rich_PMTChargeConsistency
Error in <TChain::SetBranchAddress>: unknown branch -> rich_BetaConsistency
Error in <TChain::SetBranchAddress>: unknown branch -> rich_pos_tkItr
Error in <TChain::SetBranchAddress>: unknown branch -> rich_goodgeo
Error in <TChain::SetBranchAddress>: unknown branch -> rich_theta_tkItr
Error in <TChain::SetBranchAddress>: unknown branch -> rich_phi_tkItr
Error in <TChain::SetBranchAddress>: unknown branch -> rich_n
Error in <TChain::SetBranchAddress>: unknown branch -> mmom
Error in <TChain::SetBranchAddress>: unknown branch -> mch
Error in <TChain::SetBranchAddress>: unknown branch -> mtrmom
Error in <TChain::SetBranchAddress>: unknown branch -> mtrpar
Total entries: 14978049 | isISS=1 | Z=4 | A=7
[INFO] Initializing Charge Tuning System (EGE model, optimized)...
[INFO] Charge Tuning System initialized. Loaded 530 valid EGE lookup tables using integer keys.
Processing entry 0/14978049
[DBG] L2Q Fail: q_l2 out of range. q_l2=15.139
[DBG] L2Q Fail: q_l2 out of range. q_l2=13.1926
[DBG] L2Q Fail: q_l2 out of range. q_l2=11.0715
[DBG] L2Q Fail: InvCDF failed. cdf_l2=1
[DBG] L2Q Fail: q_l2 out of range. q_l2=14.9969
[DBG] L2Q Fail: q_l2 out of range. q_l2=14.9969
[DBG] L2Q Fail: InvCDF failed. cdf_l2=1
Processing entry 1000000/14978049
[DBG] L2Q Fail: q_l2 out of range. q_l2=16.4825
[DBG] L2Q Fail: q_l2 out of range. q_l2=16.4825
[DBG] L2Q Fail: q_l2 out of range. q_l2=12.2882
[DBG] L2Q Fail: q_l2 out of range. q_l2=16.4274
[DBG] L2Q Fail: q_l2 out of range. q_l2=12.8879
[DBG] L2Q Fail: q_l2 out of range. q_l2=15.5018
[DBG] L2Q Fail: q_l2 out of range. q_l2=15.5018
[DBG] L2Q Fail: InvCDF failed. cdf_l2=1
[DBG] L2Q Fail: InvCDF failed. cdf_l2=1
[DBG] L2Q Fail: q_l2 out of range. q_l2=11.6447
[DBG] L2Q Fail: q_l2 out of range. q_l2=11.6447
Processing entry 2000000/14978049
[DBG] L2Q Fail: InvCDF failed. cdf_l2=1
[DBG] L2Q Fail: q_l2 out of range. q_l2=17.1406
[DBG] L2Q Fail: q_l2 out of range. q_l2=1.13727
[DBG] L2Q Fail: q_l2 out of range. q_l2=14.2953
[DBG] L2Q Fail: InvCDF failed. cdf_l2=1
[DBG] L2Q Fail: InvCDF failed. cdf_l2=1
Processing entry 3000000/14978049
[DBG] L2Q Fail: q_l2 out of range. q_l2=14.8786
[DBG] L2Q Fail: q_l2 out of range. q_l2=14.8786
[DBG] L2Q Fail: q_l2 out of range. q_l2=1.63149
[DBG] L2Q Fail: q_l2 out of range. q_l2=10.4834
[DBG] L2Q Fail: q_l2 out of range. q_l2=12.2167
[DBG] L2Q Fail: q_l2 out of range. q_l2=12.2167
[DBG] L2Q Fail: q_l2 out of range. q_l2=16.0968
[DBG] L2Q Fail: q_l2 out of range. q_l2=18.8969
[DBG] L2Q Fail: q_l2 out of range. q_l2=18.8969
Processing entry 4000000/14978049
[DBG] L2Q Fail: InvCDF failed. cdf_l2=1
[DBG] L2Q Fail: q_l2 out of range. q_l2=13.2846
[DBG] L2Q Fail: q_l2 out of range. q_l2=13.2846
[DBG] L2Q Fail: q_l2 out of range. q_l2=14.8767
[DBG] L2Q Fail: q_l2 out of range. q_l2=14.8767
[DBG] L2Q Fail: q_l2 out of range. q_l2=0.966352
[DBG] L2Q Fail: q_l2 out of range. q_l2=11.5223
Processing entry 5000000/14978049
[DBG] L2Q Fail: q_l2 out of range. q_l2=13.5633
[DBG] L2Q Fail: q_l2 out of range. q_l2=14.8262
[DBG] L2Q Fail: q_l2 out of range. q_l2=14.8262
[DBG] L2Q Fail: InvCDF failed. cdf_l2=1
[DBG] L2Q Fail: q_l2 out of range. q_l2=11.8074
[DBG] L2Q Fail: q_l2 out of range. q_l2=11.8074
Processing entry 6000000/14978049
[DBG] L2Q Fail: q_l2 out of range. q_l2=13.6701
[DBG] L2Q Fail: q_l2 out of range. q_l2=13.6701
[DBG] L2Q Fail: q_l2 out of range. q_l2=16.9577
[DBG] L2Q Fail: q_l2 out of range. q_l2=16.5865
[DBG] L2Q Fail: q_l2 out of range. q_l2=13.5853
[DBG] L2Q Fail: q_l2 out of range. q_l2=13.8517
[DBG] L2Q Fail: q_l2 out of range. q_l2=13.8517
[DBG] L2Q Fail: q_l2 out of range. q_l2=13.8517
[DBG] L2Q Fail: q_l2 out of range. q_l2=13.8517
[DBG] L2Q Fail: q_l2 out of range. q_l2=14.837
[DBG] L2Q Fail: InvCDF failed. cdf_l2=1
Processing entry 7000000/14978049
[DBG] L2Q Fail: q_l2 out of range. q_l2=11.6943
[DBG] L2Q Fail: q_l2 out of range. q_l2=11.6943
[DBG] L2Q Fail: InvCDF failed. cdf_l2=1
[DBG] L2Q Fail: q_l2 out of range. q_l2=11.2181
[DBG] L2Q Fail: q_l2 out of range. q_l2=16.4019
[DBG] L2Q Fail: q_l2 out of range. q_l2=11.8153
[DBG] L2Q Fail: q_l2 out of range. q_l2=11.8153
[DBG] L2Q Fail: q_l2 out of range. q_l2=12.0199
Processing entry 8000000/14978049
[DBG] L2Q Fail: InvCDF failed. cdf_l2=1
[DBG] L2Q Fail: InvCDF failed. cdf_l2=1
[DBG] L2Q Fail: InvCDF failed. cdf_l2=1
[DBG] L2Q Fail: q_l2 out of range. q_l2=15.6469
[DBG] L2Q Fail: q_l2 out of range. q_l2=15.6469
[DBG] L2Q Fail: q_l2 out of range. q_l2=14.0672
[DBG] L2Q Fail: q_l2 out of range. q_l2=22.4634
[DBG] L2Q Fail: q_l2 out of range. q_l2=11.7763
[DBG] L2Q Fail: q_l2 out of range. q_l2=11.7763
[DBG] L2Q Fail: q_l2 out of range. q_l2=11.7763
[DBG] L2Q Fail: q_l2 out of range. q_l2=11.7763
Processing entry 9000000/14978049
[DBG] L2Q Fail: q_l2 out of range. q_l2=13.716
[DBG] L2Q Fail: q_l2 out of range. q_l2=13.4851
[DBG] L2Q Fail: q_l2 out of range. q_l2=13.4851
[DBG] L2Q Fail: q_l2 out of range. q_l2=12.2372
[DBG] L2Q Fail: q_l2 out of range. q_l2=12.2372
[DBG] L2Q Fail: q_l2 out of range. q_l2=13.3365
[DBG] L2Q Fail: q_l2 out of range. q_l2=13.3365
[DBG] L2Q Fail: q_l2 out of range. q_l2=12.8841
[DBG] L2Q Fail: q_l2 out of range. q_l2=12.8841
[DBG] L2Q Fail: InvCDF failed. cdf_l2=1
[DBG] L2Q Fail: InvCDF failed. cdf_l2=1
Processing entry 10000000/14978049
[DBG] L2Q Fail: q_l2 out of range. q_l2=13.787
[DBG] L2Q Fail: q_l2 out of range. q_l2=13.787
[DBG] L2Q Fail: q_l2 out of range. q_l2=10.15
[DBG] L2Q Fail: InvCDF failed. cdf_l2=1
Processing entry 11000000/14978049
[DBG] L2Q Fail: q_l2 out of range. q_l2=10.4526
[DBG] L2Q Fail: q_l2 out of range. q_l2=10.4526
Processing entry 12000000/14978049
[DBG] L2Q Fail: q_l2 out of range. q_l2=12.5752
[DBG] L2Q Fail: q_l2 out of range. q_l2=12.5752
[DBG] L2Q Fail: q_l2 out of range. q_l2=13.4992
[DBG] L2Q Fail: q_l2 out of range. q_l2=11.9197
[DBG] L2Q Fail: q_l2 out of range. q_l2=14.3803
Processing entry 13000000/14978049
[DBG] L2Q Fail: q_l2 out of range. q_l2=23.7851
[DBG] L2Q Fail: q_l2 out of range. q_l2=11.0927
[DBG] L2Q Fail: q_l2 out of range. q_l2=13.9939
[DBG] L2Q Fail: q_l2 out of range. q_l2=13.9939
[DBG] L2Q Fail: q_l2 out of range. q_l2=14.2103
[DBG] L2Q Fail: q_l2 out of range. q_l2=14.2103
[DBG] L2Q Fail: InvCDF failed. cdf_l2=1
[DBG] L2Q Fail: InvCDF failed. cdf_l2=1
[DBG] L2Q Fail: q_l2 out of range. q_l2=13.2272
[DBG] L2Q Fail: q_l2 out of range. q_l2=13.2272
[DBG] L2Q Fail: InvCDF failed. cdf_l2=1
[DBG] L2Q Fail: q_l2 out of range. q_l2=11.5676
[DBG] L2Q Fail: q_l2 out of range. q_l2=11.5676
[DBG] L2Q Fail: q_l2 out of range. q_l2=12.0623
Processing entry 14000000/14978049
[DBG] L2Q Fail: InvCDF failed. cdf_l2=1
[DBG] L2Q Fail: q_l2 out of range. q_l2=14.69
[DBG] L2Q Fail: q_l2 out of range. q_l2=12.1376
[DBG] L2Q Fail: q_l2 out of range. q_l2=15.5577
[DBG] L2Q Fail: InvCDF failed. cdf_l2=1
Event processing completed
Saving all results to file...
Analysis finished.
Analysis completed successfully
[INFO] Finished: /eos/user/z/zixuan/Isotope/ISS/Be/basic_L1Q4to8_part7.root
	Command being timed: "/afs/cern.ch/user/z/zixuan/public/AMSIsotopeFramework/submit/ISSBer.sh /eos/ams/group/ihep/zixuan/filter/basic_L1Q4to8_part7.root"
	User time (seconds): 248.92
	System time (seconds): 12.07
	Percent of CPU this job got: 72%
	Elapsed (wall clock) time (h:mm:ss or m:ss): 5:59.71
	Average shared text size (kbytes): 0
	Average unshared data size (kbytes): 0
	Average stack size (kbytes): 0
	Average total size (kbytes): 0
	Maximum resident set size (kbytes): 561552
	Average resident set size (kbytes): 0
	Major (requiring I/O) page faults: 0
	Minor (reclaiming a frame) page faults: 256982
	Voluntary context switches: 83816
	Involuntary context switches: 106397
	Swaps: 0
	File system inputs: 0
	File system outputs: 32
	Socket messages sent: 0
	Socket messages received: 0
	Signals delivered: 0
	Page size (bytes): 4096
	Exit status: 0
