***************************************************
* Importing amsvar ... 
***************************************************
* USLC=9 UCC=icc64 UICC=2023 UGCC=1310 UROOT=6
* ROOTSYS=/cvmfs/sft.cern.ch/lcg/app/releases/ROOT/6.32.06/x86_64-almalinux9.4-gcc114-opt
* Compiler: icpx
* CXXFLAGS: -pthread -std=c++17 -m64 -pthread -std=c++17 -m64 -I/cvmfs/sft.cern.ch/lcg/app/releases/ROOT/6.32.06/x86_64-almalinux9.4-gcc114-opt/include -O3 -D_GLIBCXX_USE_CXX11_ABI=0
* Red Hat Enterprise Linux release 9.7 (Plow)
***************************************************
Intel(R) oneAPI DPC++/C++ Compiler 2023.2.0 (2023.2.0.20230721)
Target: x86_64-unknown-linux-gnu
Thread model: posix
InstalledDir: /cvmfs/projects.cern.ch/intelsw/oneAPI/linux/x86_64/2023/compiler/2023.2.1/linux/bin-llvm
Configuration file: /cvmfs/projects.cern.ch/intelsw/oneAPI/linux/x86_64/2023/compiler/2023.2.1/linux/bin-llvm/../bin/icpx.cfg
ROOT version: 6.32.06
LD_LIBRARY_PATH: /cvmfs/projects.cern.ch/intelsw/oneAPI/linux/x86_64/2023/compiler/latest/linux/lib:/cvmfs/projects.cern.ch/intelsw/oneAPI/linux/x86_64/2023/compiler/2023.2.1/linux/lib:/cvmfs/projects.cern.ch/intelsw/oneAPI/linux/x86_64/2023/compiler/2023.2.1/linux/lib/x64:/cvmfs/projects.cern.ch/intelsw/oneAPI/linux/x86_64/2023/compiler/2023.2.1/linux/lib/oclfpga/host/linux64/lib:/cvmfs/projects.cern.ch/intelsw/oneAPI/linux/x86_64/2023/compiler/2023.2.1/linux/compiler/lib/intel64_lin:/cvmfs/sft.cern.ch/lcg/releases/gcc/11.3.0-de683/x86_64-el9/lib:/cvmfs/sft.cern.ch/lcg/releases/gcc/11.3.0-de683/x86_64-el9/lib64:/cvmfs/sft.cern.ch/lcg/releases/binutils/2.40-acaab/x86_64-el9/lib:/cvmfs/sft.cern.ch/lcg/app/releases/ROOT/6.32.06/x86_64-almalinux9.4-gcc114-opt/lib:.:/cvmfs/ams.cern.ch/opt/xrootd-4.8.2.el9/lib64:/cvmfs/ams.cern.ch/opt/castor.cc7/lib:/cvmfs/ams.cern.ch/opt/lib64_EL9
Arguments after sourcing scripts: /eos/ams/group/ihep/zixuan/filter/basic_L1Q4to8_part10.root
Number of arguments: 1
[INFO] Using list: /eos/ams/group/ihep/zixuan/filter/basic_L1Q4to8_part10.root
[INFO] Output file: /eos/user/z/zixuan/Isotope/ISS/Be/basic_L1Q4to8_part10.root
Analyzer configured for: Beryllium (ISS Data), Z=4, A=7, isNoBkgCut=0, FragmentZ=4
BinningManager: Pre-calculating bins for all isotopes (Z=1 to 8)...
BinningManager initialized with 67 general/isotope-specific bins and 0 total isotope-specific beta binnings.
HistManager: Output file '/eos/user/z/zixuan/Isotope/ISS/Be/basic_L1Q4to8_part10.root' opened.
DEBUG: Niso=3 charge=4
DEBUG: iso ptr=0x7fa31ef9d990
DEBUG: ID Hists
DEBUG: BKG Hists
DEBUG: Flux Hists
DEBUG Finish Hist Defination
IsotopeAnalyzer initialized with 15348943 entries.
Error in <TChain::SetBranchAddress>: unknown branch -> livetime
Error in <TChain::SetBranchAddress>: unknown branch -> rticdif
Error in <TChain::SetBranchAddress>: unknown branch -> nparticle
Error in <TChain::SetBranchAddress>: unknown branch -> nbetah
Error in <TChain::SetBranchAddress>: unknown branch -> nbeta
Error in <TChain::SetBranchAddress>: unknown branch -> btstat_pR
Error in <TChain::SetBranchAddress>: unknown branch -> btstat_new
Error in <TChain::SetBranchAddress>: unknown branch -> ibetah
Error in <TChain::SetBranchAddress>: unknown branch -> charge_pR
Error in <TChain::SetBranchAddress>: unknown branch -> iparindex
Error in <TChain::SetBranchAddress>: unknown branch -> cutoffp
Error in <TChain::SetBranchAddress>: unknown branch -> cutoffpi
Error in <TChain::SetBranchAddress>: unknown branch -> betah2p
Error in <TChain::SetBranchAddress>: unknown branch -> betah2q
Error in <TChain::SetBranchAddress>: unknown branch -> betah2ch
Error in <TChain::SetBranchAddress>: unknown branch -> tk_qrms
Error in <TChain::SetBranchAddress>: unknown branch -> tk_ql
Error in <TChain::SetBranchAddress>: unknown branch -> tk_qlsn
Error in <TChain::SetBranchAddress>: unknown branch -> tk_iso
Error in <TChain::SetBranchAddress>: unknown branch -> tk_exql
Error in <TChain::SetBranchAddress>: unknown branch -> tk_exdis
Error in <TChain::SetBranchAddress>: unknown branch -> tk_dir0
Error in <TChain::SetBranchAddress>: unknown branch -> tof_bpatt
Error in <TChain::SetBranchAddress>: unknown branch -> tof_beta
Error in <TChain::SetBranchAddress>: unknown branch -> tof_betah_oldtune
Error in <TChain::SetBranchAddress>: unknown branch -> tof_trapezoidedge
Error in <TChain::SetBranchAddress>: unknown branch -> tof_edge
Error in <TChain::SetBranchAddress>: unknown branch -> tof_goodgeo
Error in <TChain::SetBranchAddress>: unknown branch -> tof_z
Error in <TChain::SetBranchAddress>: unknown branch -> tof_pz
Error in <TChain::SetBranchAddress>: unknown branch -> tof_q
Error in <TChain::SetBranchAddress>: unknown branch -> tof_qrms
Error in <TChain::SetBranchAddress>: unknown branch -> tof_ql1
Error in <TChain::SetBranchAddress>: unknown branch -> tof_qs
Error in <TChain::SetBranchAddress>: unknown branch -> rich_itrtrack
Error in <TChain::SetBranchAddress>: unknown branch -> rich_udis
Error in <TChain::SetBranchAddress>: unknown branch -> rich_used
Error in <TChain::SetBranchAddress>: unknown branch -> rich_stat
Error in <TChain::SetBranchAddress>: unknown branch -> rich_width
Error in <TChain::SetBranchAddress>: unknown branch -> rich_pmt1
Error in <TChain::SetBranchAddress>: unknown branch -> rich_PMTChargeConsistency
Error in <TChain::SetBranchAddress>: unknown branch -> rich_BetaConsistency
Error in <TChain::SetBranchAddress>: unknown branch -> rich_pos_tkItr
Error in <TChain::SetBranchAddress>: unknown branch -> rich_goodgeo
Error in <TChain::SetBranchAddress>: unknown branch -> rich_theta_tkItr
Error in <TChain::SetBranchAddress>: unknown branch -> rich_phi_tkItr
Error in <TChain::SetBranchAddress>: unknown branch -> rich_n
Error in <TChain::SetBranchAddress>: unknown branch -> mmom
Error in <TChain::SetBranchAddress>: unknown branch -> mch
Error in <TChain::SetBranchAddress>: unknown branch -> mtrmom
Error in <TChain::SetBranchAddress>: unknown branch -> mtrpar
Total entries: 15348943 | isISS=1 | Z=4 | A=7
[INFO] Initializing Charge Tuning System (EGE model, optimized)...
[INFO] Charge Tuning System initialized. Loaded 530 valid EGE lookup tables using integer keys.
Processing entry 0/15348943
[DBG] L2Q Fail: q_l2 out of range. q_l2=12.7596
[DBG] L2Q Fail: q_l2 out of range. q_l2=12.7596
[DBG] L2Q Fail: q_l2 out of range. q_l2=12.4259
[DBG] L2Q Fail: q_l2 out of range. q_l2=12.4259
Processing entry 1000000/15348943
[DBG] L2Q Fail: q_l2 out of range. q_l2=14.1112
[DBG] L2Q Fail: q_l2 out of range. q_l2=14.1112
[DBG] L2Q Fail: q_l2 out of range. q_l2=18.8216
[DBG] L2Q Fail: q_l2 out of range. q_l2=18.8216
[DBG] L2Q Fail: q_l2 out of range. q_l2=19.2215
[DBG] L2Q Fail: q_l2 out of range. q_l2=19.2215
[DBG] L2Q Fail: q_l2 out of range. q_l2=15.786
[DBG] L2Q Fail: q_l2 out of range. q_l2=1.52101
[DBG] L2Q Fail: q_l2 out of range. q_l2=1.52101
[DBG] L2Q Fail: InvCDF failed. cdf_l2=1
[DBG] L2Q Fail: q_l2 out of range. q_l2=14.683
[DBG] L2Q Fail: q_l2 out of range. q_l2=14.683
[DBG] L2Q Fail: q_l2 out of range. q_l2=18.2486
Processing entry 2000000/15348943
[DBG] L2Q Fail: InvCDF failed. cdf_l2=1
[DBG] L2Q Fail: q_l2 out of range. q_l2=11.6614
[DBG] L2Q Fail: q_l2 out of range. q_l2=16.9894
[DBG] L2Q Fail: q_l2 out of range. q_l2=2.34365
[DBG] L2Q Fail: q_l2 out of range. q_l2=2.34365
[DBG] L2Q Fail: q_l2 out of range. q_l2=17.5274
[DBG] L2Q Fail: q_l2 out of range. q_l2=17.5274
[DBG] L2Q Fail: q_l2 out of range. q_l2=15.5321
[DBG] L2Q Fail: q_l2 out of range. q_l2=15.5321
Processing entry 3000000/15348943
[DBG] L2Q Fail: q_l2 out of range. q_l2=1.88312
[DBG] L2Q Fail: q_l2 out of range. q_l2=1.88312
[DBG] L2Q Fail: q_l2 out of range. q_l2=14.6523
[DBG] L2Q Fail: q_l2 out of range. q_l2=14.6523
[DBG] L2Q Fail: q_l2 out of range. q_l2=16.5199
[DBG] L2Q Fail: q_l2 out of range. q_l2=16.5199
Processing entry 4000000/15348943
[DBG] L2Q Fail: q_l2 out of range. q_l2=12.4348
[DBG] L2Q Fail: q_l2 out of range. q_l2=12.4348
[DBG] L2Q Fail: q_l2 out of range. q_l2=17.2105
[DBG] L2Q Fail: q_l2 out of range. q_l2=15.0905
[DBG] L2Q Fail: q_l2 out of range. q_l2=15.0905
Processing entry 5000000/15348943
[DBG] L2Q Fail: q_l2 out of range. q_l2=10.044
[DBG] L2Q Fail: q_l2 out of range. q_l2=13.7715
[DBG] L2Q Fail: q_l2 out of range. q_l2=13.7715
[DBG] L2Q Fail: q_l2 out of range. q_l2=14.8521
[DBG] L2Q Fail: q_l2 out of range. q_l2=19.1147
[DBG] L2Q Fail: InvCDF failed. cdf_l2=1
[DBG] L2Q Fail: q_l2 out of range. q_l2=14.0798
[DBG] L2Q Fail: q_l2 out of range. q_l2=14.0798
[DBG] L2Q Fail: q_l2 out of range. q_l2=11.1888
[DBG] L2Q Fail: q_l2 out of range. q_l2=11.1888
[DBG] L2Q Fail: q_l2 out of range. q_l2=17.1731
[DBG] L2Q Fail: q_l2 out of range. q_l2=17.1731
[DBG] L2Q Fail: q_l2 out of range. q_l2=13.1337
[DBG] L2Q Fail: InvCDF failed. cdf_l2=1
[DBG] L2Q Fail: InvCDF failed. cdf_l2=1
[DBG] L2Q Fail: InvCDF failed. cdf_l2=1
Processing entry 6000000/15348943
[DBG] L2Q Fail: q_l2 out of range. q_l2=13.8853
[DBG] L2Q Fail: q_l2 out of range. q_l2=13.8853
[DBG] L2Q Fail: q_l2 out of range. q_l2=22.1355
[DBG] L2Q Fail: InvCDF failed. cdf_l2=1
[DBG] L2Q Fail: q_l2 out of range. q_l2=12.7091
Processing entry 7000000/15348943
[DBG] L2Q Fail: q_l2 out of range. q_l2=2.98014
[DBG] L2Q Fail: q_l2 out of range. q_l2=2.98014
[DBG] L2Q Fail: q_l2 out of range. q_l2=14.776
[DBG] L2Q Fail: InvCDF failed. cdf_l2=1
[DBG] L2Q Fail: q_l2 out of range. q_l2=11.9163
[DBG] L2Q Fail: q_l2 out of range. q_l2=11.9163
[DBG] L2Q Fail: q_l2 out of range. q_l2=17.8015
Processing entry 8000000/15348943
[DBG] L2Q Fail: InvCDF failed. cdf_l2=1
[DBG] L2Q Fail: InvCDF failed. cdf_l2=1
[DBG] L2Q Fail: q_l2 out of range. q_l2=11.4789
[DBG] L2Q Fail: q_l2 out of range. q_l2=11.4789
[DBG] L2Q Fail: q_l2 out of range. q_l2=10.5821
[DBG] L2Q Fail: q_l2 out of range. q_l2=14.7928
[DBG] L2Q Fail: q_l2 out of range. q_l2=14.7928
Processing entry 9000000/15348943
[DBG] L2Q Fail: q_l2 out of range. q_l2=12.5902
[DBG] L2Q Fail: q_l2 out of range. q_l2=12.5902
[DBG] L2Q Fail: q_l2 out of range. q_l2=12.3227
[DBG] L2Q Fail: InvCDF failed. cdf_l2=1
[DBG] L2Q Fail: InvCDF failed. cdf_l2=1
[DBG] L2Q Fail: InvCDF failed. cdf_l2=1
[DBG] L2Q Fail: InvCDF failed. cdf_l2=1
[DBG] L2Q Fail: q_l2 out of range. q_l2=12.3271
[DBG] L2Q Fail: q_l2 out of range. q_l2=12.3271
[DBG] L2Q Fail: q_l2 out of range. q_l2=12.4079
[DBG] L2Q Fail: q_l2 out of range. q_l2=12.4079
[DBG] L2Q Fail: q_l2 out of range. q_l2=16.0491
Processing entry 10000000/15348943
[DBG] L2Q Fail: q_l2 out of range. q_l2=13.287
[DBG] L2Q Fail: q_l2 out of range. q_l2=13.287
[DBG] L2Q Fail: q_l2 out of range. q_l2=16.516
[DBG] L2Q Fail: q_l2 out of range. q_l2=11.2251
[DBG] L2Q Fail: InvCDF failed. cdf_l2=1
[DBG] L2Q Fail: q_l2 out of range. q_l2=13.4446
[DBG] L2Q Fail: q_l2 out of range. q_l2=13.4446
[DBG] L2Q Fail: q_l2 out of range. q_l2=23.4135
[DBG] L2Q Fail: InvCDF failed. cdf_l2=1
Processing entry 11000000/15348943
[DBG] L2Q Fail: q_l2 out of range. q_l2=16.7052
[DBG] L2Q Fail: q_l2 out of range. q_l2=17.4066
[DBG] L2Q Fail: q_l2 out of range. q_l2=17.4066
[DBG] L2Q Fail: q_l2 out of range. q_l2=12.1164
[DBG] L2Q Fail: q_l2 out of range. q_l2=2.71512
[DBG] L2Q Fail: q_l2 out of range. q_l2=13.9309
[DBG] L2Q Fail: q_l2 out of range. q_l2=13.9309
Processing entry 12000000/15348943
[DBG] L2Q Fail: q_l2 out of range. q_l2=14.7964
[DBG] L2Q Fail: q_l2 out of range. q_l2=10.9135
[DBG] L2Q Fail: q_l2 out of range. q_l2=2.41629
[DBG] L2Q Fail: q_l2 out of range. q_l2=2.41629
[DBG] L2Q Fail: q_l2 out of range. q_l2=18.7359
[DBG] L2Q Fail: q_l2 out of range. q_l2=18.7359
[DBG] L2Q Fail: q_l2 out of range. q_l2=18.7359
[DBG] L2Q Fail: q_l2 out of range. q_l2=18.7359
[DBG] L2Q Fail: q_l2 out of range. q_l2=2.50472
[DBG] L2Q Fail: q_l2 out of range. q_l2=2.50472
Processing entry 13000000/15348943
[DBG] L2Q Fail: q_l2 out of range. q_l2=13.179
[DBG] L2Q Fail: q_l2 out of range. q_l2=13.179
[DBG] L2Q Fail: InvCDF failed. cdf_l2=1
Processing entry 14000000/15348943
[DBG] L2Q Fail: q_l2 out of range. q_l2=11.4447
[DBG] L2Q Fail: q_l2 out of range. q_l2=11.4447
[DBG] L2Q Fail: q_l2 out of range. q_l2=14.4609
[DBG] L2Q Fail: q_l2 out of range. q_l2=14.4609
[DBG] L2Q Fail: q_l2 out of range. q_l2=13.2645
[DBG] L2Q Fail: q_l2 out of range. q_l2=13.2645
[DBG] L2Q Fail: q_l2 out of range. q_l2=11.9769
[DBG] L2Q Fail: q_l2 out of range. q_l2=11.9769
[DBG] L2Q Fail: q_l2 out of range. q_l2=12.6761
[DBG] L2Q Fail: q_l2 out of range. q_l2=12.6761
[DBG] L2Q Fail: q_l2 out of range. q_l2=16.3396
[DBG] L2Q Fail: q_l2 out of range. q_l2=16.3396
Processing entry 15000000/15348943
[DBG] L2Q Fail: q_l2 out of range. q_l2=14.6453
[DBG] L2Q Fail: q_l2 out of range. q_l2=16.0716
[DBG] L2Q Fail: q_l2 out of range. q_l2=16.0716
[DBG] L2Q Fail: q_l2 out of range. q_l2=2.49922
[DBG] L2Q Fail: q_l2 out of range. q_l2=2.49922
[DBG] L2Q Fail: q_l2 out of range. q_l2=13.164
[DBG] L2Q Fail: q_l2 out of range. q_l2=13.164
[DBG] L2Q Fail: q_l2 out of range. q_l2=13.7098
[DBG] L2Q Fail: q_l2 out of range. q_l2=13.7098
Event processing completed
Saving all results to file...
Analysis finished.
Analysis completed successfully
[INFO] Finished: /eos/user/z/zixuan/Isotope/ISS/Be/basic_L1Q4to8_part10.root
	Command being timed: "/afs/cern.ch/user/z/zixuan/public/AMSIsotopeFramework/submit/ISSBer.sh /eos/ams/group/ihep/zixuan/filter/basic_L1Q4to8_part10.root"
	User time (seconds): 255.93
	System time (seconds): 12.93
	Percent of CPU this job got: 79%
	Elapsed (wall clock) time (h:mm:ss or m:ss): 5:38.69
	Average shared text size (kbytes): 0
	Average unshared data size (kbytes): 0
	Average stack size (kbytes): 0
	Average total size (kbytes): 0
	Maximum resident set size (kbytes): 581148
	Average resident set size (kbytes): 0
	Major (requiring I/O) page faults: 23
	Minor (reclaiming a frame) page faults: 126742
	Voluntary context switches: 99338
	Involuntary context switches: 106452
	Swaps: 0
	File system inputs: 0
	File system outputs: 32
	Socket messages sent: 0
	Socket messages received: 0
	Signals delivered: 0
	Page size (bytes): 4096
	Exit status: 0
