***************************************************
* Importing amsvar ... 
***************************************************
* USLC=9 UCC=icc64 UICC=2023 UGCC=1310 UROOT=6
* ROOTSYS=/cvmfs/sft.cern.ch/lcg/app/releases/ROOT/6.32.06/x86_64-almalinux9.4-gcc114-opt
* Compiler: icpx
* CXXFLAGS: -pthread -std=c++17 -m64 -pthread -std=c++17 -m64 -I/cvmfs/sft.cern.ch/lcg/app/releases/ROOT/6.32.06/x86_64-almalinux9.4-gcc114-opt/include -O3 -D_GLIBCXX_USE_CXX11_ABI=0
* Red Hat Enterprise Linux release 9.7 (Plow)
***************************************************
Intel(R) oneAPI DPC++/C++ Compiler 2023.2.0 (2023.2.0.20230721)
Target: x86_64-unknown-linux-gnu
Thread model: posix
InstalledDir: /cvmfs/projects.cern.ch/intelsw/oneAPI/linux/x86_64/2023/compiler/2023.2.1/linux/bin-llvm
Configuration file: /cvmfs/projects.cern.ch/intelsw/oneAPI/linux/x86_64/2023/compiler/2023.2.1/linux/bin-llvm/../bin/icpx.cfg
ROOT version: 6.32.06
LD_LIBRARY_PATH: /cvmfs/projects.cern.ch/intelsw/oneAPI/linux/x86_64/2023/compiler/latest/linux/lib:/cvmfs/projects.cern.ch/intelsw/oneAPI/linux/x86_64/2023/compiler/2023.2.1/linux/lib:/cvmfs/projects.cern.ch/intelsw/oneAPI/linux/x86_64/2023/compiler/2023.2.1/linux/lib/x64:/cvmfs/projects.cern.ch/intelsw/oneAPI/linux/x86_64/2023/compiler/2023.2.1/linux/lib/oclfpga/host/linux64/lib:/cvmfs/projects.cern.ch/intelsw/oneAPI/linux/x86_64/2023/compiler/2023.2.1/linux/compiler/lib/intel64_lin:/cvmfs/sft.cern.ch/lcg/releases/gcc/11.3.0-de683/x86_64-el9/lib:/cvmfs/sft.cern.ch/lcg/releases/gcc/11.3.0-de683/x86_64-el9/lib64:/cvmfs/sft.cern.ch/lcg/releases/binutils/2.40-acaab/x86_64-el9/lib:/cvmfs/sft.cern.ch/lcg/app/releases/ROOT/6.32.06/x86_64-almalinux9.4-gcc114-opt/lib:.:/cvmfs/ams.cern.ch/opt/xrootd-4.8.2.el9/lib64:/cvmfs/ams.cern.ch/opt/castor.cc7/lib:/cvmfs/ams.cern.ch/opt/lib64_EL9
Arguments after sourcing scripts: /eos/ams/group/ihep/zixuan/filter/newbasic_L1Q2to8_part3.root
Number of arguments: 1
[INFO] Using list: /eos/ams/group/ihep/zixuan/filter/newbasic_L1Q2to8_part3.root
[INFO] Output file: /eos/user/z/zixuan/Isotope/ISS/Be/newbasic_L1Q2to8_part3.root
Analyzer configured for: Beryllium (ISS Data), Z=4, A=7, isNoBkgCut=0, FragmentZ=4
BinningManager: Pre-calculating bins for all isotopes (Z=1 to 8)...
BinningManager initialized with 67 general/isotope-specific bins and 0 total isotope-specific beta binnings.
HistManager: Output file '/eos/user/z/zixuan/Isotope/ISS/Be/newbasic_L1Q2to8_part3.root' opened.
DEBUG: Niso=3 charge=4
DEBUG: iso ptr=0x7f5a5e14b950
DEBUG: ID Hists
DEBUG: BKG Hists
DEBUG: Flux Hists
DEBUG Finish Hist Defination
IsotopeAnalyzer initialized with 33364278 entries.
Error in <TChain::SetBranchAddress>: unknown branch -> livetime
Error in <TChain::SetBranchAddress>: unknown branch -> irti
Error in <TChain::SetBranchAddress>: unknown branch -> issaa
Error in <TChain::SetBranchAddress>: unknown branch -> rtilf
Error in <TChain::SetBranchAddress>: unknown branch -> rtinev
Error in <TChain::SetBranchAddress>: unknown branch -> rtinerr
Error in <TChain::SetBranchAddress>: unknown branch -> rtintrig
Error in <TChain::SetBranchAddress>: unknown branch -> rtinpar
Error in <TChain::SetBranchAddress>: unknown branch -> rtigood
Error in <TChain::SetBranchAddress>: unknown branch -> rtinexl
Error in <TChain::SetBranchAddress>: unknown branch -> rticdif
Error in <TChain::SetBranchAddress>: unknown branch -> nparticle
Error in <TChain::SetBranchAddress>: unknown branch -> nbetah
Error in <TChain::SetBranchAddress>: unknown branch -> nbeta
Error in <TChain::SetBranchAddress>: unknown branch -> btstat_pR
Error in <TChain::SetBranchAddress>: unknown branch -> btstat_new
Error in <TChain::SetBranchAddress>: unknown branch -> charge_pR
Error in <TChain::SetBranchAddress>: unknown branch -> iparindex
Error in <TChain::SetBranchAddress>: unknown branch -> cutoffp
Error in <TChain::SetBranchAddress>: unknown branch -> betah2p
Error in <TChain::SetBranchAddress>: unknown branch -> betah2q
Error in <TChain::SetBranchAddress>: unknown branch -> betah2ch
Error in <TChain::SetBranchAddress>: unknown branch -> tk_qrms
Error in <TChain::SetBranchAddress>: unknown branch -> tk_ql
Error in <TChain::SetBranchAddress>: unknown branch -> tk_qlsn
Error in <TChain::SetBranchAddress>: unknown branch -> tk_iso
Error in <TChain::SetBranchAddress>: unknown branch -> tk_exql
Error in <TChain::SetBranchAddress>: unknown branch -> tk_exdis
Error in <TChain::SetBranchAddress>: unknown branch -> tk_dir0
Error in <TChain::SetBranchAddress>: unknown branch -> tof_bpatt
Error in <TChain::SetBranchAddress>: unknown branch -> tof_beta
Error in <TChain::SetBranchAddress>: unknown branch -> tof_betah_oldtune
Error in <TChain::SetBranchAddress>: unknown branch -> tof_trapezoidedge
Error in <TChain::SetBranchAddress>: unknown branch -> tof_edge
Error in <TChain::SetBranchAddress>: unknown branch -> tof_goodgeo
Error in <TChain::SetBranchAddress>: unknown branch -> tof_z
Error in <TChain::SetBranchAddress>: unknown branch -> tof_pz
Error in <TChain::SetBranchAddress>: unknown branch -> tof_q
Error in <TChain::SetBranchAddress>: unknown branch -> tof_qrms
Error in <TChain::SetBranchAddress>: unknown branch -> tof_ql1
Error in <TChain::SetBranchAddress>: unknown branch -> tof_qs
Error in <TChain::SetBranchAddress>: unknown branch -> rich_itrtrack
Error in <TChain::SetBranchAddress>: unknown branch -> rich_udis
Error in <TChain::SetBranchAddress>: unknown branch -> rich_used
Error in <TChain::SetBranchAddress>: unknown branch -> rich_stat
Error in <TChain::SetBranchAddress>: unknown branch -> rich_width
Error in <TChain::SetBranchAddress>: unknown branch -> rich_pmt1
Error in <TChain::SetBranchAddress>: unknown branch -> rich_PMTChargeConsistency
Error in <TChain::SetBranchAddress>: unknown branch -> rich_BetaConsistency
Error in <TChain::SetBranchAddress>: unknown branch -> rich_pos_tkItr
Error in <TChain::SetBranchAddress>: unknown branch -> rich_goodgeo
Error in <TChain::SetBranchAddress>: unknown branch -> rich_theta_tkItr
Error in <TChain::SetBranchAddress>: unknown branch -> rich_phi_tkItr
Error in <TChain::SetBranchAddress>: unknown branch -> rich_n
Error in <TChain::SetBranchAddress>: unknown branch -> mmom
Error in <TChain::SetBranchAddress>: unknown branch -> mch
Error in <TChain::SetBranchAddress>: unknown branch -> mtrmom
Error in <TChain::SetBranchAddress>: unknown branch -> mtrpar
Total entries: 33364278 | isISS=1 | Z=4 | A=7
[INFO] Initializing Charge Tuning System (EGE model, optimized)...
[INFO] Charge Tuning System initialized. Loaded 636 valid EGE lookup tables using integer keys.
Processing entry 0/33364278
[DBG] L2Q Fail: q_l2 out of range. q_l2=9.55817
[DBG] L2Q Fail: q_l2 out of range. q_l2=9.55817
[DBG] L2Q Fail: q_l2 out of range. q_l2=13.6806
[DBG] L2Q Fail: q_l2 out of range. q_l2=9.73314
[DBG] L2Q Fail: q_l2 out of range. q_l2=9.73314
[DBG] L2Q Fail: q_l2 out of range. q_l2=12.9289
[DBG] L2Q Fail: q_l2 out of range. q_l2=12.9289
[DBG] L2Q Fail: q_l2 out of range. q_l2=10.1906
[DBG] L2Q Fail: q_l2 out of range. q_l2=9.64624
[DBG] L2Q Fail: q_l2 out of range. q_l2=9.64624
[DBG] L2Q Fail: q_l2 out of range. q_l2=11.4169
[DBG] L2Q Fail: q_l2 out of range. q_l2=11.4169
[DBG] L2Q Fail: q_l2 out of range. q_l2=17.9373
[DBG] L2Q Fail: q_l2 out of range. q_l2=9.53704
[DBG] L2Q Fail: q_l2 out of range. q_l2=9.53704
[DBG] L2Q Fail: q_l2 out of range. q_l2=10.1544
[DBG] L2Q Fail: q_l2 out of range. q_l2=20.6664
[DBG] L2Q Fail: q_l2 out of range. q_l2=20.6664
[DBG] L2Q Fail: q_l2 out of range. q_l2=9.84333
[DBG] L2Q Fail: q_l2 out of range. q_l2=9.84333
[DBG] L2Q Fail: q_l2 out of range. q_l2=9.56579
[DBG] L2Q Fail: q_l2 out of range. q_l2=9.56579
[DBG] L2Q Fail: q_l2 out of range. q_l2=10.634
[DBG] L2Q Fail: q_l2 out of range. q_l2=15.2111
Processing entry 1000000/33364278
[DBG] L2Q Fail: q_l2 out of range. q_l2=10.0388
[DBG] L2Q Fail: q_l2 out of range. q_l2=10.0388
[DBG] L2Q Fail: q_l2 out of range. q_l2=10.0388
[DBG] L2Q Fail: q_l2 out of range. q_l2=10.0388
[DBG] L2Q Fail: q_l2 out of range. q_l2=9.90252
[DBG] L2Q Fail: q_l2 out of range. q_l2=9.90252
[DBG] L2Q Fail: q_l2 out of range. q_l2=10.3837
[DBG] L2Q Fail: q_l2 out of range. q_l2=10.3284
[DBG] L2Q Fail: q_l2 out of range. q_l2=9.84875
[DBG] L2Q Fail: q_l2 out of range. q_l2=9.84875
[DBG] L2Q Fail: q_l2 out of range. q_l2=10.1149
[DBG] L2Q Fail: q_l2 out of range. q_l2=10.1149
[DBG] L2Q Fail: q_l2 out of range. q_l2=11.0685
[DBG] L2Q Fail: q_l2 out of range. q_l2=10.0053
[DBG] L2Q Fail: q_l2 out of range. q_l2=10.0053
[DBG] L2Q Fail: q_l2 out of range. q_l2=9.51777
[DBG] L2Q Fail: q_l2 out of range. q_l2=9.51777
[DBG] L2Q Fail: q_l2 out of range. q_l2=9.74232
[DBG] L2Q Fail: q_l2 out of range. q_l2=9.74232
[DBG] L2Q Fail: InvCDF failed. cdf_l2=1
[DBG] L2Q Fail: q_l2 out of range. q_l2=11.4411
Processing entry 2000000/33364278
[DBG] L2Q Fail: q_l2 out of range. q_l2=10.8374
[DBG] L2Q Fail: q_l2 out of range. q_l2=10.8374
[DBG] L2Q Fail: q_l2 out of range. q_l2=25.8869
[DBG] L2Q Fail: q_l2 out of range. q_l2=25.8869
[DBG] L2Q Fail: q_l2 out of range. q_l2=9.69515
[DBG] L2Q Fail: q_l2 out of range. q_l2=18.1883
[DBG] L2Q Fail: q_l2 out of range. q_l2=18.1883
[DBG] L2Q Fail: q_l2 out of range. q_l2=20.8604
[DBG] L2Q Fail: q_l2 out of range. q_l2=20.92
[DBG] L2Q Fail: q_l2 out of range. q_l2=20.92
[DBG] L2Q Fail: q_l2 out of range. q_l2=9.55584
[DBG] L2Q Fail: q_l2 out of range. q_l2=9.55584
Processing entry 3000000/33364278
[DBG] L2Q Fail: q_l2 out of range. q_l2=9.71991
[DBG] L2Q Fail: q_l2 out of range. q_l2=9.71991
[DBG] L2Q Fail: q_l2 out of range. q_l2=16.9194
[DBG] L2Q Fail: q_l2 out of range. q_l2=16.9194
[DBG] L2Q Fail: q_l2 out of range. q_l2=19.3167
[DBG] L2Q Fail: q_l2 out of range. q_l2=19.3167
[DBG] L2Q Fail: q_l2 out of range. q_l2=9.76697
[DBG] L2Q Fail: q_l2 out of range. q_l2=9.76697
[DBG] L2Q Fail: q_l2 out of range. q_l2=11.744
[DBG] L2Q Fail: q_l2 out of range. q_l2=11.744
[DBG] L2Q Fail: q_l2 out of range. q_l2=9.56102
[DBG] L2Q Fail: q_l2 out of range. q_l2=9.56102
[DBG] L2Q Fail: q_l2 out of range. q_l2=9.50061
[DBG] L2Q Fail: q_l2 out of range. q_l2=9.50061
Processing entry 4000000/33364278
[DBG] L2Q Fail: q_l2 out of range. q_l2=9.83891
[DBG] L2Q Fail: q_l2 out of range. q_l2=9.83891
[DBG] L2Q Fail: InvCDF failed. cdf_l2=1
[DBG] L2Q Fail: q_l2 out of range. q_l2=2.29679
[DBG] L2Q Fail: q_l2 out of range. q_l2=9.57092
[DBG] L2Q Fail: q_l2 out of range. q_l2=9.57092
[DBG] L2Q Fail: q_l2 out of range. q_l2=10.703
[DBG] L2Q Fail: q_l2 out of range. q_l2=10.703
[DBG] L2Q Fail: q_l2 out of range. q_l2=10.7998
[DBG] L2Q Fail: q_l2 out of range. q_l2=9.74237
[DBG] L2Q Fail: q_l2 out of range. q_l2=9.74237
[DBG] L2Q Fail: q_l2 out of range. q_l2=10.0329
[DBG] L2Q Fail: q_l2 out of range. q_l2=10.0329
[DBG] L2Q Fail: q_l2 out of range. q_l2=11.3092
[DBG] L2Q Fail: q_l2 out of range. q_l2=11.3092
[DBG] L2Q Fail: q_l2 out of range. q_l2=9.50138
[DBG] L2Q Fail: q_l2 out of range. q_l2=9.50138
[DBG] L2Q Fail: q_l2 out of range. q_l2=10.4915
[DBG] L2Q Fail: q_l2 out of range. q_l2=10.4915
Processing entry 5000000/33364278
[DBG] L2Q Fail: q_l2 out of range. q_l2=9.64759
[DBG] L2Q Fail: q_l2 out of range. q_l2=10.0232
[DBG] L2Q Fail: q_l2 out of range. q_l2=10.0232
[DBG] L2Q Fail: q_l2 out of range. q_l2=14.2918
[DBG] L2Q Fail: q_l2 out of range. q_l2=14.2918
[DBG] L2Q Fail: q_l2 out of range. q_l2=9.76327
[DBG] L2Q Fail: q_l2 out of range. q_l2=9.76327
[DBG] L2Q Fail: q_l2 out of range. q_l2=10.4978
[DBG] L2Q Fail: q_l2 out of range. q_l2=9.5627
[DBG] L2Q Fail: q_l2 out of range. q_l2=9.5627
[DBG] L2Q Fail: q_l2 out of range. q_l2=9.62724
[DBG] L2Q Fail: q_l2 out of range. q_l2=9.62724
[DBG] L2Q Fail: q_l2 out of range. q_l2=9.6984
[DBG] L2Q Fail: q_l2 out of range. q_l2=9.6984
Processing entry 6000000/33364278
[DBG] L2Q Fail: q_l2 out of range. q_l2=9.61367
[DBG] L2Q Fail: q_l2 out of range. q_l2=9.61367
[DBG] L2Q Fail: q_l2 out of range. q_l2=15.7693
[DBG] L2Q Fail: q_l2 out of range. q_l2=15.7693
[DBG] L2Q Fail: q_l2 out of range. q_l2=9.52821
[DBG] L2Q Fail: q_l2 out of range. q_l2=9.52821
[DBG] L2Q Fail: q_l2 out of range. q_l2=16.7958
[DBG] L2Q Fail: q_l2 out of range. q_l2=1.44954
[DBG] L2Q Fail: q_l2 out of range. q_l2=15.3702
[DBG] L2Q Fail: q_l2 out of range. q_l2=9.61698
[DBG] L2Q Fail: q_l2 out of range. q_l2=9.61698
[DBG] L2Q Fail: q_l2 out of range. q_l2=12.7892
[DBG] L2Q Fail: q_l2 out of range. q_l2=12.7892
Processing entry 7000000/33364278
[DBG] L2Q Fail: q_l2 out of range. q_l2=22.9874
[DBG] L2Q Fail: q_l2 out of range. q_l2=9.83552
[DBG] L2Q Fail: q_l2 out of range. q_l2=9.83552
[DBG] L2Q Fail: q_l2 out of range. q_l2=9.94469
[DBG] L2Q Fail: q_l2 out of range. q_l2=9.94469
[DBG] L2Q Fail: q_l2 out of range. q_l2=9.71789
[DBG] L2Q Fail: q_l2 out of range. q_l2=9.71789
[DBG] L2Q Fail: q_l2 out of range. q_l2=10.2802
[DBG] L2Q Fail: q_l2 out of range. q_l2=12.2979
[DBG] L2Q Fail: q_l2 out of range. q_l2=12.2979
[DBG] L2Q Fail: q_l2 out of range. q_l2=2.38912
[DBG] L2Q Fail: q_l2 out of range. q_l2=2.38912
[DBG] L2Q Fail: q_l2 out of range. q_l2=11.2845
[DBG] L2Q Fail: q_l2 out of range. q_l2=11.2845
Processing entry 8000000/33364278
[DBG] L2Q Fail: q_l2 out of range. q_l2=9.53337
[DBG] L2Q Fail: q_l2 out of range. q_l2=9.53337
[DBG] L2Q Fail: q_l2 out of range. q_l2=17.7205
[DBG] L2Q Fail: q_l2 out of range. q_l2=10.0898
[DBG] L2Q Fail: q_l2 out of range. q_l2=10.0898
[DBG] L2Q Fail: q_l2 out of range. q_l2=12.2605
[DBG] L2Q Fail: q_l2 out of range. q_l2=12.2605
[DBG] L2Q Fail: q_l2 out of range. q_l2=10.972
[DBG] L2Q Fail: q_l2 out of range. q_l2=9.56124
[DBG] L2Q Fail: q_l2 out of range. q_l2=9.56124
[DBG] L2Q Fail: q_l2 out of range. q_l2=14.8366
[DBG] L2Q Fail: q_l2 out of range. q_l2=14.8366
Processing entry 9000000/33364278
[DBG] L2Q Fail: q_l2 out of range. q_l2=9.62871
[DBG] L2Q Fail: q_l2 out of range. q_l2=9.62871
[DBG] L2Q Fail: q_l2 out of range. q_l2=10.8403
[DBG] L2Q Fail: q_l2 out of range. q_l2=10.8403
[DBG] L2Q Fail: q_l2 out of range. q_l2=9.97094
[DBG] L2Q Fail: q_l2 out of range. q_l2=9.97094
[DBG] L2Q Fail: q_l2 out of range. q_l2=14.492
[DBG] L2Q Fail: q_l2 out of range. q_l2=14.5204
[DBG] L2Q Fail: q_l2 out of range. q_l2=12.0013
[DBG] L2Q Fail: q_l2 out of range. q_l2=12.0013
Processing entry 10000000/33364278
[DBG] L2Q Fail: q_l2 out of range. q_l2=9.51967
[DBG] L2Q Fail: q_l2 out of range. q_l2=9.51967
[DBG] L2Q Fail: q_l2 out of range. q_l2=9.81377
[DBG] L2Q Fail: q_l2 out of range. q_l2=9.81377
[DBG] L2Q Fail: q_l2 out of range. q_l2=9.9177
[DBG] L2Q Fail: q_l2 out of range. q_l2=9.9177
[DBG] L2Q Fail: q_l2 out of range. q_l2=12.9694
[DBG] L2Q Fail: q_l2 out of range. q_l2=12.9694
[DBG] L2Q Fail: q_l2 out of range. q_l2=10.2451
[DBG] L2Q Fail: q_l2 out of range. q_l2=10.2451
[DBG] L2Q Fail: q_l2 out of range. q_l2=12.9556
[DBG] L2Q Fail: q_l2 out of range. q_l2=12.9556
[DBG] L2Q Fail: q_l2 out of range. q_l2=11.155
[DBG] L2Q Fail: q_l2 out of range. q_l2=12.2412
[DBG] L2Q Fail: q_l2 out of range. q_l2=17.1976
[DBG] L2Q Fail: q_l2 out of range. q_l2=17.1976
[DBG] L2Q Fail: q_l2 out of range. q_l2=12.0613
[DBG] L2Q Fail: q_l2 out of range. q_l2=12.0613
[DBG] L2Q Fail: q_l2 out of range. q_l2=10.537
[DBG] L2Q Fail: q_l2 out of range. q_l2=10.537
[DBG] L2Q Fail: q_l2 out of range. q_l2=10.0975
[DBG] L2Q Fail: q_l2 out of range. q_l2=10.0975
[DBG] L2Q Fail: q_l2 out of range. q_l2=9.74987
[DBG] L2Q Fail: q_l2 out of range. q_l2=9.74987
[DBG] L2Q Fail: q_l2 out of range. q_l2=9.89721
[DBG] L2Q Fail: q_l2 out of range. q_l2=9.89721
[DBG] L2Q Fail: q_l2 out of range. q_l2=12.043
[DBG] L2Q Fail: q_l2 out of range. q_l2=12.043
[DBG] L2Q Fail: q_l2 out of range. q_l2=9.55715
[DBG] L2Q Fail: q_l2 out of range. q_l2=9.55715
[DBG] L2Q Fail: q_l2 out of range. q_l2=18.0542
[DBG] L2Q Fail: q_l2 out of range. q_l2=18.0542
Processing entry 11000000/33364278
[DBG] L2Q Fail: q_l2 out of range. q_l2=9.75547
[DBG] L2Q Fail: q_l2 out of range. q_l2=9.75547
[DBG] L2Q Fail: q_l2 out of range. q_l2=9.59505
[DBG] L2Q Fail: q_l2 out of range. q_l2=9.59505
[DBG] L2Q Fail: q_l2 out of range. q_l2=14.9781
[DBG] L2Q Fail: q_l2 out of range. q_l2=14.9781
[DBG] L2Q Fail: q_l2 out of range. q_l2=9.64904
[DBG] L2Q Fail: q_l2 out of range. q_l2=9.64904
[DBG] L2Q Fail: q_l2 out of range. q_l2=11.46
Processing entry 12000000/33364278
[DBG] L2Q Fail: q_l2 out of range. q_l2=9.90655
[DBG] L2Q Fail: q_l2 out of range. q_l2=9.90655
[DBG] L2Q Fail: q_l2 out of range. q_l2=12.8735
[DBG] L2Q Fail: q_l2 out of range. q_l2=11.0046
[DBG] L2Q Fail: q_l2 out of range. q_l2=11.0046
[DBG] L2Q Fail: q_l2 out of range. q_l2=9.59612
[DBG] L2Q Fail: q_l2 out of range. q_l2=9.59612
[DBG] L2Q Fail: q_l2 out of range. q_l2=9.80759
[DBG] L2Q Fail: q_l2 out of range. q_l2=9.80759
[DBG] L2Q Fail: q_l2 out of range. q_l2=9.7084
[DBG] L2Q Fail: q_l2 out of range. q_l2=9.7084
[DBG] L2Q Fail: q_l2 out of range. q_l2=18.7599
[DBG] L2Q Fail: q_l2 out of range. q_l2=18.7599
[DBG] L2Q Fail: q_l2 out of range. q_l2=10.0992
[DBG] L2Q Fail: q_l2 out of range. q_l2=10.0992
[DBG] L2Q Fail: q_l2 out of range. q_l2=10.275
[DBG] L2Q Fail: q_l2 out of range. q_l2=10.275
Processing entry 13000000/33364278
[DBG] L2Q Fail: q_l2 out of range. q_l2=11.9375
[DBG] L2Q Fail: q_l2 out of range. q_l2=11.9375
[DBG] L2Q Fail: q_l2 out of range. q_l2=14.9936
[DBG] L2Q Fail: q_l2 out of range. q_l2=14.9936
[DBG] L2Q Fail: q_l2 out of range. q_l2=9.92766
[DBG] L2Q Fail: q_l2 out of range. q_l2=9.76134
[DBG] L2Q Fail: q_l2 out of range. q_l2=9.76134
[DBG] L2Q Fail: q_l2 out of range. q_l2=9.52124
[DBG] L2Q Fail: q_l2 out of range. q_l2=9.52124
[DBG] L2Q Fail: q_l2 out of range. q_l2=10.1381
[DBG] L2Q Fail: q_l2 out of range. q_l2=10.1381
[DBG] L2Q Fail: q_l2 out of range. q_l2=12.2675
Processing entry 14000000/33364278
[DBG] L2Q Fail: q_l2 out of range. q_l2=9.55626
[DBG] L2Q Fail: q_l2 out of range. q_l2=17.1362
[DBG] L2Q Fail: q_l2 out of range. q_l2=17.1362
[DBG] L2Q Fail: q_l2 out of range. q_l2=15.1514
[DBG] L2Q Fail: q_l2 out of range. q_l2=15.1514
[DBG] L2Q Fail: q_l2 out of range. q_l2=15.1514
[DBG] L2Q Fail: q_l2 out of range. q_l2=15.1514
[DBG] L2Q Fail: q_l2 out of range. q_l2=9.55262
[DBG] L2Q Fail: q_l2 out of range. q_l2=9.55262
[DBG] L2Q Fail: q_l2 out of range. q_l2=9.62121
[DBG] L2Q Fail: q_l2 out of range. q_l2=9.62121
[DBG] L2Q Fail: q_l2 out of range. q_l2=11.0122
[DBG] L2Q Fail: q_l2 out of range. q_l2=11.0122
[DBG] L2Q Fail: q_l2 out of range. q_l2=9.66493
[DBG] L2Q Fail: q_l2 out of range. q_l2=9.66493
[DBG] L2Q Fail: q_l2 out of range. q_l2=10.2405
[DBG] L2Q Fail: q_l2 out of range. q_l2=10.2405
[DBG] L2Q Fail: q_l2 out of range. q_l2=12.7628
[DBG] L2Q Fail: q_l2 out of range. q_l2=12.7628
Processing entry 15000000/33364278
[DBG] L2Q Fail: q_l2 out of range. q_l2=9.54901
[DBG] L2Q Fail: q_l2 out of range. q_l2=9.54901
[DBG] L2Q Fail: q_l2 out of range. q_l2=9.54903
[DBG] L2Q Fail: q_l2 out of range. q_l2=9.54903
[DBG] L2Q Fail: q_l2 out of range. q_l2=9.68397
[DBG] L2Q Fail: q_l2 out of range. q_l2=9.68397
[DBG] L2Q Fail: q_l2 out of range. q_l2=9.79491
[DBG] L2Q Fail: q_l2 out of range. q_l2=9.79491
[DBG] L2Q Fail: q_l2 out of range. q_l2=13.0956
[DBG] L2Q Fail: q_l2 out of range. q_l2=13.0956
[DBG] L2Q Fail: q_l2 out of range. q_l2=9.86207
[DBG] L2Q Fail: q_l2 out of range. q_l2=9.86207
[DBG] L2Q Fail: q_l2 out of range. q_l2=9.60038
[DBG] L2Q Fail: q_l2 out of range. q_l2=10.3279
Processing entry 16000000/33364278
[DBG] L2Q Fail: q_l2 out of range. q_l2=11.164
[DBG] L2Q Fail: q_l2 out of range. q_l2=11.164
[DBG] L2Q Fail: q_l2 out of range. q_l2=9.57502
[DBG] L2Q Fail: q_l2 out of range. q_l2=9.57502
[DBG] L2Q Fail: q_l2 out of range. q_l2=12.4916
[DBG] L2Q Fail: q_l2 out of range. q_l2=12.4916
[DBG] L2Q Fail: q_l2 out of range. q_l2=10.1599
[DBG] L2Q Fail: q_l2 out of range. q_l2=10.1599
[DBG] L2Q Fail: q_l2 out of range. q_l2=10.0315
[DBG] L2Q Fail: q_l2 out of range. q_l2=10.0315
[DBG] L2Q Fail: q_l2 out of range. q_l2=9.80944
[DBG] L2Q Fail: q_l2 out of range. q_l2=9.80944
Processing entry 17000000/33364278
[DBG] L2Q Fail: q_l2 out of range. q_l2=19.2792
[DBG] L2Q Fail: q_l2 out of range. q_l2=9.67982
[DBG] L2Q Fail: q_l2 out of range. q_l2=9.67982
[DBG] L2Q Fail: q_l2 out of range. q_l2=9.67982
[DBG] L2Q Fail: q_l2 out of range. q_l2=9.67982
[DBG] L2Q Fail: q_l2 out of range. q_l2=18.6978
[DBG] L2Q Fail: q_l2 out of range. q_l2=18.6978
[DBG] L2Q Fail: q_l2 out of range. q_l2=10.3958
[DBG] L2Q Fail: q_l2 out of range. q_l2=10.3958
[DBG] L2Q Fail: q_l2 out of range. q_l2=14.8162
[DBG] L2Q Fail: q_l2 out of range. q_l2=12.2301
[DBG] L2Q Fail: q_l2 out of range. q_l2=12.2301
[DBG] L2Q Fail: q_l2 out of range. q_l2=10.2153
[DBG] L2Q Fail: q_l2 out of range. q_l2=10.2153
[DBG] L2Q Fail: q_l2 out of range. q_l2=17.097
[DBG] L2Q Fail: q_l2 out of range. q_l2=17.097
Processing entry 18000000/33364278
[DBG] L2Q Fail: q_l2 out of range. q_l2=9.52885
[DBG] L2Q Fail: q_l2 out of range. q_l2=9.52885
[DBG] L2Q Fail: q_l2 out of range. q_l2=11.8179
[DBG] L2Q Fail: q_l2 out of range. q_l2=11.8179
[DBG] L2Q Fail: q_l2 out of range. q_l2=10.1601
[DBG] L2Q Fail: q_l2 out of range. q_l2=11.4658
[DBG] L2Q Fail: q_l2 out of range. q_l2=11.1974
[DBG] L2Q Fail: q_l2 out of range. q_l2=11.1974
[DBG] L2Q Fail: q_l2 out of range. q_l2=11.1078
Processing entry 19000000/33364278
[DBG] L2Q Fail: q_l2 out of range. q_l2=19.7471
[DBG] L2Q Fail: q_l2 out of range. q_l2=19.7471
[DBG] L2Q Fail: q_l2 out of range. q_l2=9.82224
[DBG] L2Q Fail: q_l2 out of range. q_l2=9.82224
[DBG] L2Q Fail: q_l2 out of range. q_l2=13.0295
[DBG] L2Q Fail: q_l2 out of range. q_l2=13.0295
[DBG] L2Q Fail: q_l2 out of range. q_l2=9.9599
[DBG] L2Q Fail: q_l2 out of range. q_l2=9.9599
[DBG] L2Q Fail: q_l2 out of range. q_l2=9.70294
[DBG] L2Q Fail: q_l2 out of range. q_l2=9.70294
[DBG] L2Q Fail: q_l2 out of range. q_l2=10.0625
[DBG] L2Q Fail: q_l2 out of range. q_l2=10.0625
Processing entry 20000000/33364278
[DBG] L2Q Fail: q_l2 out of range. q_l2=10.0273
[DBG] L2Q Fail: q_l2 out of range. q_l2=10.0273
[DBG] L2Q Fail: q_l2 out of range. q_l2=9.76587
[DBG] L2Q Fail: q_l2 out of range. q_l2=9.76587
[DBG] L2Q Fail: q_l2 out of range. q_l2=13.9023
[DBG] L2Q Fail: q_l2 out of range. q_l2=10.8184
[DBG] L2Q Fail: q_l2 out of range. q_l2=10.8184
[DBG] L2Q Fail: q_l2 out of range. q_l2=9.7176
[DBG] L2Q Fail: q_l2 out of range. q_l2=9.7176
[DBG] L2Q Fail: q_l2 out of range. q_l2=10.7415
[DBG] L2Q Fail: q_l2 out of range. q_l2=10.7415
[DBG] L2Q Fail: q_l2 out of range. q_l2=9.65692
[DBG] L2Q Fail: q_l2 out of range. q_l2=12.6972
[DBG] L2Q Fail: q_l2 out of range. q_l2=9.73222
[DBG] L2Q Fail: q_l2 out of range. q_l2=9.73222
[DBG] L2Q Fail: q_l2 out of range. q_l2=9.69222
[DBG] L2Q Fail: q_l2 out of range. q_l2=9.69222
[DBG] L2Q Fail: q_l2 out of range. q_l2=12.8909
[DBG] L2Q Fail: q_l2 out of range. q_l2=16.9509
[DBG] L2Q Fail: q_l2 out of range. q_l2=16.9509
[DBG] L2Q Fail: q_l2 out of range. q_l2=9.74182
[DBG] L2Q Fail: q_l2 out of range. q_l2=15.625
[DBG] L2Q Fail: q_l2 out of range. q_l2=15.625
[DBG] L2Q Fail: q_l2 out of range. q_l2=11.5392
Processing entry 21000000/33364278
[DBG] L2Q Fail: q_l2 out of range. q_l2=17.2878
[DBG] L2Q Fail: q_l2 out of range. q_l2=17.2878
[DBG] L2Q Fail: q_l2 out of range. q_l2=9.56504
[DBG] L2Q Fail: q_l2 out of range. q_l2=9.56504
[DBG] L2Q Fail: q_l2 out of range. q_l2=9.68177
[DBG] L2Q Fail: q_l2 out of range. q_l2=9.68177
[DBG] L2Q Fail: q_l2 out of range. q_l2=2.48573
[DBG] L2Q Fail: q_l2 out of range. q_l2=2.48573
[DBG] L2Q Fail: q_l2 out of range. q_l2=1.51715
[DBG] L2Q Fail: q_l2 out of range. q_l2=1.51715
[DBG] L2Q Fail: q_l2 out of range. q_l2=9.72556
[DBG] L2Q Fail: q_l2 out of range. q_l2=9.72556
[DBG] L2Q Fail: q_l2 out of range. q_l2=9.93441
Processing entry 22000000/33364278
[DBG] L2Q Fail: q_l2 out of range. q_l2=10.5368
[DBG] L2Q Fail: q_l2 out of range. q_l2=10.1818
[DBG] L2Q Fail: q_l2 out of range. q_l2=10.1818
[DBG] L2Q Fail: q_l2 out of range. q_l2=9.53985
[DBG] L2Q Fail: q_l2 out of range. q_l2=9.53985
[DBG] L2Q Fail: q_l2 out of range. q_l2=9.59693
[DBG] L2Q Fail: q_l2 out of range. q_l2=9.59693
[DBG] L2Q Fail: q_l2 out of range. q_l2=13.7033
[DBG] L2Q Fail: q_l2 out of range. q_l2=9.69489
[DBG] L2Q Fail: q_l2 out of range. q_l2=9.69489
[DBG] L2Q Fail: q_l2 out of range. q_l2=16.7876
[DBG] L2Q Fail: q_l2 out of range. q_l2=20.2565
[DBG] L2Q Fail: q_l2 out of range. q_l2=20.2565
[DBG] L2Q Fail: q_l2 out of range. q_l2=11.3297
Processing entry 23000000/33364278
[DBG] L2Q Fail: q_l2 out of range. q_l2=9.9252
[DBG] L2Q Fail: q_l2 out of range. q_l2=9.9252
[DBG] L2Q Fail: q_l2 out of range. q_l2=9.74717
[DBG] L2Q Fail: q_l2 out of range. q_l2=9.74717
[DBG] L2Q Fail: q_l2 out of range. q_l2=18.5285
[DBG] L2Q Fail: q_l2 out of range. q_l2=18.5285
[DBG] L2Q Fail: q_l2 out of range. q_l2=10.6413
[DBG] L2Q Fail: q_l2 out of range. q_l2=12.0478
[DBG] L2Q Fail: q_l2 out of range. q_l2=12.0478
[DBG] L2Q Fail: q_l2 out of range. q_l2=9.57737
[DBG] L2Q Fail: q_l2 out of range. q_l2=9.57737
[DBG] L2Q Fail: q_l2 out of range. q_l2=13.0152
[DBG] L2Q Fail: q_l2 out of range. q_l2=10.3227
[DBG] L2Q Fail: q_l2 out of range. q_l2=9.59325
[DBG] L2Q Fail: q_l2 out of range. q_l2=9.59325
[DBG] L2Q Fail: q_l2 out of range. q_l2=12.7758
[DBG] L2Q Fail: q_l2 out of range. q_l2=12.7758
[DBG] L2Q Fail: q_l2 out of range. q_l2=10.2015
[DBG] L2Q Fail: q_l2 out of range. q_l2=10.2015
[DBG] L2Q Fail: q_l2 out of range. q_l2=9.81977
[DBG] L2Q Fail: q_l2 out of range. q_l2=9.81977
[DBG] L2Q Fail: q_l2 out of range. q_l2=9.74368
[DBG] L2Q Fail: q_l2 out of range. q_l2=9.74368
Processing entry 24000000/33364278
[DBG] L2Q Fail: q_l2 out of range. q_l2=17.4734
[DBG] L2Q Fail: q_l2 out of range. q_l2=17.4734
[DBG] L2Q Fail: q_l2 out of range. q_l2=10.2797
[DBG] L2Q Fail: q_l2 out of range. q_l2=10.3898
[DBG] L2Q Fail: q_l2 out of range. q_l2=10.3898
[DBG] L2Q Fail: q_l2 out of range. q_l2=9.51509
[DBG] L2Q Fail: q_l2 out of range. q_l2=9.51509
[DBG] L2Q Fail: q_l2 out of range. q_l2=19.6563
[DBG] L2Q Fail: q_l2 out of range. q_l2=19.6563
[DBG] L2Q Fail: q_l2 out of range. q_l2=16.324
[DBG] L2Q Fail: q_l2 out of range. q_l2=16.324
[DBG] L2Q Fail: q_l2 out of range. q_l2=17.6515
[DBG] L2Q Fail: q_l2 out of range. q_l2=17.6515
[DBG] L2Q Fail: q_l2 out of range. q_l2=9.61356
[DBG] L2Q Fail: q_l2 out of range. q_l2=9.61356
[DBG] L2Q Fail: q_l2 out of range. q_l2=12.0068
[DBG] L2Q Fail: q_l2 out of range. q_l2=12.0068
[DBG] L2Q Fail: q_l2 out of range. q_l2=1.28292
[DBG] L2Q Fail: q_l2 out of range. q_l2=15.544
Processing entry 25000000/33364278
[DBG] L2Q Fail: q_l2 out of range. q_l2=9.50524
[DBG] L2Q Fail: q_l2 out of range. q_l2=9.50524
[DBG] L2Q Fail: q_l2 out of range. q_l2=10.8015
[DBG] L2Q Fail: q_l2 out of range. q_l2=10.8015
[DBG] L2Q Fail: q_l2 out of range. q_l2=9.90246
[DBG] L2Q Fail: q_l2 out of range. q_l2=9.90246
[DBG] L2Q Fail: q_l2 out of range. q_l2=9.78309
[DBG] L2Q Fail: q_l2 out of range. q_l2=9.78309
[DBG] L2Q Fail: q_l2 out of range. q_l2=9.60265
[DBG] L2Q Fail: q_l2 out of range. q_l2=9.60265
[DBG] L2Q Fail: q_l2 out of range. q_l2=9.70496
[DBG] L2Q Fail: q_l2 out of range. q_l2=9.70496
[DBG] L2Q Fail: q_l2 out of range. q_l2=9.55418
[DBG] L2Q Fail: q_l2 out of range. q_l2=9.55418
[DBG] L2Q Fail: q_l2 out of range. q_l2=16.147
[DBG] L2Q Fail: q_l2 out of range. q_l2=16.147
[DBG] L2Q Fail: q_l2 out of range. q_l2=9.70307
[DBG] L2Q Fail: q_l2 out of range. q_l2=9.70307
[DBG] L2Q Fail: q_l2 out of range. q_l2=9.64693
[DBG] L2Q Fail: q_l2 out of range. q_l2=9.64693
Processing entry 26000000/33364278
[DBG] L2Q Fail: q_l2 out of range. q_l2=9.83491
[DBG] L2Q Fail: q_l2 out of range. q_l2=9.83491
[DBG] L2Q Fail: q_l2 out of range. q_l2=9.83491
[DBG] L2Q Fail: q_l2 out of range. q_l2=9.83491
[DBG] L2Q Fail: q_l2 out of range. q_l2=9.57524
[DBG] L2Q Fail: q_l2 out of range. q_l2=9.57524
[DBG] L2Q Fail: q_l2 out of range. q_l2=9.54782
[DBG] L2Q Fail: q_l2 out of range. q_l2=9.54782
[DBG] L2Q Fail: q_l2 out of range. q_l2=10.2037
[DBG] L2Q Fail: q_l2 out of range. q_l2=9.63718
[DBG] L2Q Fail: q_l2 out of range. q_l2=20.4005
[DBG] L2Q Fail: q_l2 out of range. q_l2=10.4968
[DBG] L2Q Fail: q_l2 out of range. q_l2=10.4968
[DBG] L2Q Fail: q_l2 out of range. q_l2=10.303
[DBG] L2Q Fail: q_l2 out of range. q_l2=10.0233
[DBG] L2Q Fail: q_l2 out of range. q_l2=10.0233
[DBG] L2Q Fail: q_l2 out of range. q_l2=9.52291
[DBG] L2Q Fail: q_l2 out of range. q_l2=9.52291
[DBG] L2Q Fail: q_l2 out of range. q_l2=9.51692
[DBG] L2Q Fail: q_l2 out of range. q_l2=9.51692
[DBG] L2Q Fail: q_l2 out of range. q_l2=10.2681
[DBG] L2Q Fail: q_l2 out of range. q_l2=10.2681
[DBG] L2Q Fail: q_l2 out of range. q_l2=9.95786
[DBG] L2Q Fail: q_l2 out of range. q_l2=9.95786
Processing entry 27000000/33364278
[DBG] L2Q Fail: q_l2 out of range. q_l2=10.9211
[DBG] L2Q Fail: q_l2 out of range. q_l2=10.9211
[DBG] L2Q Fail: q_l2 out of range. q_l2=9.64826
[DBG] L2Q Fail: q_l2 out of range. q_l2=9.64826
[DBG] L2Q Fail: q_l2 out of range. q_l2=14.3268
[DBG] L2Q Fail: q_l2 out of range. q_l2=14.3268
[DBG] L2Q Fail: q_l2 out of range. q_l2=11.6506
[DBG] L2Q Fail: q_l2 out of range. q_l2=11.6506
[DBG] L2Q Fail: q_l2 out of range. q_l2=16.5617
[DBG] L2Q Fail: q_l2 out of range. q_l2=16.5617
[DBG] L2Q Fail: q_l2 out of range. q_l2=9.63426
[DBG] L2Q Fail: q_l2 out of range. q_l2=9.63426
[DBG] L2Q Fail: q_l2 out of range. q_l2=9.51874
[DBG] L2Q Fail: q_l2 out of range. q_l2=9.51874
[DBG] L2Q Fail: q_l2 out of range. q_l2=9.51874
[DBG] L2Q Fail: q_l2 out of range. q_l2=9.51874
[DBG] L2Q Fail: q_l2 out of range. q_l2=1.45733
[DBG] L2Q Fail: q_l2 out of range. q_l2=9.67524
[DBG] L2Q Fail: q_l2 out of range. q_l2=9.67524
Processing entry 28000000/33364278
[DBG] L2Q Fail: q_l2 out of range. q_l2=9.59329
[DBG] L2Q Fail: q_l2 out of range. q_l2=9.59329
[DBG] L2Q Fail: q_l2 out of range. q_l2=10.0708
[DBG] L2Q Fail: q_l2 out of range. q_l2=10.0708
[DBG] L2Q Fail: q_l2 out of range. q_l2=15.4939
Processing entry 29000000/33364278
[DBG] L2Q Fail: q_l2 out of range. q_l2=15.3064
[DBG] L2Q Fail: q_l2 out of range. q_l2=15.3064
[DBG] L2Q Fail: q_l2 out of range. q_l2=17.1334
[DBG] L2Q Fail: q_l2 out of range. q_l2=17.1334
[DBG] L2Q Fail: q_l2 out of range. q_l2=10.8186
[DBG] L2Q Fail: q_l2 out of range. q_l2=14.5768
[DBG] L2Q Fail: q_l2 out of range. q_l2=14.5768
[DBG] L2Q Fail: q_l2 out of range. q_l2=10.3213
[DBG] L2Q Fail: q_l2 out of range. q_l2=10.3213
[DBG] L2Q Fail: q_l2 out of range. q_l2=10.8594
[DBG] L2Q Fail: q_l2 out of range. q_l2=10.8594
[DBG] L2Q Fail: q_l2 out of range. q_l2=9.85393
[DBG] L2Q Fail: q_l2 out of range. q_l2=9.85393
[DBG] L2Q Fail: q_l2 out of range. q_l2=9.53201
[DBG] L2Q Fail: q_l2 out of range. q_l2=9.53201
[DBG] L2Q Fail: q_l2 out of range. q_l2=24.4438
[DBG] L2Q Fail: q_l2 out of range. q_l2=24.4438
[DBG] L2Q Fail: q_l2 out of range. q_l2=9.67583
[DBG] L2Q Fail: q_l2 out of range. q_l2=9.67583
[DBG] L2Q Fail: q_l2 out of range. q_l2=9.89685
[DBG] L2Q Fail: q_l2 out of range. q_l2=9.89685
[DBG] L2Q Fail: q_l2 out of range. q_l2=10.0136
Processing entry 30000000/33364278
[DBG] L2Q Fail: q_l2 out of range. q_l2=9.61289
[DBG] L2Q Fail: q_l2 out of range. q_l2=9.61289
[DBG] L2Q Fail: q_l2 out of range. q_l2=9.55423
[DBG] L2Q Fail: q_l2 out of range. q_l2=9.55423
[DBG] L2Q Fail: q_l2 out of range. q_l2=11.6019
[DBG] L2Q Fail: q_l2 out of range. q_l2=10.4022
[DBG] L2Q Fail: q_l2 out of range. q_l2=10.4022
[DBG] L2Q Fail: q_l2 out of range. q_l2=9.59837
[DBG] L2Q Fail: q_l2 out of range. q_l2=9.59837
[DBG] L2Q Fail: q_l2 out of range. q_l2=11.0662
[DBG] L2Q Fail: q_l2 out of range. q_l2=11.0662
[DBG] L2Q Fail: q_l2 out of range. q_l2=10.6772
[DBG] L2Q Fail: q_l2 out of range. q_l2=10.6772
[DBG] L2Q Fail: q_l2 out of range. q_l2=9.51584
[DBG] L2Q Fail: q_l2 out of range. q_l2=9.51584
[DBG] L2Q Fail: q_l2 out of range. q_l2=9.02917
[DBG] L2Q Fail: q_l2 out of range. q_l2=9.53917
[DBG] L2Q Fail: q_l2 out of range. q_l2=9.53917
[DBG] L2Q Fail: q_l2 out of range. q_l2=10.9788
[DBG] L2Q Fail: q_l2 out of range. q_l2=10.9788
[DBG] L2Q Fail: q_l2 out of range. q_l2=9.85431
[DBG] L2Q Fail: q_l2 out of range. q_l2=14.8566
[DBG] L2Q Fail: q_l2 out of range. q_l2=1.217
[DBG] L2Q Fail: q_l2 out of range. q_l2=1.217
[DBG] L2Q Fail: q_l2 out of range. q_l2=9.84579
[DBG] L2Q Fail: q_l2 out of range. q_l2=9.84579
[DBG] L2Q Fail: q_l2 out of range. q_l2=11.4171
[DBG] L2Q Fail: q_l2 out of range. q_l2=9.63005
[DBG] L2Q Fail: q_l2 out of range. q_l2=9.63005
[DBG] L2Q Fail: q_l2 out of range. q_l2=9.77705
[DBG] L2Q Fail: q_l2 out of range. q_l2=9.77705
[DBG] L2Q Fail: q_l2 out of range. q_l2=11.9744
[DBG] L2Q Fail: q_l2 out of range. q_l2=10.0117
[DBG] L2Q Fail: q_l2 out of range. q_l2=10.0117
Processing entry 31000000/33364278
[DBG] L2Q Fail: q_l2 out of range. q_l2=9.51855
[DBG] L2Q Fail: q_l2 out of range. q_l2=9.51855
[DBG] L2Q Fail: q_l2 out of range. q_l2=10.2704
[DBG] L2Q Fail: q_l2 out of range. q_l2=9.57188
[DBG] L2Q Fail: q_l2 out of range. q_l2=9.57188
[DBG] L2Q Fail: q_l2 out of range. q_l2=9.66337
[DBG] L2Q Fail: q_l2 out of range. q_l2=9.66337
[DBG] L2Q Fail: q_l2 out of range. q_l2=1.21006
[DBG] L2Q Fail: q_l2 out of range. q_l2=1.21006
[DBG] L2Q Fail: q_l2 out of range. q_l2=9.577
[DBG] L2Q Fail: q_l2 out of range. q_l2=9.577
[DBG] L2Q Fail: q_l2 out of range. q_l2=9.54968
[DBG] L2Q Fail: q_l2 out of range. q_l2=9.54968
[DBG] L2Q Fail: q_l2 out of range. q_l2=10.8095
[DBG] L2Q Fail: q_l2 out of range. q_l2=13.8323
[DBG] L2Q Fail: q_l2 out of range. q_l2=10.9554
[DBG] L2Q Fail: q_l2 out of range. q_l2=11.2074
[DBG] L2Q Fail: q_l2 out of range. q_l2=11.2074
[DBG] L2Q Fail: q_l2 out of range. q_l2=10.1196
[DBG] L2Q Fail: q_l2 out of range. q_l2=10.1196
[DBG] L2Q Fail: q_l2 out of range. q_l2=9.95121
[DBG] L2Q Fail: q_l2 out of range. q_l2=9.95121
Processing entry 32000000/33364278
[DBG] L2Q Fail: q_l2 out of range. q_l2=13.612
[DBG] L2Q Fail: q_l2 out of range. q_l2=9.81232
[DBG] L2Q Fail: q_l2 out of range. q_l2=9.81232
[DBG] L2Q Fail: q_l2 out of range. q_l2=16.9651
[DBG] L2Q Fail: q_l2 out of range. q_l2=9.75912
[DBG] L2Q Fail: q_l2 out of range. q_l2=9.75912
[DBG] L2Q Fail: q_l2 out of range. q_l2=9.5708
[DBG] L2Q Fail: q_l2 out of range. q_l2=9.5708
[DBG] L2Q Fail: q_l2 out of range. q_l2=9.65242
[DBG] L2Q Fail: q_l2 out of range. q_l2=9.65242
[DBG] L2Q Fail: q_l2 out of range. q_l2=10.2069
[DBG] L2Q Fail: q_l2 out of range. q_l2=10.2069
[DBG] L2Q Fail: q_l2 out of range. q_l2=9.71435
[DBG] L2Q Fail: q_l2 out of range. q_l2=9.71435
[DBG] L2Q Fail: q_l2 out of range. q_l2=9.56728
[DBG] L2Q Fail: q_l2 out of range. q_l2=9.56728
Processing entry 33000000/33364278
[DBG] L2Q Fail: q_l2 out of range. q_l2=9.58046
[DBG] L2Q Fail: q_l2 out of range. q_l2=9.58046
[DBG] L2Q Fail: q_l2 out of range. q_l2=9.6965
[DBG] L2Q Fail: q_l2 out of range. q_l2=9.6965

 *** Break *** bus error

Thread 15 (LWP 3790865 "SampleProductio"):
#0  0x00007f5a5bd0f9fe in ?? ()
#1  0x0000000005d06610 in ?? ()
#2  0x0000000a3b9b5008 in ?? ()
#3  0x0000000005d9a000 in ?? ()
#4  0x00003a9800000400 in ?? ()
#5  0x0000000000000000 in ?? ()

Thread 14 (LWP 3790866 "SampleProductio"):
#0  0x00007f5a5bd0f9fe in ?? ()
#1  0x0000000005d49280 in ?? ()
#2  0x0000000d3b9b5008 in ?? ()
#3  0x0000000005d7f000 in ?? ()
#4  0x00003a9800000400 in ?? ()
#5  0x0000000000000001 in ?? ()
#6  0x00007f5a3b9b5b24 in ?? ()
#7  0x0000000000000000 in ?? ()

Thread 13 (LWP 3790867 "SampleProductio"):
#0  0x00007f5a5bd0f9fe in ?? ()
#1  0x0000000005d8a950 in ?? ()
#2  0x000000103b9b5008 in ?? ()
#3  0x0000000005d8b000 in ?? ()
#4  0xffffffff00000400 in ?? ()
#5  0x0000000005d8a950 in ?? ()
#6  0x00007f5a3b9b5b24 in ?? ()
#7  0x0000000000000000 in ?? ()

Thread 12 (LWP 3790868 "SampleProductio"):
#0  0x00007f5a5bd0f9fe in ?? ()
#1  0x0000000005d11450 in ?? ()
#2  0x000000133b9b5008 in ?? ()
#3  0x0000000005d93000 in ?? ()
#4  0xffffffff00000400 in ?? ()
#5  0x0000000005d11450 in ?? ()
#6  0x00007f5a3b9b5b24 in ?? ()
#7  0x0000000000000000 in ?? ()

Thread 11 (LWP 3790869 "SampleProductio"):
#0  0x00007f5a5bd0f9fe in ?? ()
#1  0x0000000005b4f480 in ?? ()
#2  0x000000163b9b5008 in ?? ()
#3  0x0000000005d78000 in ?? ()
#4  0xffffffff00000400 in ?? ()
#5  0x0000000005b4f480 in ?? ()
#6  0x00007f5a3b9b5b24 in ?? ()
#7  0x0000000000000000 in ?? ()

Thread 10 (LWP 3790870 "SampleProductio"):
#0  0x00007f5a5bd0f9fe in ?? ()
#1  0x0000000005d2fad0 in ?? ()
#2  0x000000193b9b5008 in ?? ()
#3  0x0000000005d6f000 in ?? ()
#4  0xffffffff00000400 in ?? ()
#5  0x0000000005d2fad0 in ?? ()
#6  0x00007f5a3b9b5b24 in ?? ()
#7  0x0000000000000000 in ?? ()

Thread 9 (LWP 3790871 "SampleProductio"):
#0  0x00007f5a5bd0f9fe in ?? ()
#1  0x0000000005ce2720 in ?? ()
#2  0x0000001c3b9b5008 in ?? ()
#3  0x0000000005d73000 in ?? ()
#4  0xffffffff00000400 in ?? ()
#5  0x0000000005ce2720 in ?? ()
#6  0x00007f5a3b9b5b24 in ?? ()
#7  0x0000000000000000 in ?? ()

Thread 8 (LWP 3790872 "SampleProductio"):
#0  0x00007f5a5bd0f9fe in ?? ()
#1  0x0000000005d36e90 in ?? ()
#2  0x0000001f3b9b5008 in ?? ()
#3  0x0000000005d41000 in ?? ()
#4  0xffffffff00000400 in ?? ()
#5  0x0000000005d36e90 in ?? ()
#6  0x00007f5a3b9b5b24 in ?? ()
#7  0x0000000000000000 in ?? ()

Thread 7 (LWP 3790873 "SampleProductio"):
#0  0x00007f5a5bd0f9fe in ?? ()
#1  0x0000000005d2dd60 in ?? ()
#2  0x000000223b9b5008 in ?? ()
#3  0x0000000005d45000 in ?? ()
#4  0xffffffff00000400 in ?? ()
#5  0x0000000005d2dd60 in ?? ()
#6  0x00007f5a3b9b5b24 in ?? ()
#7  0x0000000000000000 in ?? ()

Thread 6 (LWP 3790874 "SampleProductio"):
#0  0x00007f5a5bd0f9fe in ?? ()
#1  0x00000000058b4330 in ?? ()
#2  0x000000253b9b5008 in ?? ()
#3  0x0000000005dc9000 in ?? ()
#4  0xffffffff00000400 in ?? ()
#5  0x00000000058b4330 in ?? ()
#6  0x00007f5a3b9b5b24 in ?? ()
#7  0x0000000000000000 in ?? ()

Thread 5 (LWP 3790875 "SampleProductio"):
#0  0x00007f5a5bcd5795 in ?? ()
#1  0x0000000000000000 in ?? ()

Thread 4 (LWP 3790876 "SampleProductio"):
#0  0x00007f5a5bc8837a in ?? ()
#1  0x00007f59e5528810 in ?? ()
#2  0x0000000000000189 in ?? ()
#3  0x0000000005d34ec0 in ?? ()
#4  0x0000000000000000 in ?? ()

Thread 3 (LWP 3790877 "SampleProductio"):
#0  0x00007f5a5bc8837a in ?? ()
#1  0x00007f59e4d27810 in ?? ()
#2  0x0000000000000189 in ?? ()
#3  0x0000000005d34ec0 in ?? ()
#4  0x0000000000000000 in ?? ()

Thread 2 (LWP 3790878 "SampleProductio"):
#0  0x00007f5a5bc8837a in ?? ()
#1  0x00007f59e4526810 in ?? ()
#2  0x0000000000000189 in ?? ()
#3  0x0000000005d34ec0 in ?? ()
#4  0x0000000000000000 in ?? ()

Thread 1 (LWP 3790602 "SampleProductio"):
#0  0x00007f5a5bcd9fff in ?? ()
#1  0x68732e6563617274 in ?? ()
#2  0x00007ffee6fe71e8 in ?? ()
#3  0x00000000003a341a in ?? ()
#4  0x0000000000000000 in ?? ()
/afs/cern.ch/user/z/zixuan/public/AMSIsotopeFramework/submit/ISSBer.sh: line 39: 3790602 Bus error               (core dumped) /afs/cern.ch/user/z/zixuan/public/AMSIsotopeFramework/SampleProduction/build/bin/SampleProduction "$OUTDIR" "$OUTNAME" "$LISTFILE" 4 7 0 4
[INFO] Finished: /eos/user/z/zixuan/Isotope/ISS/Be/newbasic_L1Q2to8_part3.root
	Command being timed: "/afs/cern.ch/user/z/zixuan/public/AMSIsotopeFramework/submit/ISSBer.sh /eos/ams/group/ihep/zixuan/filter/newbasic_L1Q2to8_part3.root"
	User time (seconds): 408.08
	System time (seconds): 10.50
	Percent of CPU this job got: 37%
	Elapsed (wall clock) time (h:mm:ss or m:ss): 18:30.51
	Average shared text size (kbytes): 0
	Average unshared data size (kbytes): 0
	Average stack size (kbytes): 0
	Average total size (kbytes): 0
	Maximum resident set size (kbytes): 1792812
	Average resident set size (kbytes): 0
	Major (requiring I/O) page faults: 99
	Minor (reclaiming a frame) page faults: 364614
	Voluntary context switches: 243968
	Involuntary context switches: 72932
	Swaps: 0
	File system inputs: 0
	File system outputs: 40
	Socket messages sent: 0
	Socket messages received: 0
	Signals delivered: 0
	Page size (bytes): 4096
	Exit status: 0
