***************************************************
* Importing amsvar ... 
***************************************************
* USLC=9 UCC=icc64 UICC=2023 UGCC=1310 UROOT=6
* ROOTSYS=/cvmfs/sft.cern.ch/lcg/app/releases/ROOT/6.32.06/x86_64-almalinux9.4-gcc114-opt
* Compiler: icpx
* CXXFLAGS: -pthread -std=c++17 -m64 -pthread -std=c++17 -m64 -I/cvmfs/sft.cern.ch/lcg/app/releases/ROOT/6.32.06/x86_64-almalinux9.4-gcc114-opt/include -O3 -D_GLIBCXX_USE_CXX11_ABI=0
* Red Hat Enterprise Linux release 9.7 (Plow)
***************************************************
Intel(R) oneAPI DPC++/C++ Compiler 2023.2.0 (2023.2.0.20230721)
Target: x86_64-unknown-linux-gnu
Thread model: posix
InstalledDir: /cvmfs/projects.cern.ch/intelsw/oneAPI/linux/x86_64/2023/compiler/2023.2.1/linux/bin-llvm
Configuration file: /cvmfs/projects.cern.ch/intelsw/oneAPI/linux/x86_64/2023/compiler/2023.2.1/linux/bin-llvm/../bin/icpx.cfg
ROOT version: 6.32.06
LD_LIBRARY_PATH: /cvmfs/projects.cern.ch/intelsw/oneAPI/linux/x86_64/2023/compiler/latest/linux/lib:/cvmfs/projects.cern.ch/intelsw/oneAPI/linux/x86_64/2023/compiler/2023.2.1/linux/lib:/cvmfs/projects.cern.ch/intelsw/oneAPI/linux/x86_64/2023/compiler/2023.2.1/linux/lib/x64:/cvmfs/projects.cern.ch/intelsw/oneAPI/linux/x86_64/2023/compiler/2023.2.1/linux/lib/oclfpga/host/linux64/lib:/cvmfs/projects.cern.ch/intelsw/oneAPI/linux/x86_64/2023/compiler/2023.2.1/linux/compiler/lib/intel64_lin:/cvmfs/sft.cern.ch/lcg/releases/gcc/11.3.0-de683/x86_64-el9/lib:/cvmfs/sft.cern.ch/lcg/releases/gcc/11.3.0-de683/x86_64-el9/lib64:/cvmfs/sft.cern.ch/lcg/releases/binutils/2.40-acaab/x86_64-el9/lib:/cvmfs/sft.cern.ch/lcg/app/releases/ROOT/6.32.06/x86_64-almalinux9.4-gcc114-opt/lib:.:/cvmfs/ams.cern.ch/opt/xrootd-4.8.2.el9/lib64:/cvmfs/ams.cern.ch/opt/castor.cc7/lib:/cvmfs/ams.cern.ch/opt/lib64_EL9
Arguments after sourcing scripts: /eos/ams/group/ihep/zixuan/filter/newbasic_L1Q2to8_part5.root
Number of arguments: 1
[INFO] Using list: /eos/ams/group/ihep/zixuan/filter/newbasic_L1Q2to8_part5.root
[INFO] Output file: /eos/user/z/zixuan/Isotope/ISS/Be/newbasic_L1Q2to8_part5.root
Analyzer configured for: Beryllium (ISS Data), Z=4, A=7, isNoBkgCut=0, FragmentZ=4
BinningManager: Pre-calculating bins for all isotopes (Z=1 to 8)...
BinningManager initialized with 67 general/isotope-specific bins and 0 total isotope-specific beta binnings.
HistManager: Output file '/eos/user/z/zixuan/Isotope/ISS/Be/newbasic_L1Q2to8_part5.root' opened.
DEBUG: Niso=3 charge=4
DEBUG: iso ptr=0x7fc1f5cac950
DEBUG: ID Hists
DEBUG: BKG Hists
DEBUG: Flux Hists
DEBUG Finish Hist Defination
IsotopeAnalyzer initialized with 37362801 entries.
Error in <TChain::SetBranchAddress>: unknown branch -> livetime
Error in <TChain::SetBranchAddress>: unknown branch -> irti
Error in <TChain::SetBranchAddress>: unknown branch -> issaa
Error in <TChain::SetBranchAddress>: unknown branch -> rtilf
Error in <TChain::SetBranchAddress>: unknown branch -> rtinev
Error in <TChain::SetBranchAddress>: unknown branch -> rtinerr
Error in <TChain::SetBranchAddress>: unknown branch -> rtintrig
Error in <TChain::SetBranchAddress>: unknown branch -> rtinpar
Error in <TChain::SetBranchAddress>: unknown branch -> rtigood
Error in <TChain::SetBranchAddress>: unknown branch -> rtinexl
Error in <TChain::SetBranchAddress>: unknown branch -> rticdif
Error in <TChain::SetBranchAddress>: unknown branch -> nparticle
Error in <TChain::SetBranchAddress>: unknown branch -> nbetah
Error in <TChain::SetBranchAddress>: unknown branch -> nbeta
Error in <TChain::SetBranchAddress>: unknown branch -> btstat_pR
Error in <TChain::SetBranchAddress>: unknown branch -> btstat_new
Error in <TChain::SetBranchAddress>: unknown branch -> charge_pR
Error in <TChain::SetBranchAddress>: unknown branch -> iparindex
Error in <TChain::SetBranchAddress>: unknown branch -> cutoffp
Error in <TChain::SetBranchAddress>: unknown branch -> betah2p
Error in <TChain::SetBranchAddress>: unknown branch -> betah2q
Error in <TChain::SetBranchAddress>: unknown branch -> betah2ch
Error in <TChain::SetBranchAddress>: unknown branch -> tk_qrms
Error in <TChain::SetBranchAddress>: unknown branch -> tk_ql
Error in <TChain::SetBranchAddress>: unknown branch -> tk_qlsn
Error in <TChain::SetBranchAddress>: unknown branch -> tk_iso
Error in <TChain::SetBranchAddress>: unknown branch -> tk_exql
Error in <TChain::SetBranchAddress>: unknown branch -> tk_exdis
Error in <TChain::SetBranchAddress>: unknown branch -> tk_dir0
Error in <TChain::SetBranchAddress>: unknown branch -> tof_bpatt
Error in <TChain::SetBranchAddress>: unknown branch -> tof_beta
Error in <TChain::SetBranchAddress>: unknown branch -> tof_betah_oldtune
Error in <TChain::SetBranchAddress>: unknown branch -> tof_trapezoidedge
Error in <TChain::SetBranchAddress>: unknown branch -> tof_edge
Error in <TChain::SetBranchAddress>: unknown branch -> tof_goodgeo
Error in <TChain::SetBranchAddress>: unknown branch -> tof_z
Error in <TChain::SetBranchAddress>: unknown branch -> tof_pz
Error in <TChain::SetBranchAddress>: unknown branch -> tof_q
Error in <TChain::SetBranchAddress>: unknown branch -> tof_qrms
Error in <TChain::SetBranchAddress>: unknown branch -> tof_ql1
Error in <TChain::SetBranchAddress>: unknown branch -> tof_qs
Error in <TChain::SetBranchAddress>: unknown branch -> rich_itrtrack
Error in <TChain::SetBranchAddress>: unknown branch -> rich_udis
Error in <TChain::SetBranchAddress>: unknown branch -> rich_used
Error in <TChain::SetBranchAddress>: unknown branch -> rich_stat
Error in <TChain::SetBranchAddress>: unknown branch -> rich_width
Error in <TChain::SetBranchAddress>: unknown branch -> rich_pmt1
Error in <TChain::SetBranchAddress>: unknown branch -> rich_PMTChargeConsistency
Error in <TChain::SetBranchAddress>: unknown branch -> rich_BetaConsistency
Error in <TChain::SetBranchAddress>: unknown branch -> rich_pos_tkItr
Error in <TChain::SetBranchAddress>: unknown branch -> rich_goodgeo
Error in <TChain::SetBranchAddress>: unknown branch -> rich_theta_tkItr
Error in <TChain::SetBranchAddress>: unknown branch -> rich_phi_tkItr
Error in <TChain::SetBranchAddress>: unknown branch -> rich_n
Error in <TChain::SetBranchAddress>: unknown branch -> mmom
Error in <TChain::SetBranchAddress>: unknown branch -> mch
Error in <TChain::SetBranchAddress>: unknown branch -> mtrmom
Error in <TChain::SetBranchAddress>: unknown branch -> mtrpar
Total entries: 37362801 | isISS=1 | Z=4 | A=7
[INFO] Initializing Charge Tuning System (EGE model, optimized)...
[INFO] Charge Tuning System initialized. Loaded 636 valid EGE lookup tables using integer keys.
Processing entry 0/37362801
[DBG] L2Q Fail: q_l2 out of range. q_l2=9.75172
[DBG] L2Q Fail: q_l2 out of range. q_l2=9.75172
[DBG] L2Q Fail: q_l2 out of range. q_l2=11.8153
[DBG] L2Q Fail: q_l2 out of range. q_l2=11.8153
[DBG] L2Q Fail: q_l2 out of range. q_l2=12.0199
[DBG] L2Q Fail: q_l2 out of range. q_l2=1.18149
[DBG] L2Q Fail: q_l2 out of range. q_l2=1.18149
[DBG] L2Q Fail: q_l2 out of range. q_l2=9.57552
[DBG] L2Q Fail: q_l2 out of range. q_l2=9.57552
[DBG] L2Q Fail: q_l2 out of range. q_l2=9.61203
[DBG] L2Q Fail: q_l2 out of range. q_l2=9.70058
Processing entry 1000000/37362801
[DBG] L2Q Fail: q_l2 out of range. q_l2=9.68204
[DBG] L2Q Fail: q_l2 out of range. q_l2=9.68204
[DBG] L2Q Fail: q_l2 out of range. q_l2=15.6469
[DBG] L2Q Fail: q_l2 out of range. q_l2=15.6469
[DBG] L2Q Fail: q_l2 out of range. q_l2=9.66535
[DBG] L2Q Fail: q_l2 out of range. q_l2=9.66535
[DBG] L2Q Fail: q_l2 out of range. q_l2=9.81577
[DBG] L2Q Fail: q_l2 out of range. q_l2=9.81577
[DBG] L2Q Fail: q_l2 out of range. q_l2=10.7212
[DBG] L2Q Fail: q_l2 out of range. q_l2=10.7212
[DBG] L2Q Fail: q_l2 out of range. q_l2=9.67301
[DBG] L2Q Fail: q_l2 out of range. q_l2=9.67301
[DBG] L2Q Fail: q_l2 out of range. q_l2=9.7232
[DBG] L2Q Fail: q_l2 out of range. q_l2=22.4634
[DBG] L2Q Fail: q_l2 out of range. q_l2=11.7763
[DBG] L2Q Fail: q_l2 out of range. q_l2=11.7763
[DBG] L2Q Fail: q_l2 out of range. q_l2=11.7763
[DBG] L2Q Fail: q_l2 out of range. q_l2=11.7763
[DBG] L2Q Fail: q_l2 out of range. q_l2=9.97018
[DBG] L2Q Fail: q_l2 out of range. q_l2=9.97018
[DBG] L2Q Fail: q_l2 out of range. q_l2=10.8121
[DBG] L2Q Fail: q_l2 out of range. q_l2=10.8121
Processing entry 2000000/37362801
[DBG] L2Q Fail: q_l2 out of range. q_l2=9.60821
[DBG] L2Q Fail: q_l2 out of range. q_l2=9.60821
[DBG] L2Q Fail: q_l2 out of range. q_l2=11.0895
[DBG] L2Q Fail: q_l2 out of range. q_l2=11.0895
[DBG] L2Q Fail: q_l2 out of range. q_l2=13.716
[DBG] L2Q Fail: q_l2 out of range. q_l2=9.72238
[DBG] L2Q Fail: q_l2 out of range. q_l2=9.72238
[DBG] L2Q Fail: q_l2 out of range. q_l2=9.59877
[DBG] L2Q Fail: q_l2 out of range. q_l2=9.59877
[DBG] L2Q Fail: q_l2 out of range. q_l2=9.5477
[DBG] L2Q Fail: q_l2 out of range. q_l2=9.5477
[DBG] L2Q Fail: q_l2 out of range. q_l2=13.4851
[DBG] L2Q Fail: q_l2 out of range. q_l2=13.4851
[DBG] L2Q Fail: q_l2 out of range. q_l2=9.98462
[DBG] L2Q Fail: q_l2 out of range. q_l2=9.98462
[DBG] L2Q Fail: q_l2 out of range. q_l2=12.2372
[DBG] L2Q Fail: q_l2 out of range. q_l2=12.2372
Processing entry 3000000/37362801
[DBG] L2Q Fail: q_l2 out of range. q_l2=0.99501
[DBG] L2Q Fail: q_l2 out of range. q_l2=0.99501
[DBG] L2Q Fail: q_l2 out of range. q_l2=11.748
[DBG] L2Q Fail: q_l2 out of range. q_l2=11.748
[DBG] L2Q Fail: q_l2 out of range. q_l2=13.3365
[DBG] L2Q Fail: q_l2 out of range. q_l2=13.3365
[DBG] L2Q Fail: q_l2 out of range. q_l2=12.8841
[DBG] L2Q Fail: q_l2 out of range. q_l2=12.8841
[DBG] L2Q Fail: q_l2 out of range. q_l2=9.67334
[DBG] L2Q Fail: q_l2 out of range. q_l2=9.60051
[DBG] L2Q Fail: q_l2 out of range. q_l2=9.60051
[DBG] L2Q Fail: q_l2 out of range. q_l2=10.9842
[DBG] L2Q Fail: q_l2 out of range. q_l2=10.9842
[DBG] L2Q Fail: q_l2 out of range. q_l2=1.10559
[DBG] L2Q Fail: q_l2 out of range. q_l2=1.10559
Processing entry 4000000/37362801
[DBG] L2Q Fail: q_l2 out of range. q_l2=9.61451
[DBG] L2Q Fail: q_l2 out of range. q_l2=9.61451
[DBG] L2Q Fail: q_l2 out of range. q_l2=9.50465
[DBG] L2Q Fail: q_l2 out of range. q_l2=9.50465
[DBG] L2Q Fail: q_l2 out of range. q_l2=10.5783
[DBG] L2Q Fail: q_l2 out of range. q_l2=2.26892
[DBG] L2Q Fail: q_l2 out of range. q_l2=2.26892
[DBG] L2Q Fail: q_l2 out of range. q_l2=11.0052
[DBG] L2Q Fail: q_l2 out of range. q_l2=10.15
[DBG] L2Q Fail: q_l2 out of range. q_l2=9.64467
[DBG] L2Q Fail: q_l2 out of range. q_l2=9.64467
[DBG] L2Q Fail: q_l2 out of range. q_l2=11.1775
Processing entry 5000000/37362801
[DBG] L2Q Fail: InvCDF failed. cdf_l2=1
[DBG] L2Q Fail: q_l2 out of range. q_l2=9.8159
[DBG] L2Q Fail: q_l2 out of range. q_l2=9.8159
[DBG] L2Q Fail: q_l2 out of range. q_l2=9.61006
[DBG] L2Q Fail: q_l2 out of range. q_l2=9.61006
[DBG] L2Q Fail: q_l2 out of range. q_l2=12.4055
[DBG] L2Q Fail: q_l2 out of range. q_l2=10.7396
[DBG] L2Q Fail: q_l2 out of range. q_l2=10.7396
[DBG] L2Q Fail: q_l2 out of range. q_l2=9.77924
[DBG] L2Q Fail: q_l2 out of range. q_l2=9.77924
[DBG] L2Q Fail: q_l2 out of range. q_l2=9.67457
[DBG] L2Q Fail: q_l2 out of range. q_l2=9.67457
[DBG] L2Q Fail: q_l2 out of range. q_l2=10.4526
[DBG] L2Q Fail: q_l2 out of range. q_l2=10.4526
[DBG] L2Q Fail: q_l2 out of range. q_l2=9.8607
[DBG] L2Q Fail: q_l2 out of range. q_l2=9.8607
[DBG] L2Q Fail: q_l2 out of range. q_l2=11.401
Processing entry 6000000/37362801
[DBG] L2Q Fail: q_l2 out of range. q_l2=1.21058
[DBG] L2Q Fail: q_l2 out of range. q_l2=10.0933
[DBG] L2Q Fail: q_l2 out of range. q_l2=10.0933
[DBG] L2Q Fail: q_l2 out of range. q_l2=9.62437
[DBG] L2Q Fail: q_l2 out of range. q_l2=9.62437
[DBG] L2Q Fail: q_l2 out of range. q_l2=12.3633
[DBG] L2Q Fail: q_l2 out of range. q_l2=12.3633
[DBG] L2Q Fail: q_l2 out of range. q_l2=11.7623
[DBG] L2Q Fail: q_l2 out of range. q_l2=9.69765
[DBG] L2Q Fail: q_l2 out of range. q_l2=9.69765
[DBG] L2Q Fail: q_l2 out of range. q_l2=11.5173
[DBG] L2Q Fail: q_l2 out of range. q_l2=11.6842
[DBG] L2Q Fail: q_l2 out of range. q_l2=11.6842
[DBG] L2Q Fail: q_l2 out of range. q_l2=9.96391
[DBG] L2Q Fail: q_l2 out of range. q_l2=9.96391
Processing entry 7000000/37362801
[DBG] L2Q Fail: q_l2 out of range. q_l2=9.65906
[DBG] L2Q Fail: q_l2 out of range. q_l2=9.65906
[DBG] L2Q Fail: q_l2 out of range. q_l2=9.64928
[DBG] L2Q Fail: q_l2 out of range. q_l2=9.64928
[DBG] L2Q Fail: q_l2 out of range. q_l2=11.8504
[DBG] L2Q Fail: q_l2 out of range. q_l2=11.8504
[DBG] L2Q Fail: q_l2 out of range. q_l2=9.57825
[DBG] L2Q Fail: q_l2 out of range. q_l2=9.57825
[DBG] L2Q Fail: q_l2 out of range. q_l2=9.57825
[DBG] L2Q Fail: q_l2 out of range. q_l2=9.57825
[DBG] L2Q Fail: q_l2 out of range. q_l2=9.63053
[DBG] L2Q Fail: q_l2 out of range. q_l2=9.63053
[DBG] L2Q Fail: q_l2 out of range. q_l2=12.5752
[DBG] L2Q Fail: q_l2 out of range. q_l2=12.5752
Processing entry 8000000/37362801
[DBG] L2Q Fail: q_l2 out of range. q_l2=9.83859
[DBG] L2Q Fail: q_l2 out of range. q_l2=9.83859
[DBG] L2Q Fail: q_l2 out of range. q_l2=12.7404
[DBG] L2Q Fail: q_l2 out of range. q_l2=12.7404
[DBG] L2Q Fail: q_l2 out of range. q_l2=13.4992
[DBG] L2Q Fail: q_l2 out of range. q_l2=9.69444
[DBG] L2Q Fail: q_l2 out of range. q_l2=9.69444
[DBG] L2Q Fail: q_l2 out of range. q_l2=11.9197
[DBG] L2Q Fail: q_l2 out of range. q_l2=14.3803
[DBG] L2Q Fail: q_l2 out of range. q_l2=9.62998
[DBG] L2Q Fail: q_l2 out of range. q_l2=9.62998
[DBG] L2Q Fail: q_l2 out of range. q_l2=9.84339
[DBG] L2Q Fail: q_l2 out of range. q_l2=9.84339
Processing entry 9000000/37362801
[DBG] L2Q Fail: q_l2 out of range. q_l2=9.59904
[DBG] L2Q Fail: q_l2 out of range. q_l2=9.59904
[DBG] L2Q Fail: q_l2 out of range. q_l2=9.52538
[DBG] L2Q Fail: q_l2 out of range. q_l2=9.52538
[DBG] L2Q Fail: q_l2 out of range. q_l2=23.7851
[DBG] L2Q Fail: q_l2 out of range. q_l2=11.0927
[DBG] L2Q Fail: q_l2 out of range. q_l2=10.7746
[DBG] L2Q Fail: q_l2 out of range. q_l2=10.7746
[DBG] L2Q Fail: q_l2 out of range. q_l2=9.51149
[DBG] L2Q Fail: q_l2 out of range. q_l2=9.51149
[DBG] L2Q Fail: q_l2 out of range. q_l2=13.9939
[DBG] L2Q Fail: q_l2 out of range. q_l2=13.9939
[DBG] L2Q Fail: q_l2 out of range. q_l2=14.2103
[DBG] L2Q Fail: q_l2 out of range. q_l2=14.2103
[DBG] L2Q Fail: q_l2 out of range. q_l2=9.6163
[DBG] L2Q Fail: q_l2 out of range. q_l2=9.6163
[DBG] L2Q Fail: q_l2 out of range. q_l2=10.959
[DBG] L2Q Fail: q_l2 out of range. q_l2=10.959
Processing entry 10000000/37362801
[DBG] L2Q Fail: q_l2 out of range. q_l2=9.54532
[DBG] L2Q Fail: q_l2 out of range. q_l2=9.54532
[DBG] L2Q Fail: q_l2 out of range. q_l2=2.15717
[DBG] L2Q Fail: q_l2 out of range. q_l2=10.7493
[DBG] L2Q Fail: q_l2 out of range. q_l2=10.7493
[DBG] L2Q Fail: q_l2 out of range. q_l2=10.2356
[DBG] L2Q Fail: q_l2 out of range. q_l2=10.2356
[DBG] L2Q Fail: q_l2 out of range. q_l2=13.2272
[DBG] L2Q Fail: q_l2 out of range. q_l2=13.2272
[DBG] L2Q Fail: q_l2 out of range. q_l2=12.0352
[DBG] L2Q Fail: q_l2 out of range. q_l2=12.0352
[DBG] L2Q Fail: q_l2 out of range. q_l2=11.5676
[DBG] L2Q Fail: q_l2 out of range. q_l2=11.5676
[DBG] L2Q Fail: q_l2 out of range. q_l2=12.0623
[DBG] L2Q Fail: q_l2 out of range. q_l2=9.68778
[DBG] L2Q Fail: q_l2 out of range. q_l2=9.68778
[DBG] L2Q Fail: q_l2 out of range. q_l2=9.63556
[DBG] L2Q Fail: q_l2 out of range. q_l2=9.63556
[DBG] L2Q Fail: q_l2 out of range. q_l2=13.0312
[DBG] L2Q Fail: q_l2 out of range. q_l2=13.0312
[DBG] L2Q Fail: q_l2 out of range. q_l2=9.6132
[DBG] L2Q Fail: q_l2 out of range. q_l2=9.6132
[DBG] L2Q Fail: q_l2 out of range. q_l2=10.7247
[DBG] L2Q Fail: q_l2 out of range. q_l2=10.7247
[DBG] L2Q Fail: q_l2 out of range. q_l2=9.56178
[DBG] L2Q Fail: q_l2 out of range. q_l2=9.56178
[DBG] L2Q Fail: q_l2 out of range. q_l2=14.69
[DBG] L2Q Fail: q_l2 out of range. q_l2=9.50084
[DBG] L2Q Fail: q_l2 out of range. q_l2=9.50084
Processing entry 11000000/37362801
[DBG] L2Q Fail: q_l2 out of range. q_l2=9.65081
[DBG] L2Q Fail: q_l2 out of range. q_l2=9.65081
[DBG] L2Q Fail: q_l2 out of range. q_l2=9.58922
[DBG] L2Q Fail: q_l2 out of range. q_l2=9.58922
[DBG] L2Q Fail: q_l2 out of range. q_l2=10.1822
[DBG] L2Q Fail: q_l2 out of range. q_l2=10.1822
[DBG] L2Q Fail: q_l2 out of range. q_l2=9.81286
[DBG] L2Q Fail: q_l2 out of range. q_l2=9.81286
[DBG] L2Q Fail: q_l2 out of range. q_l2=12.1376
[DBG] L2Q Fail: q_l2 out of range. q_l2=9.52755
[DBG] L2Q Fail: q_l2 out of range. q_l2=9.52755
[DBG] L2Q Fail: q_l2 out of range. q_l2=11.6986
[DBG] L2Q Fail: q_l2 out of range. q_l2=11.6986
[DBG] L2Q Fail: q_l2 out of range. q_l2=9.79978
[DBG] L2Q Fail: q_l2 out of range. q_l2=9.79978
[DBG] L2Q Fail: q_l2 out of range. q_l2=15.5577
[DBG] L2Q Fail: q_l2 out of range. q_l2=9.51633
[DBG] L2Q Fail: q_l2 out of range. q_l2=9.51633
[DBG] L2Q Fail: q_l2 out of range. q_l2=9.92567
[DBG] L2Q Fail: q_l2 out of range. q_l2=9.92567
[DBG] L2Q Fail: q_l2 out of range. q_l2=9.55208
[DBG] L2Q Fail: q_l2 out of range. q_l2=9.55208
[DBG] L2Q Fail: q_l2 out of range. q_l2=10.1626
[DBG] L2Q Fail: q_l2 out of range. q_l2=10.6463
Processing entry 12000000/37362801
[DBG] L2Q Fail: q_l2 out of range. q_l2=9.57508
[DBG] L2Q Fail: q_l2 out of range. q_l2=9.57508
[DBG] L2Q Fail: q_l2 out of range. q_l2=15.0403
[DBG] L2Q Fail: q_l2 out of range. q_l2=13.8586
[DBG] L2Q Fail: q_l2 out of range. q_l2=13.8586
[DBG] L2Q Fail: q_l2 out of range. q_l2=11.5092
[DBG] L2Q Fail: q_l2 out of range. q_l2=11.5092
[DBG] L2Q Fail: q_l2 out of range. q_l2=9.59464
[DBG] L2Q Fail: q_l2 out of range. q_l2=9.59464
[DBG] L2Q Fail: q_l2 out of range. q_l2=10.0856
[DBG] L2Q Fail: q_l2 out of range. q_l2=10.0856
[DBG] L2Q Fail: q_l2 out of range. q_l2=10.6184
[DBG] L2Q Fail: q_l2 out of range. q_l2=10.6184
[DBG] L2Q Fail: q_l2 out of range. q_l2=9.69797
[DBG] L2Q Fail: q_l2 out of range. q_l2=9.69797
[DBG] L2Q Fail: q_l2 out of range. q_l2=9.5103
[DBG] L2Q Fail: q_l2 out of range. q_l2=9.5103
[DBG] L2Q Fail: q_l2 out of range. q_l2=24.4025
[DBG] L2Q Fail: q_l2 out of range. q_l2=24.4025
[DBG] L2Q Fail: q_l2 out of range. q_l2=12.9284
[DBG] L2Q Fail: q_l2 out of range. q_l2=12.9284
[DBG] L2Q Fail: q_l2 out of range. q_l2=9.52957
[DBG] L2Q Fail: q_l2 out of range. q_l2=9.52957
[DBG] L2Q Fail: q_l2 out of range. q_l2=9.6676
[DBG] L2Q Fail: q_l2 out of range. q_l2=9.6676
[DBG] L2Q Fail: q_l2 out of range. q_l2=9.7711
[DBG] L2Q Fail: q_l2 out of range. q_l2=9.54985
[DBG] L2Q Fail: q_l2 out of range. q_l2=9.54985
[DBG] L2Q Fail: q_l2 out of range. q_l2=11.3877
[DBG] L2Q Fail: q_l2 out of range. q_l2=10.9663
Processing entry 13000000/37362801
[DBG] L2Q Fail: q_l2 out of range. q_l2=9.76937
[DBG] L2Q Fail: q_l2 out of range. q_l2=9.76937
[DBG] L2Q Fail: q_l2 out of range. q_l2=9.81009
[DBG] L2Q Fail: q_l2 out of range. q_l2=11.5789
[DBG] L2Q Fail: q_l2 out of range. q_l2=11.5789
[DBG] L2Q Fail: q_l2 out of range. q_l2=9.59255
[DBG] L2Q Fail: q_l2 out of range. q_l2=13.3526
[DBG] L2Q Fail: q_l2 out of range. q_l2=9.54789
[DBG] L2Q Fail: q_l2 out of range. q_l2=9.54789
Processing entry 14000000/37362801
[DBG] L2Q Fail: q_l2 out of range. q_l2=9.60264
[DBG] L2Q Fail: q_l2 out of range. q_l2=9.60264
[DBG] L2Q Fail: q_l2 out of range. q_l2=9.86935
[DBG] L2Q Fail: q_l2 out of range. q_l2=9.86935
[DBG] L2Q Fail: q_l2 out of range. q_l2=12.5517
[DBG] L2Q Fail: q_l2 out of range. q_l2=12.5517
[DBG] L2Q Fail: q_l2 out of range. q_l2=9.53017
[DBG] L2Q Fail: q_l2 out of range. q_l2=9.64507
[DBG] L2Q Fail: q_l2 out of range. q_l2=9.64507
[DBG] L2Q Fail: q_l2 out of range. q_l2=10.1549
[DBG] L2Q Fail: q_l2 out of range. q_l2=9.80052
[DBG] L2Q Fail: q_l2 out of range. q_l2=9.80052
[DBG] L2Q Fail: q_l2 out of range. q_l2=9.54868
[DBG] L2Q Fail: q_l2 out of range. q_l2=9.54868
[DBG] L2Q Fail: q_l2 out of range. q_l2=20.0092
[DBG] L2Q Fail: q_l2 out of range. q_l2=20.0092
[DBG] L2Q Fail: q_l2 out of range. q_l2=9.84183
[DBG] L2Q Fail: q_l2 out of range. q_l2=9.84183
[DBG] L2Q Fail: q_l2 out of range. q_l2=10.4633
Processing entry 15000000/37362801
[DBG] L2Q Fail: q_l2 out of range. q_l2=10.078
[DBG] L2Q Fail: q_l2 out of range. q_l2=10.078
[DBG] L2Q Fail: q_l2 out of range. q_l2=15.5386
[DBG] L2Q Fail: q_l2 out of range. q_l2=1.45218
[DBG] L2Q Fail: q_l2 out of range. q_l2=1.45218
[DBG] L2Q Fail: q_l2 out of range. q_l2=9.70479
[DBG] L2Q Fail: q_l2 out of range. q_l2=9.57557
[DBG] L2Q Fail: q_l2 out of range. q_l2=9.57557
[DBG] L2Q Fail: q_l2 out of range. q_l2=9.52706
[DBG] L2Q Fail: q_l2 out of range. q_l2=9.52706
Processing entry 16000000/37362801
[DBG] L2Q Fail: q_l2 out of range. q_l2=10.8763
[DBG] L2Q Fail: q_l2 out of range. q_l2=9.54947
[DBG] L2Q Fail: q_l2 out of range. q_l2=9.50792
[DBG] L2Q Fail: q_l2 out of range. q_l2=9.50792
[DBG] L2Q Fail: q_l2 out of range. q_l2=13.9961
[DBG] L2Q Fail: q_l2 out of range. q_l2=13.9961
[DBG] L2Q Fail: q_l2 out of range. q_l2=9.6765
[DBG] L2Q Fail: q_l2 out of range. q_l2=9.6765
[DBG] L2Q Fail: q_l2 out of range. q_l2=9.6268
[DBG] L2Q Fail: q_l2 out of range. q_l2=9.6268
[DBG] L2Q Fail: q_l2 out of range. q_l2=1.86213
[DBG] L2Q Fail: q_l2 out of range. q_l2=1.86213
[DBG] L2Q Fail: q_l2 out of range. q_l2=10.1558
[DBG] L2Q Fail: q_l2 out of range. q_l2=10.1558
[DBG] L2Q Fail: q_l2 out of range. q_l2=12.7362
[DBG] L2Q Fail: q_l2 out of range. q_l2=10.7454
[DBG] L2Q Fail: q_l2 out of range. q_l2=9.57309
[DBG] L2Q Fail: q_l2 out of range. q_l2=9.57309
[DBG] L2Q Fail: q_l2 out of range. q_l2=9.87809
[DBG] L2Q Fail: q_l2 out of range. q_l2=9.87809
[DBG] L2Q Fail: q_l2 out of range. q_l2=9.76044
[DBG] L2Q Fail: q_l2 out of range. q_l2=9.76044
[DBG] L2Q Fail: q_l2 out of range. q_l2=9.56025
[DBG] L2Q Fail: q_l2 out of range. q_l2=9.56025
[DBG] L2Q Fail: q_l2 out of range. q_l2=9.68078
[DBG] L2Q Fail: q_l2 out of range. q_l2=9.68078
Processing entry 17000000/37362801
[DBG] L2Q Fail: q_l2 out of range. q_l2=9.55077
[DBG] L2Q Fail: q_l2 out of range. q_l2=9.55077
[DBG] L2Q Fail: q_l2 out of range. q_l2=11.3807
[DBG] L2Q Fail: q_l2 out of range. q_l2=1.26229
[DBG] L2Q Fail: q_l2 out of range. q_l2=1.26229
[DBG] L2Q Fail: q_l2 out of range. q_l2=15.3981
[DBG] L2Q Fail: q_l2 out of range. q_l2=12.8309
Processing entry 18000000/37362801
[DBG] L2Q Fail: q_l2 out of range. q_l2=10.9454
[DBG] L2Q Fail: q_l2 out of range. q_l2=9.58125
[DBG] L2Q Fail: q_l2 out of range. q_l2=9.58125
[DBG] L2Q Fail: q_l2 out of range. q_l2=9.5722
[DBG] L2Q Fail: q_l2 out of range. q_l2=9.5722
[DBG] L2Q Fail: q_l2 out of range. q_l2=9.83867
[DBG] L2Q Fail: q_l2 out of range. q_l2=9.83867
[DBG] L2Q Fail: q_l2 out of range. q_l2=9.58409
[DBG] L2Q Fail: q_l2 out of range. q_l2=9.58409
[DBG] L2Q Fail: q_l2 out of range. q_l2=17.3387
[DBG] L2Q Fail: q_l2 out of range. q_l2=17.3387
[DBG] L2Q Fail: q_l2 out of range. q_l2=9.56808
[DBG] L2Q Fail: q_l2 out of range. q_l2=9.56808
[DBG] L2Q Fail: q_l2 out of range. q_l2=9.68976
[DBG] L2Q Fail: q_l2 out of range. q_l2=9.68976
[DBG] L2Q Fail: q_l2 out of range. q_l2=9.56779
[DBG] L2Q Fail: q_l2 out of range. q_l2=9.56779
[DBG] L2Q Fail: q_l2 out of range. q_l2=10.8448
[DBG] L2Q Fail: q_l2 out of range. q_l2=11.5422
[DBG] L2Q Fail: q_l2 out of range. q_l2=11.5422
Processing entry 19000000/37362801
[DBG] L2Q Fail: q_l2 out of range. q_l2=9.62464
[DBG] L2Q Fail: q_l2 out of range. q_l2=9.62464
[DBG] L2Q Fail: q_l2 out of range. q_l2=14.1146
[DBG] L2Q Fail: q_l2 out of range. q_l2=14.1146
[DBG] L2Q Fail: q_l2 out of range. q_l2=9.67875
[DBG] L2Q Fail: q_l2 out of range. q_l2=9.67875
Processing entry 20000000/37362801
[DBG] L2Q Fail: q_l2 out of range. q_l2=10.9076
[DBG] L2Q Fail: q_l2 out of range. q_l2=9.75602
[DBG] L2Q Fail: q_l2 out of range. q_l2=9.75602
[DBG] L2Q Fail: q_l2 out of range. q_l2=1.18373
[DBG] L2Q Fail: q_l2 out of range. q_l2=1.18373
[DBG] L2Q Fail: q_l2 out of range. q_l2=9.51217
[DBG] L2Q Fail: q_l2 out of range. q_l2=9.51217
[DBG] L2Q Fail: q_l2 out of range. q_l2=9.52496
[DBG] L2Q Fail: q_l2 out of range. q_l2=9.52496
[DBG] L2Q Fail: q_l2 out of range. q_l2=10.4358
[DBG] L2Q Fail: q_l2 out of range. q_l2=10.0101
[DBG] L2Q Fail: q_l2 out of range. q_l2=10.0101
[DBG] L2Q Fail: InvCDF failed. cdf_l2=1
[DBG] L2Q Fail: InvCDF failed. cdf_l2=1
[DBG] L2Q Fail: q_l2 out of range. q_l2=9.85594
[DBG] L2Q Fail: q_l2 out of range. q_l2=9.85594
[DBG] L2Q Fail: q_l2 out of range. q_l2=9.61618
[DBG] L2Q Fail: q_l2 out of range. q_l2=9.61618
[DBG] L2Q Fail: q_l2 out of range. q_l2=21.3011
[DBG] L2Q Fail: q_l2 out of range. q_l2=21.3011
[DBG] L2Q Fail: q_l2 out of range. q_l2=10.1153
[DBG] L2Q Fail: q_l2 out of range. q_l2=10.1153
[DBG] L2Q Fail: q_l2 out of range. q_l2=9.62705
[DBG] L2Q Fail: q_l2 out of range. q_l2=9.62705
[DBG] L2Q Fail: q_l2 out of range. q_l2=9.59805
[DBG] L2Q Fail: q_l2 out of range. q_l2=9.59805
[DBG] L2Q Fail: q_l2 out of range. q_l2=11.9664
Processing entry 21000000/37362801
[DBG] L2Q Fail: q_l2 out of range. q_l2=9.57989
[DBG] L2Q Fail: q_l2 out of range. q_l2=9.57989
[DBG] L2Q Fail: InvCDF failed. cdf_l2=1
[DBG] L2Q Fail: q_l2 out of range. q_l2=12.2533
[DBG] L2Q Fail: q_l2 out of range. q_l2=12.2533
[DBG] L2Q Fail: q_l2 out of range. q_l2=11.0722
[DBG] L2Q Fail: q_l2 out of range. q_l2=13.0771
[DBG] L2Q Fail: q_l2 out of range. q_l2=16.906
[DBG] L2Q Fail: q_l2 out of range. q_l2=16.906
[DBG] L2Q Fail: q_l2 out of range. q_l2=9.59775
[DBG] L2Q Fail: q_l2 out of range. q_l2=9.59775
[DBG] L2Q Fail: q_l2 out of range. q_l2=9.82488
[DBG] L2Q Fail: q_l2 out of range. q_l2=9.82488
[DBG] L2Q Fail: q_l2 out of range. q_l2=10.6072
[DBG] L2Q Fail: q_l2 out of range. q_l2=10.6072
Processing entry 22000000/37362801
[DBG] L2Q Fail: q_l2 out of range. q_l2=11.3824
[DBG] L2Q Fail: q_l2 out of range. q_l2=11.3824
[DBG] L2Q Fail: q_l2 out of range. q_l2=9.75083
[DBG] L2Q Fail: q_l2 out of range. q_l2=9.75083
[DBG] L2Q Fail: q_l2 out of range. q_l2=9.52697
[DBG] L2Q Fail: q_l2 out of range. q_l2=9.52697
[DBG] L2Q Fail: q_l2 out of range. q_l2=10.9389
[DBG] L2Q Fail: q_l2 out of range. q_l2=13.8472
[DBG] L2Q Fail: q_l2 out of range. q_l2=13.8472
[DBG] L2Q Fail: q_l2 out of range. q_l2=9.51712
[DBG] L2Q Fail: q_l2 out of range. q_l2=9.51712
[DBG] L2Q Fail: q_l2 out of range. q_l2=9.76557
[DBG] L2Q Fail: q_l2 out of range. q_l2=9.76557
[DBG] L2Q Fail: q_l2 out of range. q_l2=11.15
[DBG] L2Q Fail: q_l2 out of range. q_l2=11.15
[DBG] L2Q Fail: q_l2 out of range. q_l2=9.65509
[DBG] L2Q Fail: q_l2 out of range. q_l2=9.65509
Processing entry 23000000/37362801
[DBG] L2Q Fail: q_l2 out of range. q_l2=10.1301
[DBG] L2Q Fail: q_l2 out of range. q_l2=9.72522
[DBG] L2Q Fail: q_l2 out of range. q_l2=9.72522
[DBG] L2Q Fail: q_l2 out of range. q_l2=9.59178
[DBG] L2Q Fail: q_l2 out of range. q_l2=9.62602
[DBG] L2Q Fail: q_l2 out of range. q_l2=9.62602
[DBG] L2Q Fail: q_l2 out of range. q_l2=9.88766
[DBG] L2Q Fail: q_l2 out of range. q_l2=9.88766
[DBG] L2Q Fail: q_l2 out of range. q_l2=9.54046
[DBG] L2Q Fail: q_l2 out of range. q_l2=9.54046
Processing entry 24000000/37362801
[DBG] L2Q Fail: q_l2 out of range. q_l2=9.58507
[DBG] L2Q Fail: q_l2 out of range. q_l2=9.58507
[DBG] L2Q Fail: q_l2 out of range. q_l2=9.8405
[DBG] L2Q Fail: q_l2 out of range. q_l2=9.8405
[DBG] L2Q Fail: q_l2 out of range. q_l2=9.59492
[DBG] L2Q Fail: q_l2 out of range. q_l2=9.59492
[DBG] L2Q Fail: q_l2 out of range. q_l2=12.4768
[DBG] L2Q Fail: q_l2 out of range. q_l2=12.4768
[DBG] L2Q Fail: q_l2 out of range. q_l2=17.2184
[DBG] L2Q Fail: q_l2 out of range. q_l2=17.2184
[DBG] L2Q Fail: q_l2 out of range. q_l2=19.9922
[DBG] L2Q Fail: q_l2 out of range. q_l2=19.9922
[DBG] L2Q Fail: q_l2 out of range. q_l2=2.46175
[DBG] L2Q Fail: q_l2 out of range. q_l2=2.46175
[DBG] L2Q Fail: q_l2 out of range. q_l2=10.0923
[DBG] L2Q Fail: q_l2 out of range. q_l2=10.0923
[DBG] L2Q Fail: q_l2 out of range. q_l2=9.57003
[DBG] L2Q Fail: q_l2 out of range. q_l2=9.57003
[DBG] L2Q Fail: q_l2 out of range. q_l2=10.6902
[DBG] L2Q Fail: q_l2 out of range. q_l2=10.6902
[DBG] L2Q Fail: q_l2 out of range. q_l2=10.6902
[DBG] L2Q Fail: q_l2 out of range. q_l2=10.6902
Processing entry 25000000/37362801
[DBG] L2Q Fail: q_l2 out of range. q_l2=9.55079
[DBG] L2Q Fail: q_l2 out of range. q_l2=9.55079
[DBG] L2Q Fail: q_l2 out of range. q_l2=10.4778
[DBG] L2Q Fail: q_l2 out of range. q_l2=13.703
[DBG] L2Q Fail: q_l2 out of range. q_l2=13.703
[DBG] L2Q Fail: q_l2 out of range. q_l2=11.2714
[DBG] L2Q Fail: q_l2 out of range. q_l2=11.2714
[DBG] L2Q Fail: q_l2 out of range. q_l2=9.91204
[DBG] L2Q Fail: q_l2 out of range. q_l2=9.91204
[DBG] L2Q Fail: q_l2 out of range. q_l2=12.593
[DBG] L2Q Fail: q_l2 out of range. q_l2=12.593
[DBG] L2Q Fail: q_l2 out of range. q_l2=10.0932
[DBG] L2Q Fail: q_l2 out of range. q_l2=10.0932
Processing entry 26000000/37362801
[DBG] L2Q Fail: q_l2 out of range. q_l2=11.0371
[DBG] L2Q Fail: q_l2 out of range. q_l2=11.0371
[DBG] L2Q Fail: q_l2 out of range. q_l2=9.74744
[DBG] L2Q Fail: q_l2 out of range. q_l2=9.74744
[DBG] L2Q Fail: q_l2 out of range. q_l2=9.62808
[DBG] L2Q Fail: q_l2 out of range. q_l2=9.62808
[DBG] L2Q Fail: q_l2 out of range. q_l2=2.38153
[DBG] L2Q Fail: q_l2 out of range. q_l2=2.38153
[DBG] L2Q Fail: q_l2 out of range. q_l2=10.2088
[DBG] L2Q Fail: q_l2 out of range. q_l2=10.2088
[DBG] L2Q Fail: q_l2 out of range. q_l2=16.4365
[DBG] L2Q Fail: q_l2 out of range. q_l2=16.4365
Processing entry 27000000/37362801
[DBG] L2Q Fail: q_l2 out of range. q_l2=9.81751
[DBG] L2Q Fail: q_l2 out of range. q_l2=9.81751
[DBG] L2Q Fail: q_l2 out of range. q_l2=9.79161
[DBG] L2Q Fail: q_l2 out of range. q_l2=9.79161
[DBG] L2Q Fail: q_l2 out of range. q_l2=9.54904
[DBG] L2Q Fail: q_l2 out of range. q_l2=9.54904
[DBG] L2Q Fail: q_l2 out of range. q_l2=17.3441
[DBG] L2Q Fail: q_l2 out of range. q_l2=17.3441
[DBG] L2Q Fail: q_l2 out of range. q_l2=9.66728
[DBG] L2Q Fail: q_l2 out of range. q_l2=9.66728
Processing entry 28000000/37362801
[DBG] L2Q Fail: q_l2 out of range. q_l2=0.816439
[DBG] L2Q Fail: q_l2 out of range. q_l2=10.9368
[DBG] L2Q Fail: q_l2 out of range. q_l2=10.9368
[DBG] L2Q Fail: q_l2 out of range. q_l2=13.3915
[DBG] L2Q Fail: q_l2 out of range. q_l2=13.3915
[DBG] L2Q Fail: q_l2 out of range. q_l2=10.4409
[DBG] L2Q Fail: q_l2 out of range. q_l2=10.4409
[DBG] L2Q Fail: q_l2 out of range. q_l2=11.2894
[DBG] L2Q Fail: q_l2 out of range. q_l2=11.2894
[DBG] L2Q Fail: q_l2 out of range. q_l2=14.0255
[DBG] L2Q Fail: q_l2 out of range. q_l2=14.0255
[DBG] L2Q Fail: InvCDF failed. cdf_l2=1
[DBG] L2Q Fail: q_l2 out of range. q_l2=9.52112
[DBG] L2Q Fail: q_l2 out of range. q_l2=9.52112
[DBG] L2Q Fail: q_l2 out of range. q_l2=14.1854
[DBG] L2Q Fail: q_l2 out of range. q_l2=2.4442
[DBG] L2Q Fail: q_l2 out of range. q_l2=2.4442
[DBG] L2Q Fail: q_l2 out of range. q_l2=12.6883
[DBG] L2Q Fail: q_l2 out of range. q_l2=10.0301
[DBG] L2Q Fail: q_l2 out of range. q_l2=10.1544
[DBG] L2Q Fail: q_l2 out of range. q_l2=10.1544
[DBG] L2Q Fail: q_l2 out of range. q_l2=10.2334
Processing entry 29000000/37362801
[DBG] L2Q Fail: q_l2 out of range. q_l2=1.41859
[DBG] L2Q Fail: q_l2 out of range. q_l2=11.7252
[DBG] L2Q Fail: q_l2 out of range. q_l2=9.92328
[DBG] L2Q Fail: q_l2 out of range. q_l2=9.52376
[DBG] L2Q Fail: q_l2 out of range. q_l2=9.6997
[DBG] L2Q Fail: q_l2 out of range. q_l2=9.6997
Processing entry 30000000/37362801
[DBG] L2Q Fail: q_l2 out of range. q_l2=14.1232
[DBG] L2Q Fail: q_l2 out of range. q_l2=14.1232
[DBG] L2Q Fail: q_l2 out of range. q_l2=9.50524
[DBG] L2Q Fail: q_l2 out of range. q_l2=9.50524
[DBG] L2Q Fail: q_l2 out of range. q_l2=9.7322
[DBG] L2Q Fail: q_l2 out of range. q_l2=9.7322
[DBG] L2Q Fail: q_l2 out of range. q_l2=15.0263
[DBG] L2Q Fail: q_l2 out of range. q_l2=15.0263
[DBG] L2Q Fail: q_l2 out of range. q_l2=12.376
[DBG] L2Q Fail: q_l2 out of range. q_l2=17.031
[DBG] L2Q Fail: q_l2 out of range. q_l2=17.031
[DBG] L2Q Fail: q_l2 out of range. q_l2=11.7655
[DBG] L2Q Fail: q_l2 out of range. q_l2=11.7655
[DBG] L2Q Fail: q_l2 out of range. q_l2=16.1097
[DBG] L2Q Fail: q_l2 out of range. q_l2=10.6884
[DBG] L2Q Fail: q_l2 out of range. q_l2=10.6884
[DBG] L2Q Fail: q_l2 out of range. q_l2=12.8594
Processing entry 31000000/37362801
[DBG] L2Q Fail: q_l2 out of range. q_l2=9.66602
[DBG] L2Q Fail: q_l2 out of range. q_l2=9.66602
[DBG] L2Q Fail: q_l2 out of range. q_l2=11.4338
[DBG] L2Q Fail: q_l2 out of range. q_l2=9.99645
[DBG] L2Q Fail: q_l2 out of range. q_l2=9.99645
[DBG] L2Q Fail: q_l2 out of range. q_l2=11.3901
[DBG] L2Q Fail: q_l2 out of range. q_l2=9.78378
[DBG] L2Q Fail: q_l2 out of range. q_l2=9.78378
[DBG] L2Q Fail: q_l2 out of range. q_l2=9.79098
[DBG] L2Q Fail: q_l2 out of range. q_l2=9.79098
[DBG] L2Q Fail: q_l2 out of range. q_l2=1.49015
[DBG] L2Q Fail: q_l2 out of range. q_l2=9.78862
[DBG] L2Q Fail: q_l2 out of range. q_l2=9.78862
[DBG] L2Q Fail: q_l2 out of range. q_l2=13.0042
[DBG] L2Q Fail: q_l2 out of range. q_l2=13.0042
[DBG] L2Q Fail: q_l2 out of range. q_l2=10.9749
Processing entry 32000000/37362801
[DBG] L2Q Fail: q_l2 out of range. q_l2=9.52134
[DBG] L2Q Fail: q_l2 out of range. q_l2=9.55959
[DBG] L2Q Fail: q_l2 out of range. q_l2=9.55959
[DBG] L2Q Fail: q_l2 out of range. q_l2=10.2315
[DBG] L2Q Fail: q_l2 out of range. q_l2=10.5997
[DBG] L2Q Fail: q_l2 out of range. q_l2=10.5997
[DBG] L2Q Fail: q_l2 out of range. q_l2=10.3856
[DBG] L2Q Fail: q_l2 out of range. q_l2=10.3856
[DBG] L2Q Fail: q_l2 out of range. q_l2=10.8354
[DBG] L2Q Fail: q_l2 out of range. q_l2=10.8354
[DBG] L2Q Fail: q_l2 out of range. q_l2=10.2655
[DBG] L2Q Fail: q_l2 out of range. q_l2=10.2655
Processing entry 33000000/37362801
[DBG] L2Q Fail: q_l2 out of range. q_l2=9.52153
[DBG] L2Q Fail: q_l2 out of range. q_l2=9.52153
[DBG] L2Q Fail: q_l2 out of range. q_l2=9.97428
[DBG] L2Q Fail: q_l2 out of range. q_l2=9.97428
[DBG] L2Q Fail: q_l2 out of range. q_l2=12.6332
[DBG] L2Q Fail: q_l2 out of range. q_l2=12.6332
[DBG] L2Q Fail: q_l2 out of range. q_l2=21.4687
[DBG] L2Q Fail: q_l2 out of range. q_l2=21.4687
[DBG] L2Q Fail: q_l2 out of range. q_l2=9.52387
[DBG] L2Q Fail: q_l2 out of range. q_l2=9.52387
[DBG] L2Q Fail: q_l2 out of range. q_l2=9.62438
[DBG] L2Q Fail: q_l2 out of range. q_l2=17.1341
Processing entry 34000000/37362801
[DBG] L2Q Fail: q_l2 out of range. q_l2=9.67663
[DBG] L2Q Fail: q_l2 out of range. q_l2=9.67663
[DBG] L2Q Fail: q_l2 out of range. q_l2=9.80603
[DBG] L2Q Fail: q_l2 out of range. q_l2=9.80603
[DBG] L2Q Fail: q_l2 out of range. q_l2=1.65419
[DBG] L2Q Fail: q_l2 out of range. q_l2=10.4877
[DBG] L2Q Fail: q_l2 out of range. q_l2=10.4877
[DBG] L2Q Fail: q_l2 out of range. q_l2=9.58965
[DBG] L2Q Fail: q_l2 out of range. q_l2=9.58965
[DBG] L2Q Fail: q_l2 out of range. q_l2=17.4145
[DBG] L2Q Fail: q_l2 out of range. q_l2=25.9426
[DBG] L2Q Fail: q_l2 out of range. q_l2=25.9426
[DBG] L2Q Fail: q_l2 out of range. q_l2=10.7455
[DBG] L2Q Fail: q_l2 out of range. q_l2=9.54505
[DBG] L2Q Fail: q_l2 out of range. q_l2=9.54505
[DBG] L2Q Fail: q_l2 out of range. q_l2=12.6592
[DBG] L2Q Fail: q_l2 out of range. q_l2=12.6592
[DBG] L2Q Fail: q_l2 out of range. q_l2=14.1025
[DBG] L2Q Fail: q_l2 out of range. q_l2=14.1025
[DBG] L2Q Fail: q_l2 out of range. q_l2=9.66895
[DBG] L2Q Fail: q_l2 out of range. q_l2=9.66895
[DBG] L2Q Fail: q_l2 out of range. q_l2=2.16215
[DBG] L2Q Fail: q_l2 out of range. q_l2=2.16215
[DBG] L2Q Fail: q_l2 out of range. q_l2=10.318
[DBG] L2Q Fail: q_l2 out of range. q_l2=10.318
[DBG] L2Q Fail: q_l2 out of range. q_l2=10.318
[DBG] L2Q Fail: q_l2 out of range. q_l2=10.318
Processing entry 35000000/37362801
[DBG] L2Q Fail: q_l2 out of range. q_l2=9.55068
[DBG] L2Q Fail: q_l2 out of range. q_l2=9.55068
[DBG] L2Q Fail: q_l2 out of range. q_l2=13.997
[DBG] L2Q Fail: q_l2 out of range. q_l2=13.997
[DBG] L2Q Fail: q_l2 out of range. q_l2=12.6322
[DBG] L2Q Fail: q_l2 out of range. q_l2=12.6322
[DBG] L2Q Fail: q_l2 out of range. q_l2=9.52322
[DBG] L2Q Fail: q_l2 out of range. q_l2=9.52322
[DBG] L2Q Fail: q_l2 out of range. q_l2=9.78652
[DBG] L2Q Fail: q_l2 out of range. q_l2=13.6629
[DBG] L2Q Fail: q_l2 out of range. q_l2=13.6629
[DBG] L2Q Fail: q_l2 out of range. q_l2=9.65374
[DBG] L2Q Fail: q_l2 out of range. q_l2=9.65374
[DBG] L2Q Fail: q_l2 out of range. q_l2=10.0247
[DBG] L2Q Fail: q_l2 out of range. q_l2=10.0247
[DBG] L2Q Fail: q_l2 out of range. q_l2=12.6037
[DBG] L2Q Fail: q_l2 out of range. q_l2=9.51429
[DBG] L2Q Fail: q_l2 out of range. q_l2=9.51429
[DBG] L2Q Fail: q_l2 out of range. q_l2=12.379
Processing entry 36000000/37362801
[DBG] L2Q Fail: q_l2 out of range. q_l2=11.9873
[DBG] L2Q Fail: q_l2 out of range. q_l2=11.9873
[DBG] L2Q Fail: q_l2 out of range. q_l2=9.66894
[DBG] L2Q Fail: q_l2 out of range. q_l2=9.66894
[DBG] L2Q Fail: q_l2 out of range. q_l2=9.66894
[DBG] L2Q Fail: q_l2 out of range. q_l2=9.66894
[DBG] L2Q Fail: q_l2 out of range. q_l2=9.55437
[DBG] L2Q Fail: q_l2 out of range. q_l2=9.55437
[DBG] L2Q Fail: q_l2 out of range. q_l2=9.66976
[DBG] L2Q Fail: q_l2 out of range. q_l2=9.66976
[DBG] L2Q Fail: q_l2 out of range. q_l2=9.67301
[DBG] L2Q Fail: q_l2 out of range. q_l2=9.67301
[DBG] L2Q Fail: q_l2 out of range. q_l2=13.8784
[DBG] L2Q Fail: q_l2 out of range. q_l2=9.69397
[DBG] L2Q Fail: q_l2 out of range. q_l2=9.69397
Processing entry 37000000/37362801
[DBG] L2Q Fail: InvCDF failed. cdf_l2=1
[DBG] L2Q Fail: q_l2 out of range. q_l2=18.9975
[DBG] L2Q Fail: q_l2 out of range. q_l2=18.9975
Event processing completed
Saving all results to file...
Analysis finished.
Analysis completed successfully
[INFO] Finished: /eos/user/z/zixuan/Isotope/ISS/Be/newbasic_L1Q2to8_part5.root
	Command being timed: "/afs/cern.ch/user/z/zixuan/public/AMSIsotopeFramework/submit/ISSBer.sh /eos/ams/group/ihep/zixuan/filter/newbasic_L1Q2to8_part5.root"
	User time (seconds): 469.44
	System time (seconds): 13.93
	Percent of CPU this job got: 36%
	Elapsed (wall clock) time (h:mm:ss or m:ss): 21:49.63
	Average shared text size (kbytes): 0
	Average unshared data size (kbytes): 0
	Average stack size (kbytes): 0
	Average total size (kbytes): 0
	Maximum resident set size (kbytes): 1828788
	Average resident set size (kbytes): 0
	Major (requiring I/O) page faults: 759
	Minor (reclaiming a frame) page faults: 955824
	Voluntary context switches: 269492
	Involuntary context switches: 67352
	Swaps: 0
	File system inputs: 0
	File system outputs: 32
	Socket messages sent: 0
	Socket messages received: 0
	Signals delivered: 0
	Page size (bytes): 4096
	Exit status: 0
