***************************************************
* Importing amsvar ... 
***************************************************
* USLC=9 UCC=icc64 UICC=2023 UGCC=1310 UROOT=6
* ROOTSYS=/cvmfs/sft.cern.ch/lcg/app/releases/ROOT/6.32.06/x86_64-almalinux9.4-gcc114-opt
* Compiler: icpx
* CXXFLAGS: -pthread -std=c++17 -m64 -pthread -std=c++17 -m64 -I/cvmfs/sft.cern.ch/lcg/app/releases/ROOT/6.32.06/x86_64-almalinux9.4-gcc114-opt/include -O3 -D_GLIBCXX_USE_CXX11_ABI=0
* Red Hat Enterprise Linux release 9.7 (Plow)
***************************************************
Intel(R) oneAPI DPC++/C++ Compiler 2023.2.0 (2023.2.0.20230721)
Target: x86_64-unknown-linux-gnu
Thread model: posix
InstalledDir: /cvmfs/projects.cern.ch/intelsw/oneAPI/linux/x86_64/2023/compiler/2023.2.1/linux/bin-llvm
Configuration file: /cvmfs/projects.cern.ch/intelsw/oneAPI/linux/x86_64/2023/compiler/2023.2.1/linux/bin-llvm/../bin/icpx.cfg
ROOT version: 6.32.06
LD_LIBRARY_PATH: /cvmfs/projects.cern.ch/intelsw/oneAPI/linux/x86_64/2023/compiler/latest/linux/lib:/cvmfs/projects.cern.ch/intelsw/oneAPI/linux/x86_64/2023/compiler/2023.2.1/linux/lib:/cvmfs/projects.cern.ch/intelsw/oneAPI/linux/x86_64/2023/compiler/2023.2.1/linux/lib/x64:/cvmfs/projects.cern.ch/intelsw/oneAPI/linux/x86_64/2023/compiler/2023.2.1/linux/lib/oclfpga/host/linux64/lib:/cvmfs/projects.cern.ch/intelsw/oneAPI/linux/x86_64/2023/compiler/2023.2.1/linux/compiler/lib/intel64_lin:/cvmfs/sft.cern.ch/lcg/releases/gcc/11.3.0-de683/x86_64-el9/lib:/cvmfs/sft.cern.ch/lcg/releases/gcc/11.3.0-de683/x86_64-el9/lib64:/cvmfs/sft.cern.ch/lcg/releases/binutils/2.40-acaab/x86_64-el9/lib:/cvmfs/sft.cern.ch/lcg/app/releases/ROOT/6.32.06/x86_64-almalinux9.4-gcc114-opt/lib:.:/cvmfs/ams.cern.ch/opt/xrootd-4.8.2.el9/lib64:/cvmfs/ams.cern.ch/opt/castor.cc7/lib:/cvmfs/ams.cern.ch/opt/lib64_EL9
Arguments after sourcing scripts: /eos/ams/group/ihep/zixuan/filter/newbasic_L1Q2to8_part2.root
Number of arguments: 1
[INFO] Using list: /eos/ams/group/ihep/zixuan/filter/newbasic_L1Q2to8_part2.root
[INFO] Output file: /eos/user/z/zixuan/Isotope/ISS/Be/newbasic_L1Q2to8_part2.root
Analyzer configured for: Beryllium (ISS Data), Z=4, A=7, isNoBkgCut=0, FragmentZ=4
BinningManager: Pre-calculating bins for all isotopes (Z=1 to 8)...
BinningManager initialized with 67 general/isotope-specific bins and 0 total isotope-specific beta binnings.
HistManager: Output file '/eos/user/z/zixuan/Isotope/ISS/Be/newbasic_L1Q2to8_part2.root' opened.
DEBUG: Niso=3 charge=4
DEBUG: iso ptr=0x7f9dd0fd4950
DEBUG: ID Hists
DEBUG: BKG Hists
DEBUG: Flux Hists
DEBUG Finish Hist Defination
IsotopeAnalyzer initialized with Warning in <TNetXNGFile::Init>: no StreamerInfo found in root://eosams.cern.ch//eos/ams/group/ihep/zixuan/filter/newbasic_L1Q2to8_part2.root therefore preventing schema evolution when reading this file. The file was produced with ROOT version 6.36.04, while the current version is 6.32.06
Error in <TBufferFile::ReadClassBuffer>: Could not find the StreamerInfo for version 3 of the class TAttMarker, object skipped at offset 148
Error in <TBufferFile::CheckByteCount>: object of class TAttMarker read too few bytes: 2 instead of 10
32231180 entries.
Error in <TChain::SetBranchAddress>: unknown branch -> livetime
Error in <TChain::SetBranchAddress>: unknown branch -> irti
Error in <TChain::SetBranchAddress>: unknown branch -> issaa
Error in <TChain::SetBranchAddress>: unknown branch -> rtilf
Error in <TChain::SetBranchAddress>: unknown branch -> rtinev
Error in <TChain::SetBranchAddress>: unknown branch -> rtinerr
Error in <TChain::SetBranchAddress>: unknown branch -> rtintrig
Error in <TChain::SetBranchAddress>: unknown branch -> rtinpar
Error in <TChain::SetBranchAddress>: unknown branch -> rtigood
Error in <TChain::SetBranchAddress>: unknown branch -> rtinexl
Error in <TChain::SetBranchAddress>: unknown branch -> rticdif
Error in <TChain::SetBranchAddress>: unknown branch -> nparticle
Error in <TChain::SetBranchAddress>: unknown branch -> nbetah
Error in <TChain::SetBranchAddress>: unknown branch -> nbeta
Error in <TChain::SetBranchAddress>: unknown branch -> btstat_pR
Error in <TChain::SetBranchAddress>: unknown branch -> btstat_new
Error in <TChain::SetBranchAddress>: unknown branch -> charge_pR
Error in <TChain::SetBranchAddress>: unknown branch -> iparindex
Error in <TChain::SetBranchAddress>: unknown branch -> cutoffp
Error in <TChain::SetBranchAddress>: unknown branch -> betah2p
Error in <TChain::SetBranchAddress>: unknown branch -> betah2q
Error in <TChain::SetBranchAddress>: unknown branch -> betah2ch
Error in <TChain::SetBranchAddress>: unknown branch -> tk_qrms
Error in <TChain::SetBranchAddress>: unknown branch -> tk_ql
Error in <TChain::SetBranchAddress>: unknown branch -> tk_qlsn
Error in <TChain::SetBranchAddress>: unknown branch -> tk_iso
Error in <TChain::SetBranchAddress>: unknown branch -> tk_exql
Error in <TChain::SetBranchAddress>: unknown branch -> tk_exdis
Error in <TChain::SetBranchAddress>: unknown branch -> tk_dir0
Error in <TChain::SetBranchAddress>: unknown branch -> tof_bpatt
Error in <TChain::SetBranchAddress>: unknown branch -> tof_beta
Error in <TChain::SetBranchAddress>: unknown branch -> tof_betah_oldtune
Error in <TChain::SetBranchAddress>: unknown branch -> tof_trapezoidedge
Error in <TChain::SetBranchAddress>: unknown branch -> tof_edge
Error in <TChain::SetBranchAddress>: unknown branch -> tof_goodgeo
Error in <TChain::SetBranchAddress>: unknown branch -> tof_z
Error in <TChain::SetBranchAddress>: unknown branch -> tof_pz
Error in <TChain::SetBranchAddress>: unknown branch -> tof_q
Error in <TChain::SetBranchAddress>: unknown branch -> tof_qrms
Error in <TChain::SetBranchAddress>: unknown branch -> tof_ql1
Error in <TChain::SetBranchAddress>: unknown branch -> tof_qs
Error in <TChain::SetBranchAddress>: unknown branch -> rich_itrtrack
Error in <TChain::SetBranchAddress>: unknown branch -> rich_udis
Error in <TChain::SetBranchAddress>: unknown branch -> rich_used
Error in <TChain::SetBranchAddress>: unknown branch -> rich_stat
Error in <TChain::SetBranchAddress>: unknown branch -> rich_width
Error in <TChain::SetBranchAddress>: unknown branch -> rich_pmt1
Error in <TChain::SetBranchAddress>: unknown branch -> rich_PMTChargeConsistency
Error in <TChain::SetBranchAddress>: unknown branch -> rich_BetaConsistency
Error in <TChain::SetBranchAddress>: unknown branch -> rich_pos_tkItr
Error in <TChain::SetBranchAddress>: unknown branch -> rich_goodgeo
Error in <TChain::SetBranchAddress>: unknown branch -> rich_theta_tkItr
Error in <TChain::SetBranchAddress>: unknown branch -> rich_phi_tkItr
Error in <TChain::SetBranchAddress>: unknown branch -> rich_n
Error in <TChain::SetBranchAddress>: unknown branch -> mmom
Error in <TChain::SetBranchAddress>: unknown branch -> mch
Error in <TChain::SetBranchAddress>: unknown branch -> mtrmom
Error in <TChain::SetBranchAddress>: unknown branch -> mtrpar
Total entries: 32231180 | isISS=1 | Z=4 | A=7
[INFO] Initializing Charge Tuning System (EGE model, optimized)...
[INFO] Charge Tuning System initialized. Loaded 636 valid EGE lookup tables using integer keys.
Processing entry 0/32231180
[DBG] L2Q Fail: q_l2 out of range. q_l2=11.7575
[DBG] L2Q Fail: q_l2 out of range. q_l2=11.7575
[DBG] L2Q Fail: q_l2 out of range. q_l2=9.98222
[DBG] L2Q Fail: q_l2 out of range. q_l2=10.2828
[DBG] L2Q Fail: q_l2 out of range. q_l2=10.2828
[DBG] L2Q Fail: q_l2 out of range. q_l2=1.08153
[DBG] L2Q Fail: q_l2 out of range. q_l2=9.60288
[DBG] L2Q Fail: q_l2 out of range. q_l2=9.60288
[DBG] L2Q Fail: q_l2 out of range. q_l2=9.66046
[DBG] L2Q Fail: q_l2 out of range. q_l2=9.66046
[DBG] L2Q Fail: q_l2 out of range. q_l2=9.66578
[DBG] L2Q Fail: q_l2 out of range. q_l2=9.66578
[DBG] L2Q Fail: q_l2 out of range. q_l2=14.1626
Processing entry 1000000/32231180
[DBG] L2Q Fail: q_l2 out of range. q_l2=9.52872
[DBG] L2Q Fail: q_l2 out of range. q_l2=9.52872
[DBG] L2Q Fail: q_l2 out of range. q_l2=10.6998
[DBG] L2Q Fail: q_l2 out of range. q_l2=10.6998
[DBG] L2Q Fail: q_l2 out of range. q_l2=9.50433
[DBG] L2Q Fail: q_l2 out of range. q_l2=9.50433
[DBG] L2Q Fail: q_l2 out of range. q_l2=9.63332
[DBG] L2Q Fail: q_l2 out of range. q_l2=9.63332
[DBG] L2Q Fail: q_l2 out of range. q_l2=12.6018
[DBG] L2Q Fail: q_l2 out of range. q_l2=12.6018
[DBG] L2Q Fail: q_l2 out of range. q_l2=9.6157
[DBG] L2Q Fail: q_l2 out of range. q_l2=9.6157
[DBG] L2Q Fail: q_l2 out of range. q_l2=9.56321
[DBG] L2Q Fail: q_l2 out of range. q_l2=9.56321
[DBG] L2Q Fail: q_l2 out of range. q_l2=9.77529
[DBG] L2Q Fail: q_l2 out of range. q_l2=9.77529
[DBG] L2Q Fail: q_l2 out of range. q_l2=9.77529
[DBG] L2Q Fail: q_l2 out of range. q_l2=9.77529
[DBG] L2Q Fail: q_l2 out of range. q_l2=12.288
[DBG] L2Q Fail: q_l2 out of range. q_l2=12.288
[DBG] L2Q Fail: q_l2 out of range. q_l2=17.2824
[DBG] L2Q Fail: q_l2 out of range. q_l2=9.57613
[DBG] L2Q Fail: q_l2 out of range. q_l2=9.57613
[DBG] L2Q Fail: q_l2 out of range. q_l2=9.63213
[DBG] L2Q Fail: q_l2 out of range. q_l2=9.63213
[DBG] L2Q Fail: q_l2 out of range. q_l2=18.8541
[DBG] L2Q Fail: q_l2 out of range. q_l2=18.8541
Processing entry 2000000/32231180
[DBG] L2Q Fail: q_l2 out of range. q_l2=9.94875
[DBG] L2Q Fail: q_l2 out of range. q_l2=9.94875
[DBG] L2Q Fail: q_l2 out of range. q_l2=9.51757
[DBG] L2Q Fail: q_l2 out of range. q_l2=9.51757
[DBG] L2Q Fail: q_l2 out of range. q_l2=0.770914
[DBG] L2Q Fail: q_l2 out of range. q_l2=0.770914
[DBG] L2Q Fail: q_l2 out of range. q_l2=9.77166
[DBG] L2Q Fail: q_l2 out of range. q_l2=9.79145
[DBG] L2Q Fail: q_l2 out of range. q_l2=9.79145
[DBG] L2Q Fail: q_l2 out of range. q_l2=10.5461
[DBG] L2Q Fail: q_l2 out of range. q_l2=10.5461
[DBG] L2Q Fail: q_l2 out of range. q_l2=9.63914
[DBG] L2Q Fail: q_l2 out of range. q_l2=9.63914
[DBG] L2Q Fail: q_l2 out of range. q_l2=11.6499
[DBG] L2Q Fail: q_l2 out of range. q_l2=11.6499
[DBG] L2Q Fail: q_l2 out of range. q_l2=9.72409
[DBG] L2Q Fail: q_l2 out of range. q_l2=9.72409
[DBG] L2Q Fail: q_l2 out of range. q_l2=9.52937
[DBG] L2Q Fail: q_l2 out of range. q_l2=9.52937
[DBG] L2Q Fail: q_l2 out of range. q_l2=9.77995
[DBG] L2Q Fail: q_l2 out of range. q_l2=9.77995
[DBG] L2Q Fail: q_l2 out of range. q_l2=9.68527
[DBG] L2Q Fail: q_l2 out of range. q_l2=9.68527
Processing entry 3000000/32231180
[DBG] L2Q Fail: q_l2 out of range. q_l2=9.8343
[DBG] L2Q Fail: q_l2 out of range. q_l2=9.8343
[DBG] L2Q Fail: q_l2 out of range. q_l2=10.261
[DBG] L2Q Fail: q_l2 out of range. q_l2=10.261
[DBG] L2Q Fail: q_l2 out of range. q_l2=9.87768
[DBG] L2Q Fail: q_l2 out of range. q_l2=9.87768
[DBG] L2Q Fail: q_l2 out of range. q_l2=9.53812
[DBG] L2Q Fail: q_l2 out of range. q_l2=9.53812
[DBG] L2Q Fail: q_l2 out of range. q_l2=9.50082
[DBG] L2Q Fail: q_l2 out of range. q_l2=9.50082
[DBG] L2Q Fail: q_l2 out of range. q_l2=12.5439
[DBG] L2Q Fail: q_l2 out of range. q_l2=12.5439
[DBG] L2Q Fail: q_l2 out of range. q_l2=9.60706
[DBG] L2Q Fail: q_l2 out of range. q_l2=9.60706
[DBG] L2Q Fail: q_l2 out of range. q_l2=9.72358
[DBG] L2Q Fail: q_l2 out of range. q_l2=9.72358
Processing entry 4000000/32231180
[DBG] L2Q Fail: q_l2 out of range. q_l2=9.99411
[DBG] L2Q Fail: q_l2 out of range. q_l2=9.99411
[DBG] L2Q Fail: q_l2 out of range. q_l2=15.4099
[DBG] L2Q Fail: q_l2 out of range. q_l2=9.6277
[DBG] L2Q Fail: q_l2 out of range. q_l2=9.6277
[DBG] L2Q Fail: q_l2 out of range. q_l2=18.7643
[DBG] L2Q Fail: q_l2 out of range. q_l2=18.7643
[DBG] L2Q Fail: q_l2 out of range. q_l2=9.80037
[DBG] L2Q Fail: q_l2 out of range. q_l2=9.80037
[DBG] L2Q Fail: q_l2 out of range. q_l2=11.387
Processing entry 5000000/32231180
[DBG] L2Q Fail: q_l2 out of range. q_l2=16.9423
[DBG] L2Q Fail: q_l2 out of range. q_l2=16.9423
[DBG] L2Q Fail: q_l2 out of range. q_l2=10.2752
[DBG] L2Q Fail: q_l2 out of range. q_l2=10.2752
[DBG] L2Q Fail: q_l2 out of range. q_l2=11.7454
[DBG] L2Q Fail: q_l2 out of range. q_l2=14.1378
[DBG] L2Q Fail: q_l2 out of range. q_l2=14.1378
[DBG] L2Q Fail: q_l2 out of range. q_l2=9.73537
[DBG] L2Q Fail: q_l2 out of range. q_l2=9.73537
[DBG] L2Q Fail: q_l2 out of range. q_l2=10.1322
[DBG] L2Q Fail: q_l2 out of range. q_l2=10.1322
[DBG] L2Q Fail: q_l2 out of range. q_l2=9.54209
[DBG] L2Q Fail: q_l2 out of range. q_l2=9.54209
[DBG] L2Q Fail: q_l2 out of range. q_l2=9.55157
[DBG] L2Q Fail: q_l2 out of range. q_l2=9.55157
[DBG] L2Q Fail: q_l2 out of range. q_l2=9.60504
[DBG] L2Q Fail: q_l2 out of range. q_l2=9.60504
[DBG] L2Q Fail: q_l2 out of range. q_l2=16.8418
[DBG] L2Q Fail: q_l2 out of range. q_l2=14.6839
[DBG] L2Q Fail: q_l2 out of range. q_l2=9.73811
[DBG] L2Q Fail: q_l2 out of range. q_l2=9.73811
Processing entry 6000000/32231180
[DBG] L2Q Fail: q_l2 out of range. q_l2=20.803
[DBG] L2Q Fail: q_l2 out of range. q_l2=20.803
[DBG] L2Q Fail: q_l2 out of range. q_l2=9.93756
[DBG] L2Q Fail: q_l2 out of range. q_l2=9.93756
[DBG] L2Q Fail: q_l2 out of range. q_l2=9.55444
[DBG] L2Q Fail: q_l2 out of range. q_l2=9.55444
[DBG] L2Q Fail: q_l2 out of range. q_l2=10.1583
[DBG] L2Q Fail: q_l2 out of range. q_l2=9.58693
[DBG] L2Q Fail: q_l2 out of range. q_l2=9.58693
[DBG] L2Q Fail: q_l2 out of range. q_l2=9.78157
[DBG] L2Q Fail: q_l2 out of range. q_l2=9.78157
[DBG] L2Q Fail: q_l2 out of range. q_l2=10.9324
[DBG] L2Q Fail: q_l2 out of range. q_l2=10.9324
[DBG] L2Q Fail: q_l2 out of range. q_l2=9.64215
[DBG] L2Q Fail: q_l2 out of range. q_l2=9.64215
[DBG] L2Q Fail: q_l2 out of range. q_l2=15.4932
[DBG] L2Q Fail: q_l2 out of range. q_l2=15.4932
[DBG] L2Q Fail: q_l2 out of range. q_l2=9.80293
[DBG] L2Q Fail: q_l2 out of range. q_l2=9.80293
[DBG] L2Q Fail: q_l2 out of range. q_l2=14.1457
[DBG] L2Q Fail: q_l2 out of range. q_l2=9.61647
[DBG] L2Q Fail: q_l2 out of range. q_l2=9.58567
[DBG] L2Q Fail: q_l2 out of range. q_l2=9.58567
[DBG] L2Q Fail: q_l2 out of range. q_l2=9.62162
[DBG] L2Q Fail: q_l2 out of range. q_l2=9.62162
[DBG] L2Q Fail: q_l2 out of range. q_l2=9.56223
[DBG] L2Q Fail: q_l2 out of range. q_l2=9.56223
[DBG] L2Q Fail: q_l2 out of range. q_l2=9.81148
[DBG] L2Q Fail: q_l2 out of range. q_l2=11.2466
[DBG] L2Q Fail: q_l2 out of range. q_l2=9.57562
[DBG] L2Q Fail: q_l2 out of range. q_l2=9.57562
[DBG] L2Q Fail: q_l2 out of range. q_l2=9.7232
[DBG] L2Q Fail: q_l2 out of range. q_l2=9.7232
[DBG] L2Q Fail: q_l2 out of range. q_l2=14.2845
[DBG] L2Q Fail: q_l2 out of range. q_l2=14.2845
Processing entry 7000000/32231180
[DBG] L2Q Fail: q_l2 out of range. q_l2=15.8799
[DBG] L2Q Fail: q_l2 out of range. q_l2=15.8799
[DBG] L2Q Fail: q_l2 out of range. q_l2=15.7119
[DBG] L2Q Fail: q_l2 out of range. q_l2=18.4665
[DBG] L2Q Fail: q_l2 out of range. q_l2=18.4665
[DBG] L2Q Fail: q_l2 out of range. q_l2=11.2093
[DBG] L2Q Fail: q_l2 out of range. q_l2=11.2093
[DBG] L2Q Fail: q_l2 out of range. q_l2=10.0257
[DBG] L2Q Fail: q_l2 out of range. q_l2=10.0257
[DBG] L2Q Fail: q_l2 out of range. q_l2=11.1291
[DBG] L2Q Fail: q_l2 out of range. q_l2=11.1291
[DBG] L2Q Fail: q_l2 out of range. q_l2=15.7593
[DBG] L2Q Fail: q_l2 out of range. q_l2=15.7593
[DBG] L2Q Fail: q_l2 out of range. q_l2=11.125
[DBG] L2Q Fail: q_l2 out of range. q_l2=9.61311
[DBG] L2Q Fail: q_l2 out of range. q_l2=9.61311
[DBG] L2Q Fail: q_l2 out of range. q_l2=9.54623
[DBG] L2Q Fail: q_l2 out of range. q_l2=9.54623
[DBG] L2Q Fail: q_l2 out of range. q_l2=10.6645
[DBG] L2Q Fail: q_l2 out of range. q_l2=10.6645
[DBG] L2Q Fail: q_l2 out of range. q_l2=17.2582
[DBG] L2Q Fail: q_l2 out of range. q_l2=17.2582
Processing entry 8000000/32231180
[DBG] L2Q Fail: q_l2 out of range. q_l2=9.63176
[DBG] L2Q Fail: q_l2 out of range. q_l2=9.63176
[DBG] L2Q Fail: q_l2 out of range. q_l2=16.6454
[DBG] L2Q Fail: q_l2 out of range. q_l2=11.7266
[DBG] L2Q Fail: q_l2 out of range. q_l2=11.7266
[DBG] L2Q Fail: q_l2 out of range. q_l2=11.0249
[DBG] L2Q Fail: q_l2 out of range. q_l2=17.3496
[DBG] L2Q Fail: q_l2 out of range. q_l2=17.3496
[DBG] L2Q Fail: q_l2 out of range. q_l2=10.5922
[DBG] L2Q Fail: q_l2 out of range. q_l2=11.396
[DBG] L2Q Fail: q_l2 out of range. q_l2=13.8522
[DBG] L2Q Fail: q_l2 out of range. q_l2=13.8522
[DBG] L2Q Fail: q_l2 out of range. q_l2=18.7322
[DBG] L2Q Fail: q_l2 out of range. q_l2=18.7322
[DBG] L2Q Fail: q_l2 out of range. q_l2=10.5668
[DBG] L2Q Fail: q_l2 out of range. q_l2=9.57507
[DBG] L2Q Fail: q_l2 out of range. q_l2=9.57507
[DBG] L2Q Fail: q_l2 out of range. q_l2=9.89525
[DBG] L2Q Fail: q_l2 out of range. q_l2=9.89525
[DBG] L2Q Fail: q_l2 out of range. q_l2=9.55983
[DBG] L2Q Fail: q_l2 out of range. q_l2=9.55983
[DBG] L2Q Fail: q_l2 out of range. q_l2=9.59374
[DBG] L2Q Fail: q_l2 out of range. q_l2=9.59374
[DBG] L2Q Fail: q_l2 out of range. q_l2=9.58436
[DBG] L2Q Fail: q_l2 out of range. q_l2=9.58436
[DBG] L2Q Fail: q_l2 out of range. q_l2=11.029
Processing entry 9000000/32231180
[DBG] L2Q Fail: q_l2 out of range. q_l2=15.4616
[DBG] L2Q Fail: q_l2 out of range. q_l2=10.0139
[DBG] L2Q Fail: q_l2 out of range. q_l2=10.0139
[DBG] L2Q Fail: q_l2 out of range. q_l2=9.53131
[DBG] L2Q Fail: q_l2 out of range. q_l2=9.53131
[DBG] L2Q Fail: q_l2 out of range. q_l2=9.62843
[DBG] L2Q Fail: q_l2 out of range. q_l2=9.62843
[DBG] L2Q Fail: q_l2 out of range. q_l2=16.9507
[DBG] L2Q Fail: q_l2 out of range. q_l2=9.90096
[DBG] L2Q Fail: q_l2 out of range. q_l2=9.90096
[DBG] L2Q Fail: q_l2 out of range. q_l2=14.2247
[DBG] L2Q Fail: q_l2 out of range. q_l2=14.2247
[DBG] L2Q Fail: q_l2 out of range. q_l2=9.76128
[DBG] L2Q Fail: q_l2 out of range. q_l2=9.76128
[DBG] L2Q Fail: q_l2 out of range. q_l2=9.64445
[DBG] L2Q Fail: q_l2 out of range. q_l2=9.64445
[DBG] L2Q Fail: q_l2 out of range. q_l2=9.74836
[DBG] L2Q Fail: q_l2 out of range. q_l2=9.74836
[DBG] L2Q Fail: q_l2 out of range. q_l2=13.454
[DBG] L2Q Fail: q_l2 out of range. q_l2=13.454
[DBG] L2Q Fail: q_l2 out of range. q_l2=9.57059
[DBG] L2Q Fail: q_l2 out of range. q_l2=9.57059
[DBG] L2Q Fail: q_l2 out of range. q_l2=9.74582
[DBG] L2Q Fail: q_l2 out of range. q_l2=9.74582
[DBG] L2Q Fail: q_l2 out of range. q_l2=9.92002
[DBG] L2Q Fail: q_l2 out of range. q_l2=9.92002
[DBG] L2Q Fail: q_l2 out of range. q_l2=9.576
[DBG] L2Q Fail: q_l2 out of range. q_l2=9.576
Processing entry 10000000/32231180
[DBG] L2Q Fail: q_l2 out of range. q_l2=9.73972
[DBG] L2Q Fail: q_l2 out of range. q_l2=9.73972
[DBG] L2Q Fail: q_l2 out of range. q_l2=11.585
[DBG] L2Q Fail: q_l2 out of range. q_l2=9.67261
[DBG] L2Q Fail: q_l2 out of range. q_l2=9.67261
[DBG] L2Q Fail: q_l2 out of range. q_l2=11.2361
[DBG] L2Q Fail: q_l2 out of range. q_l2=14.3746
[DBG] L2Q Fail: q_l2 out of range. q_l2=14.3746
[DBG] L2Q Fail: q_l2 out of range. q_l2=13.2692
[DBG] L2Q Fail: q_l2 out of range. q_l2=13.2692
[DBG] L2Q Fail: q_l2 out of range. q_l2=9.68044
[DBG] L2Q Fail: q_l2 out of range. q_l2=9.68044
[DBG] L2Q Fail: q_l2 out of range. q_l2=16.3851
[DBG] L2Q Fail: q_l2 out of range. q_l2=9.71828
[DBG] L2Q Fail: q_l2 out of range. q_l2=9.72803
Processing entry 11000000/32231180
[DBG] L2Q Fail: q_l2 out of range. q_l2=10.3532
[DBG] L2Q Fail: q_l2 out of range. q_l2=10.3532
[DBG] L2Q Fail: q_l2 out of range. q_l2=9.58345
[DBG] L2Q Fail: q_l2 out of range. q_l2=9.58345
[DBG] L2Q Fail: q_l2 out of range. q_l2=12.9081
[DBG] L2Q Fail: q_l2 out of range. q_l2=16.2083
[DBG] L2Q Fail: q_l2 out of range. q_l2=16.2083
[DBG] L2Q Fail: q_l2 out of range. q_l2=12.3485
[DBG] L2Q Fail: q_l2 out of range. q_l2=12.3485
[DBG] L2Q Fail: q_l2 out of range. q_l2=15.2284
[DBG] L2Q Fail: q_l2 out of range. q_l2=10.1583
[DBG] L2Q Fail: InvCDF failed. cdf_l2=1
[DBG] L2Q Fail: q_l2 out of range. q_l2=9.96436
[DBG] L2Q Fail: q_l2 out of range. q_l2=9.96436
[DBG] L2Q Fail: q_l2 out of range. q_l2=9.63811
[DBG] L2Q Fail: q_l2 out of range. q_l2=9.63811
[DBG] L2Q Fail: q_l2 out of range. q_l2=9.50268
[DBG] L2Q Fail: q_l2 out of range. q_l2=9.50268
[DBG] L2Q Fail: q_l2 out of range. q_l2=16.5328
[DBG] L2Q Fail: q_l2 out of range. q_l2=16.5328
[DBG] L2Q Fail: q_l2 out of range. q_l2=10.7439
[DBG] L2Q Fail: q_l2 out of range. q_l2=10.7439
[DBG] L2Q Fail: q_l2 out of range. q_l2=16.3802
[DBG] L2Q Fail: q_l2 out of range. q_l2=16.4322
[DBG] L2Q Fail: q_l2 out of range. q_l2=16.4322
[DBG] L2Q Fail: q_l2 out of range. q_l2=1.57434
[DBG] L2Q Fail: q_l2 out of range. q_l2=1.57434
Processing entry 12000000/32231180
[DBG] L2Q Fail: q_l2 out of range. q_l2=10.7922
[DBG] L2Q Fail: q_l2 out of range. q_l2=9.54173
[DBG] L2Q Fail: q_l2 out of range. q_l2=9.54173
[DBG] L2Q Fail: q_l2 out of range. q_l2=10.0442
[DBG] L2Q Fail: q_l2 out of range. q_l2=10.2494
[DBG] L2Q Fail: q_l2 out of range. q_l2=10.2494
[DBG] L2Q Fail: q_l2 out of range. q_l2=9.71321
[DBG] L2Q Fail: q_l2 out of range. q_l2=9.71321
[DBG] L2Q Fail: q_l2 out of range. q_l2=10.0181
[DBG] L2Q Fail: q_l2 out of range. q_l2=10.0181
[DBG] L2Q Fail: q_l2 out of range. q_l2=2.18686
[DBG] L2Q Fail: q_l2 out of range. q_l2=2.18686
[DBG] L2Q Fail: q_l2 out of range. q_l2=10.0257
[DBG] L2Q Fail: q_l2 out of range. q_l2=10.0257
[DBG] L2Q Fail: q_l2 out of range. q_l2=10.6957
[DBG] L2Q Fail: q_l2 out of range. q_l2=10.6957
[DBG] L2Q Fail: q_l2 out of range. q_l2=9.54895
[DBG] L2Q Fail: q_l2 out of range. q_l2=19.189
[DBG] L2Q Fail: q_l2 out of range. q_l2=19.189
[DBG] L2Q Fail: q_l2 out of range. q_l2=9.58144
[DBG] L2Q Fail: q_l2 out of range. q_l2=9.58144
Processing entry 13000000/32231180
[DBG] L2Q Fail: q_l2 out of range. q_l2=9.53936
[DBG] L2Q Fail: q_l2 out of range. q_l2=9.53936
[DBG] L2Q Fail: q_l2 out of range. q_l2=23.8112
[DBG] L2Q Fail: q_l2 out of range. q_l2=23.8112
[DBG] L2Q Fail: q_l2 out of range. q_l2=15.7778
[DBG] L2Q Fail: q_l2 out of range. q_l2=9.8819
[DBG] L2Q Fail: q_l2 out of range. q_l2=9.8819
[DBG] L2Q Fail: q_l2 out of range. q_l2=9.56413
[DBG] L2Q Fail: q_l2 out of range. q_l2=9.56413
[DBG] L2Q Fail: q_l2 out of range. q_l2=9.51414
[DBG] L2Q Fail: q_l2 out of range. q_l2=9.51414
[DBG] L2Q Fail: q_l2 out of range. q_l2=11.7199
[DBG] L2Q Fail: q_l2 out of range. q_l2=11.7199
[DBG] L2Q Fail: q_l2 out of range. q_l2=11.6195
[DBG] L2Q Fail: q_l2 out of range. q_l2=11.6195
[DBG] L2Q Fail: q_l2 out of range. q_l2=18.2127
[DBG] L2Q Fail: q_l2 out of range. q_l2=18.2127
[DBG] L2Q Fail: q_l2 out of range. q_l2=13.5157
[DBG] L2Q Fail: q_l2 out of range. q_l2=9.70794
[DBG] L2Q Fail: q_l2 out of range. q_l2=10.6138
[DBG] L2Q Fail: q_l2 out of range. q_l2=10.1676
[DBG] L2Q Fail: q_l2 out of range. q_l2=10.1676
Processing entry 14000000/32231180
[DBG] L2Q Fail: q_l2 out of range. q_l2=9.73606
[DBG] L2Q Fail: q_l2 out of range. q_l2=9.73606
[DBG] L2Q Fail: q_l2 out of range. q_l2=9.7375
[DBG] L2Q Fail: q_l2 out of range. q_l2=9.7375
[DBG] L2Q Fail: q_l2 out of range. q_l2=9.75813
[DBG] L2Q Fail: q_l2 out of range. q_l2=9.75813
[DBG] L2Q Fail: q_l2 out of range. q_l2=9.95039
[DBG] L2Q Fail: q_l2 out of range. q_l2=9.95039
[DBG] L2Q Fail: q_l2 out of range. q_l2=9.61485
[DBG] L2Q Fail: q_l2 out of range. q_l2=9.61485
[DBG] L2Q Fail: q_l2 out of range. q_l2=11.4687
[DBG] L2Q Fail: q_l2 out of range. q_l2=11.4687
[DBG] L2Q Fail: q_l2 out of range. q_l2=9.67236
[DBG] L2Q Fail: q_l2 out of range. q_l2=9.67236
[DBG] L2Q Fail: q_l2 out of range. q_l2=9.69536
[DBG] L2Q Fail: q_l2 out of range. q_l2=9.69536
[DBG] L2Q Fail: q_l2 out of range. q_l2=11.9856
[DBG] L2Q Fail: q_l2 out of range. q_l2=9.5986
[DBG] L2Q Fail: q_l2 out of range. q_l2=9.5986
Processing entry 15000000/32231180
[DBG] L2Q Fail: q_l2 out of range. q_l2=9.6569
[DBG] L2Q Fail: q_l2 out of range. q_l2=9.6569
[DBG] L2Q Fail: q_l2 out of range. q_l2=9.80994
[DBG] L2Q Fail: q_l2 out of range. q_l2=14.8899
[DBG] L2Q Fail: q_l2 out of range. q_l2=14.8899
[DBG] L2Q Fail: q_l2 out of range. q_l2=11.1216
[DBG] L2Q Fail: q_l2 out of range. q_l2=9.86926
[DBG] L2Q Fail: q_l2 out of range. q_l2=9.86926
[DBG] L2Q Fail: q_l2 out of range. q_l2=10.1418
[DBG] L2Q Fail: q_l2 out of range. q_l2=10.1418
[DBG] L2Q Fail: q_l2 out of range. q_l2=9.70388
[DBG] L2Q Fail: q_l2 out of range. q_l2=11.3001
[DBG] L2Q Fail: q_l2 out of range. q_l2=11.4964
[DBG] L2Q Fail: q_l2 out of range. q_l2=11.3101
[DBG] L2Q Fail: q_l2 out of range. q_l2=19.8635
[DBG] L2Q Fail: q_l2 out of range. q_l2=19.8635
[DBG] L2Q Fail: q_l2 out of range. q_l2=9.74489
[DBG] L2Q Fail: q_l2 out of range. q_l2=9.74489
Processing entry 16000000/32231180
[DBG] L2Q Fail: q_l2 out of range. q_l2=12.2809
[DBG] L2Q Fail: q_l2 out of range. q_l2=12.2809
[DBG] L2Q Fail: q_l2 out of range. q_l2=17.5483
[DBG] L2Q Fail: q_l2 out of range. q_l2=17.5483
[DBG] L2Q Fail: q_l2 out of range. q_l2=9.87973
[DBG] L2Q Fail: q_l2 out of range. q_l2=13.4575
[DBG] L2Q Fail: q_l2 out of range. q_l2=13.4575
[DBG] L2Q Fail: q_l2 out of range. q_l2=10.5906
[DBG] L2Q Fail: q_l2 out of range. q_l2=10.5906
[DBG] L2Q Fail: q_l2 out of range. q_l2=11.001
[DBG] L2Q Fail: q_l2 out of range. q_l2=9.92425
[DBG] L2Q Fail: q_l2 out of range. q_l2=9.92425
[DBG] L2Q Fail: q_l2 out of range. q_l2=16.7111
[DBG] L2Q Fail: q_l2 out of range. q_l2=16.7111
[DBG] L2Q Fail: q_l2 out of range. q_l2=9.62982
[DBG] L2Q Fail: q_l2 out of range. q_l2=9.62982
[DBG] L2Q Fail: q_l2 out of range. q_l2=9.50351
[DBG] L2Q Fail: q_l2 out of range. q_l2=9.50351
[DBG] L2Q Fail: q_l2 out of range. q_l2=9.65576
[DBG] L2Q Fail: q_l2 out of range. q_l2=9.65576
[DBG] L2Q Fail: q_l2 out of range. q_l2=9.74979
[DBG] L2Q Fail: q_l2 out of range. q_l2=9.74979
[DBG] L2Q Fail: q_l2 out of range. q_l2=11.9003
Processing entry 17000000/32231180
[DBG] L2Q Fail: q_l2 out of range. q_l2=11.2585
[DBG] L2Q Fail: q_l2 out of range. q_l2=9.66645
[DBG] L2Q Fail: q_l2 out of range. q_l2=9.66645
[DBG] L2Q Fail: q_l2 out of range. q_l2=9.66645
[DBG] L2Q Fail: q_l2 out of range. q_l2=9.66645
[DBG] L2Q Fail: q_l2 out of range. q_l2=14.3614
[DBG] L2Q Fail: q_l2 out of range. q_l2=14.3614
[DBG] L2Q Fail: q_l2 out of range. q_l2=9.50158
[DBG] L2Q Fail: q_l2 out of range. q_l2=9.50158
[DBG] L2Q Fail: q_l2 out of range. q_l2=9.54541
[DBG] L2Q Fail: q_l2 out of range. q_l2=9.54541
[DBG] L2Q Fail: q_l2 out of range. q_l2=9.84339
[DBG] L2Q Fail: q_l2 out of range. q_l2=9.84339
[DBG] L2Q Fail: q_l2 out of range. q_l2=9.6745
[DBG] L2Q Fail: q_l2 out of range. q_l2=9.6745
[DBG] L2Q Fail: q_l2 out of range. q_l2=13.7264
[DBG] L2Q Fail: q_l2 out of range. q_l2=13.7264
[DBG] L2Q Fail: q_l2 out of range. q_l2=9.7399
[DBG] L2Q Fail: q_l2 out of range. q_l2=9.7399
Processing entry 18000000/32231180
[DBG] L2Q Fail: q_l2 out of range. q_l2=16.4671
[DBG] L2Q Fail: q_l2 out of range. q_l2=16.4671
[DBG] L2Q Fail: q_l2 out of range. q_l2=12.1013
[DBG] L2Q Fail: q_l2 out of range. q_l2=12.1013
[DBG] L2Q Fail: q_l2 out of range. q_l2=16.7159
[DBG] L2Q Fail: q_l2 out of range. q_l2=16.7159
[DBG] L2Q Fail: q_l2 out of range. q_l2=12.1166
[DBG] L2Q Fail: q_l2 out of range. q_l2=12.1166
[DBG] L2Q Fail: q_l2 out of range. q_l2=9.53132
[DBG] L2Q Fail: q_l2 out of range. q_l2=9.53132
[DBG] L2Q Fail: q_l2 out of range. q_l2=10.3811
[DBG] L2Q Fail: q_l2 out of range. q_l2=10.3811
[DBG] L2Q Fail: q_l2 out of range. q_l2=11.1799
[DBG] L2Q Fail: q_l2 out of range. q_l2=11.1799
Processing entry 19000000/32231180
[DBG] L2Q Fail: q_l2 out of range. q_l2=9.51488
[DBG] L2Q Fail: q_l2 out of range. q_l2=9.51488
[DBG] L2Q Fail: q_l2 out of range. q_l2=9.856
[DBG] L2Q Fail: q_l2 out of range. q_l2=9.856
[DBG] L2Q Fail: q_l2 out of range. q_l2=9.6942
[DBG] L2Q Fail: q_l2 out of range. q_l2=9.6942
[DBG] L2Q Fail: q_l2 out of range. q_l2=15.3034
[DBG] L2Q Fail: q_l2 out of range. q_l2=15.3034
[DBG] L2Q Fail: q_l2 out of range. q_l2=9.68534
[DBG] L2Q Fail: q_l2 out of range. q_l2=9.68534
[DBG] L2Q Fail: q_l2 out of range. q_l2=9.74429
[DBG] L2Q Fail: q_l2 out of range. q_l2=9.74429
[DBG] L2Q Fail: q_l2 out of range. q_l2=13.4017
[DBG] L2Q Fail: q_l2 out of range. q_l2=13.4017
[DBG] L2Q Fail: q_l2 out of range. q_l2=9.53302
[DBG] L2Q Fail: q_l2 out of range. q_l2=9.53302
[DBG] L2Q Fail: q_l2 out of range. q_l2=8.87989
[DBG] L2Q Fail: q_l2 out of range. q_l2=9.9668
[DBG] L2Q Fail: q_l2 out of range. q_l2=9.9668
Processing entry 20000000/32231180
[DBG] L2Q Fail: q_l2 out of range. q_l2=10.0282
[DBG] L2Q Fail: q_l2 out of range. q_l2=10.0282
[DBG] L2Q Fail: q_l2 out of range. q_l2=25.2767
[DBG] L2Q Fail: q_l2 out of range. q_l2=11.793
[DBG] L2Q Fail: q_l2 out of range. q_l2=11.793
[DBG] L2Q Fail: q_l2 out of range. q_l2=9.59495
[DBG] L2Q Fail: q_l2 out of range. q_l2=9.59495
[DBG] L2Q Fail: q_l2 out of range. q_l2=9.54994
[DBG] L2Q Fail: q_l2 out of range. q_l2=9.54994
[DBG] L2Q Fail: q_l2 out of range. q_l2=9.78413
[DBG] L2Q Fail: q_l2 out of range. q_l2=9.78413
[DBG] L2Q Fail: q_l2 out of range. q_l2=9.57531
[DBG] L2Q Fail: q_l2 out of range. q_l2=9.57531
[DBG] L2Q Fail: InvCDF failed. cdf_l2=1
[DBG] L2Q Fail: InvCDF failed. cdf_l2=1
[DBG] L2Q Fail: q_l2 out of range. q_l2=9.52612
[DBG] L2Q Fail: q_l2 out of range. q_l2=9.52612
[DBG] L2Q Fail: q_l2 out of range. q_l2=13.2262
[DBG] L2Q Fail: q_l2 out of range. q_l2=13.2262
[DBG] L2Q Fail: q_l2 out of range. q_l2=11.1128
[DBG] L2Q Fail: q_l2 out of range. q_l2=11.1128
[DBG] L2Q Fail: q_l2 out of range. q_l2=10.2436
[DBG] L2Q Fail: q_l2 out of range. q_l2=10.2436
Processing entry 21000000/32231180
[DBG] L2Q Fail: q_l2 out of range. q_l2=11.8791
[DBG] L2Q Fail: q_l2 out of range. q_l2=9.58927
[DBG] L2Q Fail: q_l2 out of range. q_l2=9.58927
[DBG] L2Q Fail: q_l2 out of range. q_l2=11.5448
[DBG] L2Q Fail: q_l2 out of range. q_l2=2.31588
[DBG] L2Q Fail: q_l2 out of range. q_l2=16.7119
[DBG] L2Q Fail: q_l2 out of range. q_l2=16.7119
[DBG] L2Q Fail: q_l2 out of range. q_l2=9.56798
[DBG] L2Q Fail: q_l2 out of range. q_l2=9.66756
[DBG] L2Q Fail: q_l2 out of range. q_l2=9.66756
[DBG] L2Q Fail: q_l2 out of range. q_l2=9.66712
[DBG] L2Q Fail: q_l2 out of range. q_l2=9.66712
[DBG] L2Q Fail: q_l2 out of range. q_l2=9.63077
[DBG] L2Q Fail: q_l2 out of range. q_l2=9.63077
[DBG] L2Q Fail: q_l2 out of range. q_l2=9.59255
[DBG] L2Q Fail: q_l2 out of range. q_l2=9.59255
[DBG] L2Q Fail: q_l2 out of range. q_l2=9.59255
[DBG] L2Q Fail: q_l2 out of range. q_l2=9.59255
[DBG] L2Q Fail: q_l2 out of range. q_l2=9.60565
[DBG] L2Q Fail: q_l2 out of range. q_l2=9.60565
Processing entry 22000000/32231180
[DBG] L2Q Fail: q_l2 out of range. q_l2=10.2624
[DBG] L2Q Fail: q_l2 out of range. q_l2=10.1014
[DBG] L2Q Fail: q_l2 out of range. q_l2=10.1014
[DBG] L2Q Fail: q_l2 out of range. q_l2=9.70349
[DBG] L2Q Fail: q_l2 out of range. q_l2=9.70349
[DBG] L2Q Fail: q_l2 out of range. q_l2=10.9349
[DBG] L2Q Fail: q_l2 out of range. q_l2=10.9349
[DBG] L2Q Fail: q_l2 out of range. q_l2=10.1949
[DBG] L2Q Fail: q_l2 out of range. q_l2=10.1949
[DBG] L2Q Fail: q_l2 out of range. q_l2=14.1717
[DBG] L2Q Fail: q_l2 out of range. q_l2=9.68761
[DBG] L2Q Fail: q_l2 out of range. q_l2=9.68761
[DBG] L2Q Fail: q_l2 out of range. q_l2=15.8888
[DBG] L2Q Fail: q_l2 out of range. q_l2=15.8888
[DBG] L2Q Fail: q_l2 out of range. q_l2=9.57849
[DBG] L2Q Fail: q_l2 out of range. q_l2=9.57849
[DBG] L2Q Fail: q_l2 out of range. q_l2=10.5867
[DBG] L2Q Fail: q_l2 out of range. q_l2=10.5867
[DBG] L2Q Fail: q_l2 out of range. q_l2=14.7395
[DBG] L2Q Fail: q_l2 out of range. q_l2=14.7395
[DBG] L2Q Fail: q_l2 out of range. q_l2=9.76455
[DBG] L2Q Fail: q_l2 out of range. q_l2=9.76455
[DBG] L2Q Fail: q_l2 out of range. q_l2=11.9729
[DBG] L2Q Fail: q_l2 out of range. q_l2=11.9729
[DBG] L2Q Fail: q_l2 out of range. q_l2=9.99395
[DBG] L2Q Fail: q_l2 out of range. q_l2=9.99395
[DBG] L2Q Fail: q_l2 out of range. q_l2=9.5761
[DBG] L2Q Fail: q_l2 out of range. q_l2=9.5761
[DBG] L2Q Fail: q_l2 out of range. q_l2=10.0116
[DBG] L2Q Fail: q_l2 out of range. q_l2=10.0116
[DBG] L2Q Fail: q_l2 out of range. q_l2=12.3915
[DBG] L2Q Fail: q_l2 out of range. q_l2=9.76911
[DBG] L2Q Fail: q_l2 out of range. q_l2=9.76911
Processing entry 23000000/32231180
[DBG] L2Q Fail: q_l2 out of range. q_l2=17.6772
[DBG] L2Q Fail: q_l2 out of range. q_l2=9.60582
[DBG] L2Q Fail: q_l2 out of range. q_l2=9.60582
[DBG] L2Q Fail: q_l2 out of range. q_l2=9.60582
[DBG] L2Q Fail: q_l2 out of range. q_l2=9.60582
[DBG] L2Q Fail: q_l2 out of range. q_l2=10.3103
[DBG] L2Q Fail: q_l2 out of range. q_l2=10.3103
[DBG] L2Q Fail: q_l2 out of range. q_l2=9.70116
[DBG] L2Q Fail: q_l2 out of range. q_l2=9.70116
[DBG] L2Q Fail: q_l2 out of range. q_l2=10.0702
[DBG] L2Q Fail: q_l2 out of range. q_l2=10.0702
[DBG] L2Q Fail: q_l2 out of range. q_l2=9.62726
[DBG] L2Q Fail: q_l2 out of range. q_l2=9.62726
[DBG] L2Q Fail: q_l2 out of range. q_l2=17.1604
[DBG] L2Q Fail: q_l2 out of range. q_l2=17.1604
[DBG] L2Q Fail: q_l2 out of range. q_l2=10.318
[DBG] L2Q Fail: q_l2 out of range. q_l2=9.52328
[DBG] L2Q Fail: q_l2 out of range. q_l2=9.52328
[DBG] L2Q Fail: q_l2 out of range. q_l2=9.7899
[DBG] L2Q Fail: q_l2 out of range. q_l2=9.7899
[DBG] L2Q Fail: q_l2 out of range. q_l2=9.51506
[DBG] L2Q Fail: q_l2 out of range. q_l2=9.51506
[DBG] L2Q Fail: q_l2 out of range. q_l2=10.0336
[DBG] L2Q Fail: q_l2 out of range. q_l2=2.23769
[DBG] L2Q Fail: q_l2 out of range. q_l2=2.23769
[DBG] L2Q Fail: q_l2 out of range. q_l2=2.23769
[DBG] L2Q Fail: q_l2 out of range. q_l2=2.23769
[DBG] L2Q Fail: q_l2 out of range. q_l2=12.6861
[DBG] L2Q Fail: q_l2 out of range. q_l2=12.6861
Processing entry 24000000/32231180
[DBG] L2Q Fail: q_l2 out of range. q_l2=0.504436
[DBG] L2Q Fail: q_l2 out of range. q_l2=11.2952
[DBG] L2Q Fail: q_l2 out of range. q_l2=9.56353
[DBG] L2Q Fail: q_l2 out of range. q_l2=9.56353
[DBG] L2Q Fail: q_l2 out of range. q_l2=9.84521
[DBG] L2Q Fail: q_l2 out of range. q_l2=9.84521
[DBG] L2Q Fail: q_l2 out of range. q_l2=1.9834
[DBG] L2Q Fail: q_l2 out of range. q_l2=1.9834
[DBG] L2Q Fail: q_l2 out of range. q_l2=15.9551
[DBG] L2Q Fail: q_l2 out of range. q_l2=15.9551
[DBG] L2Q Fail: q_l2 out of range. q_l2=10.2517
[DBG] L2Q Fail: q_l2 out of range. q_l2=10.2517
[DBG] L2Q Fail: q_l2 out of range. q_l2=10.2527
[DBG] L2Q Fail: q_l2 out of range. q_l2=10.2527
[DBG] L2Q Fail: q_l2 out of range. q_l2=10.7306
[DBG] L2Q Fail: q_l2 out of range. q_l2=10.7306
[DBG] L2Q Fail: q_l2 out of range. q_l2=9.8322
[DBG] L2Q Fail: q_l2 out of range. q_l2=9.8322
[DBG] L2Q Fail: q_l2 out of range. q_l2=14.2921
[DBG] L2Q Fail: q_l2 out of range. q_l2=14.2921
[DBG] L2Q Fail: q_l2 out of range. q_l2=11.9526
[DBG] L2Q Fail: q_l2 out of range. q_l2=11.9526
Processing entry 25000000/32231180
[DBG] L2Q Fail: q_l2 out of range. q_l2=9.57754
[DBG] L2Q Fail: q_l2 out of range. q_l2=10.39
[DBG] L2Q Fail: q_l2 out of range. q_l2=10.39
[DBG] L2Q Fail: q_l2 out of range. q_l2=16.2617
[DBG] L2Q Fail: q_l2 out of range. q_l2=9.64611
[DBG] L2Q Fail: q_l2 out of range. q_l2=9.64611
[DBG] L2Q Fail: q_l2 out of range. q_l2=11.2405
[DBG] L2Q Fail: q_l2 out of range. q_l2=11.2405
[DBG] L2Q Fail: q_l2 out of range. q_l2=12.9792
[DBG] L2Q Fail: q_l2 out of range. q_l2=12.9792
[DBG] L2Q Fail: q_l2 out of range. q_l2=10.2172
[DBG] L2Q Fail: q_l2 out of range. q_l2=10.2172
[DBG] L2Q Fail: q_l2 out of range. q_l2=13.2009
[DBG] L2Q Fail: q_l2 out of range. q_l2=13.2009
[DBG] L2Q Fail: q_l2 out of range. q_l2=12.2724
[DBG] L2Q Fail: q_l2 out of range. q_l2=12.2724
[DBG] L2Q Fail: q_l2 out of range. q_l2=9.89842
[DBG] L2Q Fail: q_l2 out of range. q_l2=9.89842
Processing entry 26000000/32231180
[DBG] L2Q Fail: q_l2 out of range. q_l2=9.83984
[DBG] L2Q Fail: q_l2 out of range. q_l2=9.83984
[DBG] L2Q Fail: q_l2 out of range. q_l2=9.51605
[DBG] L2Q Fail: q_l2 out of range. q_l2=9.51605
[DBG] L2Q Fail: q_l2 out of range. q_l2=17.4953
[DBG] L2Q Fail: q_l2 out of range. q_l2=17.4953
[DBG] L2Q Fail: q_l2 out of range. q_l2=9.51587
[DBG] L2Q Fail: q_l2 out of range. q_l2=9.51587
[DBG] L2Q Fail: q_l2 out of range. q_l2=9.96572
[DBG] L2Q Fail: q_l2 out of range. q_l2=9.96572
[DBG] L2Q Fail: q_l2 out of range. q_l2=9.56647
[DBG] L2Q Fail: q_l2 out of range. q_l2=9.56647
[DBG] L2Q Fail: q_l2 out of range. q_l2=9.5479
[DBG] L2Q Fail: q_l2 out of range. q_l2=9.5479
[DBG] L2Q Fail: q_l2 out of range. q_l2=9.75867
[DBG] L2Q Fail: q_l2 out of range. q_l2=10.0226
[DBG] L2Q Fail: q_l2 out of range. q_l2=10.0226
[DBG] L2Q Fail: q_l2 out of range. q_l2=15.8534
[DBG] L2Q Fail: q_l2 out of range. q_l2=15.8534
[DBG] L2Q Fail: q_l2 out of range. q_l2=9.75534
[DBG] L2Q Fail: q_l2 out of range. q_l2=9.75534
[DBG] L2Q Fail: q_l2 out of range. q_l2=10.1845
[DBG] L2Q Fail: q_l2 out of range. q_l2=10.1845
Processing entry 27000000/32231180
[DBG] L2Q Fail: q_l2 out of range. q_l2=9.7413
[DBG] L2Q Fail: q_l2 out of range. q_l2=9.7413
[DBG] L2Q Fail: q_l2 out of range. q_l2=10.8738
[DBG] L2Q Fail: q_l2 out of range. q_l2=9.62722
[DBG] L2Q Fail: q_l2 out of range. q_l2=9.62722
[DBG] L2Q Fail: q_l2 out of range. q_l2=16.8389
[DBG] L2Q Fail: q_l2 out of range. q_l2=16.8389
[DBG] L2Q Fail: q_l2 out of range. q_l2=11.7634
[DBG] L2Q Fail: q_l2 out of range. q_l2=11.7634
[DBG] L2Q Fail: q_l2 out of range. q_l2=11.2628
[DBG] L2Q Fail: q_l2 out of range. q_l2=12.0582
[DBG] L2Q Fail: q_l2 out of range. q_l2=12.0582
[DBG] L2Q Fail: q_l2 out of range. q_l2=10.8111
[DBG] L2Q Fail: q_l2 out of range. q_l2=9.51403
[DBG] L2Q Fail: q_l2 out of range. q_l2=9.51403
Processing entry 28000000/32231180
[DBG] L2Q Fail: q_l2 out of range. q_l2=9.77152
[DBG] L2Q Fail: q_l2 out of range. q_l2=9.77152
[DBG] L2Q Fail: q_l2 out of range. q_l2=9.85552
[DBG] L2Q Fail: q_l2 out of range. q_l2=9.85552
[DBG] L2Q Fail: q_l2 out of range. q_l2=10.0123
[DBG] L2Q Fail: q_l2 out of range. q_l2=10.0123
[DBG] L2Q Fail: q_l2 out of range. q_l2=10.0123
[DBG] L2Q Fail: q_l2 out of range. q_l2=10.0123
[DBG] L2Q Fail: q_l2 out of range. q_l2=9.66411
[DBG] L2Q Fail: q_l2 out of range. q_l2=9.66411
Processing entry 29000000/32231180
[DBG] L2Q Fail: q_l2 out of range. q_l2=12.031
[DBG] L2Q Fail: q_l2 out of range. q_l2=12.031
[DBG] L2Q Fail: q_l2 out of range. q_l2=23.0296
[DBG] L2Q Fail: q_l2 out of range. q_l2=23.0296
[DBG] L2Q Fail: q_l2 out of range. q_l2=9.56577
[DBG] L2Q Fail: q_l2 out of range. q_l2=9.56577
[DBG] L2Q Fail: q_l2 out of range. q_l2=13.3602
[DBG] L2Q Fail: q_l2 out of range. q_l2=10.8745
[DBG] L2Q Fail: q_l2 out of range. q_l2=10.8745
[DBG] L2Q Fail: q_l2 out of range. q_l2=1.03996
[DBG] L2Q Fail: q_l2 out of range. q_l2=1.03996
[DBG] L2Q Fail: q_l2 out of range. q_l2=9.50699
[DBG] L2Q Fail: q_l2 out of range. q_l2=9.50699
[DBG] L2Q Fail: q_l2 out of range. q_l2=9.57846
[DBG] L2Q Fail: q_l2 out of range. q_l2=9.57846
Processing entry 30000000/32231180
[DBG] L2Q Fail: q_l2 out of range. q_l2=10.2519
[DBG] L2Q Fail: q_l2 out of range. q_l2=10.2519
[DBG] L2Q Fail: q_l2 out of range. q_l2=12.831
[DBG] L2Q Fail: q_l2 out of range. q_l2=12.831
[DBG] L2Q Fail: q_l2 out of range. q_l2=1.68313
[DBG] L2Q Fail: q_l2 out of range. q_l2=1.68313
[DBG] L2Q Fail: q_l2 out of range. q_l2=11.5189
[DBG] L2Q Fail: q_l2 out of range. q_l2=11.5189
[DBG] L2Q Fail: q_l2 out of range. q_l2=9.80127
[DBG] L2Q Fail: q_l2 out of range. q_l2=9.80127
[DBG] L2Q Fail: q_l2 out of range. q_l2=9.67203
[DBG] L2Q Fail: q_l2 out of range. q_l2=1.26544
[DBG] L2Q Fail: q_l2 out of range. q_l2=11.0896
[DBG] L2Q Fail: q_l2 out of range. q_l2=11.0896
[DBG] L2Q Fail: q_l2 out of range. q_l2=14.7685
[DBG] L2Q Fail: q_l2 out of range. q_l2=14.7685
Processing entry 31000000/32231180
[DBG] L2Q Fail: q_l2 out of range. q_l2=9.58238
[DBG] L2Q Fail: q_l2 out of range. q_l2=9.58238
[DBG] L2Q Fail: q_l2 out of range. q_l2=9.80247
[DBG] L2Q Fail: q_l2 out of range. q_l2=9.80247
[DBG] L2Q Fail: q_l2 out of range. q_l2=18.6311
[DBG] L2Q Fail: q_l2 out of range. q_l2=18.6311
[DBG] L2Q Fail: q_l2 out of range. q_l2=9.74302
[DBG] L2Q Fail: q_l2 out of range. q_l2=9.74302
[DBG] L2Q Fail: q_l2 out of range. q_l2=12.7417
[DBG] L2Q Fail: q_l2 out of range. q_l2=12.7417
[DBG] L2Q Fail: q_l2 out of range. q_l2=9.56348
[DBG] L2Q Fail: q_l2 out of range. q_l2=9.56348
[DBG] L2Q Fail: q_l2 out of range. q_l2=11.1581
[DBG] L2Q Fail: q_l2 out of range. q_l2=11.1581
[DBG] L2Q Fail: InvCDF failed. cdf_l2=1
[DBG] L2Q Fail: q_l2 out of range. q_l2=10.7957
[DBG] L2Q Fail: q_l2 out of range. q_l2=10.3471
[DBG] L2Q Fail: q_l2 out of range. q_l2=10.3471
[DBG] L2Q Fail: q_l2 out of range. q_l2=9.91631
[DBG] L2Q Fail: q_l2 out of range. q_l2=9.91631
Processing entry 32000000/32231180
[DBG] L2Q Fail: q_l2 out of range. q_l2=9.69
[DBG] L2Q Fail: q_l2 out of range. q_l2=9.69

 *** Break *** bus error

Thread 15 (LWP 3790850 "SampleProductio"):
#0  0x00007f9dced0f9fe in ?? ()
#1  0x0000000003c45aa0 in ?? ()
#2  0x0000000a5e17e008 in ?? ()
#3  0x0000000006013000 in ?? ()
#4  0xffffffff00000400 in ?? ()
#5  0x0000000000000001 in ?? ()
#6  0x00007f9d5e17eb24 in ?? ()
#7  0x0000000000000000 in ?? ()

Thread 14 (LWP 3790851 "SampleProductio"):
#0  0x00007f9dced0f9fe in ?? ()
#1  0x0000000005fc8210 in ?? ()
#2  0x0000000d5e17e008 in ?? ()
#3  0x000000000600c000 in ?? ()
#4  0x00003a9800000400 in ?? ()
#5  0x0000000000000001 in ?? ()
#6  0x00007f9d5e17eb24 in ?? ()
#7  0x0000000000000000 in ?? ()

Thread 13 (LWP 3790852 "SampleProductio"):
#0  0x00007f9dced0f9fe in ?? ()
#1  0x0000000005fc3760 in ?? ()
#2  0x000000105e17e008 in ?? ()
#3  0x0000000005fd6000 in ?? ()
#4  0xffffffff00000400 in ?? ()
#5  0x0000000005fc3760 in ?? ()
#6  0x00007f9d5e17eb24 in ?? ()
#7  0x0000000000000000 in ?? ()

Thread 12 (LWP 3790853 "SampleProductio"):
#0  0x00007f9dced0f9fe in ?? ()
#1  0x0000000005e0ce40 in ?? ()
#2  0x000000135e17e008 in ?? ()
#3  0x0000000006044000 in ?? ()
#4  0xffffffff00000400 in ?? ()
#5  0x0000000005e0ce40 in ?? ()
#6  0x00007f9d5e17eb24 in ?? ()
#7  0x0000000000000000 in ?? ()

Thread 11 (LWP 3790854 "SampleProductio"):
#0  0x00007f9dced0f9fe in ?? ()
#1  0x0000000003c423b0 in ?? ()
#2  0x000000165e17e008 in ?? ()
#3  0x0000000006048000 in ?? ()
#4  0xffffffff00000400 in ?? ()
#5  0x0000000003c423b0 in ?? ()
#6  0x00007f9d5e17eb24 in ?? ()
#7  0x0000000000000000 in ?? ()

Thread 10 (LWP 3790855 "SampleProductio"):
#0  0x00007f9dced0f9fe in ?? ()
#1  0x0000000005fc60f0 in ?? ()
#2  0x000000195e17e008 in ?? ()
#3  0x0000000006003000 in ?? ()
#4  0xffffffff00000400 in ?? ()
#5  0x0000000005fc60f0 in ?? ()
#6  0x00007f9d5e17eb24 in ?? ()
#7  0x0000000000000000 in ?? ()

Thread 9 (LWP 3790856 "SampleProductio"):
#0  0x00007f9dced0f9fe in ?? ()
#1  0x0000000005fc6fe0 in ?? ()
#2  0x0000001c5e17e008 in ?? ()
#3  0x0000000006007000 in ?? ()
#4  0xffffffff00000400 in ?? ()
#5  0x0000000005fc6fe0 in ?? ()
#6  0x00007f9d5e17eb24 in ?? ()
#7  0x0000000000000000 in ?? ()

Thread 8 (LWP 3790857 "SampleProductio"):
#0  0x00007f9dced0f9fe in ?? ()
#1  0x0000000005e5c6f0 in ?? ()
#2  0x0000001f5e17e008 in ?? ()
#3  0x0000000006027000 in ?? ()
#4  0xffffffff00000400 in ?? ()
#5  0x0000000005e5c6f0 in ?? ()
#6  0x00007f9d5e17eb24 in ?? ()
#7  0x0000000000000000 in ?? ()

Thread 7 (LWP 3790858 "SampleProductio"):
#0  0x00007f9dced0f9fe in ?? ()
#1  0x000000000601edc0 in ?? ()
#2  0x000000225e17e008 in ?? ()
#3  0x000000000602b000 in ?? ()
#4  0xffffffff00000400 in ?? ()
#5  0x000000000601edc0 in ?? ()
#6  0x00007f9d5e17eb24 in ?? ()
#7  0x0000000000000000 in ?? ()

Thread 6 (LWP 3790859 "SampleProductio"):
#0  0x00007f9dced0f9fe in ?? ()
#1  0x0000000006000af0 in ?? ()
#2  0x000000255e17e008 in ?? ()
#3  0x0000000006037000 in ?? ()
#4  0xffffffff00000400 in ?? ()
#5  0x0000000006000af0 in ?? ()
#6  0x00007f9d5e17eb24 in ?? ()
#7  0x0000000000000000 in ?? ()

Thread 5 (LWP 3790860 "SampleProductio"):
#0  0x00007f9dcecd5795 in ?? ()
#1  0x0000000000000000 in ?? ()

Thread 4 (LWP 3790861 "SampleProductio"):
#0  0x00007f9dcec8837a in ?? ()
#1  0x00007f9d58328810 in ?? ()
#2  0x0000000000000189 in ?? ()
#3  0x0000000005faad50 in ?? ()
#4  0x0000000000000000 in ?? ()

Thread 3 (LWP 3790862 "SampleProductio"):
#0  0x00007f9dcec8837a in ?? ()
#1  0x00007f9d57b27810 in ?? ()
#2  0x0000000000000189 in ?? ()
#3  0x0000000005faad50 in ?? ()
#4  0x0000000000000000 in ?? ()

Thread 2 (LWP 3790863 "SampleProductio"):
#0  0x00007f9dcec8837a in ?? ()
#1  0x00007f9d57326810 in ?? ()
#2  0x0000000000000189 in ?? ()
#3  0x0000000005faad50 in ?? ()
#4  0x0000000000000000 in ?? ()

Thread 1 (LWP 3790600 "SampleProductio"):
#0  0x00007f9dcecd9fff in ?? ()
#1  0x68732e6563617274 in ?? ()
#2  0x00007ffe505a2ae8 in ?? ()
#3  0x00000000003a411b in ?? ()
#4  0x0000000000000000 in ?? ()
/afs/cern.ch/user/z/zixuan/public/AMSIsotopeFramework/submit/ISSBer.sh: line 39: 3790600 Bus error               (core dumped) /afs/cern.ch/user/z/zixuan/public/AMSIsotopeFramework/SampleProduction/build/bin/SampleProduction "$OUTDIR" "$OUTNAME" "$LISTFILE" 4 7 0 4
[INFO] Finished: /eos/user/z/zixuan/Isotope/ISS/Be/newbasic_L1Q2to8_part2.root
	Command being timed: "/afs/cern.ch/user/z/zixuan/public/AMSIsotopeFramework/submit/ISSBer.sh /eos/ams/group/ihep/zixuan/filter/newbasic_L1Q2to8_part2.root"
	User time (seconds): 394.26
	System time (seconds): 10.32
	Percent of CPU this job got: 32%
	Elapsed (wall clock) time (h:mm:ss or m:ss): 20:28.41
	Average shared text size (kbytes): 0
	Average unshared data size (kbytes): 0
	Average stack size (kbytes): 0
	Average total size (kbytes): 0
	Maximum resident set size (kbytes): 1791348
	Average resident set size (kbytes): 0
	Major (requiring I/O) page faults: 121
	Minor (reclaiming a frame) page faults: 218860
	Voluntary context switches: 238258
	Involuntary context switches: 90510
	Swaps: 0
	File system inputs: 0
	File system outputs: 40
	Socket messages sent: 0
	Socket messages received: 0
	Signals delivered: 0
	Page size (bytes): 4096
	Exit status: 0
