***************************************************
* Importing amsvar ... 
***************************************************
* USLC=9 UCC=icc64 UICC=2023 UGCC=1310 UROOT=6
* ROOTSYS=/cvmfs/sft.cern.ch/lcg/app/releases/ROOT/6.32.06/x86_64-almalinux9.4-gcc114-opt
* Compiler: icpx
* CXXFLAGS: -pthread -std=c++17 -m64 -pthread -std=c++17 -m64 -I/cvmfs/sft.cern.ch/lcg/app/releases/ROOT/6.32.06/x86_64-almalinux9.4-gcc114-opt/include -O3 -D_GLIBCXX_USE_CXX11_ABI=0
* Red Hat Enterprise Linux release 9.7 (Plow)
***************************************************
Intel(R) oneAPI DPC++/C++ Compiler 2023.2.0 (2023.2.0.20230721)
Target: x86_64-unknown-linux-gnu
Thread model: posix
InstalledDir: /cvmfs/projects.cern.ch/intelsw/oneAPI/linux/x86_64/2023/compiler/2023.2.1/linux/bin-llvm
Configuration file: /cvmfs/projects.cern.ch/intelsw/oneAPI/linux/x86_64/2023/compiler/2023.2.1/linux/bin-llvm/../bin/icpx.cfg
ROOT version: 6.32.06
LD_LIBRARY_PATH: /cvmfs/projects.cern.ch/intelsw/oneAPI/linux/x86_64/2023/compiler/latest/linux/lib:/cvmfs/projects.cern.ch/intelsw/oneAPI/linux/x86_64/2023/compiler/2023.2.1/linux/lib:/cvmfs/projects.cern.ch/intelsw/oneAPI/linux/x86_64/2023/compiler/2023.2.1/linux/lib/x64:/cvmfs/projects.cern.ch/intelsw/oneAPI/linux/x86_64/2023/compiler/2023.2.1/linux/lib/oclfpga/host/linux64/lib:/cvmfs/projects.cern.ch/intelsw/oneAPI/linux/x86_64/2023/compiler/2023.2.1/linux/compiler/lib/intel64_lin:/cvmfs/sft.cern.ch/lcg/releases/gcc/11.3.0-de683/x86_64-el9/lib:/cvmfs/sft.cern.ch/lcg/releases/gcc/11.3.0-de683/x86_64-el9/lib64:/cvmfs/sft.cern.ch/lcg/releases/binutils/2.40-acaab/x86_64-el9/lib:/cvmfs/sft.cern.ch/lcg/app/releases/ROOT/6.32.06/x86_64-almalinux9.4-gcc114-opt/lib:.:/cvmfs/ams.cern.ch/opt/xrootd-4.8.2.el9/lib64:/cvmfs/ams.cern.ch/opt/castor.cc7/lib:/cvmfs/ams.cern.ch/opt/lib64_EL9
Arguments after sourcing scripts: /eos/ams/group/ihep/zixuan/filter/basic_L1Q4to8_part12.root
Number of arguments: 1
[INFO] Using list: /eos/ams/group/ihep/zixuan/filter/basic_L1Q4to8_part12.root
[INFO] Output file: /eos/user/z/zixuan/Isotope/ISS/Be/basic_L1Q4to8_part12.root
Analyzer configured for: Beryllium (ISS Data), Z=4, A=7, isNoBkgCut=0, FragmentZ=4
BinningManager: Pre-calculating bins for all isotopes (Z=1 to 8)...
BinningManager initialized with 67 general/isotope-specific bins and 0 total isotope-specific beta binnings.
HistManager: Output file '/eos/user/z/zixuan/Isotope/ISS/Be/basic_L1Q4to8_part12.root' opened.
DEBUG: Niso=3 charge=4
DEBUG: iso ptr=0x7f0a91bbf990
DEBUG: ID Hists
DEBUG: BKG Hists
DEBUG: Flux Hists
DEBUG Finish Hist Defination
IsotopeAnalyzer initialized with 14513832 entries.
Error in <TChain::SetBranchAddress>: unknown branch -> livetime
Error in <TChain::SetBranchAddress>: unknown branch -> rticdif
Error in <TChain::SetBranchAddress>: unknown branch -> nparticle
Error in <TChain::SetBranchAddress>: unknown branch -> nbetah
Error in <TChain::SetBranchAddress>: unknown branch -> nbeta
Error in <TChain::SetBranchAddress>: unknown branch -> btstat_pR
Error in <TChain::SetBranchAddress>: unknown branch -> btstat_new
Error in <TChain::SetBranchAddress>: unknown branch -> ibetah
Error in <TChain::SetBranchAddress>: unknown branch -> charge_pR
Error in <TChain::SetBranchAddress>: unknown branch -> iparindex
Error in <TChain::SetBranchAddress>: unknown branch -> cutoffp
Error in <TChain::SetBranchAddress>: unknown branch -> cutoffpi
Error in <TChain::SetBranchAddress>: unknown branch -> betah2p
Error in <TChain::SetBranchAddress>: unknown branch -> betah2q
Error in <TChain::SetBranchAddress>: unknown branch -> betah2ch
Error in <TChain::SetBranchAddress>: unknown branch -> tk_qrms
Error in <TChain::SetBranchAddress>: unknown branch -> tk_ql
Error in <TChain::SetBranchAddress>: unknown branch -> tk_qlsn
Error in <TChain::SetBranchAddress>: unknown branch -> tk_iso
Error in <TChain::SetBranchAddress>: unknown branch -> tk_exql
Error in <TChain::SetBranchAddress>: unknown branch -> tk_exdis
Error in <TChain::SetBranchAddress>: unknown branch -> tk_dir0
Error in <TChain::SetBranchAddress>: unknown branch -> tof_bpatt
Error in <TChain::SetBranchAddress>: unknown branch -> tof_beta
Error in <TChain::SetBranchAddress>: unknown branch -> tof_betah_oldtune
Error in <TChain::SetBranchAddress>: unknown branch -> tof_trapezoidedge
Error in <TChain::SetBranchAddress>: unknown branch -> tof_edge
Error in <TChain::SetBranchAddress>: unknown branch -> tof_goodgeo
Error in <TChain::SetBranchAddress>: unknown branch -> tof_z
Error in <TChain::SetBranchAddress>: unknown branch -> tof_pz
Error in <TChain::SetBranchAddress>: unknown branch -> tof_q
Error in <TChain::SetBranchAddress>: unknown branch -> tof_qrms
Error in <TChain::SetBranchAddress>: unknown branch -> tof_ql1
Error in <TChain::SetBranchAddress>: unknown branch -> tof_qs
Error in <TChain::SetBranchAddress>: unknown branch -> rich_itrtrack
Error in <TChain::SetBranchAddress>: unknown branch -> rich_udis
Error in <TChain::SetBranchAddress>: unknown branch -> rich_used
Error in <TChain::SetBranchAddress>: unknown branch -> rich_stat
Error in <TChain::SetBranchAddress>: unknown branch -> rich_width
Error in <TChain::SetBranchAddress>: unknown branch -> rich_pmt1
Error in <TChain::SetBranchAddress>: unknown branch -> rich_PMTChargeConsistency
Error in <TChain::SetBranchAddress>: unknown branch -> rich_BetaConsistency
Error in <TChain::SetBranchAddress>: unknown branch -> rich_pos_tkItr
Error in <TChain::SetBranchAddress>: unknown branch -> rich_goodgeo
Error in <TChain::SetBranchAddress>: unknown branch -> rich_theta_tkItr
Error in <TChain::SetBranchAddress>: unknown branch -> rich_phi_tkItr
Error in <TChain::SetBranchAddress>: unknown branch -> rich_n
Error in <TChain::SetBranchAddress>: unknown branch -> mmom
Error in <TChain::SetBranchAddress>: unknown branch -> mch
Error in <TChain::SetBranchAddress>: unknown branch -> mtrmom
Error in <TChain::SetBranchAddress>: unknown branch -> mtrpar
Total entries: 14513832 | isISS=1 | Z=4 | A=7
[INFO] Initializing Charge Tuning System (EGE model, optimized)...
[INFO] Charge Tuning System initialized. Loaded 530 valid EGE lookup tables using integer keys.
Processing entry 0/14513832
[DBG] L2Q Fail: InvCDF failed. cdf_l2=1
[DBG] L2Q Fail: InvCDF failed. cdf_l2=1
[DBG] L2Q Fail: q_l2 out of range. q_l2=13.8484
[DBG] L2Q Fail: q_l2 out of range. q_l2=13.6314
[DBG] L2Q Fail: q_l2 out of range. q_l2=13.6314
Processing entry 1000000/14513832
[DBG] L2Q Fail: q_l2 out of range. q_l2=13.388
[DBG] L2Q Fail: q_l2 out of range. q_l2=13.388
[DBG] L2Q Fail: q_l2 out of range. q_l2=14.4213
[DBG] L2Q Fail: q_l2 out of range. q_l2=15.8657
[DBG] L2Q Fail: q_l2 out of range. q_l2=15.8657
[DBG] L2Q Fail: q_l2 out of range. q_l2=2.72775
[DBG] L2Q Fail: q_l2 out of range. q_l2=2.72775
[DBG] L2Q Fail: q_l2 out of range. q_l2=2.87471
[DBG] L2Q Fail: q_l2 out of range. q_l2=2.87471
Processing entry 2000000/14513832
[DBG] L2Q Fail: q_l2 out of range. q_l2=14.3872
[DBG] L2Q Fail: q_l2 out of range. q_l2=14.3872
[DBG] L2Q Fail: q_l2 out of range. q_l2=2.7131
[DBG] L2Q Fail: q_l2 out of range. q_l2=2.7131
[DBG] L2Q Fail: q_l2 out of range. q_l2=17.9929
[DBG] L2Q Fail: q_l2 out of range. q_l2=17.9929
[DBG] L2Q Fail: q_l2 out of range. q_l2=16.1701
[DBG] L2Q Fail: q_l2 out of range. q_l2=11.6292
[DBG] L2Q Fail: q_l2 out of range. q_l2=16.1639
[DBG] L2Q Fail: q_l2 out of range. q_l2=13.1741
[DBG] L2Q Fail: q_l2 out of range. q_l2=13.1741
[DBG] L2Q Fail: q_l2 out of range. q_l2=18.0751
[DBG] L2Q Fail: q_l2 out of range. q_l2=18.0751
Processing entry 3000000/14513832
[DBG] L2Q Fail: q_l2 out of range. q_l2=15.4195
[DBG] L2Q Fail: InvCDF failed. cdf_l2=1
[DBG] L2Q Fail: q_l2 out of range. q_l2=10.8358
[DBG] L2Q Fail: q_l2 out of range. q_l2=13.0504
[DBG] L2Q Fail: q_l2 out of range. q_l2=9.72547
[DBG] L2Q Fail: q_l2 out of range. q_l2=9.72547
[DBG] L2Q Fail: q_l2 out of range. q_l2=11.3837
[DBG] L2Q Fail: q_l2 out of range. q_l2=11.3837
Processing entry 4000000/14513832
[DBG] L2Q Fail: q_l2 out of range. q_l2=13.562
[DBG] L2Q Fail: q_l2 out of range. q_l2=17.764
[DBG] L2Q Fail: q_l2 out of range. q_l2=17.764
Processing entry 5000000/14513832
[DBG] L2Q Fail: q_l2 out of range. q_l2=12.9127
Processing entry 6000000/14513832
[DBG] L2Q Fail: q_l2 out of range. q_l2=16.4443
[DBG] L2Q Fail: q_l2 out of range. q_l2=12.1578
[DBG] L2Q Fail: q_l2 out of range. q_l2=10.025
[DBG] L2Q Fail: InvCDF failed. cdf_l2=1
Processing entry 7000000/14513832
[DBG] L2Q Fail: q_l2 out of range. q_l2=2.50163
[DBG] L2Q Fail: q_l2 out of range. q_l2=2.50163
[DBG] L2Q Fail: q_l2 out of range. q_l2=12.9081
Processing entry 8000000/14513832
[DBG] L2Q Fail: InvCDF failed. cdf_l2=1
[DBG] L2Q Fail: InvCDF failed. cdf_l2=1
[DBG] L2Q Fail: q_l2 out of range. q_l2=13.0689
Processing entry 9000000/14513832
[DBG] L2Q Fail: q_l2 out of range. q_l2=14.9685
[DBG] L2Q Fail: q_l2 out of range. q_l2=12.8927
[DBG] L2Q Fail: q_l2 out of range. q_l2=12.8927
[DBG] L2Q Fail: q_l2 out of range. q_l2=13.4529
[DBG] L2Q Fail: q_l2 out of range. q_l2=13.4529
[DBG] L2Q Fail: q_l2 out of range. q_l2=13.4529
[DBG] L2Q Fail: q_l2 out of range. q_l2=13.4529
Processing entry 10000000/14513832
[DBG] L2Q Fail: InvCDF failed. cdf_l2=1
[DBG] L2Q Fail: q_l2 out of range. q_l2=13.9503
[DBG] L2Q Fail: InvCDF failed. cdf_l2=1
[DBG] L2Q Fail: q_l2 out of range. q_l2=2.90712
[DBG] L2Q Fail: q_l2 out of range. q_l2=13.5561
[DBG] L2Q Fail: q_l2 out of range. q_l2=13.5561
Processing entry 11000000/14513832
[DBG] L2Q Fail: q_l2 out of range. q_l2=17.4268
[DBG] L2Q Fail: q_l2 out of range. q_l2=14.5022
[DBG] L2Q Fail: q_l2 out of range. q_l2=15.6805
[DBG] L2Q Fail: q_l2 out of range. q_l2=15.6805
[DBG] L2Q Fail: InvCDF failed. cdf_l2=1
[DBG] L2Q Fail: q_l2 out of range. q_l2=2.80093
[DBG] L2Q Fail: q_l2 out of range. q_l2=2.80093
Processing entry 12000000/14513832
[DBG] L2Q Fail: q_l2 out of range. q_l2=11.5865
Processing entry 13000000/14513832
[DBG] L2Q Fail: InvCDF failed. cdf_l2=1
[DBG] L2Q Fail: InvCDF failed. cdf_l2=1
[DBG] L2Q Fail: q_l2 out of range. q_l2=19.2589
[DBG] L2Q Fail: q_l2 out of range. q_l2=19.2589
[DBG] L2Q Fail: InvCDF failed. cdf_l2=1
[DBG] L2Q Fail: InvCDF failed. cdf_l2=1
[DBG] L2Q Fail: InvCDF failed. cdf_l2=1
Processing entry 14000000/14513832
[DBG] L2Q Fail: q_l2 out of range. q_l2=14.8172
[DBG] L2Q Fail: q_l2 out of range. q_l2=14.8172
[DBG] L2Q Fail: InvCDF failed. cdf_l2=1
[DBG] L2Q Fail: q_l2 out of range. q_l2=15.9583
[DBG] L2Q Fail: q_l2 out of range. q_l2=15.9583
[DBG] L2Q Fail: q_l2 out of range. q_l2=13.1073
[DBG] L2Q Fail: q_l2 out of range. q_l2=13.1073
[DBG] L2Q Fail: q_l2 out of range. q_l2=14.7802
Event processing completed
Saving all results to file...
Analysis finished.
Analysis completed successfully
[INFO] Finished: /eos/user/z/zixuan/Isotope/ISS/Be/basic_L1Q4to8_part12.root
	Command being timed: "/afs/cern.ch/user/z/zixuan/public/AMSIsotopeFramework/submit/ISSBer.sh /eos/ams/group/ihep/zixuan/filter/basic_L1Q4to8_part12.root"
	User time (seconds): 238.89
	System time (seconds): 11.05
	Percent of CPU this job got: 59%
	Elapsed (wall clock) time (h:mm:ss or m:ss): 7:00.27
	Average shared text size (kbytes): 0
	Average unshared data size (kbytes): 0
	Average stack size (kbytes): 0
	Average total size (kbytes): 0
	Maximum resident set size (kbytes): 548636
	Average resident set size (kbytes): 0
	Major (requiring I/O) page faults: 2
	Minor (reclaiming a frame) page faults: 143706
	Voluntary context switches: 78796
	Involuntary context switches: 95253
	Swaps: 0
	File system inputs: 0
	File system outputs: 32
	Socket messages sent: 0
	Socket messages received: 0
	Signals delivered: 0
	Page size (bytes): 4096
	Exit status: 0
