
Processing ../rootlogon.C...
Processing chargeHistFit.cpp...
[open] input '/eos/user/z/zixuan/Isotope/Add/B_all_frag5.root' -> OK
[open] output '/eos/user/z/zixuan/Isotope/ChargeFit/ChargeFitParams_BeToOxy_0.5.root' -> OK
[init] L1Inner_Beryllium_TOF_L1QTemplate with 73 Ek/n bins
[ok] L1Inner Beryllium L1QTemplate TOF EkCen=0.370 LG chi2/ndf=1.581 EGE chi2/ndf=1.477
[ok] L1Inner Beryllium L1QTemplate TOF EkCen=0.449 LG chi2/ndf=1.042 EGE chi2/ndf=0.739
[ok] L1Inner Beryllium L1QTemplate TOF EkCen=0.539 LG chi2/ndf=2.912 EGE chi2/ndf=1.530
[ok] L1Inner Beryllium L1QTemplate TOF EkCen=0.642 LG chi2/ndf=2.835 EGE chi2/ndf=1.288
[ok] L1Inner Beryllium L1QTemplate TOF EkCen=0.759 LG chi2/ndf=2.645 EGE chi2/ndf=1.778
[ok] L1Inner Beryllium L1QTemplate TOF EkCen=0.890 LG chi2/ndf=2.357 EGE chi2/ndf=2.040
[ok] L1Inner Beryllium L1QTemplate TOF EkCen=1.036 LG chi2/ndf=2.971 EGE chi2/ndf=2.150
[ok] L1Inner Beryllium L1QTemplate TOF EkCen=1.198 LG chi2/ndf=2.223 EGE chi2/ndf=1.887
[init] L1Inner_Beryllium_TOF_L2QTemplate with 73 Ek/n bins
[ok] L1Inner Beryllium L2QTemplate TOF EkCen=0.370 LG chi2/ndf=1.427 EGE chi2/ndf=1.456
[ok] L1Inner Beryllium L2QTemplate TOF EkCen=0.449 LG chi2/ndf=0.962 EGE chi2/ndf=1.023
[ok] L1Inner Beryllium L2QTemplate TOF EkCen=0.539 LG chi2/ndf=1.871 EGE chi2/ndf=1.245
[ok] L1Inner Beryllium L2QTemplate TOF EkCen=0.642 LG chi2/ndf=1.808 EGE chi2/ndf=1.387
[ok] L1Inner Beryllium L2QTemplate TOF EkCen=0.759 LG chi2/ndf=2.744 EGE chi2/ndf=1.042
[ok] L1Inner Beryllium L2QTemplate TOF EkCen=0.890 LG chi2/ndf=2.953 EGE chi2/ndf=1.596
[ok] L1Inner Beryllium L2QTemplate TOF EkCen=1.036 LG chi2/ndf=1.979 EGE chi2/ndf=1.337
[ok] L1Inner Beryllium L2QTemplate TOF EkCen=1.198 LG chi2/ndf=2.711 EGE chi2/ndf=2.282
[init] L1Inner_Beryllium_NaF_L1QTemplate with 73 Ek/n bins
[init] L1Inner_Beryllium_NaF_L2QTemplate with 73 Ek/n bins
[init] L1Inner_Beryllium_AGL_L1QTemplate with 73 Ek/n bins
[init] L1Inner_Beryllium_AGL_L2QTemplate with 73 Ek/n bins
[init] L1Inner_Boron_TOF_L1QTemplate with 73 Ek/n bins
[ok] L1Inner Boron L1QTemplate TOF EkCen=0.370 LG chi2/ndf=2.369 EGE chi2/ndf=2.356
[ok] L1Inner Boron L1QTemplate TOF EkCen=0.449 LG chi2/ndf=2.123 EGE chi2/ndf=1.719
[ok] L1Inner Boron L1QTemplate TOF EkCen=0.539 LG chi2/ndf=1.833 EGE chi2/ndf=1.479
[ok] L1Inner Boron L1QTemplate TOF EkCen=0.642 LG chi2/ndf=2.957 EGE chi2/ndf=1.827
  [warn] boundary: LG-3 par#0 Width = 0.110 in [0.005,0.110] Boron/TOF/L1QTemplate EkCen=0.759
  [warn] boundary: LG-4 par#0 Width = 0.110 in [0.005,0.110] Boron/TOF/L1QTemplate EkCen=0.759
[ok] L1Inner Boron L1QTemplate TOF EkCen=0.759 LG chi2/ndf=2.784 EGE chi2/ndf=2.412
  [warn] boundary: LG-4 par#0 Width = 0.110 in [0.005,0.110] Boron/TOF/L1QTemplate EkCen=0.890
[ok] L1Inner Boron L1QTemplate TOF EkCen=0.890 LG chi2/ndf=2.418 EGE chi2/ndf=1.993
  [warn] boundary: LG-4 par#0 Width = 0.110 in [0.005,0.110] Boron/TOF/L1QTemplate EkCen=1.036
[ok] L1Inner Boron L1QTemplate TOF EkCen=1.036 LG chi2/ndf=1.688 EGE chi2/ndf=2.737
  [warn] boundary: LG-4 par#0 Width = 0.110 in [0.005,0.110] Boron/TOF/L1QTemplate EkCen=1.198
[ok] L1Inner Boron L1QTemplate TOF EkCen=1.198 LG chi2/ndf=2.746 EGE chi2/ndf=2.880
[init] L1Inner_Boron_TOF_L2QTemplate with 73 Ek/n bins
[ok] L1Inner Boron L2QTemplate TOF EkCen=0.370 LG chi2/ndf=1.850 EGE chi2/ndf=1.625
[ok] L1Inner Boron L2QTemplate TOF EkCen=0.449 LG chi2/ndf=1.828 EGE chi2/ndf=1.393
[ok] L1Inner Boron L2QTemplate TOF EkCen=0.539 LG chi2/ndf=1.829 EGE chi2/ndf=1.976
[ok] L1Inner Boron L2QTemplate TOF EkCen=0.642 LG chi2/ndf=1.367 EGE chi2/ndf=1.357
[ok] L1Inner Boron L2QTemplate TOF EkCen=0.759 LG chi2/ndf=2.031 EGE chi2/ndf=2.879
[ok] L1Inner Boron L2QTemplate TOF EkCen=0.890 LG chi2/ndf=2.395 EGE chi2/ndf=2.073
[ok] L1Inner Boron L2QTemplate TOF EkCen=1.036 LG chi2/ndf=2.241 EGE chi2/ndf=2.643
[ok] L1Inner Boron L2QTemplate TOF EkCen=1.198 LG chi2/ndf=2.580 EGE chi2/ndf=2.049
[init] L1Inner_Boron_NaF_L1QTemplate with 73 Ek/n bins
[ok] L1Inner Boron L1QTemplate NaF EkCen=0.890 LG chi2/ndf=2.088 EGE chi2/ndf=1.540
[ok] L1Inner Boron L1QTemplate NaF EkCen=1.036 LG chi2/ndf=1.911 EGE chi2/ndf=1.463
[ok] L1Inner Boron L1QTemplate NaF EkCen=1.198 LG chi2/ndf=1.741 EGE chi2/ndf=1.471
[ok] L1Inner Boron L1QTemplate NaF EkCen=1.378 LG chi2/ndf=1.447 EGE chi2/ndf=1.550
[ok] L1Inner Boron L1QTemplate NaF EkCen=1.576 LG chi2/ndf=1.156 EGE chi2/ndf=1.156
[ok] L1Inner Boron L1QTemplate NaF EkCen=1.795 LG chi2/ndf=1.170 EGE chi2/ndf=1.136
[ok] L1Inner Boron L1QTemplate NaF EkCen=2.036 LG chi2/ndf=1.271 EGE chi2/ndf=1.326
[ok] L1Inner Boron L1QTemplate NaF EkCen=2.299 LG chi2/ndf=1.410 EGE chi2/ndf=1.546
[ok] L1Inner Boron L1QTemplate NaF EkCen=2.584 LG chi2/ndf=1.155 EGE chi2/ndf=1.101
[ok] L1Inner Boron L1QTemplate NaF EkCen=2.896 LG chi2/ndf=1.246 EGE chi2/ndf=1.217
[ok] L1Inner Boron L1QTemplate NaF EkCen=3.234 LG chi2/ndf=1.450 EGE chi2/ndf=1.465
[ok] L1Inner Boron L1QTemplate NaF EkCen=3.600 LG chi2/ndf=1.768 EGE chi2/ndf=1.647
[ok] L1Inner Boron L1QTemplate NaF EkCen=3.997 LG chi2/ndf=0.908 EGE chi2/ndf=0.954
[ok] L1Inner Boron L1QTemplate NaF EkCen=4.425 LG chi2/ndf=1.497 EGE chi2/ndf=1.614
[ok] L1Inner Boron L1QTemplate NaF EkCen=4.894 LG chi2/ndf=1.151 EGE chi2/ndf=1.226
[init] L1Inner_Boron_NaF_L2QTemplate with 73 Ek/n bins
[ok] L1Inner Boron L2QTemplate NaF EkCen=0.890 LG chi2/ndf=1.648 EGE chi2/ndf=1.469
[ok] L1Inner Boron L2QTemplate NaF EkCen=1.036 LG chi2/ndf=1.296 EGE chi2/ndf=1.306
[ok] L1Inner Boron L2QTemplate NaF EkCen=1.198 LG chi2/ndf=1.007 EGE chi2/ndf=0.904
[ok] L1Inner Boron L2QTemplate NaF EkCen=1.378 LG chi2/ndf=1.673 EGE chi2/ndf=1.619
[ok] L1Inner Boron L2QTemplate NaF EkCen=1.576 LG chi2/ndf=1.325 EGE chi2/ndf=1.024
[ok] L1Inner Boron L2QTemplate NaF EkCen=1.795 LG chi2/ndf=1.435 EGE chi2/ndf=1.481
[ok] L1Inner Boron L2QTemplate NaF EkCen=2.036 LG chi2/ndf=1.399 EGE chi2/ndf=1.447
[ok] L1Inner Boron L2QTemplate NaF EkCen=2.299 LG chi2/ndf=1.318 EGE chi2/ndf=1.402
[ok] L1Inner Boron L2QTemplate NaF EkCen=2.584 LG chi2/ndf=1.121 EGE chi2/ndf=1.180
[ok] L1Inner Boron L2QTemplate NaF EkCen=2.896 LG chi2/ndf=1.162 EGE chi2/ndf=1.130
[ok] L1Inner Boron L2QTemplate NaF EkCen=3.234 LG chi2/ndf=1.763 EGE chi2/ndf=1.833
[ok] L1Inner Boron L2QTemplate NaF EkCen=3.600 LG chi2/ndf=0.920 EGE chi2/ndf=0.882
[ok] L1Inner Boron L2QTemplate NaF EkCen=3.997 LG chi2/ndf=1.337 EGE chi2/ndf=1.355
[ok] L1Inner Boron L2QTemplate NaF EkCen=4.425 LG chi2/ndf=0.839 EGE chi2/ndf=0.888
[ok] L1Inner Boron L2QTemplate NaF EkCen=4.894 LG chi2/ndf=1.192 EGE chi2/ndf=1.183
[init] L1Inner_Boron_AGL_L1QTemplate with 73 Ek/n bins
[ok] L1Inner Boron L1QTemplate AGL EkCen=2.896 LG chi2/ndf=1.489 EGE chi2/ndf=1.624
[ok] L1Inner Boron L1QTemplate AGL EkCen=3.234 LG chi2/ndf=1.392 EGE chi2/ndf=1.653
[ok] L1Inner Boron L1QTemplate AGL EkCen=3.600 LG chi2/ndf=1.816 EGE chi2/ndf=1.861
[ok] L1Inner Boron L1QTemplate AGL EkCen=3.997 LG chi2/ndf=1.585 EGE chi2/ndf=1.633
[ok] L1Inner Boron L1QTemplate AGL EkCen=4.425 LG chi2/ndf=1.313 EGE chi2/ndf=1.462
[ok] L1Inner Boron L1QTemplate AGL EkCen=4.894 LG chi2/ndf=1.810 EGE chi2/ndf=1.435
[ok] L1Inner Boron L1QTemplate AGL EkCen=5.388 LG chi2/ndf=1.591 EGE chi2/ndf=1.697
[ok] L1Inner Boron L1QTemplate AGL EkCen=5.907 LG chi2/ndf=1.620 EGE chi2/ndf=1.723
[ok] L1Inner Boron L1QTemplate AGL EkCen=6.477 LG chi2/ndf=1.674 EGE chi2/ndf=1.744
[ok] L1Inner Boron L1QTemplate AGL EkCen=7.098 LG chi2/ndf=1.705 EGE chi2/ndf=1.507
[ok] L1Inner Boron L1QTemplate AGL EkCen=7.769 LG chi2/ndf=1.111 EGE chi2/ndf=1.271
[ok] L1Inner Boron L1QTemplate AGL EkCen=8.490 LG chi2/ndf=1.217 EGE chi2/ndf=1.182
[ok] L1Inner Boron L1QTemplate AGL EkCen=9.261 LG chi2/ndf=0.933 EGE chi2/ndf=1.049
[ok] L1Inner Boron L1QTemplate AGL EkCen=10.083 LG chi2/ndf=1.169 EGE chi2/ndf=1.264
[ok] L1Inner Boron L1QTemplate AGL EkCen=10.980 LG chi2/ndf=1.255 EGE chi2/ndf=1.370
[ok] L1Inner Boron L1QTemplate AGL EkCen=11.952 LG chi2/ndf=1.471 EGE chi2/ndf=1.526
[ok] L1Inner Boron L1QTemplate AGL EkCen=12.975 LG chi2/ndf=1.384 EGE chi2/ndf=1.526
[ok] L1Inner Boron L1QTemplate AGL EkCen=14.072 LG chi2/ndf=1.754 EGE chi2/ndf=1.965
[ok] L1Inner Boron L1QTemplate AGL EkCen=15.245 LG chi2/ndf=1.198 EGE chi2/ndf=1.227
[ok] L1Inner Boron L1QTemplate AGL EkCen=16.493 LG chi2/ndf=1.103 EGE chi2/ndf=1.076
[ok] L1Inner Boron L1QTemplate AGL EkCen=17.842 LG chi2/ndf=1.663 EGE chi2/ndf=1.808
[ok] L1Inner Boron L1QTemplate AGL EkCen=19.290 LG chi2/ndf=1.632 EGE chi2/ndf=1.718
[init] L1Inner_Boron_AGL_L2QTemplate with 73 Ek/n bins
[ok] L1Inner Boron L2QTemplate AGL EkCen=2.896 LG chi2/ndf=1.527 EGE chi2/ndf=1.819
[ok] L1Inner Boron L2QTemplate AGL EkCen=3.234 LG chi2/ndf=1.362 EGE chi2/ndf=1.601
[ok] L1Inner Boron L2QTemplate AGL EkCen=3.600 LG chi2/ndf=1.332 EGE chi2/ndf=1.372
[ok] L1Inner Boron L2QTemplate AGL EkCen=3.997 LG chi2/ndf=1.081 EGE chi2/ndf=1.076
[ok] L1Inner Boron L2QTemplate AGL EkCen=4.425 LG chi2/ndf=1.613 EGE chi2/ndf=1.768
[ok] L1Inner Boron L2QTemplate AGL EkCen=4.894 LG chi2/ndf=1.194 EGE chi2/ndf=1.304
[ok] L1Inner Boron L2QTemplate AGL EkCen=5.388 LG chi2/ndf=1.347 EGE chi2/ndf=1.490
[ok] L1Inner Boron L2QTemplate AGL EkCen=5.907 LG chi2/ndf=1.463 EGE chi2/ndf=1.411
[ok] L1Inner Boron L2QTemplate AGL EkCen=6.477 LG chi2/ndf=1.323 EGE chi2/ndf=1.408
[ok] L1Inner Boron L2QTemplate AGL EkCen=7.098 LG chi2/ndf=1.607 EGE chi2/ndf=1.710
[ok] L1Inner Boron L2QTemplate AGL EkCen=7.769 LG chi2/ndf=0.979 EGE chi2/ndf=1.039
[ok] L1Inner Boron L2QTemplate AGL EkCen=8.490 LG chi2/ndf=1.001 EGE chi2/ndf=1.173
[ok] L1Inner Boron L2QTemplate AGL EkCen=9.261 LG chi2/ndf=0.885 EGE chi2/ndf=1.045
[ok] L1Inner Boron L2QTemplate AGL EkCen=10.083 LG chi2/ndf=1.361 EGE chi2/ndf=1.424
[ok] L1Inner Boron L2QTemplate AGL EkCen=10.980 LG chi2/ndf=1.735 EGE chi2/ndf=1.786
[ok] L1Inner Boron L2QTemplate AGL EkCen=11.952 LG chi2/ndf=1.402 EGE chi2/ndf=1.560
[ok] L1Inner Boron L2QTemplate AGL EkCen=12.975 LG chi2/ndf=1.875 EGE chi2/ndf=1.941
[ok] L1Inner Boron L2QTemplate AGL EkCen=14.072 LG chi2/ndf=1.419 EGE chi2/ndf=1.322
[ok] L1Inner Boron L2QTemplate AGL EkCen=15.245 LG chi2/ndf=1.425 EGE chi2/ndf=1.250
[ok] L1Inner Boron L2QTemplate AGL EkCen=16.493 LG chi2/ndf=1.322 EGE chi2/ndf=1.402
[ok] L1Inner Boron L2QTemplate AGL EkCen=17.842 LG chi2/ndf=1.486 EGE chi2/ndf=1.335
[ok] L1Inner Boron L2QTemplate AGL EkCen=19.290 LG chi2/ndf=1.141 EGE chi2/ndf=1.183
[init] L1Inner_Carbon_TOF_L1QTemplate with 73 Ek/n bins
[ok] L1Inner Carbon L1QTemplate TOF EkCen=0.370 LG chi2/ndf=2.935 EGE chi2/ndf=1.997
[ok] L1Inner Carbon L1QTemplate TOF EkCen=0.449 LG chi2/ndf=2.888 EGE chi2/ndf=2.846
[ok] L1Inner Carbon L1QTemplate TOF EkCen=0.539 LG chi2/ndf=1.531 EGE chi2/ndf=1.953
[ok] L1Inner Carbon L1QTemplate TOF EkCen=0.642 LG chi2/ndf=1.920 EGE chi2/ndf=1.523
[ok] L1Inner Carbon L1QTemplate TOF EkCen=0.759 LG chi2/ndf=2.950 EGE chi2/ndf=2.031
[ok] L1Inner Carbon L1QTemplate TOF EkCen=0.890 LG chi2/ndf=2.395 EGE chi2/ndf=2.218
[ok] L1Inner Carbon L1QTemplate TOF EkCen=1.036 LG chi2/ndf=2.498 EGE chi2/ndf=2.419
[ok] L1Inner Carbon L1QTemplate TOF EkCen=1.198 LG chi2/ndf=2.871 EGE chi2/ndf=2.364
[init] L1Inner_Carbon_TOF_L2QTemplate with 73 Ek/n bins
[ok] L1Inner Carbon L2QTemplate TOF EkCen=0.370 LG chi2/ndf=1.267 EGE chi2/ndf=1.352
[ok] L1Inner Carbon L2QTemplate TOF EkCen=0.449 LG chi2/ndf=1.963 EGE chi2/ndf=1.477
[ok] L1Inner Carbon L2QTemplate TOF EkCen=0.539 LG chi2/ndf=2.012 EGE chi2/ndf=2.292
[ok] L1Inner Carbon L2QTemplate TOF EkCen=0.642 LG chi2/ndf=1.394 EGE chi2/ndf=1.996
[ok] L1Inner Carbon L2QTemplate TOF EkCen=0.759 LG chi2/ndf=1.461 EGE chi2/ndf=1.569
[ok] L1Inner Carbon L2QTemplate TOF EkCen=0.890 LG chi2/ndf=1.904 EGE chi2/ndf=2.172
[ok] L1Inner Carbon L2QTemplate TOF EkCen=1.036 LG chi2/ndf=2.209 EGE chi2/ndf=2.266
[ok] L1Inner Carbon L2QTemplate TOF EkCen=1.198 LG chi2/ndf=2.353 EGE chi2/ndf=2.370
[init] L1Inner_Carbon_NaF_L1QTemplate with 73 Ek/n bins
[ok] L1Inner Carbon L1QTemplate NaF EkCen=0.890 LG chi2/ndf=1.306 EGE chi2/ndf=1.289
[ok] L1Inner Carbon L1QTemplate NaF EkCen=1.036 LG chi2/ndf=2.064 EGE chi2/ndf=1.708
[ok] L1Inner Carbon L1QTemplate NaF EkCen=1.198 LG chi2/ndf=1.503 EGE chi2/ndf=1.622
[ok] L1Inner Carbon L1QTemplate NaF EkCen=1.378 LG chi2/ndf=1.318 EGE chi2/ndf=1.514
[ok] L1Inner Carbon L1QTemplate NaF EkCen=1.576 LG chi2/ndf=1.700 EGE chi2/ndf=1.838
[ok] L1Inner Carbon L1QTemplate NaF EkCen=1.795 LG chi2/ndf=1.519 EGE chi2/ndf=1.652
[ok] L1Inner Carbon L1QTemplate NaF EkCen=2.036 LG chi2/ndf=1.556 EGE chi2/ndf=1.747
[ok] L1Inner Carbon L1QTemplate NaF EkCen=2.299 LG chi2/ndf=1.504 EGE chi2/ndf=1.246
[ok] L1Inner Carbon L1QTemplate NaF EkCen=2.584 LG chi2/ndf=1.163 EGE chi2/ndf=1.192
[ok] L1Inner Carbon L1QTemplate NaF EkCen=2.896 LG chi2/ndf=1.006 EGE chi2/ndf=1.149
[ok] L1Inner Carbon L1QTemplate NaF EkCen=3.234 LG chi2/ndf=1.122 EGE chi2/ndf=1.262
[ok] L1Inner Carbon L1QTemplate NaF EkCen=3.600 LG chi2/ndf=1.313 EGE chi2/ndf=1.480
[ok] L1Inner Carbon L1QTemplate NaF EkCen=3.997 LG chi2/ndf=1.166 EGE chi2/ndf=1.001
[ok] L1Inner Carbon L1QTemplate NaF EkCen=4.425 LG chi2/ndf=1.286 EGE chi2/ndf=1.346
[ok] L1Inner Carbon L1QTemplate NaF EkCen=4.894 LG chi2/ndf=1.391 EGE chi2/ndf=1.492
[init] L1Inner_Carbon_NaF_L2QTemplate with 73 Ek/n bins
[ok] L1Inner Carbon L2QTemplate NaF EkCen=0.890 LG chi2/ndf=2.091 EGE chi2/ndf=2.006
[ok] L1Inner Carbon L2QTemplate NaF EkCen=1.036 LG chi2/ndf=1.946 EGE chi2/ndf=1.343
[ok] L1Inner Carbon L2QTemplate NaF EkCen=1.198 LG chi2/ndf=2.000 EGE chi2/ndf=1.711
[ok] L1Inner Carbon L2QTemplate NaF EkCen=1.378 LG chi2/ndf=1.064 EGE chi2/ndf=1.007
[ok] L1Inner Carbon L2QTemplate NaF EkCen=1.576 LG chi2/ndf=1.221 EGE chi2/ndf=1.187
[ok] L1Inner Carbon L2QTemplate NaF EkCen=1.795 LG chi2/ndf=1.354 EGE chi2/ndf=1.331
[ok] L1Inner Carbon L2QTemplate NaF EkCen=2.036 LG chi2/ndf=1.340 EGE chi2/ndf=1.461
[ok] L1Inner Carbon L2QTemplate NaF EkCen=2.299 LG chi2/ndf=1.484 EGE chi2/ndf=1.584
[ok] L1Inner Carbon L2QTemplate NaF EkCen=2.584 LG chi2/ndf=1.160 EGE chi2/ndf=1.193
[ok] L1Inner Carbon L2QTemplate NaF EkCen=2.896 LG chi2/ndf=1.812 EGE chi2/ndf=1.894
[ok] L1Inner Carbon L2QTemplate NaF EkCen=3.234 LG chi2/ndf=0.982 EGE chi2/ndf=1.014
[ok] L1Inner Carbon L2QTemplate NaF EkCen=3.600 LG chi2/ndf=1.847 EGE chi2/ndf=1.440
[ok] L1Inner Carbon L2QTemplate NaF EkCen=3.997 LG chi2/ndf=1.002 EGE chi2/ndf=1.020
[ok] L1Inner Carbon L2QTemplate NaF EkCen=4.425 LG chi2/ndf=1.657 EGE chi2/ndf=1.761
[ok] L1Inner Carbon L2QTemplate NaF EkCen=4.894 LG chi2/ndf=1.270 EGE chi2/ndf=1.402
[init] L1Inner_Carbon_AGL_L1QTemplate with 73 Ek/n bins
[ok] L1Inner Carbon L1QTemplate AGL EkCen=2.896 LG chi2/ndf=2.363 EGE chi2/ndf=2.932
[ok] L1Inner Carbon L1QTemplate AGL EkCen=3.234 LG chi2/ndf=2.928 EGE chi2/ndf=2.827
[ok] L1Inner Carbon L1QTemplate AGL EkCen=3.600 LG chi2/ndf=2.769 EGE chi2/ndf=2.739
[ok] L1Inner Carbon L1QTemplate AGL EkCen=3.997 LG chi2/ndf=2.872 EGE chi2/ndf=2.739
[ok] L1Inner Carbon L1QTemplate AGL EkCen=4.425 LG chi2/ndf=2.679 EGE chi2/ndf=2.577
[ok] L1Inner Carbon L1QTemplate AGL EkCen=4.894 LG chi2/ndf=2.491 EGE chi2/ndf=2.757
[ok] L1Inner Carbon L1QTemplate AGL EkCen=5.388 LG chi2/ndf=2.906 EGE chi2/ndf=2.889
[ok] L1Inner Carbon L1QTemplate AGL EkCen=5.907 LG chi2/ndf=2.943 EGE chi2/ndf=2.648
[ok] L1Inner Carbon L1QTemplate AGL EkCen=6.477 LG chi2/ndf=2.518 EGE chi2/ndf=2.491
[ok] L1Inner Carbon L1QTemplate AGL EkCen=7.098 LG chi2/ndf=2.411 EGE chi2/ndf=1.856
[ok] L1Inner Carbon L1QTemplate AGL EkCen=7.769 LG chi2/ndf=2.304 EGE chi2/ndf=2.205
[ok] L1Inner Carbon L1QTemplate AGL EkCen=8.490 LG chi2/ndf=2.699 EGE chi2/ndf=1.448
[ok] L1Inner Carbon L1QTemplate AGL EkCen=9.261 LG chi2/ndf=2.894 EGE chi2/ndf=1.830
[ok] L1Inner Carbon L1QTemplate AGL EkCen=10.083 LG chi2/ndf=2.660 EGE chi2/ndf=2.219
[ok] L1Inner Carbon L1QTemplate AGL EkCen=10.980 LG chi2/ndf=1.906 EGE chi2/ndf=1.765
[ok] L1Inner Carbon L1QTemplate AGL EkCen=11.952 LG chi2/ndf=2.386 EGE chi2/ndf=1.787
[ok] L1Inner Carbon L1QTemplate AGL EkCen=12.975 LG chi2/ndf=2.424 EGE chi2/ndf=1.921
[ok] L1Inner Carbon L1QTemplate AGL EkCen=14.072 LG chi2/ndf=1.998 EGE chi2/ndf=1.515
[ok] L1Inner Carbon L1QTemplate AGL EkCen=15.245 LG chi2/ndf=1.609 EGE chi2/ndf=1.861
[ok] L1Inner Carbon L1QTemplate AGL EkCen=16.493 LG chi2/ndf=1.436 EGE chi2/ndf=1.222
[ok] L1Inner Carbon L1QTemplate AGL EkCen=17.842 LG chi2/ndf=1.825 EGE chi2/ndf=1.696
[ok] L1Inner Carbon L1QTemplate AGL EkCen=19.290 LG chi2/ndf=1.816 EGE chi2/ndf=1.647
[init] L1Inner_Carbon_AGL_L2QTemplate with 73 Ek/n bins
[ok] L1Inner Carbon L2QTemplate AGL EkCen=2.896 LG chi2/ndf=2.475 EGE chi2/ndf=2.835
[ok] L1Inner Carbon L2QTemplate AGL EkCen=3.234 LG chi2/ndf=2.891 EGE chi2/ndf=2.228
[ok] L1Inner Carbon L2QTemplate AGL EkCen=3.600 LG chi2/ndf=2.197 EGE chi2/ndf=2.745
[ok] L1Inner Carbon L2QTemplate AGL EkCen=3.997 LG chi2/ndf=1.681 EGE chi2/ndf=1.832
[ok] L1Inner Carbon L2QTemplate AGL EkCen=4.425 LG chi2/ndf=2.781 EGE chi2/ndf=2.468
[ok] L1Inner Carbon L2QTemplate AGL EkCen=4.894 LG chi2/ndf=2.255 EGE chi2/ndf=2.133
[ok] L1Inner Carbon L2QTemplate AGL EkCen=5.388 LG chi2/ndf=2.597 EGE chi2/ndf=2.431
[ok] L1Inner Carbon L2QTemplate AGL EkCen=5.907 LG chi2/ndf=1.877 EGE chi2/ndf=2.020
[ok] L1Inner Carbon L2QTemplate AGL EkCen=6.477 LG chi2/ndf=1.998 EGE chi2/ndf=2.102
[ok] L1Inner Carbon L2QTemplate AGL EkCen=7.098 LG chi2/ndf=2.365 EGE chi2/ndf=2.319
[ok] L1Inner Carbon L2QTemplate AGL EkCen=7.769 LG chi2/ndf=1.962 EGE chi2/ndf=1.955
[ok] L1Inner Carbon L2QTemplate AGL EkCen=8.490 LG chi2/ndf=1.961 EGE chi2/ndf=1.708
[ok] L1Inner Carbon L2QTemplate AGL EkCen=9.261 LG chi2/ndf=1.591 EGE chi2/ndf=1.654
[ok] L1Inner Carbon L2QTemplate AGL EkCen=10.083 LG chi2/ndf=2.280 EGE chi2/ndf=2.618
[ok] L1Inner Carbon L2QTemplate AGL EkCen=10.980 LG chi2/ndf=1.937 EGE chi2/ndf=1.623
[ok] L1Inner Carbon L2QTemplate AGL EkCen=11.952 LG chi2/ndf=1.803 EGE chi2/ndf=1.996
[ok] L1Inner Carbon L2QTemplate AGL EkCen=12.975 LG chi2/ndf=1.764 EGE chi2/ndf=1.749
[ok] L1Inner Carbon L2QTemplate AGL EkCen=14.072 LG chi2/ndf=2.442 EGE chi2/ndf=2.260
[ok] L1Inner Carbon L2QTemplate AGL EkCen=15.245 LG chi2/ndf=1.438 EGE chi2/ndf=1.649
[ok] L1Inner Carbon L2QTemplate AGL EkCen=16.493 LG chi2/ndf=1.186 EGE chi2/ndf=1.298
[ok] L1Inner Carbon L2QTemplate AGL EkCen=17.842 LG chi2/ndf=1.436 EGE chi2/ndf=1.468
[ok] L1Inner Carbon L2QTemplate AGL EkCen=19.290 LG chi2/ndf=1.364 EGE chi2/ndf=1.323
[init] L1Inner_Nitrogen_TOF_L1QTemplate with 73 Ek/n bins
[ok] L1Inner Nitrogen L1QTemplate TOF EkCen=0.370 LG chi2/ndf=1.561 EGE chi2/ndf=1.730
[ok] L1Inner Nitrogen L1QTemplate TOF EkCen=0.449 LG chi2/ndf=1.107 EGE chi2/ndf=1.049
[ok] L1Inner Nitrogen L1QTemplate TOF EkCen=0.539 LG chi2/ndf=1.271 EGE chi2/ndf=1.251
[ok] L1Inner Nitrogen L1QTemplate TOF EkCen=0.642 LG chi2/ndf=2.539 EGE chi2/ndf=1.915
[ok] L1Inner Nitrogen L1QTemplate TOF EkCen=0.759 LG chi2/ndf=1.864 EGE chi2/ndf=1.114
[ok] L1Inner Nitrogen L1QTemplate TOF EkCen=0.890 LG chi2/ndf=1.797 EGE chi2/ndf=1.747
[ok] L1Inner Nitrogen L1QTemplate TOF EkCen=1.036 LG chi2/ndf=1.695 EGE chi2/ndf=1.340
[ok] L1Inner Nitrogen L1QTemplate TOF EkCen=1.198 LG chi2/ndf=1.482 EGE chi2/ndf=1.185
[init] L1Inner_Nitrogen_TOF_L2QTemplate with 73 Ek/n bins
[ok] L1Inner Nitrogen L2QTemplate TOF EkCen=0.370 LG chi2/ndf=1.279 EGE chi2/ndf=1.449
[ok] L1Inner Nitrogen L2QTemplate TOF EkCen=0.449 LG chi2/ndf=1.176 EGE chi2/ndf=1.170
[ok] L1Inner Nitrogen L2QTemplate TOF EkCen=0.539 LG chi2/ndf=0.972 EGE chi2/ndf=0.942
[ok] L1Inner Nitrogen L2QTemplate TOF EkCen=0.642 LG chi2/ndf=1.604 EGE chi2/ndf=1.699
[ok] L1Inner Nitrogen L2QTemplate TOF EkCen=0.759 LG chi2/ndf=1.310 EGE chi2/ndf=1.438
[ok] L1Inner Nitrogen L2QTemplate TOF EkCen=0.890 LG chi2/ndf=1.275 EGE chi2/ndf=1.208
[ok] L1Inner Nitrogen L2QTemplate TOF EkCen=1.036 LG chi2/ndf=1.474 EGE chi2/ndf=1.166
[ok] L1Inner Nitrogen L2QTemplate TOF EkCen=1.198 LG chi2/ndf=1.328 EGE chi2/ndf=1.252
[init] L1Inner_Nitrogen_NaF_L1QTemplate with 73 Ek/n bins
[ok] L1Inner Nitrogen L1QTemplate NaF EkCen=0.890 LG chi2/ndf=0.818 EGE chi2/ndf=0.852
[ok] L1Inner Nitrogen L1QTemplate NaF EkCen=1.036 LG chi2/ndf=1.248 EGE chi2/ndf=1.084
[ok] L1Inner Nitrogen L1QTemplate NaF EkCen=1.198 LG chi2/ndf=0.877 EGE chi2/ndf=0.916
[ok] L1Inner Nitrogen L1QTemplate NaF EkCen=1.378 LG chi2/ndf=1.414 EGE chi2/ndf=1.446
[ok] L1Inner Nitrogen L1QTemplate NaF EkCen=1.576 LG chi2/ndf=0.968 EGE chi2/ndf=1.021
[ok] L1Inner Nitrogen L1QTemplate NaF EkCen=1.795 LG chi2/ndf=1.236 EGE chi2/ndf=1.281
[ok] L1Inner Nitrogen L1QTemplate NaF EkCen=2.036 LG chi2/ndf=1.198 EGE chi2/ndf=1.255
[ok] L1Inner Nitrogen L1QTemplate NaF EkCen=2.299 LG chi2/ndf=1.413 EGE chi2/ndf=1.426
[ok] L1Inner Nitrogen L1QTemplate NaF EkCen=2.584 LG chi2/ndf=0.832 EGE chi2/ndf=0.880
[ok] L1Inner Nitrogen L1QTemplate NaF EkCen=2.896 LG chi2/ndf=1.481 EGE chi2/ndf=1.521
[ok] L1Inner Nitrogen L1QTemplate NaF EkCen=3.234 LG chi2/ndf=1.423 EGE chi2/ndf=1.403
[ok] L1Inner Nitrogen L1QTemplate NaF EkCen=3.600 LG chi2/ndf=1.284 EGE chi2/ndf=1.271
[ok] L1Inner Nitrogen L1QTemplate NaF EkCen=3.997 LG chi2/ndf=1.209 EGE chi2/ndf=1.246
[ok] L1Inner Nitrogen L1QTemplate NaF EkCen=4.425 LG chi2/ndf=1.495 EGE chi2/ndf=1.483
[ok] L1Inner Nitrogen L1QTemplate NaF EkCen=4.894 LG chi2/ndf=1.602 EGE chi2/ndf=1.659
[init] L1Inner_Nitrogen_NaF_L2QTemplate with 73 Ek/n bins
[ok] L1Inner Nitrogen L2QTemplate NaF EkCen=0.890 LG chi2/ndf=1.410 EGE chi2/ndf=1.437
[ok] L1Inner Nitrogen L2QTemplate NaF EkCen=1.036 LG chi2/ndf=1.825 EGE chi2/ndf=1.789
[ok] L1Inner Nitrogen L2QTemplate NaF EkCen=1.198 LG chi2/ndf=1.470 EGE chi2/ndf=1.490
[ok] L1Inner Nitrogen L2QTemplate NaF EkCen=1.378 LG chi2/ndf=1.233 EGE chi2/ndf=1.178
[ok] L1Inner Nitrogen L2QTemplate NaF EkCen=1.576 LG chi2/ndf=1.376 EGE chi2/ndf=1.343
[ok] L1Inner Nitrogen L2QTemplate NaF EkCen=1.795 LG chi2/ndf=1.208 EGE chi2/ndf=1.178
[ok] L1Inner Nitrogen L2QTemplate NaF EkCen=2.036 LG chi2/ndf=1.156 EGE chi2/ndf=1.155
[ok] L1Inner Nitrogen L2QTemplate NaF EkCen=2.299 LG chi2/ndf=1.273 EGE chi2/ndf=1.620
[ok] L1Inner Nitrogen L2QTemplate NaF EkCen=2.584 LG chi2/ndf=1.410 EGE chi2/ndf=1.394
[ok] L1Inner Nitrogen L2QTemplate NaF EkCen=2.896 LG chi2/ndf=1.333 EGE chi2/ndf=1.374
[ok] L1Inner Nitrogen L2QTemplate NaF EkCen=3.234 LG chi2/ndf=1.097 EGE chi2/ndf=0.898
[ok] L1Inner Nitrogen L2QTemplate NaF EkCen=3.600 LG chi2/ndf=2.773 EGE chi2/ndf=1.299
[ok] L1Inner Nitrogen L2QTemplate NaF EkCen=3.997 LG chi2/ndf=1.567 EGE chi2/ndf=1.644
[ok] L1Inner Nitrogen L2QTemplate NaF EkCen=4.425 LG chi2/ndf=0.974 EGE chi2/ndf=0.962
[ok] L1Inner Nitrogen L2QTemplate NaF EkCen=4.894 LG chi2/ndf=1.296 EGE chi2/ndf=1.336
[init] L1Inner_Nitrogen_AGL_L1QTemplate with 73 Ek/n bins
[ok] L1Inner Nitrogen L1QTemplate AGL EkCen=2.896 LG chi2/ndf=1.178 EGE chi2/ndf=1.283
[ok] L1Inner Nitrogen L1QTemplate AGL EkCen=3.234 LG chi2/ndf=1.439 EGE chi2/ndf=1.433
[ok] L1Inner Nitrogen L1QTemplate AGL EkCen=3.600 LG chi2/ndf=1.252 EGE chi2/ndf=1.263
[ok] L1Inner Nitrogen L1QTemplate AGL EkCen=3.997 LG chi2/ndf=1.272 EGE chi2/ndf=1.329
[ok] L1Inner Nitrogen L1QTemplate AGL EkCen=4.425 LG chi2/ndf=1.549 EGE chi2/ndf=1.407
[ok] L1Inner Nitrogen L1QTemplate AGL EkCen=4.894 LG chi2/ndf=1.127 EGE chi2/ndf=1.216
[ok] L1Inner Nitrogen L1QTemplate AGL EkCen=5.388 LG chi2/ndf=0.914 EGE chi2/ndf=0.935
[ok] L1Inner Nitrogen L1QTemplate AGL EkCen=5.907 LG chi2/ndf=1.207 EGE chi2/ndf=1.267
[ok] L1Inner Nitrogen L1QTemplate AGL EkCen=6.477 LG chi2/ndf=2.000 EGE chi2/ndf=1.971
[ok] L1Inner Nitrogen L1QTemplate AGL EkCen=7.098 LG chi2/ndf=1.049 EGE chi2/ndf=1.049
[ok] L1Inner Nitrogen L1QTemplate AGL EkCen=7.769 LG chi2/ndf=1.634 EGE chi2/ndf=1.802
[ok] L1Inner Nitrogen L1QTemplate AGL EkCen=8.490 LG chi2/ndf=1.002 EGE chi2/ndf=1.057
[ok] L1Inner Nitrogen L1QTemplate AGL EkCen=9.261 LG chi2/ndf=1.770 EGE chi2/ndf=1.504
[ok] L1Inner Nitrogen L1QTemplate AGL EkCen=10.083 LG chi2/ndf=1.081 EGE chi2/ndf=0.976
[ok] L1Inner Nitrogen L1QTemplate AGL EkCen=10.980 LG chi2/ndf=0.892 EGE chi2/ndf=0.963
[ok] L1Inner Nitrogen L1QTemplate AGL EkCen=11.952 LG chi2/ndf=1.425 EGE chi2/ndf=1.545
[ok] L1Inner Nitrogen L1QTemplate AGL EkCen=12.975 LG chi2/ndf=1.390 EGE chi2/ndf=1.390
[ok] L1Inner Nitrogen L1QTemplate AGL EkCen=14.072 LG chi2/ndf=1.456 EGE chi2/ndf=1.558
[ok] L1Inner Nitrogen L1QTemplate AGL EkCen=15.245 LG chi2/ndf=1.409 EGE chi2/ndf=1.414
[ok] L1Inner Nitrogen L1QTemplate AGL EkCen=16.493 LG chi2/ndf=0.817 EGE chi2/ndf=0.903
[ok] L1Inner Nitrogen L1QTemplate AGL EkCen=17.842 LG chi2/ndf=1.624 EGE chi2/ndf=1.652
[ok] L1Inner Nitrogen L1QTemplate AGL EkCen=19.290 LG chi2/ndf=1.237 EGE chi2/ndf=1.279
[init] L1Inner_Nitrogen_AGL_L2QTemplate with 73 Ek/n bins
[ok] L1Inner Nitrogen L2QTemplate AGL EkCen=2.896 LG chi2/ndf=1.111 EGE chi2/ndf=1.211
[ok] L1Inner Nitrogen L2QTemplate AGL EkCen=3.234 LG chi2/ndf=1.281 EGE chi2/ndf=1.301
[ok] L1Inner Nitrogen L2QTemplate AGL EkCen=3.600 LG chi2/ndf=1.120 EGE chi2/ndf=1.052
[ok] L1Inner Nitrogen L2QTemplate AGL EkCen=3.997 LG chi2/ndf=1.384 EGE chi2/ndf=1.420
[ok] L1Inner Nitrogen L2QTemplate AGL EkCen=4.425 LG chi2/ndf=1.089 EGE chi2/ndf=1.028
[ok] L1Inner Nitrogen L2QTemplate AGL EkCen=4.894 LG chi2/ndf=1.066 EGE chi2/ndf=1.197
[ok] L1Inner Nitrogen L2QTemplate AGL EkCen=5.388 LG chi2/ndf=1.370 EGE chi2/ndf=1.467
[ok] L1Inner Nitrogen L2QTemplate AGL EkCen=5.907 LG chi2/ndf=1.309 EGE chi2/ndf=1.354
[ok] L1Inner Nitrogen L2QTemplate AGL EkCen=6.477 LG chi2/ndf=1.005 EGE chi2/ndf=1.063
[ok] L1Inner Nitrogen L2QTemplate AGL EkCen=7.098 LG chi2/ndf=1.085 EGE chi2/ndf=1.015
[ok] L1Inner Nitrogen L2QTemplate AGL EkCen=7.769 LG chi2/ndf=1.468 EGE chi2/ndf=1.586
[ok] L1Inner Nitrogen L2QTemplate AGL EkCen=8.490 LG chi2/ndf=1.280 EGE chi2/ndf=1.209
[ok] L1Inner Nitrogen L2QTemplate AGL EkCen=9.261 LG chi2/ndf=1.160 EGE chi2/ndf=1.193
  [warn] boundary: LG par#0 Width = 0.110 in [0.005,0.110] Nitrogen/AGL/L2QTemplate EkCen=10.083
[ok] L1Inner Nitrogen L2QTemplate AGL EkCen=10.083 LG chi2/ndf=1.577 EGE chi2/ndf=1.332
[ok] L1Inner Nitrogen L2QTemplate AGL EkCen=10.980 LG chi2/ndf=1.563 EGE chi2/ndf=1.651
[ok] L1Inner Nitrogen L2QTemplate AGL EkCen=11.952 LG chi2/ndf=1.540 EGE chi2/ndf=1.571
[ok] L1Inner Nitrogen L2QTemplate AGL EkCen=12.975 LG chi2/ndf=1.327 EGE chi2/ndf=1.348
[ok] L1Inner Nitrogen L2QTemplate AGL EkCen=14.072 LG chi2/ndf=0.943 EGE chi2/ndf=0.954
[ok] L1Inner Nitrogen L2QTemplate AGL EkCen=15.245 LG chi2/ndf=1.529 EGE chi2/ndf=1.580
[ok] L1Inner Nitrogen L2QTemplate AGL EkCen=16.493 LG chi2/ndf=1.327 EGE chi2/ndf=1.315
[ok] L1Inner Nitrogen L2QTemplate AGL EkCen=17.842 LG chi2/ndf=1.230 EGE chi2/ndf=1.231
  [warn] boundary: LG par#0 Width = 0.110 in [0.005,0.110] Nitrogen/AGL/L2QTemplate EkCen=19.290
  [warn] boundary: LG-2 par#0 Width = 0.110 in [0.005,0.110] Nitrogen/AGL/L2QTemplate EkCen=19.290
[ok] L1Inner Nitrogen L2QTemplate AGL EkCen=19.290 LG chi2/ndf=0.983 EGE chi2/ndf=0.983
[init] L1Inner_Oxygen_TOF_L1QTemplate with 73 Ek/n bins
[ok] L1Inner Oxygen L1QTemplate TOF EkCen=0.370 LG chi2/ndf=2.817 EGE chi2/ndf=1.647
[ok] L1Inner Oxygen L1QTemplate TOF EkCen=0.449 LG chi2/ndf=1.898 EGE chi2/ndf=1.280
[ok] L1Inner Oxygen L1QTemplate TOF EkCen=0.539 LG chi2/ndf=2.390 EGE chi2/ndf=2.668
[ok] L1Inner Oxygen L1QTemplate TOF EkCen=0.642 LG chi2/ndf=2.303 EGE chi2/ndf=2.795
[ok] L1Inner Oxygen L1QTemplate TOF EkCen=0.759 LG chi2/ndf=1.411 EGE chi2/ndf=1.356
[ok] L1Inner Oxygen L1QTemplate TOF EkCen=0.890 LG chi2/ndf=1.921 EGE chi2/ndf=2.860
[ok] L1Inner Oxygen L1QTemplate TOF EkCen=1.036 LG chi2/ndf=2.721 EGE chi2/ndf=2.640
[ok] L1Inner Oxygen L1QTemplate TOF EkCen=1.198 LG chi2/ndf=2.111 EGE chi2/ndf=2.604
[init] L1Inner_Oxygen_TOF_L2QTemplate with 73 Ek/n bins
[ok] L1Inner Oxygen L2QTemplate TOF EkCen=0.370 LG chi2/ndf=1.117 EGE chi2/ndf=1.184
[ok] L1Inner Oxygen L2QTemplate TOF EkCen=0.449 LG chi2/ndf=1.286 EGE chi2/ndf=1.399
[ok] L1Inner Oxygen L2QTemplate TOF EkCen=0.539 LG chi2/ndf=1.390 EGE chi2/ndf=1.674
[ok] L1Inner Oxygen L2QTemplate TOF EkCen=0.642 LG chi2/ndf=1.750 EGE chi2/ndf=2.275
[ok] L1Inner Oxygen L2QTemplate TOF EkCen=0.759 LG chi2/ndf=1.189 EGE chi2/ndf=1.631
[ok] L1Inner Oxygen L2QTemplate TOF EkCen=0.890 LG chi2/ndf=2.251 EGE chi2/ndf=2.160
[ok] L1Inner Oxygen L2QTemplate TOF EkCen=1.036 LG chi2/ndf=1.557 EGE chi2/ndf=2.104
[ok] L1Inner Oxygen L2QTemplate TOF EkCen=1.198 LG chi2/ndf=1.742 EGE chi2/ndf=1.951
[init] L1Inner_Oxygen_NaF_L1QTemplate with 73 Ek/n bins
[ok] L1Inner Oxygen L1QTemplate NaF EkCen=0.890 LG chi2/ndf=1.319 EGE chi2/ndf=1.379
[ok] L1Inner Oxygen L1QTemplate NaF EkCen=1.036 LG chi2/ndf=1.178 EGE chi2/ndf=1.229
[ok] L1Inner Oxygen L1QTemplate NaF EkCen=1.198 LG chi2/ndf=1.294 EGE chi2/ndf=1.391
[ok] L1Inner Oxygen L1QTemplate NaF EkCen=1.378 LG chi2/ndf=1.298 EGE chi2/ndf=1.354
[ok] L1Inner Oxygen L1QTemplate NaF EkCen=1.576 LG chi2/ndf=1.485 EGE chi2/ndf=1.462
[ok] L1Inner Oxygen L1QTemplate NaF EkCen=1.795 LG chi2/ndf=1.314 EGE chi2/ndf=1.328
[ok] L1Inner Oxygen L1QTemplate NaF EkCen=2.036 LG chi2/ndf=1.237 EGE chi2/ndf=1.118
[ok] L1Inner Oxygen L1QTemplate NaF EkCen=2.299 LG chi2/ndf=1.160 EGE chi2/ndf=1.119
[ok] L1Inner Oxygen L1QTemplate NaF EkCen=2.584 LG chi2/ndf=1.091 EGE chi2/ndf=1.048
[ok] L1Inner Oxygen L1QTemplate NaF EkCen=2.896 LG chi2/ndf=0.828 EGE chi2/ndf=0.854
[ok] L1Inner Oxygen L1QTemplate NaF EkCen=3.234 LG chi2/ndf=1.416 EGE chi2/ndf=1.363
[ok] L1Inner Oxygen L1QTemplate NaF EkCen=3.600 LG chi2/ndf=1.338 EGE chi2/ndf=1.467
[ok] L1Inner Oxygen L1QTemplate NaF EkCen=3.997 LG chi2/ndf=0.903 EGE chi2/ndf=0.908
[ok] L1Inner Oxygen L1QTemplate NaF EkCen=4.425 LG chi2/ndf=1.125 EGE chi2/ndf=1.103
[ok] L1Inner Oxygen L1QTemplate NaF EkCen=4.894 LG chi2/ndf=1.766 EGE chi2/ndf=1.709
[init] L1Inner_Oxygen_NaF_L2QTemplate with 73 Ek/n bins
[ok] L1Inner Oxygen L2QTemplate NaF EkCen=0.890 LG chi2/ndf=1.170 EGE chi2/ndf=1.162
[ok] L1Inner Oxygen L2QTemplate NaF EkCen=1.036 LG chi2/ndf=1.278 EGE chi2/ndf=1.332
[ok] L1Inner Oxygen L2QTemplate NaF EkCen=1.198 LG chi2/ndf=1.082 EGE chi2/ndf=1.132
[ok] L1Inner Oxygen L2QTemplate NaF EkCen=1.378 LG chi2/ndf=1.083 EGE chi2/ndf=1.087
[ok] L1Inner Oxygen L2QTemplate NaF EkCen=1.576 LG chi2/ndf=1.197 EGE chi2/ndf=1.186
[ok] L1Inner Oxygen L2QTemplate NaF EkCen=1.795 LG chi2/ndf=0.823 EGE chi2/ndf=0.854
[ok] L1Inner Oxygen L2QTemplate NaF EkCen=2.036 LG chi2/ndf=1.620 EGE chi2/ndf=1.614
[ok] L1Inner Oxygen L2QTemplate NaF EkCen=2.299 LG chi2/ndf=1.553 EGE chi2/ndf=1.563
[ok] L1Inner Oxygen L2QTemplate NaF EkCen=2.584 LG chi2/ndf=1.183 EGE chi2/ndf=1.207
[ok] L1Inner Oxygen L2QTemplate NaF EkCen=2.896 LG chi2/ndf=1.102 EGE chi2/ndf=1.147
[ok] L1Inner Oxygen L2QTemplate NaF EkCen=3.234 LG chi2/ndf=1.214 EGE chi2/ndf=1.211
[ok] L1Inner Oxygen L2QTemplate NaF EkCen=3.600 LG chi2/ndf=1.057 EGE chi2/ndf=1.048
[ok] L1Inner Oxygen L2QTemplate NaF EkCen=3.997 LG chi2/ndf=1.325 EGE chi2/ndf=1.358
[ok] L1Inner Oxygen L2QTemplate NaF EkCen=4.425 LG chi2/ndf=1.297 EGE chi2/ndf=1.331
[ok] L1Inner Oxygen L2QTemplate NaF EkCen=4.894 LG chi2/ndf=1.251 EGE chi2/ndf=1.218
[init] L1Inner_Oxygen_AGL_L1QTemplate with 73 Ek/n bins
[ok] L1Inner Oxygen L1QTemplate AGL EkCen=2.896 LG chi2/ndf=1.556 EGE chi2/ndf=1.528
[ok] L1Inner Oxygen L1QTemplate AGL EkCen=3.234 LG chi2/ndf=1.637 EGE chi2/ndf=1.594
[ok] L1Inner Oxygen L1QTemplate AGL EkCen=3.600 LG chi2/ndf=1.585 EGE chi2/ndf=1.560
[ok] L1Inner Oxygen L1QTemplate AGL EkCen=3.997 LG chi2/ndf=1.792 EGE chi2/ndf=1.845
[ok] L1Inner Oxygen L1QTemplate AGL EkCen=4.425 LG chi2/ndf=2.120 EGE chi2/ndf=1.925
[ok] L1Inner Oxygen L1QTemplate AGL EkCen=4.894 LG chi2/ndf=1.325 EGE chi2/ndf=1.315
[ok] L1Inner Oxygen L1QTemplate AGL EkCen=5.388 LG chi2/ndf=1.156 EGE chi2/ndf=1.095
[ok] L1Inner Oxygen L1QTemplate AGL EkCen=5.907 LG chi2/ndf=1.647 EGE chi2/ndf=1.577
[ok] L1Inner Oxygen L1QTemplate AGL EkCen=6.477 LG chi2/ndf=1.654 EGE chi2/ndf=1.418
[ok] L1Inner Oxygen L1QTemplate AGL EkCen=7.098 LG chi2/ndf=1.481 EGE chi2/ndf=1.393
[ok] L1Inner Oxygen L1QTemplate AGL EkCen=7.769 LG chi2/ndf=1.368 EGE chi2/ndf=1.378
[ok] L1Inner Oxygen L1QTemplate AGL EkCen=8.490 LG chi2/ndf=1.581 EGE chi2/ndf=1.169
[ok] L1Inner Oxygen L1QTemplate AGL EkCen=9.261 LG chi2/ndf=1.050 EGE chi2/ndf=1.078
[ok] L1Inner Oxygen L1QTemplate AGL EkCen=10.083 LG chi2/ndf=1.671 EGE chi2/ndf=1.577
[ok] L1Inner Oxygen L1QTemplate AGL EkCen=10.980 LG chi2/ndf=1.528 EGE chi2/ndf=1.458
[ok] L1Inner Oxygen L1QTemplate AGL EkCen=11.952 LG chi2/ndf=1.318 EGE chi2/ndf=1.220
[ok] L1Inner Oxygen L1QTemplate AGL EkCen=12.975 LG chi2/ndf=1.191 EGE chi2/ndf=1.158
[ok] L1Inner Oxygen L1QTemplate AGL EkCen=14.072 LG chi2/ndf=1.195 EGE chi2/ndf=1.085
[ok] L1Inner Oxygen L1QTemplate AGL EkCen=15.245 LG chi2/ndf=1.333 EGE chi2/ndf=1.199
[ok] L1Inner Oxygen L1QTemplate AGL EkCen=16.493 LG chi2/ndf=1.128 EGE chi2/ndf=1.131
[ok] L1Inner Oxygen L1QTemplate AGL EkCen=17.842 LG chi2/ndf=1.095 EGE chi2/ndf=0.989
[ok] L1Inner Oxygen L1QTemplate AGL EkCen=19.290 LG chi2/ndf=1.373 EGE chi2/ndf=1.331
[init] L1Inner_Oxygen_AGL_L2QTemplate with 73 Ek/n bins
[ok] L1Inner Oxygen L2QTemplate AGL EkCen=2.896 LG chi2/ndf=1.300 EGE chi2/ndf=1.310
[ok] L1Inner Oxygen L2QTemplate AGL EkCen=3.234 LG chi2/ndf=1.119 EGE chi2/ndf=1.151
[ok] L1Inner Oxygen L2QTemplate AGL EkCen=3.600 LG chi2/ndf=1.524 EGE chi2/ndf=1.483
[ok] L1Inner Oxygen L2QTemplate AGL EkCen=3.997 LG chi2/ndf=1.262 EGE chi2/ndf=1.303
[ok] L1Inner Oxygen L2QTemplate AGL EkCen=4.425 LG chi2/ndf=1.044 EGE chi2/ndf=1.052
[ok] L1Inner Oxygen L2QTemplate AGL EkCen=4.894 LG chi2/ndf=1.398 EGE chi2/ndf=1.381
[ok] L1Inner Oxygen L2QTemplate AGL EkCen=5.388 LG chi2/ndf=1.307 EGE chi2/ndf=1.264
[ok] L1Inner Oxygen L2QTemplate AGL EkCen=5.907 LG chi2/ndf=1.173 EGE chi2/ndf=1.210
[ok] L1Inner Oxygen L2QTemplate AGL EkCen=6.477 LG chi2/ndf=1.470 EGE chi2/ndf=1.306
[ok] L1Inner Oxygen L2QTemplate AGL EkCen=7.098 LG chi2/ndf=1.000 EGE chi2/ndf=1.030
[ok] L1Inner Oxygen L2QTemplate AGL EkCen=7.769 LG chi2/ndf=1.454 EGE chi2/ndf=1.505
[ok] L1Inner Oxygen L2QTemplate AGL EkCen=8.490 LG chi2/ndf=1.048 EGE chi2/ndf=1.074
[ok] L1Inner Oxygen L2QTemplate AGL EkCen=9.261 LG chi2/ndf=1.404 EGE chi2/ndf=1.338
[ok] L1Inner Oxygen L2QTemplate AGL EkCen=10.083 LG chi2/ndf=1.202 EGE chi2/ndf=1.250
[ok] L1Inner Oxygen L2QTemplate AGL EkCen=10.980 LG chi2/ndf=1.243 EGE chi2/ndf=1.163
[ok] L1Inner Oxygen L2QTemplate AGL EkCen=11.952 LG chi2/ndf=1.901 EGE chi2/ndf=1.719
[ok] L1Inner Oxygen L2QTemplate AGL EkCen=12.975 LG chi2/ndf=1.397 EGE chi2/ndf=1.407
[ok] L1Inner Oxygen L2QTemplate AGL EkCen=14.072 LG chi2/ndf=1.118 EGE chi2/ndf=1.152
[ok] L1Inner Oxygen L2QTemplate AGL EkCen=15.245 LG chi2/ndf=1.189 EGE chi2/ndf=1.158
[ok] L1Inner Oxygen L2QTemplate AGL EkCen=16.493 LG chi2/ndf=1.111 EGE chi2/ndf=1.113
[ok] L1Inner Oxygen L2QTemplate AGL EkCen=17.842 LG chi2/ndf=0.948 EGE chi2/ndf=0.953
[ok] L1Inner Oxygen L2QTemplate AGL EkCen=19.290 LG chi2/ndf=0.833 EGE chi2/ndf=0.783
[init] UnbiasedL1Inner_Beryllium_TOF_L1QTemplate with 73 Ek/n bins
[ok] UnbiasedL1Inner Beryllium L1QTemplate TOF EkCen=0.370 LG chi2/ndf=1.482 EGE chi2/ndf=1.350
[ok] UnbiasedL1Inner Beryllium L1QTemplate TOF EkCen=0.449 LG chi2/ndf=1.093 EGE chi2/ndf=0.782
[ok] UnbiasedL1Inner Beryllium L1QTemplate TOF EkCen=0.539 LG chi2/ndf=2.794 EGE chi2/ndf=1.378
  [warn] boundary: LG-5 par#0 Width = 0.110 in [0.005,0.110] Beryllium/TOF/L1QTemplate EkCen=0.642
[ok] UnbiasedL1Inner Beryllium L1QTemplate TOF EkCen=0.642 LG chi2/ndf=2.021 EGE chi2/ndf=1.376
[ok] UnbiasedL1Inner Beryllium L1QTemplate TOF EkCen=0.759 LG chi2/ndf=2.509 EGE chi2/ndf=1.789
[ok] UnbiasedL1Inner Beryllium L1QTemplate TOF EkCen=0.890 LG chi2/ndf=2.255 EGE chi2/ndf=2.011
[ok] UnbiasedL1Inner Beryllium L1QTemplate TOF EkCen=1.036 LG chi2/ndf=2.938 EGE chi2/ndf=2.059
[ok] UnbiasedL1Inner Beryllium L1QTemplate TOF EkCen=1.198 LG chi2/ndf=2.156 EGE chi2/ndf=1.693
[init] UnbiasedL1Inner_Beryllium_TOF_L2QTemplate with 73 Ek/n bins
[ok] UnbiasedL1Inner Beryllium L2QTemplate TOF EkCen=0.370 LG chi2/ndf=1.406 EGE chi2/ndf=1.046
[ok] UnbiasedL1Inner Beryllium L2QTemplate TOF EkCen=0.449 LG chi2/ndf=0.969 EGE chi2/ndf=0.889
[ok] UnbiasedL1Inner Beryllium L2QTemplate TOF EkCen=0.539 LG chi2/ndf=2.053 EGE chi2/ndf=1.269
[ok] UnbiasedL1Inner Beryllium L2QTemplate TOF EkCen=0.642 LG chi2/ndf=2.944 EGE chi2/ndf=1.284
[ok] UnbiasedL1Inner Beryllium L2QTemplate TOF EkCen=0.759 LG chi2/ndf=2.929 EGE chi2/ndf=1.084
[ok] UnbiasedL1Inner Beryllium L2QTemplate TOF EkCen=0.890 LG chi2/ndf=2.981 EGE chi2/ndf=1.679
[ok] UnbiasedL1Inner Beryllium L2QTemplate TOF EkCen=1.036 LG chi2/ndf=2.092 EGE chi2/ndf=1.421
[ok] UnbiasedL1Inner Beryllium L2QTemplate TOF EkCen=1.198 LG chi2/ndf=2.748 EGE chi2/ndf=2.230
[init] UnbiasedL1Inner_Beryllium_NaF_L1QTemplate with 73 Ek/n bins
[init] UnbiasedL1Inner_Beryllium_NaF_L2QTemplate with 73 Ek/n bins
[init] UnbiasedL1Inner_Beryllium_AGL_L1QTemplate with 73 Ek/n bins
[init] UnbiasedL1Inner_Beryllium_AGL_L2QTemplate with 73 Ek/n bins
[init] UnbiasedL1Inner_Boron_TOF_L1QTemplate with 73 Ek/n bins
[ok] UnbiasedL1Inner Boron L1QTemplate TOF EkCen=0.370 LG chi2/ndf=2.343 EGE chi2/ndf=2.321
[ok] UnbiasedL1Inner Boron L1QTemplate TOF EkCen=0.449 LG chi2/ndf=2.143 EGE chi2/ndf=1.752
[ok] UnbiasedL1Inner Boron L1QTemplate TOF EkCen=0.539 LG chi2/ndf=1.765 EGE chi2/ndf=1.474
  [warn] boundary: LG-3 par#0 Width = 0.110 in [0.005,0.110] Boron/TOF/L1QTemplate EkCen=0.642
  [warn] boundary: LG-4 par#0 Width = 0.110 in [0.005,0.110] Boron/TOF/L1QTemplate EkCen=0.642
[ok] UnbiasedL1Inner Boron L1QTemplate TOF EkCen=0.642 LG chi2/ndf=1.496 EGE chi2/ndf=1.982
  [warn] boundary: LG-3 par#0 Width = 0.110 in [0.005,0.110] Boron/TOF/L1QTemplate EkCen=0.759
  [warn] boundary: LG-4 par#0 Width = 0.110 in [0.005,0.110] Boron/TOF/L1QTemplate EkCen=0.759
[ok] UnbiasedL1Inner Boron L1QTemplate TOF EkCen=0.759 LG chi2/ndf=2.788 EGE chi2/ndf=2.871
  [warn] boundary: LG-4 par#0 Width = 0.110 in [0.005,0.110] Boron/TOF/L1QTemplate EkCen=0.890
[ok] UnbiasedL1Inner Boron L1QTemplate TOF EkCen=0.890 LG chi2/ndf=2.410 EGE chi2/ndf=2.191
  [warn] boundary: LG-4 par#0 Width = 0.110 in [0.005,0.110] Boron/TOF/L1QTemplate EkCen=1.036
[ok] UnbiasedL1Inner Boron L1QTemplate TOF EkCen=1.036 LG chi2/ndf=1.855 EGE chi2/ndf=2.988
  [warn] boundary: LG-4 par#0 Width = 0.110 in [0.005,0.110] Boron/TOF/L1QTemplate EkCen=1.198
[ok] UnbiasedL1Inner Boron L1QTemplate TOF EkCen=1.198 LG chi2/ndf=2.956 EGE chi2/ndf=2.716
[init] UnbiasedL1Inner_Boron_TOF_L2QTemplate with 73 Ek/n bins
[ok] UnbiasedL1Inner Boron L2QTemplate TOF EkCen=0.370 LG chi2/ndf=1.756 EGE chi2/ndf=1.509
[ok] UnbiasedL1Inner Boron L2QTemplate TOF EkCen=0.449 LG chi2/ndf=1.690 EGE chi2/ndf=1.327
[ok] UnbiasedL1Inner Boron L2QTemplate TOF EkCen=0.539 LG chi2/ndf=1.829 EGE chi2/ndf=1.948
[ok] UnbiasedL1Inner Boron L2QTemplate TOF EkCen=0.642 LG chi2/ndf=1.360 EGE chi2/ndf=1.372
[ok] UnbiasedL1Inner Boron L2QTemplate TOF EkCen=0.759 LG chi2/ndf=2.041 EGE chi2/ndf=2.891
[ok] UnbiasedL1Inner Boron L2QTemplate TOF EkCen=0.890 LG chi2/ndf=2.224 EGE chi2/ndf=2.088
[ok] UnbiasedL1Inner Boron L2QTemplate TOF EkCen=1.036 LG chi2/ndf=2.424 EGE chi2/ndf=2.614
[ok] UnbiasedL1Inner Boron L2QTemplate TOF EkCen=1.198 LG chi2/ndf=2.396 EGE chi2/ndf=1.951
[init] UnbiasedL1Inner_Boron_NaF_L1QTemplate with 73 Ek/n bins
[ok] UnbiasedL1Inner Boron L1QTemplate NaF EkCen=0.890 LG chi2/ndf=2.058 EGE chi2/ndf=1.502
[ok] UnbiasedL1Inner Boron L1QTemplate NaF EkCen=1.036 LG chi2/ndf=1.913 EGE chi2/ndf=1.424
[ok] UnbiasedL1Inner Boron L1QTemplate NaF EkCen=1.198 LG chi2/ndf=1.651 EGE chi2/ndf=1.647
[ok] UnbiasedL1Inner Boron L1QTemplate NaF EkCen=1.378 LG chi2/ndf=1.448 EGE chi2/ndf=1.549
[ok] UnbiasedL1Inner Boron L1QTemplate NaF EkCen=1.576 LG chi2/ndf=1.098 EGE chi2/ndf=1.094
[ok] UnbiasedL1Inner Boron L1QTemplate NaF EkCen=1.795 LG chi2/ndf=1.159 EGE chi2/ndf=1.074
[ok] UnbiasedL1Inner Boron L1QTemplate NaF EkCen=2.036 LG chi2/ndf=1.257 EGE chi2/ndf=1.314
[ok] UnbiasedL1Inner Boron L1QTemplate NaF EkCen=2.299 LG chi2/ndf=1.412 EGE chi2/ndf=1.539
[ok] UnbiasedL1Inner Boron L1QTemplate NaF EkCen=2.584 LG chi2/ndf=1.112 EGE chi2/ndf=1.020
[ok] UnbiasedL1Inner Boron L1QTemplate NaF EkCen=2.896 LG chi2/ndf=1.398 EGE chi2/ndf=1.454
[ok] UnbiasedL1Inner Boron L1QTemplate NaF EkCen=3.234 LG chi2/ndf=1.404 EGE chi2/ndf=1.454
[ok] UnbiasedL1Inner Boron L1QTemplate NaF EkCen=3.600 LG chi2/ndf=1.588 EGE chi2/ndf=1.637
[ok] UnbiasedL1Inner Boron L1QTemplate NaF EkCen=3.997 LG chi2/ndf=0.946 EGE chi2/ndf=1.000
[ok] UnbiasedL1Inner Boron L1QTemplate NaF EkCen=4.425 LG chi2/ndf=1.513 EGE chi2/ndf=1.638
[ok] UnbiasedL1Inner Boron L1QTemplate NaF EkCen=4.894 LG chi2/ndf=1.346 EGE chi2/ndf=1.433
[init] UnbiasedL1Inner_Boron_NaF_L2QTemplate with 73 Ek/n bins
[ok] UnbiasedL1Inner Boron L2QTemplate NaF EkCen=0.890 LG chi2/ndf=1.467 EGE chi2/ndf=1.331
[ok] UnbiasedL1Inner Boron L2QTemplate NaF EkCen=1.036 LG chi2/ndf=1.333 EGE chi2/ndf=1.341
[ok] UnbiasedL1Inner Boron L2QTemplate NaF EkCen=1.198 LG chi2/ndf=1.092 EGE chi2/ndf=0.984
[ok] UnbiasedL1Inner Boron L2QTemplate NaF EkCen=1.378 LG chi2/ndf=1.577 EGE chi2/ndf=1.491
[ok] UnbiasedL1Inner Boron L2QTemplate NaF EkCen=1.576 LG chi2/ndf=1.297 EGE chi2/ndf=0.977
[ok] UnbiasedL1Inner Boron L2QTemplate NaF EkCen=1.795 LG chi2/ndf=1.469 EGE chi2/ndf=1.519
[ok] UnbiasedL1Inner Boron L2QTemplate NaF EkCen=2.036 LG chi2/ndf=1.298 EGE chi2/ndf=1.352
[ok] UnbiasedL1Inner Boron L2QTemplate NaF EkCen=2.299 LG chi2/ndf=1.234 EGE chi2/ndf=1.304
[ok] UnbiasedL1Inner Boron L2QTemplate NaF EkCen=2.584 LG chi2/ndf=1.022 EGE chi2/ndf=1.074
[ok] UnbiasedL1Inner Boron L2QTemplate NaF EkCen=2.896 LG chi2/ndf=1.132 EGE chi2/ndf=1.124
[ok] UnbiasedL1Inner Boron L2QTemplate NaF EkCen=3.234 LG chi2/ndf=1.720 EGE chi2/ndf=1.815
[ok] UnbiasedL1Inner Boron L2QTemplate NaF EkCen=3.600 LG chi2/ndf=0.839 EGE chi2/ndf=0.827
  [warn] boundary: LG par#0 Width = 0.110 in [0.005,0.110] Boron/NaF/L2QTemplate EkCen=3.997
[ok] UnbiasedL1Inner Boron L2QTemplate NaF EkCen=3.997 LG chi2/ndf=1.512 EGE chi2/ndf=1.450
[ok] UnbiasedL1Inner Boron L2QTemplate NaF EkCen=4.425 LG chi2/ndf=0.965 EGE chi2/ndf=1.018
[ok] UnbiasedL1Inner Boron L2QTemplate NaF EkCen=4.894 LG chi2/ndf=1.125 EGE chi2/ndf=1.104
[init] UnbiasedL1Inner_Boron_AGL_L1QTemplate with 73 Ek/n bins
[ok] UnbiasedL1Inner Boron L1QTemplate AGL EkCen=2.896 LG chi2/ndf=1.397 EGE chi2/ndf=1.565
[ok] UnbiasedL1Inner Boron L1QTemplate AGL EkCen=3.234 LG chi2/ndf=1.461 EGE chi2/ndf=1.709
[ok] UnbiasedL1Inner Boron L1QTemplate AGL EkCen=3.600 LG chi2/ndf=1.694 EGE chi2/ndf=1.755
[ok] UnbiasedL1Inner Boron L1QTemplate AGL EkCen=3.997 LG chi2/ndf=1.410 EGE chi2/ndf=1.491
[ok] UnbiasedL1Inner Boron L1QTemplate AGL EkCen=4.425 LG chi2/ndf=1.251 EGE chi2/ndf=1.404
[ok] UnbiasedL1Inner Boron L1QTemplate AGL EkCen=4.894 LG chi2/ndf=1.722 EGE chi2/ndf=1.405
[ok] UnbiasedL1Inner Boron L1QTemplate AGL EkCen=5.388 LG chi2/ndf=1.581 EGE chi2/ndf=1.697
[ok] UnbiasedL1Inner Boron L1QTemplate AGL EkCen=5.907 LG chi2/ndf=1.744 EGE chi2/ndf=1.834
[ok] UnbiasedL1Inner Boron L1QTemplate AGL EkCen=6.477 LG chi2/ndf=1.633 EGE chi2/ndf=1.686
[ok] UnbiasedL1Inner Boron L1QTemplate AGL EkCen=7.098 LG chi2/ndf=1.675 EGE chi2/ndf=1.515
[ok] UnbiasedL1Inner Boron L1QTemplate AGL EkCen=7.769 LG chi2/ndf=1.208 EGE chi2/ndf=1.420
[ok] UnbiasedL1Inner Boron L1QTemplate AGL EkCen=8.490 LG chi2/ndf=1.251 EGE chi2/ndf=1.211
[ok] UnbiasedL1Inner Boron L1QTemplate AGL EkCen=9.261 LG chi2/ndf=0.958 EGE chi2/ndf=1.343
[ok] UnbiasedL1Inner Boron L1QTemplate AGL EkCen=10.083 LG chi2/ndf=1.232 EGE chi2/ndf=1.371
[ok] UnbiasedL1Inner Boron L1QTemplate AGL EkCen=10.980 LG chi2/ndf=1.182 EGE chi2/ndf=1.273
[ok] UnbiasedL1Inner Boron L1QTemplate AGL EkCen=11.952 LG chi2/ndf=1.530 EGE chi2/ndf=1.581
[ok] UnbiasedL1Inner Boron L1QTemplate AGL EkCen=12.975 LG chi2/ndf=1.399 EGE chi2/ndf=1.532
[ok] UnbiasedL1Inner Boron L1QTemplate AGL EkCen=14.072 LG chi2/ndf=1.621 EGE chi2/ndf=1.875
[ok] UnbiasedL1Inner Boron L1QTemplate AGL EkCen=15.245 LG chi2/ndf=1.129 EGE chi2/ndf=1.164
[ok] UnbiasedL1Inner Boron L1QTemplate AGL EkCen=16.493 LG chi2/ndf=1.118 EGE chi2/ndf=1.132
[ok] UnbiasedL1Inner Boron L1QTemplate AGL EkCen=17.842 LG chi2/ndf=1.727 EGE chi2/ndf=1.887
[ok] UnbiasedL1Inner Boron L1QTemplate AGL EkCen=19.290 LG chi2/ndf=1.521 EGE chi2/ndf=1.604
[init] UnbiasedL1Inner_Boron_AGL_L2QTemplate with 73 Ek/n bins
[ok] UnbiasedL1Inner Boron L2QTemplate AGL EkCen=2.896 LG chi2/ndf=1.494 EGE chi2/ndf=1.797
[ok] UnbiasedL1Inner Boron L2QTemplate AGL EkCen=3.234 LG chi2/ndf=1.464 EGE chi2/ndf=1.699
[ok] UnbiasedL1Inner Boron L2QTemplate AGL EkCen=3.600 LG chi2/ndf=1.315 EGE chi2/ndf=1.336
[ok] UnbiasedL1Inner Boron L2QTemplate AGL EkCen=3.997 LG chi2/ndf=1.001 EGE chi2/ndf=0.945
[ok] UnbiasedL1Inner Boron L2QTemplate AGL EkCen=4.425 LG chi2/ndf=1.655 EGE chi2/ndf=1.808
[ok] UnbiasedL1Inner Boron L2QTemplate AGL EkCen=4.894 LG chi2/ndf=1.218 EGE chi2/ndf=1.356
[ok] UnbiasedL1Inner Boron L2QTemplate AGL EkCen=5.388 LG chi2/ndf=1.405 EGE chi2/ndf=1.574
[ok] UnbiasedL1Inner Boron L2QTemplate AGL EkCen=5.907 LG chi2/ndf=1.600 EGE chi2/ndf=1.494
[ok] UnbiasedL1Inner Boron L2QTemplate AGL EkCen=6.477 LG chi2/ndf=1.305 EGE chi2/ndf=1.401
[ok] UnbiasedL1Inner Boron L2QTemplate AGL EkCen=7.098 LG chi2/ndf=1.623 EGE chi2/ndf=1.701
[ok] UnbiasedL1Inner Boron L2QTemplate AGL EkCen=7.769 LG chi2/ndf=1.040 EGE chi2/ndf=1.123
[ok] UnbiasedL1Inner Boron L2QTemplate AGL EkCen=8.490 LG chi2/ndf=0.956 EGE chi2/ndf=1.120
[ok] UnbiasedL1Inner Boron L2QTemplate AGL EkCen=9.261 LG chi2/ndf=0.889 EGE chi2/ndf=1.046
[ok] UnbiasedL1Inner Boron L2QTemplate AGL EkCen=10.083 LG chi2/ndf=1.436 EGE chi2/ndf=1.502
[ok] UnbiasedL1Inner Boron L2QTemplate AGL EkCen=10.980 LG chi2/ndf=1.878 EGE chi2/ndf=1.955
[ok] UnbiasedL1Inner Boron L2QTemplate AGL EkCen=11.952 LG chi2/ndf=1.488 EGE chi2/ndf=1.628
[ok] UnbiasedL1Inner Boron L2QTemplate AGL EkCen=12.975 LG chi2/ndf=1.897 EGE chi2/ndf=1.958
[ok] UnbiasedL1Inner Boron L2QTemplate AGL EkCen=14.072 LG chi2/ndf=1.392 EGE chi2/ndf=1.241
[ok] UnbiasedL1Inner Boron L2QTemplate AGL EkCen=15.245 LG chi2/ndf=1.373 EGE chi2/ndf=1.274
[ok] UnbiasedL1Inner Boron L2QTemplate AGL EkCen=16.493 LG chi2/ndf=1.187 EGE chi2/ndf=1.262
[ok] UnbiasedL1Inner Boron L2QTemplate AGL EkCen=17.842 LG chi2/ndf=1.512 EGE chi2/ndf=1.325
[ok] UnbiasedL1Inner Boron L2QTemplate AGL EkCen=19.290 LG chi2/ndf=1.185 EGE chi2/ndf=1.250
[init] UnbiasedL1Inner_Carbon_TOF_L1QTemplate with 73 Ek/n bins
  [warn] boundary: LG-4 par#0 Width = 0.110 in [0.005,0.110] Carbon/TOF/L1QTemplate EkCen=0.370
[ok] UnbiasedL1Inner Carbon L1QTemplate TOF EkCen=0.370 LG chi2/ndf=2.663 EGE chi2/ndf=1.975
[ok] UnbiasedL1Inner Carbon L1QTemplate TOF EkCen=0.449 LG chi2/ndf=2.806 EGE chi2/ndf=2.730
[ok] UnbiasedL1Inner Carbon L1QTemplate TOF EkCen=0.539 LG chi2/ndf=1.529 EGE chi2/ndf=1.954
[ok] UnbiasedL1Inner Carbon L1QTemplate TOF EkCen=0.642 LG chi2/ndf=2.043 EGE chi2/ndf=1.636
[ok] UnbiasedL1Inner Carbon L1QTemplate TOF EkCen=0.759 LG chi2/ndf=2.974 EGE chi2/ndf=2.056
[ok] UnbiasedL1Inner Carbon L1QTemplate TOF EkCen=0.890 LG chi2/ndf=2.203 EGE chi2/ndf=2.194
[ok] UnbiasedL1Inner Carbon L1QTemplate TOF EkCen=1.036 LG chi2/ndf=2.267 EGE chi2/ndf=2.477
[ok] UnbiasedL1Inner Carbon L1QTemplate TOF EkCen=1.198 LG chi2/ndf=2.753 EGE chi2/ndf=2.238
[init] UnbiasedL1Inner_Carbon_TOF_L2QTemplate with 73 Ek/n bins
[ok] UnbiasedL1Inner Carbon L2QTemplate TOF EkCen=0.370 LG chi2/ndf=1.226 EGE chi2/ndf=1.296
[ok] UnbiasedL1Inner Carbon L2QTemplate TOF EkCen=0.449 LG chi2/ndf=1.997 EGE chi2/ndf=1.487
[ok] UnbiasedL1Inner Carbon L2QTemplate TOF EkCen=0.539 LG chi2/ndf=1.881 EGE chi2/ndf=2.169
[ok] UnbiasedL1Inner Carbon L2QTemplate TOF EkCen=0.642 LG chi2/ndf=1.353 EGE chi2/ndf=1.949
[ok] UnbiasedL1Inner Carbon L2QTemplate TOF EkCen=0.759 LG chi2/ndf=1.474 EGE chi2/ndf=1.592
[ok] UnbiasedL1Inner Carbon L2QTemplate TOF EkCen=0.890 LG chi2/ndf=1.978 EGE chi2/ndf=2.077
[ok] UnbiasedL1Inner Carbon L2QTemplate TOF EkCen=1.036 LG chi2/ndf=2.028 EGE chi2/ndf=2.171
[ok] UnbiasedL1Inner Carbon L2QTemplate TOF EkCen=1.198 LG chi2/ndf=2.357 EGE chi2/ndf=2.336
[init] UnbiasedL1Inner_Carbon_NaF_L1QTemplate with 73 Ek/n bins
[ok] UnbiasedL1Inner Carbon L1QTemplate NaF EkCen=0.890 LG chi2/ndf=1.225 EGE chi2/ndf=1.237
[ok] UnbiasedL1Inner Carbon L1QTemplate NaF EkCen=1.036 LG chi2/ndf=2.093 EGE chi2/ndf=1.770
[ok] UnbiasedL1Inner Carbon L1QTemplate NaF EkCen=1.198 LG chi2/ndf=1.498 EGE chi2/ndf=1.581
[ok] UnbiasedL1Inner Carbon L1QTemplate NaF EkCen=1.378 LG chi2/ndf=1.345 EGE chi2/ndf=1.510
[ok] UnbiasedL1Inner Carbon L1QTemplate NaF EkCen=1.576 LG chi2/ndf=1.902 EGE chi2/ndf=2.033
[ok] UnbiasedL1Inner Carbon L1QTemplate NaF EkCen=1.795 LG chi2/ndf=1.336 EGE chi2/ndf=1.478
[ok] UnbiasedL1Inner Carbon L1QTemplate NaF EkCen=2.036 LG chi2/ndf=1.706 EGE chi2/ndf=1.925
[ok] UnbiasedL1Inner Carbon L1QTemplate NaF EkCen=2.299 LG chi2/ndf=1.441 EGE chi2/ndf=1.211
[ok] UnbiasedL1Inner Carbon L1QTemplate NaF EkCen=2.584 LG chi2/ndf=1.170 EGE chi2/ndf=1.188
[ok] UnbiasedL1Inner Carbon L1QTemplate NaF EkCen=2.896 LG chi2/ndf=0.997 EGE chi2/ndf=1.143
[ok] UnbiasedL1Inner Carbon L1QTemplate NaF EkCen=3.234 LG chi2/ndf=1.257 EGE chi2/ndf=1.387
[ok] UnbiasedL1Inner Carbon L1QTemplate NaF EkCen=3.600 LG chi2/ndf=1.266 EGE chi2/ndf=1.261
[ok] UnbiasedL1Inner Carbon L1QTemplate NaF EkCen=3.997 LG chi2/ndf=1.104 EGE chi2/ndf=0.927
[ok] UnbiasedL1Inner Carbon L1QTemplate NaF EkCen=4.425 LG chi2/ndf=1.241 EGE chi2/ndf=1.318
[ok] UnbiasedL1Inner Carbon L1QTemplate NaF EkCen=4.894 LG chi2/ndf=1.347 EGE chi2/ndf=1.453
[init] UnbiasedL1Inner_Carbon_NaF_L2QTemplate with 73 Ek/n bins
[ok] UnbiasedL1Inner Carbon L2QTemplate NaF EkCen=0.890 LG chi2/ndf=1.999 EGE chi2/ndf=1.901
[ok] UnbiasedL1Inner Carbon L2QTemplate NaF EkCen=1.036 LG chi2/ndf=2.059 EGE chi2/ndf=1.440
[ok] UnbiasedL1Inner Carbon L2QTemplate NaF EkCen=1.198 LG chi2/ndf=2.060 EGE chi2/ndf=1.768
[ok] UnbiasedL1Inner Carbon L2QTemplate NaF EkCen=1.378 LG chi2/ndf=1.036 EGE chi2/ndf=0.961
[ok] UnbiasedL1Inner Carbon L2QTemplate NaF EkCen=1.576 LG chi2/ndf=1.205 EGE chi2/ndf=1.197
[ok] UnbiasedL1Inner Carbon L2QTemplate NaF EkCen=1.795 LG chi2/ndf=1.327 EGE chi2/ndf=1.313
[ok] UnbiasedL1Inner Carbon L2QTemplate NaF EkCen=2.036 LG chi2/ndf=1.325 EGE chi2/ndf=1.417
[ok] UnbiasedL1Inner Carbon L2QTemplate NaF EkCen=2.299 LG chi2/ndf=1.561 EGE chi2/ndf=1.650
[ok] UnbiasedL1Inner Carbon L2QTemplate NaF EkCen=2.584 LG chi2/ndf=1.186 EGE chi2/ndf=1.192
[ok] UnbiasedL1Inner Carbon L2QTemplate NaF EkCen=2.896 LG chi2/ndf=1.760 EGE chi2/ndf=1.845
[ok] UnbiasedL1Inner Carbon L2QTemplate NaF EkCen=3.234 LG chi2/ndf=0.973 EGE chi2/ndf=0.994
[ok] UnbiasedL1Inner Carbon L2QTemplate NaF EkCen=3.600 LG chi2/ndf=1.849 EGE chi2/ndf=1.552
[ok] UnbiasedL1Inner Carbon L2QTemplate NaF EkCen=3.997 LG chi2/ndf=1.125 EGE chi2/ndf=1.130
[ok] UnbiasedL1Inner Carbon L2QTemplate NaF EkCen=4.425 LG chi2/ndf=1.584 EGE chi2/ndf=1.665
[ok] UnbiasedL1Inner Carbon L2QTemplate NaF EkCen=4.894 LG chi2/ndf=1.282 EGE chi2/ndf=1.420
[init] UnbiasedL1Inner_Carbon_AGL_L1QTemplate with 73 Ek/n bins
[ok] UnbiasedL1Inner Carbon L1QTemplate AGL EkCen=2.896 LG chi2/ndf=2.220 EGE chi2/ndf=2.928
[ok] UnbiasedL1Inner Carbon L1QTemplate AGL EkCen=3.234 LG chi2/ndf=2.544 EGE chi2/ndf=2.726
[ok] UnbiasedL1Inner Carbon L1QTemplate AGL EkCen=3.600 LG chi2/ndf=2.734 EGE chi2/ndf=2.795
[ok] UnbiasedL1Inner Carbon L1QTemplate AGL EkCen=3.997 LG chi2/ndf=2.956 EGE chi2/ndf=2.783
[ok] UnbiasedL1Inner Carbon L1QTemplate AGL EkCen=4.425 LG chi2/ndf=2.317 EGE chi2/ndf=2.981
[ok] UnbiasedL1Inner Carbon L1QTemplate AGL EkCen=4.894 LG chi2/ndf=2.230 EGE chi2/ndf=2.596
[ok] UnbiasedL1Inner Carbon L1QTemplate AGL EkCen=5.388 LG chi2/ndf=2.824 EGE chi2/ndf=2.830
[ok] UnbiasedL1Inner Carbon L1QTemplate AGL EkCen=5.907 LG chi2/ndf=2.238 EGE chi2/ndf=2.224
[ok] UnbiasedL1Inner Carbon L1QTemplate AGL EkCen=6.477 LG chi2/ndf=2.477 EGE chi2/ndf=2.488
[ok] UnbiasedL1Inner Carbon L1QTemplate AGL EkCen=7.098 LG chi2/ndf=2.388 EGE chi2/ndf=1.906
[ok] UnbiasedL1Inner Carbon L1QTemplate AGL EkCen=7.769 LG chi2/ndf=2.333 EGE chi2/ndf=2.145
[ok] UnbiasedL1Inner Carbon L1QTemplate AGL EkCen=8.490 LG chi2/ndf=2.610 EGE chi2/ndf=1.387
[ok] UnbiasedL1Inner Carbon L1QTemplate AGL EkCen=9.261 LG chi2/ndf=2.952 EGE chi2/ndf=1.720
[ok] UnbiasedL1Inner Carbon L1QTemplate AGL EkCen=10.083 LG chi2/ndf=2.365 EGE chi2/ndf=2.024
[ok] UnbiasedL1Inner Carbon L1QTemplate AGL EkCen=10.980 LG chi2/ndf=2.064 EGE chi2/ndf=1.883
[ok] UnbiasedL1Inner Carbon L1QTemplate AGL EkCen=11.952 LG chi2/ndf=2.395 EGE chi2/ndf=1.771
[ok] UnbiasedL1Inner Carbon L1QTemplate AGL EkCen=12.975 LG chi2/ndf=2.441 EGE chi2/ndf=1.892
[ok] UnbiasedL1Inner Carbon L1QTemplate AGL EkCen=14.072 LG chi2/ndf=1.995 EGE chi2/ndf=1.519
[ok] UnbiasedL1Inner Carbon L1QTemplate AGL EkCen=15.245 LG chi2/ndf=1.354 EGE chi2/ndf=1.488
[ok] UnbiasedL1Inner Carbon L1QTemplate AGL EkCen=16.493 LG chi2/ndf=1.354 EGE chi2/ndf=1.153
[ok] UnbiasedL1Inner Carbon L1QTemplate AGL EkCen=17.842 LG chi2/ndf=1.777 EGE chi2/ndf=1.635
[ok] UnbiasedL1Inner Carbon L1QTemplate AGL EkCen=19.290 LG chi2/ndf=1.979 EGE chi2/ndf=1.834
[init] UnbiasedL1Inner_Carbon_AGL_L2QTemplate with 73 Ek/n bins
[ok] UnbiasedL1Inner Carbon L2QTemplate AGL EkCen=2.896 LG chi2/ndf=2.373 EGE chi2/ndf=2.943
[ok] UnbiasedL1Inner Carbon L2QTemplate AGL EkCen=3.234 LG chi2/ndf=2.931 EGE chi2/ndf=2.039
[ok] UnbiasedL1Inner Carbon L2QTemplate AGL EkCen=3.600 LG chi2/ndf=2.150 EGE chi2/ndf=2.660
[ok] UnbiasedL1Inner Carbon L2QTemplate AGL EkCen=3.997 LG chi2/ndf=1.715 EGE chi2/ndf=1.909
[ok] UnbiasedL1Inner Carbon L2QTemplate AGL EkCen=4.425 LG chi2/ndf=2.667 EGE chi2/ndf=2.486
[ok] UnbiasedL1Inner Carbon L2QTemplate AGL EkCen=4.894 LG chi2/ndf=2.200 EGE chi2/ndf=2.066
[ok] UnbiasedL1Inner Carbon L2QTemplate AGL EkCen=5.388 LG chi2/ndf=2.484 EGE chi2/ndf=2.411
[ok] UnbiasedL1Inner Carbon L2QTemplate AGL EkCen=5.907 LG chi2/ndf=1.990 EGE chi2/ndf=2.019
[ok] UnbiasedL1Inner Carbon L2QTemplate AGL EkCen=6.477 LG chi2/ndf=1.944 EGE chi2/ndf=2.042
[ok] UnbiasedL1Inner Carbon L2QTemplate AGL EkCen=7.098 LG chi2/ndf=2.450 EGE chi2/ndf=2.357
[ok] UnbiasedL1Inner Carbon L2QTemplate AGL EkCen=7.769 LG chi2/ndf=2.078 EGE chi2/ndf=2.112
[ok] UnbiasedL1Inner Carbon L2QTemplate AGL EkCen=8.490 LG chi2/ndf=1.983 EGE chi2/ndf=1.767
[ok] UnbiasedL1Inner Carbon L2QTemplate AGL EkCen=9.261 LG chi2/ndf=1.501 EGE chi2/ndf=1.526
[ok] UnbiasedL1Inner Carbon L2QTemplate AGL EkCen=10.083 LG chi2/ndf=2.128 EGE chi2/ndf=2.557
[ok] UnbiasedL1Inner Carbon L2QTemplate AGL EkCen=10.980 LG chi2/ndf=1.954 EGE chi2/ndf=1.582
[ok] UnbiasedL1Inner Carbon L2QTemplate AGL EkCen=11.952 LG chi2/ndf=1.780 EGE chi2/ndf=1.979
[ok] UnbiasedL1Inner Carbon L2QTemplate AGL EkCen=12.975 LG chi2/ndf=1.800 EGE chi2/ndf=1.763
[ok] UnbiasedL1Inner Carbon L2QTemplate AGL EkCen=14.072 LG chi2/ndf=2.370 EGE chi2/ndf=2.230
[ok] UnbiasedL1Inner Carbon L2QTemplate AGL EkCen=15.245 LG chi2/ndf=1.515 EGE chi2/ndf=1.743
[ok] UnbiasedL1Inner Carbon L2QTemplate AGL EkCen=16.493 LG chi2/ndf=1.125 EGE chi2/ndf=1.232
  [warn] boundary: LG par#0 Width = 0.110 in [0.005,0.110] Carbon/AGL/L2QTemplate EkCen=17.842
[ok] UnbiasedL1Inner Carbon L2QTemplate AGL EkCen=17.842 LG chi2/ndf=1.471 EGE chi2/ndf=1.463
[ok] UnbiasedL1Inner Carbon L2QTemplate AGL EkCen=19.290 LG chi2/ndf=1.386 EGE chi2/ndf=1.318
[init] UnbiasedL1Inner_Nitrogen_TOF_L1QTemplate with 73 Ek/n bins
[ok] UnbiasedL1Inner Nitrogen L1QTemplate TOF EkCen=0.370 LG chi2/ndf=1.402 EGE chi2/ndf=1.601
[ok] UnbiasedL1Inner Nitrogen L1QTemplate TOF EkCen=0.449 LG chi2/ndf=1.090 EGE chi2/ndf=1.074
[ok] UnbiasedL1Inner Nitrogen L1QTemplate TOF EkCen=0.539 LG chi2/ndf=1.280 EGE chi2/ndf=1.287
[ok] UnbiasedL1Inner Nitrogen L1QTemplate TOF EkCen=0.642 LG chi2/ndf=2.375 EGE chi2/ndf=1.901
[ok] UnbiasedL1Inner Nitrogen L1QTemplate TOF EkCen=0.759 LG chi2/ndf=1.861 EGE chi2/ndf=1.163
[ok] UnbiasedL1Inner Nitrogen L1QTemplate TOF EkCen=0.890 LG chi2/ndf=1.705 EGE chi2/ndf=1.639
[ok] UnbiasedL1Inner Nitrogen L1QTemplate TOF EkCen=1.036 LG chi2/ndf=1.713 EGE chi2/ndf=1.322
[ok] UnbiasedL1Inner Nitrogen L1QTemplate TOF EkCen=1.198 LG chi2/ndf=1.581 EGE chi2/ndf=1.239
[init] UnbiasedL1Inner_Nitrogen_TOF_L2QTemplate with 73 Ek/n bins
[ok] UnbiasedL1Inner Nitrogen L2QTemplate TOF EkCen=0.370 LG chi2/ndf=1.260 EGE chi2/ndf=1.399
[ok] UnbiasedL1Inner Nitrogen L2QTemplate TOF EkCen=0.449 LG chi2/ndf=1.109 EGE chi2/ndf=1.139
[ok] UnbiasedL1Inner Nitrogen L2QTemplate TOF EkCen=0.539 LG chi2/ndf=1.057 EGE chi2/ndf=1.047
[ok] UnbiasedL1Inner Nitrogen L2QTemplate TOF EkCen=0.642 LG chi2/ndf=1.533 EGE chi2/ndf=1.619
[ok] UnbiasedL1Inner Nitrogen L2QTemplate TOF EkCen=0.759 LG chi2/ndf=1.306 EGE chi2/ndf=1.415
[ok] UnbiasedL1Inner Nitrogen L2QTemplate TOF EkCen=0.890 LG chi2/ndf=1.211 EGE chi2/ndf=1.149
[ok] UnbiasedL1Inner Nitrogen L2QTemplate TOF EkCen=1.036 LG chi2/ndf=1.386 EGE chi2/ndf=1.099
[ok] UnbiasedL1Inner Nitrogen L2QTemplate TOF EkCen=1.198 LG chi2/ndf=1.264 EGE chi2/ndf=1.240
[init] UnbiasedL1Inner_Nitrogen_NaF_L1QTemplate with 73 Ek/n bins
[ok] UnbiasedL1Inner Nitrogen L1QTemplate NaF EkCen=0.890 LG chi2/ndf=0.797 EGE chi2/ndf=0.829
[ok] UnbiasedL1Inner Nitrogen L1QTemplate NaF EkCen=1.036 LG chi2/ndf=1.248 EGE chi2/ndf=1.126
[ok] UnbiasedL1Inner Nitrogen L1QTemplate NaF EkCen=1.198 LG chi2/ndf=0.990 EGE chi2/ndf=1.034
[ok] UnbiasedL1Inner Nitrogen L1QTemplate NaF EkCen=1.378 LG chi2/ndf=1.244 EGE chi2/ndf=1.290
[ok] UnbiasedL1Inner Nitrogen L1QTemplate NaF EkCen=1.576 LG chi2/ndf=0.919 EGE chi2/ndf=0.973
[ok] UnbiasedL1Inner Nitrogen L1QTemplate NaF EkCen=1.795 LG chi2/ndf=1.101 EGE chi2/ndf=1.176
[ok] UnbiasedL1Inner Nitrogen L1QTemplate NaF EkCen=2.036 LG chi2/ndf=1.221 EGE chi2/ndf=1.277
[ok] UnbiasedL1Inner Nitrogen L1QTemplate NaF EkCen=2.299 LG chi2/ndf=1.309 EGE chi2/ndf=1.330
[ok] UnbiasedL1Inner Nitrogen L1QTemplate NaF EkCen=2.584 LG chi2/ndf=0.885 EGE chi2/ndf=0.933
[ok] UnbiasedL1Inner Nitrogen L1QTemplate NaF EkCen=2.896 LG chi2/ndf=1.487 EGE chi2/ndf=1.534
[ok] UnbiasedL1Inner Nitrogen L1QTemplate NaF EkCen=3.234 LG chi2/ndf=1.482 EGE chi2/ndf=1.446
[ok] UnbiasedL1Inner Nitrogen L1QTemplate NaF EkCen=3.600 LG chi2/ndf=1.365 EGE chi2/ndf=1.366
[ok] UnbiasedL1Inner Nitrogen L1QTemplate NaF EkCen=3.997 LG chi2/ndf=1.307 EGE chi2/ndf=1.357
[ok] UnbiasedL1Inner Nitrogen L1QTemplate NaF EkCen=4.425 LG chi2/ndf=1.480 EGE chi2/ndf=1.458
[ok] UnbiasedL1Inner Nitrogen L1QTemplate NaF EkCen=4.894 LG chi2/ndf=1.550 EGE chi2/ndf=1.617
[init] UnbiasedL1Inner_Nitrogen_NaF_L2QTemplate with 73 Ek/n bins
[ok] UnbiasedL1Inner Nitrogen L2QTemplate NaF EkCen=0.890 LG chi2/ndf=1.432 EGE chi2/ndf=1.454
[ok] UnbiasedL1Inner Nitrogen L2QTemplate NaF EkCen=1.036 LG chi2/ndf=1.771 EGE chi2/ndf=1.728
[ok] UnbiasedL1Inner Nitrogen L2QTemplate NaF EkCen=1.198 LG chi2/ndf=1.416 EGE chi2/ndf=1.424
[ok] UnbiasedL1Inner Nitrogen L2QTemplate NaF EkCen=1.378 LG chi2/ndf=1.206 EGE chi2/ndf=1.136
[ok] UnbiasedL1Inner Nitrogen L2QTemplate NaF EkCen=1.576 LG chi2/ndf=1.466 EGE chi2/ndf=1.400
[ok] UnbiasedL1Inner Nitrogen L2QTemplate NaF EkCen=1.795 LG chi2/ndf=1.124 EGE chi2/ndf=1.091
[ok] UnbiasedL1Inner Nitrogen L2QTemplate NaF EkCen=2.036 LG chi2/ndf=1.138 EGE chi2/ndf=1.135
[ok] UnbiasedL1Inner Nitrogen L2QTemplate NaF EkCen=2.299 LG chi2/ndf=1.664 EGE chi2/ndf=1.779
[ok] UnbiasedL1Inner Nitrogen L2QTemplate NaF EkCen=2.584 LG chi2/ndf=1.500 EGE chi2/ndf=1.527
[ok] UnbiasedL1Inner Nitrogen L2QTemplate NaF EkCen=2.896 LG chi2/ndf=1.427 EGE chi2/ndf=1.432
[ok] UnbiasedL1Inner Nitrogen L2QTemplate NaF EkCen=3.234 LG chi2/ndf=1.063 EGE chi2/ndf=0.873
[ok] UnbiasedL1Inner Nitrogen L2QTemplate NaF EkCen=3.600 LG chi2/ndf=2.829 EGE chi2/ndf=1.375
[ok] UnbiasedL1Inner Nitrogen L2QTemplate NaF EkCen=3.997 LG chi2/ndf=1.460 EGE chi2/ndf=1.528
[ok] UnbiasedL1Inner Nitrogen L2QTemplate NaF EkCen=4.425 LG chi2/ndf=0.964 EGE chi2/ndf=0.977
[ok] UnbiasedL1Inner Nitrogen L2QTemplate NaF EkCen=4.894 LG chi2/ndf=1.159 EGE chi2/ndf=1.224
[init] UnbiasedL1Inner_Nitrogen_AGL_L1QTemplate with 73 Ek/n bins
[ok] UnbiasedL1Inner Nitrogen L1QTemplate AGL EkCen=2.896 LG chi2/ndf=1.266 EGE chi2/ndf=1.377
[ok] UnbiasedL1Inner Nitrogen L1QTemplate AGL EkCen=3.234 LG chi2/ndf=1.414 EGE chi2/ndf=1.424
[ok] UnbiasedL1Inner Nitrogen L1QTemplate AGL EkCen=3.600 LG chi2/ndf=1.211 EGE chi2/ndf=1.262
[ok] UnbiasedL1Inner Nitrogen L1QTemplate AGL EkCen=3.997 LG chi2/ndf=1.276 EGE chi2/ndf=1.361
[ok] UnbiasedL1Inner Nitrogen L1QTemplate AGL EkCen=4.425 LG chi2/ndf=1.619 EGE chi2/ndf=1.464
[ok] UnbiasedL1Inner Nitrogen L1QTemplate AGL EkCen=4.894 LG chi2/ndf=1.165 EGE chi2/ndf=1.224
[ok] UnbiasedL1Inner Nitrogen L1QTemplate AGL EkCen=5.388 LG chi2/ndf=0.890 EGE chi2/ndf=0.920
[ok] UnbiasedL1Inner Nitrogen L1QTemplate AGL EkCen=5.907 LG chi2/ndf=1.287 EGE chi2/ndf=1.368
[ok] UnbiasedL1Inner Nitrogen L1QTemplate AGL EkCen=6.477 LG chi2/ndf=2.064 EGE chi2/ndf=2.009
[ok] UnbiasedL1Inner Nitrogen L1QTemplate AGL EkCen=7.098 LG chi2/ndf=1.025 EGE chi2/ndf=1.006
[ok] UnbiasedL1Inner Nitrogen L1QTemplate AGL EkCen=7.769 LG chi2/ndf=1.717 EGE chi2/ndf=1.875
[ok] UnbiasedL1Inner Nitrogen L1QTemplate AGL EkCen=8.490 LG chi2/ndf=1.054 EGE chi2/ndf=1.123
[ok] UnbiasedL1Inner Nitrogen L1QTemplate AGL EkCen=9.261 LG chi2/ndf=1.804 EGE chi2/ndf=1.521
[ok] UnbiasedL1Inner Nitrogen L1QTemplate AGL EkCen=10.083 LG chi2/ndf=1.075 EGE chi2/ndf=0.983
[ok] UnbiasedL1Inner Nitrogen L1QTemplate AGL EkCen=10.980 LG chi2/ndf=0.926 EGE chi2/ndf=1.006
[ok] UnbiasedL1Inner Nitrogen L1QTemplate AGL EkCen=11.952 LG chi2/ndf=1.308 EGE chi2/ndf=1.426
[ok] UnbiasedL1Inner Nitrogen L1QTemplate AGL EkCen=12.975 LG chi2/ndf=1.320 EGE chi2/ndf=1.331
[ok] UnbiasedL1Inner Nitrogen L1QTemplate AGL EkCen=14.072 LG chi2/ndf=1.430 EGE chi2/ndf=1.540
[ok] UnbiasedL1Inner Nitrogen L1QTemplate AGL EkCen=15.245 LG chi2/ndf=1.350 EGE chi2/ndf=1.355
[ok] UnbiasedL1Inner Nitrogen L1QTemplate AGL EkCen=16.493 LG chi2/ndf=0.886 EGE chi2/ndf=0.978
[ok] UnbiasedL1Inner Nitrogen L1QTemplate AGL EkCen=17.842 LG chi2/ndf=1.588 EGE chi2/ndf=1.613
[ok] UnbiasedL1Inner Nitrogen L1QTemplate AGL EkCen=19.290 LG chi2/ndf=1.357 EGE chi2/ndf=1.387
[init] UnbiasedL1Inner_Nitrogen_AGL_L2QTemplate with 73 Ek/n bins
[ok] UnbiasedL1Inner Nitrogen L2QTemplate AGL EkCen=2.896 LG chi2/ndf=1.107 EGE chi2/ndf=1.202
[ok] UnbiasedL1Inner Nitrogen L2QTemplate AGL EkCen=3.234 LG chi2/ndf=1.309 EGE chi2/ndf=1.332
[ok] UnbiasedL1Inner Nitrogen L2QTemplate AGL EkCen=3.600 LG chi2/ndf=1.087 EGE chi2/ndf=1.010
[ok] UnbiasedL1Inner Nitrogen L2QTemplate AGL EkCen=3.997 LG chi2/ndf=1.342 EGE chi2/ndf=1.390
[ok] UnbiasedL1Inner Nitrogen L2QTemplate AGL EkCen=4.425 LG chi2/ndf=1.088 EGE chi2/ndf=1.039
[ok] UnbiasedL1Inner Nitrogen L2QTemplate AGL EkCen=4.894 LG chi2/ndf=1.046 EGE chi2/ndf=1.170
[ok] UnbiasedL1Inner Nitrogen L2QTemplate AGL EkCen=5.388 LG chi2/ndf=1.329 EGE chi2/ndf=1.412
[ok] UnbiasedL1Inner Nitrogen L2QTemplate AGL EkCen=5.907 LG chi2/ndf=1.341 EGE chi2/ndf=1.380
[ok] UnbiasedL1Inner Nitrogen L2QTemplate AGL EkCen=6.477 LG chi2/ndf=1.028 EGE chi2/ndf=1.079
[ok] UnbiasedL1Inner Nitrogen L2QTemplate AGL EkCen=7.098 LG chi2/ndf=1.158 EGE chi2/ndf=1.079
[ok] UnbiasedL1Inner Nitrogen L2QTemplate AGL EkCen=7.769 LG chi2/ndf=1.511 EGE chi2/ndf=1.617
[ok] UnbiasedL1Inner Nitrogen L2QTemplate AGL EkCen=8.490 LG chi2/ndf=1.225 EGE chi2/ndf=1.168
[ok] UnbiasedL1Inner Nitrogen L2QTemplate AGL EkCen=9.261 LG chi2/ndf=1.174 EGE chi2/ndf=1.216
[ok] UnbiasedL1Inner Nitrogen L2QTemplate AGL EkCen=10.083 LG chi2/ndf=1.505 EGE chi2/ndf=1.300
[ok] UnbiasedL1Inner Nitrogen L2QTemplate AGL EkCen=10.980 LG chi2/ndf=1.444 EGE chi2/ndf=1.473
[ok] UnbiasedL1Inner Nitrogen L2QTemplate AGL EkCen=11.952 LG chi2/ndf=1.533 EGE chi2/ndf=1.585
[ok] UnbiasedL1Inner Nitrogen L2QTemplate AGL EkCen=12.975 LG chi2/ndf=1.299 EGE chi2/ndf=1.345
[ok] UnbiasedL1Inner Nitrogen L2QTemplate AGL EkCen=14.072 LG chi2/ndf=1.025 EGE chi2/ndf=0.965
[ok] UnbiasedL1Inner Nitrogen L2QTemplate AGL EkCen=15.245 LG chi2/ndf=1.403 EGE chi2/ndf=1.450
[ok] UnbiasedL1Inner Nitrogen L2QTemplate AGL EkCen=16.493 LG chi2/ndf=1.276 EGE chi2/ndf=1.270
[ok] UnbiasedL1Inner Nitrogen L2QTemplate AGL EkCen=17.842 LG chi2/ndf=1.362 EGE chi2/ndf=1.325
[ok] UnbiasedL1Inner Nitrogen L2QTemplate AGL EkCen=19.290 LG chi2/ndf=1.118 EGE chi2/ndf=1.110
[init] UnbiasedL1Inner_Oxygen_TOF_L1QTemplate with 73 Ek/n bins
[ok] UnbiasedL1Inner Oxygen L1QTemplate TOF EkCen=0.370 LG chi2/ndf=2.783 EGE chi2/ndf=1.741
[ok] UnbiasedL1Inner Oxygen L1QTemplate TOF EkCen=0.449 LG chi2/ndf=1.891 EGE chi2/ndf=1.296
[ok] UnbiasedL1Inner Oxygen L1QTemplate TOF EkCen=0.539 LG chi2/ndf=2.292 EGE chi2/ndf=2.588
[ok] UnbiasedL1Inner Oxygen L1QTemplate TOF EkCen=0.642 LG chi2/ndf=2.246 EGE chi2/ndf=2.728
[ok] UnbiasedL1Inner Oxygen L1QTemplate TOF EkCen=0.759 LG chi2/ndf=1.388 EGE chi2/ndf=1.293
[ok] UnbiasedL1Inner Oxygen L1QTemplate TOF EkCen=0.890 LG chi2/ndf=2.921 EGE chi2/ndf=2.807
[ok] UnbiasedL1Inner Oxygen L1QTemplate TOF EkCen=1.036 LG chi2/ndf=2.660 EGE chi2/ndf=2.561
[ok] UnbiasedL1Inner Oxygen L1QTemplate TOF EkCen=1.198 LG chi2/ndf=2.081 EGE chi2/ndf=2.632
[init] UnbiasedL1Inner_Oxygen_TOF_L2QTemplate with 73 Ek/n bins
[ok] UnbiasedL1Inner Oxygen L2QTemplate TOF EkCen=0.370 LG chi2/ndf=1.087 EGE chi2/ndf=1.137
[ok] UnbiasedL1Inner Oxygen L2QTemplate TOF EkCen=0.449 LG chi2/ndf=1.291 EGE chi2/ndf=1.407
[ok] UnbiasedL1Inner Oxygen L2QTemplate TOF EkCen=0.539 LG chi2/ndf=1.384 EGE chi2/ndf=1.649
[ok] UnbiasedL1Inner Oxygen L2QTemplate TOF EkCen=0.642 LG chi2/ndf=1.748 EGE chi2/ndf=2.227
[ok] UnbiasedL1Inner Oxygen L2QTemplate TOF EkCen=0.759 LG chi2/ndf=1.121 EGE chi2/ndf=1.546
[ok] UnbiasedL1Inner Oxygen L2QTemplate TOF EkCen=0.890 LG chi2/ndf=2.180 EGE chi2/ndf=2.084
[ok] UnbiasedL1Inner Oxygen L2QTemplate TOF EkCen=1.036 LG chi2/ndf=1.463 EGE chi2/ndf=1.987
[ok] UnbiasedL1Inner Oxygen L2QTemplate TOF EkCen=1.198 LG chi2/ndf=1.728 EGE chi2/ndf=1.880
[init] UnbiasedL1Inner_Oxygen_NaF_L1QTemplate with 73 Ek/n bins
[ok] UnbiasedL1Inner Oxygen L1QTemplate NaF EkCen=0.890 LG chi2/ndf=1.318 EGE chi2/ndf=1.366
[ok] UnbiasedL1Inner Oxygen L1QTemplate NaF EkCen=1.036 LG chi2/ndf=1.147 EGE chi2/ndf=1.192
[ok] UnbiasedL1Inner Oxygen L1QTemplate NaF EkCen=1.198 LG chi2/ndf=1.275 EGE chi2/ndf=1.362
[ok] UnbiasedL1Inner Oxygen L1QTemplate NaF EkCen=1.378 LG chi2/ndf=1.292 EGE chi2/ndf=1.348
[ok] UnbiasedL1Inner Oxygen L1QTemplate NaF EkCen=1.576 LG chi2/ndf=1.399 EGE chi2/ndf=1.355
[ok] UnbiasedL1Inner Oxygen L1QTemplate NaF EkCen=1.795 LG chi2/ndf=1.296 EGE chi2/ndf=1.309
[ok] UnbiasedL1Inner Oxygen L1QTemplate NaF EkCen=2.036 LG chi2/ndf=1.223 EGE chi2/ndf=1.139
[ok] UnbiasedL1Inner Oxygen L1QTemplate NaF EkCen=2.299 LG chi2/ndf=1.145 EGE chi2/ndf=1.131
[ok] UnbiasedL1Inner Oxygen L1QTemplate NaF EkCen=2.584 LG chi2/ndf=1.177 EGE chi2/ndf=1.109
[ok] UnbiasedL1Inner Oxygen L1QTemplate NaF EkCen=2.896 LG chi2/ndf=0.818 EGE chi2/ndf=0.840
[ok] UnbiasedL1Inner Oxygen L1QTemplate NaF EkCen=3.234 LG chi2/ndf=1.384 EGE chi2/ndf=1.341
[ok] UnbiasedL1Inner Oxygen L1QTemplate NaF EkCen=3.600 LG chi2/ndf=1.347 EGE chi2/ndf=1.422
[ok] UnbiasedL1Inner Oxygen L1QTemplate NaF EkCen=3.997 LG chi2/ndf=0.965 EGE chi2/ndf=0.980
[ok] UnbiasedL1Inner Oxygen L1QTemplate NaF EkCen=4.425 LG chi2/ndf=1.138 EGE chi2/ndf=1.090
[ok] UnbiasedL1Inner Oxygen L1QTemplate NaF EkCen=4.894 LG chi2/ndf=1.756 EGE chi2/ndf=1.723
[init] UnbiasedL1Inner_Oxygen_NaF_L2QTemplate with 73 Ek/n bins
[ok] UnbiasedL1Inner Oxygen L2QTemplate NaF EkCen=0.890 LG chi2/ndf=1.289 EGE chi2/ndf=1.296
[ok] UnbiasedL1Inner Oxygen L2QTemplate NaF EkCen=1.036 LG chi2/ndf=1.218 EGE chi2/ndf=1.272
[ok] UnbiasedL1Inner Oxygen L2QTemplate NaF EkCen=1.198 LG chi2/ndf=0.988 EGE chi2/ndf=1.034
[ok] UnbiasedL1Inner Oxygen L2QTemplate NaF EkCen=1.378 LG chi2/ndf=1.100 EGE chi2/ndf=1.132
[ok] UnbiasedL1Inner Oxygen L2QTemplate NaF EkCen=1.576 LG chi2/ndf=1.169 EGE chi2/ndf=1.119
[ok] UnbiasedL1Inner Oxygen L2QTemplate NaF EkCen=1.795 LG chi2/ndf=0.887 EGE chi2/ndf=0.919
[ok] UnbiasedL1Inner Oxygen L2QTemplate NaF EkCen=2.036 LG chi2/ndf=1.520 EGE chi2/ndf=1.529
[ok] UnbiasedL1Inner Oxygen L2QTemplate NaF EkCen=2.299 LG chi2/ndf=1.493 EGE chi2/ndf=1.519
[ok] UnbiasedL1Inner Oxygen L2QTemplate NaF EkCen=2.584 LG chi2/ndf=1.115 EGE chi2/ndf=1.130
[ok] UnbiasedL1Inner Oxygen L2QTemplate NaF EkCen=2.896 LG chi2/ndf=1.129 EGE chi2/ndf=1.172
[ok] UnbiasedL1Inner Oxygen L2QTemplate NaF EkCen=3.234 LG chi2/ndf=1.187 EGE chi2/ndf=1.175
[ok] UnbiasedL1Inner Oxygen L2QTemplate NaF EkCen=3.600 LG chi2/ndf=1.313 EGE chi2/ndf=1.183
[ok] UnbiasedL1Inner Oxygen L2QTemplate NaF EkCen=3.997 LG chi2/ndf=1.368 EGE chi2/ndf=1.406
[ok] UnbiasedL1Inner Oxygen L2QTemplate NaF EkCen=4.425 LG chi2/ndf=1.273 EGE chi2/ndf=1.275
[ok] UnbiasedL1Inner Oxygen L2QTemplate NaF EkCen=4.894 LG chi2/ndf=1.167 EGE chi2/ndf=1.126
[init] UnbiasedL1Inner_Oxygen_AGL_L1QTemplate with 73 Ek/n bins
[ok] UnbiasedL1Inner Oxygen L1QTemplate AGL EkCen=2.896 LG chi2/ndf=1.539 EGE chi2/ndf=1.514
[ok] UnbiasedL1Inner Oxygen L1QTemplate AGL EkCen=3.234 LG chi2/ndf=1.577 EGE chi2/ndf=1.569
[ok] UnbiasedL1Inner Oxygen L1QTemplate AGL EkCen=3.600 LG chi2/ndf=1.563 EGE chi2/ndf=1.543
[ok] UnbiasedL1Inner Oxygen L1QTemplate AGL EkCen=3.997 LG chi2/ndf=1.678 EGE chi2/ndf=1.742
[ok] UnbiasedL1Inner Oxygen L1QTemplate AGL EkCen=4.425 LG chi2/ndf=2.027 EGE chi2/ndf=1.679
[ok] UnbiasedL1Inner Oxygen L1QTemplate AGL EkCen=4.894 LG chi2/ndf=1.325 EGE chi2/ndf=1.298
[ok] UnbiasedL1Inner Oxygen L1QTemplate AGL EkCen=5.388 LG chi2/ndf=1.178 EGE chi2/ndf=1.114
[ok] UnbiasedL1Inner Oxygen L1QTemplate AGL EkCen=5.907 LG chi2/ndf=1.688 EGE chi2/ndf=1.588
[ok] UnbiasedL1Inner Oxygen L1QTemplate AGL EkCen=6.477 LG chi2/ndf=1.588 EGE chi2/ndf=1.366
[ok] UnbiasedL1Inner Oxygen L1QTemplate AGL EkCen=7.098 LG chi2/ndf=1.477 EGE chi2/ndf=1.400
[ok] UnbiasedL1Inner Oxygen L1QTemplate AGL EkCen=7.769 LG chi2/ndf=1.423 EGE chi2/ndf=1.378
[ok] UnbiasedL1Inner Oxygen L1QTemplate AGL EkCen=8.490 LG chi2/ndf=1.557 EGE chi2/ndf=1.121
[ok] UnbiasedL1Inner Oxygen L1QTemplate AGL EkCen=9.261 LG chi2/ndf=1.026 EGE chi2/ndf=1.059
[ok] UnbiasedL1Inner Oxygen L1QTemplate AGL EkCen=10.083 LG chi2/ndf=1.718 EGE chi2/ndf=1.629
[ok] UnbiasedL1Inner Oxygen L1QTemplate AGL EkCen=10.980 LG chi2/ndf=1.497 EGE chi2/ndf=1.430
[ok] UnbiasedL1Inner Oxygen L1QTemplate AGL EkCen=11.952 LG chi2/ndf=1.261 EGE chi2/ndf=1.144
[ok] UnbiasedL1Inner Oxygen L1QTemplate AGL EkCen=12.975 LG chi2/ndf=1.117 EGE chi2/ndf=1.070
[ok] UnbiasedL1Inner Oxygen L1QTemplate AGL EkCen=14.072 LG chi2/ndf=1.278 EGE chi2/ndf=1.134
[ok] UnbiasedL1Inner Oxygen L1QTemplate AGL EkCen=15.245 LG chi2/ndf=1.293 EGE chi2/ndf=1.148
[ok] UnbiasedL1Inner Oxygen L1QTemplate AGL EkCen=16.493 LG chi2/ndf=1.196 EGE chi2/ndf=1.209
[ok] UnbiasedL1Inner Oxygen L1QTemplate AGL EkCen=17.842 LG chi2/ndf=1.018 EGE chi2/ndf=0.917
[ok] UnbiasedL1Inner Oxygen L1QTemplate AGL EkCen=19.290 LG chi2/ndf=1.315 EGE chi2/ndf=1.296
[init] UnbiasedL1Inner_Oxygen_AGL_L2QTemplate with 73 Ek/n bins
[ok] UnbiasedL1Inner Oxygen L2QTemplate AGL EkCen=2.896 LG chi2/ndf=1.244 EGE chi2/ndf=1.231
[ok] UnbiasedL1Inner Oxygen L2QTemplate AGL EkCen=3.234 LG chi2/ndf=1.155 EGE chi2/ndf=1.195
[ok] UnbiasedL1Inner Oxygen L2QTemplate AGL EkCen=3.600 LG chi2/ndf=1.525 EGE chi2/ndf=1.444
[ok] UnbiasedL1Inner Oxygen L2QTemplate AGL EkCen=3.997 LG chi2/ndf=1.390 EGE chi2/ndf=1.441
[ok] UnbiasedL1Inner Oxygen L2QTemplate AGL EkCen=4.425 LG chi2/ndf=0.950 EGE chi2/ndf=0.957
[ok] UnbiasedL1Inner Oxygen L2QTemplate AGL EkCen=4.894 LG chi2/ndf=1.414 EGE chi2/ndf=1.401
[ok] UnbiasedL1Inner Oxygen L2QTemplate AGL EkCen=5.388 LG chi2/ndf=1.268 EGE chi2/ndf=1.202
[ok] UnbiasedL1Inner Oxygen L2QTemplate AGL EkCen=5.907 LG chi2/ndf=1.152 EGE chi2/ndf=1.193
[ok] UnbiasedL1Inner Oxygen L2QTemplate AGL EkCen=6.477 LG chi2/ndf=1.467 EGE chi2/ndf=1.312
[ok] UnbiasedL1Inner Oxygen L2QTemplate AGL EkCen=7.098 LG chi2/ndf=1.051 EGE chi2/ndf=1.060
[ok] UnbiasedL1Inner Oxygen L2QTemplate AGL EkCen=7.769 LG chi2/ndf=1.349 EGE chi2/ndf=1.400
[ok] UnbiasedL1Inner Oxygen L2QTemplate AGL EkCen=8.490 LG chi2/ndf=1.056 EGE chi2/ndf=1.075
[ok] UnbiasedL1Inner Oxygen L2QTemplate AGL EkCen=9.261 LG chi2/ndf=1.346 EGE chi2/ndf=1.305
[ok] UnbiasedL1Inner Oxygen L2QTemplate AGL EkCen=10.083 LG chi2/ndf=1.135 EGE chi2/ndf=1.181
[ok] UnbiasedL1Inner Oxygen L2QTemplate AGL EkCen=10.980 LG chi2/ndf=1.176 EGE chi2/ndf=1.103
[ok] UnbiasedL1Inner Oxygen L2QTemplate AGL EkCen=11.952 LG chi2/ndf=1.932 EGE chi2/ndf=1.695
[ok] UnbiasedL1Inner Oxygen L2QTemplate AGL EkCen=12.975 LG chi2/ndf=1.396 EGE chi2/ndf=1.416
[ok] UnbiasedL1Inner Oxygen L2QTemplate AGL EkCen=14.072 LG chi2/ndf=1.236 EGE chi2/ndf=1.275
[ok] UnbiasedL1Inner Oxygen L2QTemplate AGL EkCen=15.245 LG chi2/ndf=1.235 EGE chi2/ndf=1.214
[ok] UnbiasedL1Inner Oxygen L2QTemplate AGL EkCen=16.493 LG chi2/ndf=1.081 EGE chi2/ndf=1.076
[ok] UnbiasedL1Inner Oxygen L2QTemplate AGL EkCen=17.842 LG chi2/ndf=0.915 EGE chi2/ndf=0.922
[ok] UnbiasedL1Inner Oxygen L2QTemplate AGL EkCen=19.290 LG chi2/ndf=0.888 EGE chi2/ndf=0.823
All parameter histograms saved to /eos/user/z/zixuan/Isotope/ChargeFit/ChargeFitParams_BeToOxy_0.5.root
