
Processing ../rootlogon.C...
Processing chargeHistFit.cpp...
[open] spline '/eos/user/z/zixuan/Isotope/ChargeFit/comparison_plots/allFitHistSplineSmooth_0.6_iter1.root' -> OK
[open] hist_ori '/eos/user/z/zixuan/Isotope/ChargeFit/ChargeFitParams_BeToOxy_0.6_iter1.root' -> OK
[open] input '/eos/ams/group/ihep/zixuan/filter/basic_L1Q4to8.root' -> OK
[open] output '/eos/user/z/zixuan/Isotope/ChargeFit/ChargeFitParams_BeToOxy_0.6_iter2.root' -> OK
[init] UnbiasedL1Inner_Beryllium_TOF_L1QTemplate with 73 Ek/n bins
[ok] UnbiasedL1Inner Beryllium L1QTemplate TOF EkCen=0.370 LG chi2/ndf=1.504 EGE chi2/ndf=1.363
[ok] UnbiasedL1Inner Beryllium L1QTemplate TOF EkCen=0.449 LG chi2/ndf=0.703 EGE chi2/ndf=0.562
[ok] UnbiasedL1Inner Beryllium L1QTemplate TOF EkCen=0.539 LG chi2/ndf=2.482 EGE chi2/ndf=1.516
  [info] Fit not optimal (Chi2/NDF=5.444, Boundary Hits=0). Adjusting fit range for iter 2...
[ok] UnbiasedL1Inner Beryllium L1QTemplate TOF EkCen=0.642 LG chi2/ndf=2.330 EGE chi2/ndf=1.005
  [info] Fit not optimal (Chi2/NDF=3.919, Boundary Hits=0). Adjusting fit range for iter 2...
[ok] UnbiasedL1Inner Beryllium L1QTemplate TOF EkCen=0.759 LG chi2/ndf=2.377 EGE chi2/ndf=1.330
  [info] Fit not optimal (Chi2/NDF=3.736, Boundary Hits=0). Adjusting fit range for iter 2...
[ok] UnbiasedL1Inner Beryllium L1QTemplate TOF EkCen=0.890 LG chi2/ndf=2.013 EGE chi2/ndf=1.377
[ok] UnbiasedL1Inner Beryllium L1QTemplate TOF EkCen=1.036 LG chi2/ndf=2.563 EGE chi2/ndf=1.733
[ok] UnbiasedL1Inner Beryllium L1QTemplate TOF EkCen=1.198 LG chi2/ndf=1.595 EGE chi2/ndf=1.332
[init] UnbiasedL1Inner_Beryllium_TOF_L2QTemplate with 73 Ek/n bins
[ok] UnbiasedL1Inner Beryllium L2QTemplate TOF EkCen=0.370 LG chi2/ndf=2.015 EGE chi2/ndf=1.864
[ok] UnbiasedL1Inner Beryllium L2QTemplate TOF EkCen=0.449 LG chi2/ndf=0.797 EGE chi2/ndf=0.816
[ok] UnbiasedL1Inner Beryllium L2QTemplate TOF EkCen=0.539 LG chi2/ndf=1.743 EGE chi2/ndf=0.970
  [info] Fit not optimal (Chi2/NDF=3.566, Boundary Hits=0). Adjusting fit range for iter 2...
[ok] UnbiasedL1Inner Beryllium L2QTemplate TOF EkCen=0.642 LG chi2/ndf=1.414 EGE chi2/ndf=1.016
  [info] Fit not optimal (Chi2/NDF=4.285, Boundary Hits=0). Adjusting fit range for iter 2...
[ok] UnbiasedL1Inner Beryllium L2QTemplate TOF EkCen=0.759 LG chi2/ndf=1.802 EGE chi2/ndf=1.021
  [info] Fit not optimal (Chi2/NDF=3.503, Boundary Hits=0). Adjusting fit range for iter 2...
[ok] UnbiasedL1Inner Beryllium L2QTemplate TOF EkCen=0.890 LG chi2/ndf=1.895 EGE chi2/ndf=1.353
[ok] UnbiasedL1Inner Beryllium L2QTemplate TOF EkCen=1.036 LG chi2/ndf=2.701 EGE chi2/ndf=1.664
[ok] UnbiasedL1Inner Beryllium L2QTemplate TOF EkCen=1.198 LG chi2/ndf=2.816 EGE chi2/ndf=2.429
[init] UnbiasedL1Inner_Beryllium_NaF_L1QTemplate with 73 Ek/n bins
[ok] UnbiasedL1Inner Beryllium L1QTemplate NaF EkCen=0.759 LG chi2/ndf=1.284 EGE chi2/ndf=1.226
[ok] UnbiasedL1Inner Beryllium L1QTemplate NaF EkCen=0.890 LG chi2/ndf=1.140 EGE chi2/ndf=0.822
[ok] UnbiasedL1Inner Beryllium L1QTemplate NaF EkCen=1.036 LG chi2/ndf=1.113 EGE chi2/ndf=1.038
[ok] UnbiasedL1Inner Beryllium L1QTemplate NaF EkCen=1.198 LG chi2/ndf=0.701 EGE chi2/ndf=0.667
[ok] UnbiasedL1Inner Beryllium L1QTemplate NaF EkCen=1.378 LG chi2/ndf=0.861 EGE chi2/ndf=0.831
[ok] UnbiasedL1Inner Beryllium L1QTemplate NaF EkCen=1.576 LG chi2/ndf=0.724 EGE chi2/ndf=0.698
[ok] UnbiasedL1Inner Beryllium L1QTemplate NaF EkCen=1.795 LG chi2/ndf=0.945 EGE chi2/ndf=0.959
[ok] UnbiasedL1Inner Beryllium L1QTemplate NaF EkCen=2.036 LG chi2/ndf=1.082 EGE chi2/ndf=1.040
[ok] UnbiasedL1Inner Beryllium L1QTemplate NaF EkCen=2.299 LG chi2/ndf=1.038 EGE chi2/ndf=1.014
[ok] UnbiasedL1Inner Beryllium L1QTemplate NaF EkCen=2.584 LG chi2/ndf=0.832 EGE chi2/ndf=0.817
[ok] UnbiasedL1Inner Beryllium L1QTemplate NaF EkCen=2.896 LG chi2/ndf=0.799 EGE chi2/ndf=0.738
  [warn] boundary: EGE-try1 par#4 AlphaR = 1.949 in [0.650,1.949] UnbiasedL1Inner/Beryllium/NaF/L1QTemplate EkCen=3.234
  [info] Params at boundary. Adjusting limits and refitting...
    -> Adjusting AlphaR limits to [0.390, 2.209]
[ok] UnbiasedL1Inner Beryllium L1QTemplate NaF EkCen=3.234 LG chi2/ndf=1.696 EGE chi2/ndf=1.536
[ok] UnbiasedL1Inner Beryllium L1QTemplate NaF EkCen=3.600 LG chi2/ndf=0.812 EGE chi2/ndf=0.768
[ok] UnbiasedL1Inner Beryllium L1QTemplate NaF EkCen=3.997 LG chi2/ndf=0.847 EGE chi2/ndf=0.693
[ok] UnbiasedL1Inner Beryllium L1QTemplate NaF EkCen=4.425 LG chi2/ndf=1.287 EGE chi2/ndf=0.929
[ok] UnbiasedL1Inner Beryllium L1QTemplate NaF EkCen=4.894 LG chi2/ndf=0.978 EGE chi2/ndf=1.016
[init] UnbiasedL1Inner_Beryllium_NaF_L2QTemplate with 73 Ek/n bins
[ok] UnbiasedL1Inner Beryllium L2QTemplate NaF EkCen=0.759 LG chi2/ndf=0.965 EGE chi2/ndf=0.734
[ok] UnbiasedL1Inner Beryllium L2QTemplate NaF EkCen=0.890 LG chi2/ndf=0.980 EGE chi2/ndf=0.854
[ok] UnbiasedL1Inner Beryllium L2QTemplate NaF EkCen=1.036 LG chi2/ndf=0.947 EGE chi2/ndf=0.913
[ok] UnbiasedL1Inner Beryllium L2QTemplate NaF EkCen=1.198 LG chi2/ndf=1.171 EGE chi2/ndf=1.145
[ok] UnbiasedL1Inner Beryllium L2QTemplate NaF EkCen=1.378 LG chi2/ndf=1.026 EGE chi2/ndf=0.970
[ok] UnbiasedL1Inner Beryllium L2QTemplate NaF EkCen=1.576 LG chi2/ndf=1.265 EGE chi2/ndf=1.291
[ok] UnbiasedL1Inner Beryllium L2QTemplate NaF EkCen=1.795 LG chi2/ndf=1.342 EGE chi2/ndf=1.378
[ok] UnbiasedL1Inner Beryllium L2QTemplate NaF EkCen=2.036 LG chi2/ndf=1.067 EGE chi2/ndf=1.120
[ok] UnbiasedL1Inner Beryllium L2QTemplate NaF EkCen=2.299 LG chi2/ndf=1.003 EGE chi2/ndf=1.021
[ok] UnbiasedL1Inner Beryllium L2QTemplate NaF EkCen=2.584 LG chi2/ndf=0.783 EGE chi2/ndf=0.813
[ok] UnbiasedL1Inner Beryllium L2QTemplate NaF EkCen=2.896 LG chi2/ndf=0.816 EGE chi2/ndf=0.707
[ok] UnbiasedL1Inner Beryllium L2QTemplate NaF EkCen=3.234 LG chi2/ndf=0.782 EGE chi2/ndf=0.688
[ok] UnbiasedL1Inner Beryllium L2QTemplate NaF EkCen=3.600 LG chi2/ndf=0.794 EGE chi2/ndf=0.768
[ok] UnbiasedL1Inner Beryllium L2QTemplate NaF EkCen=3.997 LG chi2/ndf=1.020 EGE chi2/ndf=1.044
[ok] UnbiasedL1Inner Beryllium L2QTemplate NaF EkCen=4.425 LG chi2/ndf=1.042 EGE chi2/ndf=1.028
[ok] UnbiasedL1Inner Beryllium L2QTemplate NaF EkCen=4.894 LG chi2/ndf=0.771 EGE chi2/ndf=0.622
[init] UnbiasedL1Inner_Beryllium_AGL_L1QTemplate with 73 Ek/n bins
[ok] UnbiasedL1Inner Beryllium L1QTemplate AGL EkCen=2.896 LG chi2/ndf=1.295 EGE chi2/ndf=0.852
[ok] UnbiasedL1Inner Beryllium L1QTemplate AGL EkCen=3.234 LG chi2/ndf=1.162 EGE chi2/ndf=1.101
[ok] UnbiasedL1Inner Beryllium L1QTemplate AGL EkCen=3.600 LG chi2/ndf=1.820 EGE chi2/ndf=1.537
[ok] UnbiasedL1Inner Beryllium L1QTemplate AGL EkCen=3.997 LG chi2/ndf=1.498 EGE chi2/ndf=1.120
[ok] UnbiasedL1Inner Beryllium L1QTemplate AGL EkCen=4.425 LG chi2/ndf=1.442 EGE chi2/ndf=1.111
[ok] UnbiasedL1Inner Beryllium L1QTemplate AGL EkCen=4.894 LG chi2/ndf=1.833 EGE chi2/ndf=1.079
[ok] UnbiasedL1Inner Beryllium L1QTemplate AGL EkCen=5.388 LG chi2/ndf=1.217 EGE chi2/ndf=1.080
[ok] UnbiasedL1Inner Beryllium L1QTemplate AGL EkCen=5.907 LG chi2/ndf=1.421 EGE chi2/ndf=1.054
[ok] UnbiasedL1Inner Beryllium L1QTemplate AGL EkCen=6.477 LG chi2/ndf=1.399 EGE chi2/ndf=1.160
[ok] UnbiasedL1Inner Beryllium L1QTemplate AGL EkCen=7.098 LG chi2/ndf=1.263 EGE chi2/ndf=1.199
[ok] UnbiasedL1Inner Beryllium L1QTemplate AGL EkCen=7.769 LG chi2/ndf=1.309 EGE chi2/ndf=1.278
[ok] UnbiasedL1Inner Beryllium L1QTemplate AGL EkCen=8.490 LG chi2/ndf=1.273 EGE chi2/ndf=1.150
[ok] UnbiasedL1Inner Beryllium L1QTemplate AGL EkCen=9.261 LG chi2/ndf=1.131 EGE chi2/ndf=1.076
[ok] UnbiasedL1Inner Beryllium L1QTemplate AGL EkCen=10.083 LG chi2/ndf=1.015 EGE chi2/ndf=0.978
[ok] UnbiasedL1Inner Beryllium L1QTemplate AGL EkCen=10.980 LG chi2/ndf=0.962 EGE chi2/ndf=0.960
[ok] UnbiasedL1Inner Beryllium L1QTemplate AGL EkCen=11.952 LG chi2/ndf=1.158 EGE chi2/ndf=0.774
[ok] UnbiasedL1Inner Beryllium L1QTemplate AGL EkCen=12.975 LG chi2/ndf=0.779 EGE chi2/ndf=0.766
[ok] UnbiasedL1Inner Beryllium L1QTemplate AGL EkCen=14.072 LG chi2/ndf=0.976 EGE chi2/ndf=0.907
[ok] UnbiasedL1Inner Beryllium L1QTemplate AGL EkCen=15.245 LG chi2/ndf=1.209 EGE chi2/ndf=1.248
[ok] UnbiasedL1Inner Beryllium L1QTemplate AGL EkCen=16.493 LG chi2/ndf=1.067 EGE chi2/ndf=1.071
[ok] UnbiasedL1Inner Beryllium L1QTemplate AGL EkCen=17.842 LG chi2/ndf=0.912 EGE chi2/ndf=0.892
[ok] UnbiasedL1Inner Beryllium L1QTemplate AGL EkCen=19.290 LG chi2/ndf=0.868 EGE chi2/ndf=0.862
[init] UnbiasedL1Inner_Beryllium_AGL_L2QTemplate with 73 Ek/n bins
[ok] UnbiasedL1Inner Beryllium L2QTemplate AGL EkCen=2.896 LG chi2/ndf=1.885 EGE chi2/ndf=1.725
[ok] UnbiasedL1Inner Beryllium L2QTemplate AGL EkCen=3.234 LG chi2/ndf=1.458 EGE chi2/ndf=0.891
[ok] UnbiasedL1Inner Beryllium L2QTemplate AGL EkCen=3.600 LG chi2/ndf=1.741 EGE chi2/ndf=1.267
[ok] UnbiasedL1Inner Beryllium L2QTemplate AGL EkCen=3.997 LG chi2/ndf=1.185 EGE chi2/ndf=0.804
[ok] UnbiasedL1Inner Beryllium L2QTemplate AGL EkCen=4.425 LG chi2/ndf=1.443 EGE chi2/ndf=0.907
[ok] UnbiasedL1Inner Beryllium L2QTemplate AGL EkCen=4.894 LG chi2/ndf=1.319 EGE chi2/ndf=1.041
[ok] UnbiasedL1Inner Beryllium L2QTemplate AGL EkCen=5.388 LG chi2/ndf=1.284 EGE chi2/ndf=1.061
[ok] UnbiasedL1Inner Beryllium L2QTemplate AGL EkCen=5.907 LG chi2/ndf=1.083 EGE chi2/ndf=0.995
[ok] UnbiasedL1Inner Beryllium L2QTemplate AGL EkCen=6.477 LG chi2/ndf=1.484 EGE chi2/ndf=1.184
[ok] UnbiasedL1Inner Beryllium L2QTemplate AGL EkCen=7.098 LG chi2/ndf=2.196 EGE chi2/ndf=1.695
[ok] UnbiasedL1Inner Beryllium L2QTemplate AGL EkCen=7.769 LG chi2/ndf=1.135 EGE chi2/ndf=1.088
[ok] UnbiasedL1Inner Beryllium L2QTemplate AGL EkCen=8.490 LG chi2/ndf=0.991 EGE chi2/ndf=0.901
[ok] UnbiasedL1Inner Beryllium L2QTemplate AGL EkCen=9.261 LG chi2/ndf=1.213 EGE chi2/ndf=1.169
[ok] UnbiasedL1Inner Beryllium L2QTemplate AGL EkCen=10.083 LG chi2/ndf=0.770 EGE chi2/ndf=0.781
[ok] UnbiasedL1Inner Beryllium L2QTemplate AGL EkCen=10.980 LG chi2/ndf=1.300 EGE chi2/ndf=1.101
[ok] UnbiasedL1Inner Beryllium L2QTemplate AGL EkCen=11.952 LG chi2/ndf=1.305 EGE chi2/ndf=1.285
[ok] UnbiasedL1Inner Beryllium L2QTemplate AGL EkCen=12.975 LG chi2/ndf=1.438 EGE chi2/ndf=1.232
[ok] UnbiasedL1Inner Beryllium L2QTemplate AGL EkCen=14.072 LG chi2/ndf=1.404 EGE chi2/ndf=1.315
[ok] UnbiasedL1Inner Beryllium L2QTemplate AGL EkCen=15.245 LG chi2/ndf=0.810 EGE chi2/ndf=0.835
[ok] UnbiasedL1Inner Beryllium L2QTemplate AGL EkCen=16.493 LG chi2/ndf=1.178 EGE chi2/ndf=1.058
[ok] UnbiasedL1Inner Beryllium L2QTemplate AGL EkCen=17.842 LG chi2/ndf=0.939 EGE chi2/ndf=0.946
[ok] UnbiasedL1Inner Beryllium L2QTemplate AGL EkCen=19.290 LG chi2/ndf=0.794 EGE chi2/ndf=0.782
[init] UnbiasedL1Inner_Boron_TOF_L1QTemplate with 73 Ek/n bins
[ok] UnbiasedL1Inner Boron L1QTemplate TOF EkCen=0.370 LG chi2/ndf=1.279 EGE chi2/ndf=1.147
[ok] UnbiasedL1Inner Boron L1QTemplate TOF EkCen=0.449 LG chi2/ndf=1.920 EGE chi2/ndf=1.865
[ok] UnbiasedL1Inner Boron L1QTemplate TOF EkCen=0.539 LG chi2/ndf=1.604 EGE chi2/ndf=1.356
[ok] UnbiasedL1Inner Boron L1QTemplate TOF EkCen=0.642 LG chi2/ndf=2.038 EGE chi2/ndf=1.344
  [info] Fit not optimal (Chi2/NDF=6.266, Boundary Hits=0). Adjusting fit range for iter 2...
[ok] UnbiasedL1Inner Boron L1QTemplate TOF EkCen=0.759 LG chi2/ndf=1.685 EGE chi2/ndf=1.847
  [info] Fit not optimal (Chi2/NDF=6.742, Boundary Hits=0). Adjusting fit range for iter 2...
[ok] UnbiasedL1Inner Boron L1QTemplate TOF EkCen=0.890 LG chi2/ndf=2.765 EGE chi2/ndf=1.488
  [info] Fit not optimal (Chi2/NDF=5.545, Boundary Hits=0). Adjusting fit range for iter 2...
  [info] Fit not optimal (Chi2/NDF=3.085, Boundary Hits=0). Adjusting fit range for iter 3...
[ok] UnbiasedL1Inner Boron L1QTemplate TOF EkCen=1.036 LG chi2/ndf=2.259 EGE chi2/ndf=2.283
  [info] Fit not optimal (Chi2/NDF=5.145, Boundary Hits=0). Adjusting fit range for iter 2...
  [info] Fit not optimal (Chi2/NDF=3.052, Boundary Hits=0). Adjusting fit range for iter 3...
  [info] Fit not optimal (Chi2/NDF=4.618, Boundary Hits=0). Adjusting fit range for iter 2...
  [info] Fit not optimal (Chi2/NDF=3.762, Boundary Hits=0). Adjusting fit range for iter 3...
[ok] UnbiasedL1Inner Boron L1QTemplate TOF EkCen=1.198 LG chi2/ndf=2.633 EGE chi2/ndf=2.272
[init] UnbiasedL1Inner_Boron_TOF_L2QTemplate with 73 Ek/n bins
[ok] UnbiasedL1Inner Boron L2QTemplate TOF EkCen=0.370 LG chi2/ndf=1.786 EGE chi2/ndf=1.506
[ok] UnbiasedL1Inner Boron L2QTemplate TOF EkCen=0.449 LG chi2/ndf=1.890 EGE chi2/ndf=1.535
[ok] UnbiasedL1Inner Boron L2QTemplate TOF EkCen=0.539 LG chi2/ndf=1.697 EGE chi2/ndf=1.634
[ok] UnbiasedL1Inner Boron L2QTemplate TOF EkCen=0.642 LG chi2/ndf=1.100 EGE chi2/ndf=1.104
  [info] Fit not optimal (Chi2/NDF=4.412, Boundary Hits=0). Adjusting fit range for iter 2...
[ok] UnbiasedL1Inner Boron L2QTemplate TOF EkCen=0.759 LG chi2/ndf=1.311 EGE chi2/ndf=2.143
  [info] Fit not optimal (Chi2/NDF=5.177, Boundary Hits=0). Adjusting fit range for iter 2...
[ok] UnbiasedL1Inner Boron L2QTemplate TOF EkCen=0.890 LG chi2/ndf=2.177 EGE chi2/ndf=1.494
  [info] Fit not optimal (Chi2/NDF=7.388, Boundary Hits=0). Adjusting fit range for iter 2...
  [info] Fit not optimal (Chi2/NDF=3.643, Boundary Hits=0). Adjusting fit range for iter 3...
[ok] UnbiasedL1Inner Boron L2QTemplate TOF EkCen=1.036 LG chi2/ndf=2.049 EGE chi2/ndf=2.537
  [info] Fit not optimal (Chi2/NDF=4.525, Boundary Hits=0). Adjusting fit range for iter 2...
[ok] UnbiasedL1Inner Boron L2QTemplate TOF EkCen=1.198 LG chi2/ndf=2.750 EGE chi2/ndf=2.365
[init] UnbiasedL1Inner_Boron_NaF_L1QTemplate with 73 Ek/n bins
[ok] UnbiasedL1Inner Boron L1QTemplate NaF EkCen=0.759 LG chi2/ndf=2.138 EGE chi2/ndf=1.457
[ok] UnbiasedL1Inner Boron L1QTemplate NaF EkCen=0.890 LG chi2/ndf=1.724 EGE chi2/ndf=1.536
[ok] UnbiasedL1Inner Boron L1QTemplate NaF EkCen=1.036 LG chi2/ndf=1.614 EGE chi2/ndf=1.560
[ok] UnbiasedL1Inner Boron L1QTemplate NaF EkCen=1.198 LG chi2/ndf=1.300 EGE chi2/ndf=1.278
[ok] UnbiasedL1Inner Boron L1QTemplate NaF EkCen=1.378 LG chi2/ndf=1.447 EGE chi2/ndf=1.528
[ok] UnbiasedL1Inner Boron L1QTemplate NaF EkCen=1.576 LG chi2/ndf=0.737 EGE chi2/ndf=0.733
[ok] UnbiasedL1Inner Boron L1QTemplate NaF EkCen=1.795 LG chi2/ndf=1.035 EGE chi2/ndf=1.075
[ok] UnbiasedL1Inner Boron L1QTemplate NaF EkCen=2.036 LG chi2/ndf=0.851 EGE chi2/ndf=0.865
[ok] UnbiasedL1Inner Boron L1QTemplate NaF EkCen=2.299 LG chi2/ndf=1.054 EGE chi2/ndf=1.115
[ok] UnbiasedL1Inner Boron L1QTemplate NaF EkCen=2.584 LG chi2/ndf=0.988 EGE chi2/ndf=0.982
[ok] UnbiasedL1Inner Boron L1QTemplate NaF EkCen=2.896 LG chi2/ndf=0.954 EGE chi2/ndf=1.001
[ok] UnbiasedL1Inner Boron L1QTemplate NaF EkCen=3.234 LG chi2/ndf=1.563 EGE chi2/ndf=1.401
[ok] UnbiasedL1Inner Boron L1QTemplate NaF EkCen=3.600 LG chi2/ndf=1.192 EGE chi2/ndf=1.221
[ok] UnbiasedL1Inner Boron L1QTemplate NaF EkCen=3.997 LG chi2/ndf=0.790 EGE chi2/ndf=0.811
[ok] UnbiasedL1Inner Boron L1QTemplate NaF EkCen=4.425 LG chi2/ndf=0.919 EGE chi2/ndf=0.970
[ok] UnbiasedL1Inner Boron L1QTemplate NaF EkCen=4.894 LG chi2/ndf=0.720 EGE chi2/ndf=0.755
[init] UnbiasedL1Inner_Boron_NaF_L2QTemplate with 73 Ek/n bins
[ok] UnbiasedL1Inner Boron L2QTemplate NaF EkCen=0.759 LG chi2/ndf=1.655 EGE chi2/ndf=1.215
[ok] UnbiasedL1Inner Boron L2QTemplate NaF EkCen=0.890 LG chi2/ndf=1.524 EGE chi2/ndf=1.275
[ok] UnbiasedL1Inner Boron L2QTemplate NaF EkCen=1.036 LG chi2/ndf=1.007 EGE chi2/ndf=0.963
[ok] UnbiasedL1Inner Boron L2QTemplate NaF EkCen=1.198 LG chi2/ndf=0.954 EGE chi2/ndf=0.822
[ok] UnbiasedL1Inner Boron L2QTemplate NaF EkCen=1.378 LG chi2/ndf=1.556 EGE chi2/ndf=1.244
  [warn] boundary: EGE-try1 par#4 AlphaR = 1.930 in [0.643,1.930] UnbiasedL1Inner/Boron/NaF/L2QTemplate EkCen=1.576
  [info] Params at boundary. Adjusting limits and refitting...
    -> Adjusting AlphaR limits to [0.386, 2.187]
[ok] UnbiasedL1Inner Boron L2QTemplate NaF EkCen=1.576 LG chi2/ndf=1.209 EGE chi2/ndf=0.915
[ok] UnbiasedL1Inner Boron L2QTemplate NaF EkCen=1.795 LG chi2/ndf=1.180 EGE chi2/ndf=1.209
[ok] UnbiasedL1Inner Boron L2QTemplate NaF EkCen=2.036 LG chi2/ndf=1.023 EGE chi2/ndf=1.040
[ok] UnbiasedL1Inner Boron L2QTemplate NaF EkCen=2.299 LG chi2/ndf=1.084 EGE chi2/ndf=1.173
[ok] UnbiasedL1Inner Boron L2QTemplate NaF EkCen=2.584 LG chi2/ndf=0.866 EGE chi2/ndf=0.914
[ok] UnbiasedL1Inner Boron L2QTemplate NaF EkCen=2.896 LG chi2/ndf=0.826 EGE chi2/ndf=0.853
[ok] UnbiasedL1Inner Boron L2QTemplate NaF EkCen=3.234 LG chi2/ndf=1.589 EGE chi2/ndf=1.639
[ok] UnbiasedL1Inner Boron L2QTemplate NaF EkCen=3.600 LG chi2/ndf=0.974 EGE chi2/ndf=1.006
[ok] UnbiasedL1Inner Boron L2QTemplate NaF EkCen=3.997 LG chi2/ndf=1.101 EGE chi2/ndf=1.079
[ok] UnbiasedL1Inner Boron L2QTemplate NaF EkCen=4.425 LG chi2/ndf=0.940 EGE chi2/ndf=0.968
[ok] UnbiasedL1Inner Boron L2QTemplate NaF EkCen=4.894 LG chi2/ndf=0.841 EGE chi2/ndf=0.778
[init] UnbiasedL1Inner_Boron_AGL_L1QTemplate with 73 Ek/n bins
[ok] UnbiasedL1Inner Boron L1QTemplate AGL EkCen=2.896 LG chi2/ndf=1.293 EGE chi2/ndf=1.375
[ok] UnbiasedL1Inner Boron L1QTemplate AGL EkCen=3.234 LG chi2/ndf=1.179 EGE chi2/ndf=1.399
[ok] UnbiasedL1Inner Boron L1QTemplate AGL EkCen=3.600 LG chi2/ndf=1.119 EGE chi2/ndf=1.167
[ok] UnbiasedL1Inner Boron L1QTemplate AGL EkCen=3.997 LG chi2/ndf=0.991 EGE chi2/ndf=0.965
[ok] UnbiasedL1Inner Boron L1QTemplate AGL EkCen=4.425 LG chi2/ndf=1.171 EGE chi2/ndf=1.208
[ok] UnbiasedL1Inner Boron L1QTemplate AGL EkCen=4.894 LG chi2/ndf=1.462 EGE chi2/ndf=1.282
[ok] UnbiasedL1Inner Boron L1QTemplate AGL EkCen=5.388 LG chi2/ndf=1.069 EGE chi2/ndf=1.184
[ok] UnbiasedL1Inner Boron L1QTemplate AGL EkCen=5.907 LG chi2/ndf=1.381 EGE chi2/ndf=1.522
[ok] UnbiasedL1Inner Boron L1QTemplate AGL EkCen=6.477 LG chi2/ndf=1.345 EGE chi2/ndf=1.350
[ok] UnbiasedL1Inner Boron L1QTemplate AGL EkCen=7.098 LG chi2/ndf=1.573 EGE chi2/ndf=1.477
[ok] UnbiasedL1Inner Boron L1QTemplate AGL EkCen=7.769 LG chi2/ndf=1.044 EGE chi2/ndf=1.129
[ok] UnbiasedL1Inner Boron L1QTemplate AGL EkCen=8.490 LG chi2/ndf=1.193 EGE chi2/ndf=1.195
[ok] UnbiasedL1Inner Boron L1QTemplate AGL EkCen=9.261 LG chi2/ndf=1.049 EGE chi2/ndf=1.095
[ok] UnbiasedL1Inner Boron L1QTemplate AGL EkCen=10.083 LG chi2/ndf=1.199 EGE chi2/ndf=1.090
[ok] UnbiasedL1Inner Boron L1QTemplate AGL EkCen=10.980 LG chi2/ndf=1.103 EGE chi2/ndf=1.039
[ok] UnbiasedL1Inner Boron L1QTemplate AGL EkCen=11.952 LG chi2/ndf=1.179 EGE chi2/ndf=1.231
[ok] UnbiasedL1Inner Boron L1QTemplate AGL EkCen=12.975 LG chi2/ndf=1.033 EGE chi2/ndf=1.080
[ok] UnbiasedL1Inner Boron L1QTemplate AGL EkCen=14.072 LG chi2/ndf=1.175 EGE chi2/ndf=1.296
[ok] UnbiasedL1Inner Boron L1QTemplate AGL EkCen=15.245 LG chi2/ndf=0.801 EGE chi2/ndf=0.799
[ok] UnbiasedL1Inner Boron L1QTemplate AGL EkCen=16.493 LG chi2/ndf=1.195 EGE chi2/ndf=1.189
[ok] UnbiasedL1Inner Boron L1QTemplate AGL EkCen=17.842 LG chi2/ndf=1.221 EGE chi2/ndf=1.314
[ok] UnbiasedL1Inner Boron L1QTemplate AGL EkCen=19.290 LG chi2/ndf=1.113 EGE chi2/ndf=1.114
[init] UnbiasedL1Inner_Boron_AGL_L2QTemplate with 73 Ek/n bins
[ok] UnbiasedL1Inner Boron L2QTemplate AGL EkCen=2.896 LG chi2/ndf=1.189 EGE chi2/ndf=1.431
[ok] UnbiasedL1Inner Boron L2QTemplate AGL EkCen=3.234 LG chi2/ndf=1.439 EGE chi2/ndf=1.702
[ok] UnbiasedL1Inner Boron L2QTemplate AGL EkCen=3.600 LG chi2/ndf=1.333 EGE chi2/ndf=1.451
[ok] UnbiasedL1Inner Boron L2QTemplate AGL EkCen=3.997 LG chi2/ndf=0.944 EGE chi2/ndf=1.086
[ok] UnbiasedL1Inner Boron L2QTemplate AGL EkCen=4.425 LG chi2/ndf=1.653 EGE chi2/ndf=1.713
[ok] UnbiasedL1Inner Boron L2QTemplate AGL EkCen=4.894 LG chi2/ndf=1.064 EGE chi2/ndf=1.183
[ok] UnbiasedL1Inner Boron L2QTemplate AGL EkCen=5.388 LG chi2/ndf=1.088 EGE chi2/ndf=1.148
[ok] UnbiasedL1Inner Boron L2QTemplate AGL EkCen=5.907 LG chi2/ndf=1.450 EGE chi2/ndf=1.419
[ok] UnbiasedL1Inner Boron L2QTemplate AGL EkCen=6.477 LG chi2/ndf=0.887 EGE chi2/ndf=0.898
[ok] UnbiasedL1Inner Boron L2QTemplate AGL EkCen=7.098 LG chi2/ndf=1.514 EGE chi2/ndf=1.537
[ok] UnbiasedL1Inner Boron L2QTemplate AGL EkCen=7.769 LG chi2/ndf=1.014 EGE chi2/ndf=1.125
[ok] UnbiasedL1Inner Boron L2QTemplate AGL EkCen=8.490 LG chi2/ndf=1.030 EGE chi2/ndf=1.218
[ok] UnbiasedL1Inner Boron L2QTemplate AGL EkCen=9.261 LG chi2/ndf=1.130 EGE chi2/ndf=1.278
[ok] UnbiasedL1Inner Boron L2QTemplate AGL EkCen=10.083 LG chi2/ndf=1.116 EGE chi2/ndf=1.150
[ok] UnbiasedL1Inner Boron L2QTemplate AGL EkCen=10.980 LG chi2/ndf=1.449 EGE chi2/ndf=1.525
[ok] UnbiasedL1Inner Boron L2QTemplate AGL EkCen=11.952 LG chi2/ndf=1.104 EGE chi2/ndf=1.152
[ok] UnbiasedL1Inner Boron L2QTemplate AGL EkCen=12.975 LG chi2/ndf=1.626 EGE chi2/ndf=1.653
[ok] UnbiasedL1Inner Boron L2QTemplate AGL EkCen=14.072 LG chi2/ndf=1.058 EGE chi2/ndf=0.915
[ok] UnbiasedL1Inner Boron L2QTemplate AGL EkCen=15.245 LG chi2/ndf=1.466 EGE chi2/ndf=1.206
[ok] UnbiasedL1Inner Boron L2QTemplate AGL EkCen=16.493 LG chi2/ndf=1.193 EGE chi2/ndf=1.201
[ok] UnbiasedL1Inner Boron L2QTemplate AGL EkCen=17.842 LG chi2/ndf=0.815 EGE chi2/ndf=0.872
[ok] UnbiasedL1Inner Boron L2QTemplate AGL EkCen=19.290 LG chi2/ndf=1.129 EGE chi2/ndf=1.121
[init] UnbiasedL1Inner_Carbon_TOF_L1QTemplate with 73 Ek/n bins
[ok] UnbiasedL1Inner Carbon L1QTemplate TOF EkCen=0.370 LG chi2/ndf=2.380 EGE chi2/ndf=1.844
[ok] UnbiasedL1Inner Carbon L1QTemplate TOF EkCen=0.449 LG chi2/ndf=1.748 EGE chi2/ndf=2.240
[ok] UnbiasedL1Inner Carbon L1QTemplate TOF EkCen=0.539 LG chi2/ndf=1.225 EGE chi2/ndf=1.435
[ok] UnbiasedL1Inner Carbon L1QTemplate TOF EkCen=0.642 LG chi2/ndf=1.575 EGE chi2/ndf=1.671
[ok] UnbiasedL1Inner Carbon L1QTemplate TOF EkCen=0.759 LG chi2/ndf=1.690 EGE chi2/ndf=1.784
[ok] UnbiasedL1Inner Carbon L1QTemplate TOF EkCen=0.890 LG chi2/ndf=1.970 EGE chi2/ndf=1.384
[ok] UnbiasedL1Inner Carbon L1QTemplate TOF EkCen=1.036 LG chi2/ndf=2.909 EGE chi2/ndf=2.102
[ok] UnbiasedL1Inner Carbon L1QTemplate TOF EkCen=1.198 LG chi2/ndf=2.896 EGE chi2/ndf=2.332
[init] UnbiasedL1Inner_Carbon_TOF_L2QTemplate with 73 Ek/n bins
[ok] UnbiasedL1Inner Carbon L2QTemplate TOF EkCen=0.370 LG chi2/ndf=1.214 EGE chi2/ndf=1.416
[ok] UnbiasedL1Inner Carbon L2QTemplate TOF EkCen=0.449 LG chi2/ndf=1.972 EGE chi2/ndf=1.471
[ok] UnbiasedL1Inner Carbon L2QTemplate TOF EkCen=0.539 LG chi2/ndf=1.991 EGE chi2/ndf=2.219
[ok] UnbiasedL1Inner Carbon L2QTemplate TOF EkCen=0.642 LG chi2/ndf=1.298 EGE chi2/ndf=2.229
[ok] UnbiasedL1Inner Carbon L2QTemplate TOF EkCen=0.759 LG chi2/ndf=1.201 EGE chi2/ndf=1.546
  [info] Fit not optimal (Chi2/NDF=3.076, Boundary Hits=0). Adjusting fit range for iter 2...
[ok] UnbiasedL1Inner Carbon L2QTemplate TOF EkCen=0.890 LG chi2/ndf=1.187 EGE chi2/ndf=2.277
  [info] Fit not optimal (Chi2/NDF=4.070, Boundary Hits=0). Adjusting fit range for iter 2...
[ok] UnbiasedL1Inner Carbon L2QTemplate TOF EkCen=1.036 LG chi2/ndf=0.909 EGE chi2/ndf=1.958
  [info] Fit not optimal (Chi2/NDF=4.718, Boundary Hits=0). Adjusting fit range for iter 2...
[ok] UnbiasedL1Inner Carbon L2QTemplate TOF EkCen=1.198 LG chi2/ndf=2.018 EGE chi2/ndf=2.262
[init] UnbiasedL1Inner_Carbon_NaF_L1QTemplate with 73 Ek/n bins
[ok] UnbiasedL1Inner Carbon L1QTemplate NaF EkCen=0.759 LG chi2/ndf=0.834 EGE chi2/ndf=0.874
[ok] UnbiasedL1Inner Carbon L1QTemplate NaF EkCen=0.890 LG chi2/ndf=0.856 EGE chi2/ndf=0.854
[ok] UnbiasedL1Inner Carbon L1QTemplate NaF EkCen=1.036 LG chi2/ndf=1.404 EGE chi2/ndf=1.268
[ok] UnbiasedL1Inner Carbon L1QTemplate NaF EkCen=1.198 LG chi2/ndf=1.127 EGE chi2/ndf=1.211
[ok] UnbiasedL1Inner Carbon L1QTemplate NaF EkCen=1.378 LG chi2/ndf=1.035 EGE chi2/ndf=1.035
[ok] UnbiasedL1Inner Carbon L1QTemplate NaF EkCen=1.576 LG chi2/ndf=1.310 EGE chi2/ndf=1.316
[ok] UnbiasedL1Inner Carbon L1QTemplate NaF EkCen=1.795 LG chi2/ndf=1.411 EGE chi2/ndf=1.400
[ok] UnbiasedL1Inner Carbon L1QTemplate NaF EkCen=2.036 LG chi2/ndf=0.761 EGE chi2/ndf=0.816
[ok] UnbiasedL1Inner Carbon L1QTemplate NaF EkCen=2.299 LG chi2/ndf=1.098 EGE chi2/ndf=0.934
[ok] UnbiasedL1Inner Carbon L1QTemplate NaF EkCen=2.584 LG chi2/ndf=0.674 EGE chi2/ndf=0.747
[ok] UnbiasedL1Inner Carbon L1QTemplate NaF EkCen=2.896 LG chi2/ndf=1.200 EGE chi2/ndf=0.953
[ok] UnbiasedL1Inner Carbon L1QTemplate NaF EkCen=3.234 LG chi2/ndf=1.177 EGE chi2/ndf=1.165
[ok] UnbiasedL1Inner Carbon L1QTemplate NaF EkCen=3.600 LG chi2/ndf=0.894 EGE chi2/ndf=0.882
[ok] UnbiasedL1Inner Carbon L1QTemplate NaF EkCen=3.997 LG chi2/ndf=1.606 EGE chi2/ndf=1.457
[ok] UnbiasedL1Inner Carbon L1QTemplate NaF EkCen=4.425 LG chi2/ndf=1.304 EGE chi2/ndf=1.291
[ok] UnbiasedL1Inner Carbon L1QTemplate NaF EkCen=4.894 LG chi2/ndf=1.299 EGE chi2/ndf=1.212
[init] UnbiasedL1Inner_Carbon_NaF_L2QTemplate with 73 Ek/n bins
[ok] UnbiasedL1Inner Carbon L2QTemplate NaF EkCen=0.759 LG chi2/ndf=0.648 EGE chi2/ndf=0.758
[ok] UnbiasedL1Inner Carbon L2QTemplate NaF EkCen=0.890 LG chi2/ndf=1.439 EGE chi2/ndf=1.415
[ok] UnbiasedL1Inner Carbon L2QTemplate NaF EkCen=1.036 LG chi2/ndf=1.377 EGE chi2/ndf=0.929
[ok] UnbiasedL1Inner Carbon L2QTemplate NaF EkCen=1.198 LG chi2/ndf=1.010 EGE chi2/ndf=0.884
[ok] UnbiasedL1Inner Carbon L2QTemplate NaF EkCen=1.378 LG chi2/ndf=1.288 EGE chi2/ndf=1.031
[ok] UnbiasedL1Inner Carbon L2QTemplate NaF EkCen=1.576 LG chi2/ndf=0.857 EGE chi2/ndf=0.867
[ok] UnbiasedL1Inner Carbon L2QTemplate NaF EkCen=1.795 LG chi2/ndf=1.540 EGE chi2/ndf=1.501
[ok] UnbiasedL1Inner Carbon L2QTemplate NaF EkCen=2.036 LG chi2/ndf=1.171 EGE chi2/ndf=1.208
[ok] UnbiasedL1Inner Carbon L2QTemplate NaF EkCen=2.299 LG chi2/ndf=1.251 EGE chi2/ndf=1.248
[ok] UnbiasedL1Inner Carbon L2QTemplate NaF EkCen=2.584 LG chi2/ndf=0.929 EGE chi2/ndf=0.885
[ok] UnbiasedL1Inner Carbon L2QTemplate NaF EkCen=2.896 LG chi2/ndf=1.828 EGE chi2/ndf=1.803
[ok] UnbiasedL1Inner Carbon L2QTemplate NaF EkCen=3.234 LG chi2/ndf=0.849 EGE chi2/ndf=0.863
[ok] UnbiasedL1Inner Carbon L2QTemplate NaF EkCen=3.600 LG chi2/ndf=1.766 EGE chi2/ndf=1.427
[ok] UnbiasedL1Inner Carbon L2QTemplate NaF EkCen=3.997 LG chi2/ndf=0.968 EGE chi2/ndf=0.934
[ok] UnbiasedL1Inner Carbon L2QTemplate NaF EkCen=4.425 LG chi2/ndf=1.643 EGE chi2/ndf=1.655
[ok] UnbiasedL1Inner Carbon L2QTemplate NaF EkCen=4.894 LG chi2/ndf=1.027 EGE chi2/ndf=0.931
[init] UnbiasedL1Inner_Carbon_AGL_L1QTemplate with 73 Ek/n bins
  [info] Fit not optimal (Chi2/NDF=3.003, Boundary Hits=0). Adjusting fit range for iter 2...
[ok] UnbiasedL1Inner Carbon L1QTemplate AGL EkCen=2.896 LG chi2/ndf=1.467 EGE chi2/ndf=2.651
[ok] UnbiasedL1Inner Carbon L1QTemplate AGL EkCen=3.234 LG chi2/ndf=2.120 EGE chi2/ndf=1.870
[ok] UnbiasedL1Inner Carbon L1QTemplate AGL EkCen=3.600 LG chi2/ndf=2.268 EGE chi2/ndf=2.110
[ok] UnbiasedL1Inner Carbon L1QTemplate AGL EkCen=3.997 LG chi2/ndf=1.829 EGE chi2/ndf=1.406
[ok] UnbiasedL1Inner Carbon L1QTemplate AGL EkCen=4.425 LG chi2/ndf=1.584 EGE chi2/ndf=1.881
[ok] UnbiasedL1Inner Carbon L1QTemplate AGL EkCen=4.894 LG chi2/ndf=1.883 EGE chi2/ndf=1.457
[ok] UnbiasedL1Inner Carbon L1QTemplate AGL EkCen=5.388 LG chi2/ndf=1.389 EGE chi2/ndf=1.628
[ok] UnbiasedL1Inner Carbon L1QTemplate AGL EkCen=5.907 LG chi2/ndf=1.579 EGE chi2/ndf=1.409
[ok] UnbiasedL1Inner Carbon L1QTemplate AGL EkCen=6.477 LG chi2/ndf=1.843 EGE chi2/ndf=1.755
[ok] UnbiasedL1Inner Carbon L1QTemplate AGL EkCen=7.098 LG chi2/ndf=1.516 EGE chi2/ndf=1.030
[ok] UnbiasedL1Inner Carbon L1QTemplate AGL EkCen=7.769 LG chi2/ndf=1.608 EGE chi2/ndf=1.232
[ok] UnbiasedL1Inner Carbon L1QTemplate AGL EkCen=8.490 LG chi2/ndf=1.137 EGE chi2/ndf=0.796
[ok] UnbiasedL1Inner Carbon L1QTemplate AGL EkCen=9.261 LG chi2/ndf=2.043 EGE chi2/ndf=1.508
[ok] UnbiasedL1Inner Carbon L1QTemplate AGL EkCen=10.083 LG chi2/ndf=1.993 EGE chi2/ndf=1.962
[ok] UnbiasedL1Inner Carbon L1QTemplate AGL EkCen=10.980 LG chi2/ndf=1.358 EGE chi2/ndf=1.327
[ok] UnbiasedL1Inner Carbon L1QTemplate AGL EkCen=11.952 LG chi2/ndf=1.567 EGE chi2/ndf=1.212
[ok] UnbiasedL1Inner Carbon L1QTemplate AGL EkCen=12.975 LG chi2/ndf=1.442 EGE chi2/ndf=1.290
[ok] UnbiasedL1Inner Carbon L1QTemplate AGL EkCen=14.072 LG chi2/ndf=1.046 EGE chi2/ndf=0.834
[ok] UnbiasedL1Inner Carbon L1QTemplate AGL EkCen=15.245 LG chi2/ndf=1.177 EGE chi2/ndf=1.114
[ok] UnbiasedL1Inner Carbon L1QTemplate AGL EkCen=16.493 LG chi2/ndf=0.689 EGE chi2/ndf=0.722
[ok] UnbiasedL1Inner Carbon L1QTemplate AGL EkCen=17.842 LG chi2/ndf=1.170 EGE chi2/ndf=1.200
[ok] UnbiasedL1Inner Carbon L1QTemplate AGL EkCen=19.290 LG chi2/ndf=1.449 EGE chi2/ndf=1.534
[init] UnbiasedL1Inner_Carbon_AGL_L2QTemplate with 73 Ek/n bins
  [info] Fit not optimal (Chi2/NDF=3.364, Boundary Hits=0). Adjusting fit range for iter 2...
  [info] Fit not optimal (Chi2/NDF=3.469, Boundary Hits=0). Adjusting fit range for iter 2...
[ok] UnbiasedL1Inner Carbon L2QTemplate AGL EkCen=2.896 LG chi2/ndf=1.399 EGE chi2/ndf=2.492
[ok] UnbiasedL1Inner Carbon L2QTemplate AGL EkCen=3.234 LG chi2/ndf=2.469 EGE chi2/ndf=1.921
[ok] UnbiasedL1Inner Carbon L2QTemplate AGL EkCen=3.600 LG chi2/ndf=2.711 EGE chi2/ndf=2.857
[ok] UnbiasedL1Inner Carbon L2QTemplate AGL EkCen=3.997 LG chi2/ndf=2.223 EGE chi2/ndf=2.388
[ok] UnbiasedL1Inner Carbon L2QTemplate AGL EkCen=4.425 LG chi2/ndf=2.559 EGE chi2/ndf=2.045
[ok] UnbiasedL1Inner Carbon L2QTemplate AGL EkCen=4.894 LG chi2/ndf=2.363 EGE chi2/ndf=1.874
[ok] UnbiasedL1Inner Carbon L2QTemplate AGL EkCen=5.388 LG chi2/ndf=2.129 EGE chi2/ndf=2.098
[ok] UnbiasedL1Inner Carbon L2QTemplate AGL EkCen=5.907 LG chi2/ndf=2.001 EGE chi2/ndf=1.952
[ok] UnbiasedL1Inner Carbon L2QTemplate AGL EkCen=6.477 LG chi2/ndf=1.787 EGE chi2/ndf=1.907
[ok] UnbiasedL1Inner Carbon L2QTemplate AGL EkCen=7.098 LG chi2/ndf=2.244 EGE chi2/ndf=2.110
[ok] UnbiasedL1Inner Carbon L2QTemplate AGL EkCen=7.769 LG chi2/ndf=1.860 EGE chi2/ndf=1.721
[ok] UnbiasedL1Inner Carbon L2QTemplate AGL EkCen=8.490 LG chi2/ndf=2.436 EGE chi2/ndf=2.175
[ok] UnbiasedL1Inner Carbon L2QTemplate AGL EkCen=9.261 LG chi2/ndf=1.345 EGE chi2/ndf=1.305
[ok] UnbiasedL1Inner Carbon L2QTemplate AGL EkCen=10.083 LG chi2/ndf=1.899 EGE chi2/ndf=2.143
[ok] UnbiasedL1Inner Carbon L2QTemplate AGL EkCen=10.980 LG chi2/ndf=2.211 EGE chi2/ndf=1.847
[ok] UnbiasedL1Inner Carbon L2QTemplate AGL EkCen=11.952 LG chi2/ndf=1.461 EGE chi2/ndf=1.449
[ok] UnbiasedL1Inner Carbon L2QTemplate AGL EkCen=12.975 LG chi2/ndf=1.447 EGE chi2/ndf=1.588
[ok] UnbiasedL1Inner Carbon L2QTemplate AGL EkCen=14.072 LG chi2/ndf=2.256 EGE chi2/ndf=2.066
[ok] UnbiasedL1Inner Carbon L2QTemplate AGL EkCen=15.245 LG chi2/ndf=1.287 EGE chi2/ndf=1.524
[ok] UnbiasedL1Inner Carbon L2QTemplate AGL EkCen=16.493 LG chi2/ndf=1.302 EGE chi2/ndf=1.367
[ok] UnbiasedL1Inner Carbon L2QTemplate AGL EkCen=17.842 LG chi2/ndf=1.632 EGE chi2/ndf=1.441
[ok] UnbiasedL1Inner Carbon L2QTemplate AGL EkCen=19.290 LG chi2/ndf=0.993 EGE chi2/ndf=0.926
[init] UnbiasedL1Inner_Nitrogen_TOF_L1QTemplate with 73 Ek/n bins
[ok] UnbiasedL1Inner Nitrogen L1QTemplate TOF EkCen=0.370 LG chi2/ndf=1.169 EGE chi2/ndf=1.252
[ok] UnbiasedL1Inner Nitrogen L1QTemplate TOF EkCen=0.449 LG chi2/ndf=0.913 EGE chi2/ndf=0.909
[ok] UnbiasedL1Inner Nitrogen L1QTemplate TOF EkCen=0.539 LG chi2/ndf=0.965 EGE chi2/ndf=1.007
[ok] UnbiasedL1Inner Nitrogen L1QTemplate TOF EkCen=0.642 LG chi2/ndf=1.566 EGE chi2/ndf=1.245
[ok] UnbiasedL1Inner Nitrogen L1QTemplate TOF EkCen=0.759 LG chi2/ndf=1.462 EGE chi2/ndf=0.986
[ok] UnbiasedL1Inner Nitrogen L1QTemplate TOF EkCen=0.890 LG chi2/ndf=0.921 EGE chi2/ndf=0.907
[ok] UnbiasedL1Inner Nitrogen L1QTemplate TOF EkCen=1.036 LG chi2/ndf=1.286 EGE chi2/ndf=1.132
[ok] UnbiasedL1Inner Nitrogen L1QTemplate TOF EkCen=1.198 LG chi2/ndf=1.084 EGE chi2/ndf=1.116
[init] UnbiasedL1Inner_Nitrogen_TOF_L2QTemplate with 73 Ek/n bins
[ok] UnbiasedL1Inner Nitrogen L2QTemplate TOF EkCen=0.370 LG chi2/ndf=0.994 EGE chi2/ndf=1.153
[ok] UnbiasedL1Inner Nitrogen L2QTemplate TOF EkCen=0.449 LG chi2/ndf=1.104 EGE chi2/ndf=1.152
[ok] UnbiasedL1Inner Nitrogen L2QTemplate TOF EkCen=0.539 LG chi2/ndf=1.222 EGE chi2/ndf=1.158
[ok] UnbiasedL1Inner Nitrogen L2QTemplate TOF EkCen=0.642 LG chi2/ndf=1.358 EGE chi2/ndf=1.526
[ok] UnbiasedL1Inner Nitrogen L2QTemplate TOF EkCen=0.759 LG chi2/ndf=1.001 EGE chi2/ndf=1.084
[ok] UnbiasedL1Inner Nitrogen L2QTemplate TOF EkCen=0.890 LG chi2/ndf=1.038 EGE chi2/ndf=1.237
[ok] UnbiasedL1Inner Nitrogen L2QTemplate TOF EkCen=1.036 LG chi2/ndf=1.192 EGE chi2/ndf=0.915
[ok] UnbiasedL1Inner Nitrogen L2QTemplate TOF EkCen=1.198 LG chi2/ndf=1.472 EGE chi2/ndf=1.392
[init] UnbiasedL1Inner_Nitrogen_NaF_L1QTemplate with 73 Ek/n bins
  [warn] boundary: LG-try1 par#0 Width = 0.015 in [0.015,0.046] UnbiasedL1Inner/Nitrogen/NaF/L1QTemplate EkCen=0.759
  [info] Params at boundary. Adjusting limits and refitting...
    -> Adjusting Width limits to [0.009, 0.052]
[ok] UnbiasedL1Inner Nitrogen L1QTemplate NaF EkCen=0.759 LG chi2/ndf=1.121 EGE chi2/ndf=1.116
[ok] UnbiasedL1Inner Nitrogen L1QTemplate NaF EkCen=0.890 LG chi2/ndf=1.145 EGE chi2/ndf=1.155
[ok] UnbiasedL1Inner Nitrogen L1QTemplate NaF EkCen=1.036 LG chi2/ndf=0.821 EGE chi2/ndf=0.835
[ok] UnbiasedL1Inner Nitrogen L1QTemplate NaF EkCen=1.198 LG chi2/ndf=1.142 EGE chi2/ndf=1.138
[ok] UnbiasedL1Inner Nitrogen L1QTemplate NaF EkCen=1.378 LG chi2/ndf=0.835 EGE chi2/ndf=0.860
[ok] UnbiasedL1Inner Nitrogen L1QTemplate NaF EkCen=1.576 LG chi2/ndf=1.278 EGE chi2/ndf=1.316
[ok] UnbiasedL1Inner Nitrogen L1QTemplate NaF EkCen=1.795 LG chi2/ndf=1.249 EGE chi2/ndf=1.218
[ok] UnbiasedL1Inner Nitrogen L1QTemplate NaF EkCen=2.036 LG chi2/ndf=1.021 EGE chi2/ndf=1.055
[ok] UnbiasedL1Inner Nitrogen L1QTemplate NaF EkCen=2.299 LG chi2/ndf=1.260 EGE chi2/ndf=1.303
[ok] UnbiasedL1Inner Nitrogen L1QTemplate NaF EkCen=2.584 LG chi2/ndf=0.895 EGE chi2/ndf=0.913
[ok] UnbiasedL1Inner Nitrogen L1QTemplate NaF EkCen=2.896 LG chi2/ndf=1.187 EGE chi2/ndf=1.221
[ok] UnbiasedL1Inner Nitrogen L1QTemplate NaF EkCen=3.234 LG chi2/ndf=1.043 EGE chi2/ndf=1.041
[ok] UnbiasedL1Inner Nitrogen L1QTemplate NaF EkCen=3.600 LG chi2/ndf=1.201 EGE chi2/ndf=1.249
[ok] UnbiasedL1Inner Nitrogen L1QTemplate NaF EkCen=3.997 LG chi2/ndf=0.892 EGE chi2/ndf=0.876
[ok] UnbiasedL1Inner Nitrogen L1QTemplate NaF EkCen=4.425 LG chi2/ndf=0.954 EGE chi2/ndf=0.943
[ok] UnbiasedL1Inner Nitrogen L1QTemplate NaF EkCen=4.894 LG chi2/ndf=0.800 EGE chi2/ndf=0.775
[init] UnbiasedL1Inner_Nitrogen_NaF_L2QTemplate with 73 Ek/n bins
[ok] UnbiasedL1Inner Nitrogen L2QTemplate NaF EkCen=0.759 LG chi2/ndf=1.215 EGE chi2/ndf=1.229
[ok] UnbiasedL1Inner Nitrogen L2QTemplate NaF EkCen=0.890 LG chi2/ndf=1.224 EGE chi2/ndf=1.135
[ok] UnbiasedL1Inner Nitrogen L2QTemplate NaF EkCen=1.036 LG chi2/ndf=0.804 EGE chi2/ndf=0.683
[ok] UnbiasedL1Inner Nitrogen L2QTemplate NaF EkCen=1.198 LG chi2/ndf=1.284 EGE chi2/ndf=1.321
[ok] UnbiasedL1Inner Nitrogen L2QTemplate NaF EkCen=1.378 LG chi2/ndf=1.046 EGE chi2/ndf=0.818
[ok] UnbiasedL1Inner Nitrogen L2QTemplate NaF EkCen=1.576 LG chi2/ndf=1.358 EGE chi2/ndf=1.238
[ok] UnbiasedL1Inner Nitrogen L2QTemplate NaF EkCen=1.795 LG chi2/ndf=1.101 EGE chi2/ndf=0.979
[ok] UnbiasedL1Inner Nitrogen L2QTemplate NaF EkCen=2.036 LG chi2/ndf=1.006 EGE chi2/ndf=0.923
[ok] UnbiasedL1Inner Nitrogen L2QTemplate NaF EkCen=2.299 LG chi2/ndf=0.964 EGE chi2/ndf=0.976
[ok] UnbiasedL1Inner Nitrogen L2QTemplate NaF EkCen=2.584 LG chi2/ndf=0.975 EGE chi2/ndf=0.993
[ok] UnbiasedL1Inner Nitrogen L2QTemplate NaF EkCen=2.896 LG chi2/ndf=1.189 EGE chi2/ndf=1.178
[ok] UnbiasedL1Inner Nitrogen L2QTemplate NaF EkCen=3.234 LG chi2/ndf=1.146 EGE chi2/ndf=1.097
[ok] UnbiasedL1Inner Nitrogen L2QTemplate NaF EkCen=3.600 LG chi2/ndf=1.088 EGE chi2/ndf=1.104
[ok] UnbiasedL1Inner Nitrogen L2QTemplate NaF EkCen=3.997 LG chi2/ndf=1.116 EGE chi2/ndf=1.170
[ok] UnbiasedL1Inner Nitrogen L2QTemplate NaF EkCen=4.425 LG chi2/ndf=0.787 EGE chi2/ndf=0.764
[ok] UnbiasedL1Inner Nitrogen L2QTemplate NaF EkCen=4.894 LG chi2/ndf=0.748 EGE chi2/ndf=0.774
[init] UnbiasedL1Inner_Nitrogen_AGL_L1QTemplate with 73 Ek/n bins
[ok] UnbiasedL1Inner Nitrogen L1QTemplate AGL EkCen=2.896 LG chi2/ndf=1.102 EGE chi2/ndf=1.091
[ok] UnbiasedL1Inner Nitrogen L1QTemplate AGL EkCen=3.234 LG chi2/ndf=1.030 EGE chi2/ndf=1.110
[ok] UnbiasedL1Inner Nitrogen L1QTemplate AGL EkCen=3.600 LG chi2/ndf=0.800 EGE chi2/ndf=0.806
[ok] UnbiasedL1Inner Nitrogen L1QTemplate AGL EkCen=3.997 LG chi2/ndf=1.183 EGE chi2/ndf=1.207
[ok] UnbiasedL1Inner Nitrogen L1QTemplate AGL EkCen=4.425 LG chi2/ndf=0.836 EGE chi2/ndf=0.850
[ok] UnbiasedL1Inner Nitrogen L1QTemplate AGL EkCen=4.894 LG chi2/ndf=1.132 EGE chi2/ndf=1.222
[ok] UnbiasedL1Inner Nitrogen L1QTemplate AGL EkCen=5.388 LG chi2/ndf=0.898 EGE chi2/ndf=0.949
[ok] UnbiasedL1Inner Nitrogen L1QTemplate AGL EkCen=5.907 LG chi2/ndf=0.781 EGE chi2/ndf=0.796
[ok] UnbiasedL1Inner Nitrogen L1QTemplate AGL EkCen=6.477 LG chi2/ndf=1.649 EGE chi2/ndf=1.747
[ok] UnbiasedL1Inner Nitrogen L1QTemplate AGL EkCen=7.098 LG chi2/ndf=1.062 EGE chi2/ndf=1.122
[ok] UnbiasedL1Inner Nitrogen L1QTemplate AGL EkCen=7.769 LG chi2/ndf=1.255 EGE chi2/ndf=1.364
[ok] UnbiasedL1Inner Nitrogen L1QTemplate AGL EkCen=8.490 LG chi2/ndf=1.024 EGE chi2/ndf=1.052
[ok] UnbiasedL1Inner Nitrogen L1QTemplate AGL EkCen=9.261 LG chi2/ndf=1.043 EGE chi2/ndf=1.086
[ok] UnbiasedL1Inner Nitrogen L1QTemplate AGL EkCen=10.083 LG chi2/ndf=1.124 EGE chi2/ndf=1.191
[ok] UnbiasedL1Inner Nitrogen L1QTemplate AGL EkCen=10.980 LG chi2/ndf=1.416 EGE chi2/ndf=1.455
[ok] UnbiasedL1Inner Nitrogen L1QTemplate AGL EkCen=11.952 LG chi2/ndf=0.938 EGE chi2/ndf=0.961
[ok] UnbiasedL1Inner Nitrogen L1QTemplate AGL EkCen=12.975 LG chi2/ndf=1.028 EGE chi2/ndf=1.095
[ok] UnbiasedL1Inner Nitrogen L1QTemplate AGL EkCen=14.072 LG chi2/ndf=0.860 EGE chi2/ndf=0.909
[ok] UnbiasedL1Inner Nitrogen L1QTemplate AGL EkCen=15.245 LG chi2/ndf=1.271 EGE chi2/ndf=1.280
  [warn] boundary: EGE-try1 par#4 AlphaR = 1.812 in [0.604,1.812] UnbiasedL1Inner/Nitrogen/AGL/L1QTemplate EkCen=16.493
  [info] Params at boundary. Adjusting limits and refitting...
    -> Adjusting AlphaR limits to [0.362, 2.053]
  [warn] boundary: EGE-try2 par#4 AlphaR = 2.053 in [0.362,2.053] UnbiasedL1Inner/Nitrogen/AGL/L1QTemplate EkCen=16.493
  [info] Fit not optimal (Chi2/NDF=1.369, Boundary Hits=1). Adjusting fit range for iter 2...
[ok] UnbiasedL1Inner Nitrogen L1QTemplate AGL EkCen=16.493 LG chi2/ndf=1.395 EGE chi2/ndf=1.270
[ok] UnbiasedL1Inner Nitrogen L1QTemplate AGL EkCen=17.842 LG chi2/ndf=1.046 EGE chi2/ndf=1.082
[ok] UnbiasedL1Inner Nitrogen L1QTemplate AGL EkCen=19.290 LG chi2/ndf=0.872 EGE chi2/ndf=0.822
[init] UnbiasedL1Inner_Nitrogen_AGL_L2QTemplate with 73 Ek/n bins
[ok] UnbiasedL1Inner Nitrogen L2QTemplate AGL EkCen=2.896 LG chi2/ndf=1.272 EGE chi2/ndf=1.385
[ok] UnbiasedL1Inner Nitrogen L2QTemplate AGL EkCen=3.234 LG chi2/ndf=1.090 EGE chi2/ndf=1.153
[ok] UnbiasedL1Inner Nitrogen L2QTemplate AGL EkCen=3.600 LG chi2/ndf=1.131 EGE chi2/ndf=1.234
[ok] UnbiasedL1Inner Nitrogen L2QTemplate AGL EkCen=3.997 LG chi2/ndf=0.990 EGE chi2/ndf=1.084
[ok] UnbiasedL1Inner Nitrogen L2QTemplate AGL EkCen=4.425 LG chi2/ndf=1.328 EGE chi2/ndf=1.283
[ok] UnbiasedL1Inner Nitrogen L2QTemplate AGL EkCen=4.894 LG chi2/ndf=1.181 EGE chi2/ndf=1.333
[ok] UnbiasedL1Inner Nitrogen L2QTemplate AGL EkCen=5.388 LG chi2/ndf=1.194 EGE chi2/ndf=1.267
[ok] UnbiasedL1Inner Nitrogen L2QTemplate AGL EkCen=5.907 LG chi2/ndf=0.923 EGE chi2/ndf=1.003
[ok] UnbiasedL1Inner Nitrogen L2QTemplate AGL EkCen=6.477 LG chi2/ndf=1.089 EGE chi2/ndf=1.128
[ok] UnbiasedL1Inner Nitrogen L2QTemplate AGL EkCen=7.098 LG chi2/ndf=1.500 EGE chi2/ndf=1.502
[ok] UnbiasedL1Inner Nitrogen L2QTemplate AGL EkCen=7.769 LG chi2/ndf=0.911 EGE chi2/ndf=0.988
[ok] UnbiasedL1Inner Nitrogen L2QTemplate AGL EkCen=8.490 LG chi2/ndf=1.634 EGE chi2/ndf=1.500
[ok] UnbiasedL1Inner Nitrogen L2QTemplate AGL EkCen=9.261 LG chi2/ndf=1.092 EGE chi2/ndf=1.122
[ok] UnbiasedL1Inner Nitrogen L2QTemplate AGL EkCen=10.083 LG chi2/ndf=1.268 EGE chi2/ndf=0.892
[ok] UnbiasedL1Inner Nitrogen L2QTemplate AGL EkCen=10.980 LG chi2/ndf=1.245 EGE chi2/ndf=1.200
[ok] UnbiasedL1Inner Nitrogen L2QTemplate AGL EkCen=11.952 LG chi2/ndf=1.059 EGE chi2/ndf=1.091
[ok] UnbiasedL1Inner Nitrogen L2QTemplate AGL EkCen=12.975 LG chi2/ndf=0.947 EGE chi2/ndf=0.976
[ok] UnbiasedL1Inner Nitrogen L2QTemplate AGL EkCen=14.072 LG chi2/ndf=1.228 EGE chi2/ndf=1.199
[ok] UnbiasedL1Inner Nitrogen L2QTemplate AGL EkCen=15.245 LG chi2/ndf=1.195 EGE chi2/ndf=1.144
[ok] UnbiasedL1Inner Nitrogen L2QTemplate AGL EkCen=16.493 LG chi2/ndf=1.120 EGE chi2/ndf=1.026
[ok] UnbiasedL1Inner Nitrogen L2QTemplate AGL EkCen=17.842 LG chi2/ndf=1.030 EGE chi2/ndf=0.864
[ok] UnbiasedL1Inner Nitrogen L2QTemplate AGL EkCen=19.290 LG chi2/ndf=0.796 EGE chi2/ndf=0.684
[init] UnbiasedL1Inner_Oxygen_TOF_L1QTemplate with 73 Ek/n bins
[ok] UnbiasedL1Inner Oxygen L1QTemplate TOF EkCen=0.370 LG chi2/ndf=2.686 EGE chi2/ndf=2.345
[ok] UnbiasedL1Inner Oxygen L1QTemplate TOF EkCen=0.449 LG chi2/ndf=1.599 EGE chi2/ndf=1.574
[ok] UnbiasedL1Inner Oxygen L1QTemplate TOF EkCen=0.539 LG chi2/ndf=2.355 EGE chi2/ndf=2.498
[ok] UnbiasedL1Inner Oxygen L1QTemplate TOF EkCen=0.642 LG chi2/ndf=1.706 EGE chi2/ndf=1.701
[ok] UnbiasedL1Inner Oxygen L1QTemplate TOF EkCen=0.759 LG chi2/ndf=0.953 EGE chi2/ndf=0.980
[ok] UnbiasedL1Inner Oxygen L1QTemplate TOF EkCen=0.890 LG chi2/ndf=1.713 EGE chi2/ndf=2.013
[ok] UnbiasedL1Inner Oxygen L1QTemplate TOF EkCen=1.036 LG chi2/ndf=1.565 EGE chi2/ndf=1.674
[ok] UnbiasedL1Inner Oxygen L1QTemplate TOF EkCen=1.198 LG chi2/ndf=1.735 EGE chi2/ndf=2.069
[init] UnbiasedL1Inner_Oxygen_TOF_L2QTemplate with 73 Ek/n bins
[ok] UnbiasedL1Inner Oxygen L2QTemplate TOF EkCen=0.370 LG chi2/ndf=0.949 EGE chi2/ndf=1.008
[ok] UnbiasedL1Inner Oxygen L2QTemplate TOF EkCen=0.449 LG chi2/ndf=1.099 EGE chi2/ndf=1.178
[ok] UnbiasedL1Inner Oxygen L2QTemplate TOF EkCen=0.539 LG chi2/ndf=1.785 EGE chi2/ndf=2.158
[ok] UnbiasedL1Inner Oxygen L2QTemplate TOF EkCen=0.642 LG chi2/ndf=1.846 EGE chi2/ndf=2.381
[ok] UnbiasedL1Inner Oxygen L2QTemplate TOF EkCen=0.759 LG chi2/ndf=1.147 EGE chi2/ndf=1.442
[ok] UnbiasedL1Inner Oxygen L2QTemplate TOF EkCen=0.890 LG chi2/ndf=1.844 EGE chi2/ndf=1.932
[ok] UnbiasedL1Inner Oxygen L2QTemplate TOF EkCen=1.036 LG chi2/ndf=2.020 EGE chi2/ndf=2.832
[ok] UnbiasedL1Inner Oxygen L2QTemplate TOF EkCen=1.198 LG chi2/ndf=1.520 EGE chi2/ndf=1.722
[init] UnbiasedL1Inner_Oxygen_NaF_L1QTemplate with 73 Ek/n bins
[ok] UnbiasedL1Inner Oxygen L1QTemplate NaF EkCen=0.759 LG chi2/ndf=1.300 EGE chi2/ndf=1.210
[ok] UnbiasedL1Inner Oxygen L1QTemplate NaF EkCen=0.890 LG chi2/ndf=1.154 EGE chi2/ndf=1.176
[ok] UnbiasedL1Inner Oxygen L1QTemplate NaF EkCen=1.036 LG chi2/ndf=0.889 EGE chi2/ndf=0.842
[ok] UnbiasedL1Inner Oxygen L1QTemplate NaF EkCen=1.198 LG chi2/ndf=1.408 EGE chi2/ndf=1.435
[ok] UnbiasedL1Inner Oxygen L1QTemplate NaF EkCen=1.378 LG chi2/ndf=1.081 EGE chi2/ndf=1.087
[ok] UnbiasedL1Inner Oxygen L1QTemplate NaF EkCen=1.576 LG chi2/ndf=0.988 EGE chi2/ndf=0.894
[ok] UnbiasedL1Inner Oxygen L1QTemplate NaF EkCen=1.795 LG chi2/ndf=1.166 EGE chi2/ndf=0.973
[ok] UnbiasedL1Inner Oxygen L1QTemplate NaF EkCen=2.036 LG chi2/ndf=1.073 EGE chi2/ndf=0.907
[ok] UnbiasedL1Inner Oxygen L1QTemplate NaF EkCen=2.299 LG chi2/ndf=1.035 EGE chi2/ndf=0.845
[ok] UnbiasedL1Inner Oxygen L1QTemplate NaF EkCen=2.584 LG chi2/ndf=1.069 EGE chi2/ndf=1.082
[ok] UnbiasedL1Inner Oxygen L1QTemplate NaF EkCen=2.896 LG chi2/ndf=0.840 EGE chi2/ndf=0.808
[ok] UnbiasedL1Inner Oxygen L1QTemplate NaF EkCen=3.234 LG chi2/ndf=1.052 EGE chi2/ndf=1.064
[ok] UnbiasedL1Inner Oxygen L1QTemplate NaF EkCen=3.600 LG chi2/ndf=1.108 EGE chi2/ndf=1.123
[ok] UnbiasedL1Inner Oxygen L1QTemplate NaF EkCen=3.997 LG chi2/ndf=0.846 EGE chi2/ndf=0.862
[ok] UnbiasedL1Inner Oxygen L1QTemplate NaF EkCen=4.425 LG chi2/ndf=1.496 EGE chi2/ndf=1.465
[ok] UnbiasedL1Inner Oxygen L1QTemplate NaF EkCen=4.894 LG chi2/ndf=1.585 EGE chi2/ndf=1.542
[init] UnbiasedL1Inner_Oxygen_NaF_L2QTemplate with 73 Ek/n bins
[ok] UnbiasedL1Inner Oxygen L2QTemplate NaF EkCen=0.759 LG chi2/ndf=1.372 EGE chi2/ndf=1.356
[ok] UnbiasedL1Inner Oxygen L2QTemplate NaF EkCen=0.890 LG chi2/ndf=0.795 EGE chi2/ndf=0.801
[ok] UnbiasedL1Inner Oxygen L2QTemplate NaF EkCen=1.036 LG chi2/ndf=1.101 EGE chi2/ndf=1.119
[ok] UnbiasedL1Inner Oxygen L2QTemplate NaF EkCen=1.198 LG chi2/ndf=1.107 EGE chi2/ndf=1.105
[ok] UnbiasedL1Inner Oxygen L2QTemplate NaF EkCen=1.378 LG chi2/ndf=1.438 EGE chi2/ndf=1.493
[ok] UnbiasedL1Inner Oxygen L2QTemplate NaF EkCen=1.576 LG chi2/ndf=1.010 EGE chi2/ndf=0.778
[ok] UnbiasedL1Inner Oxygen L2QTemplate NaF EkCen=1.795 LG chi2/ndf=1.756 EGE chi2/ndf=1.296
[ok] UnbiasedL1Inner Oxygen L2QTemplate NaF EkCen=2.036 LG chi2/ndf=1.503 EGE chi2/ndf=1.006
[ok] UnbiasedL1Inner Oxygen L2QTemplate NaF EkCen=2.299 LG chi2/ndf=1.256 EGE chi2/ndf=1.184
[ok] UnbiasedL1Inner Oxygen L2QTemplate NaF EkCen=2.584 LG chi2/ndf=1.433 EGE chi2/ndf=1.318
[ok] UnbiasedL1Inner Oxygen L2QTemplate NaF EkCen=2.896 LG chi2/ndf=0.978 EGE chi2/ndf=0.817
[ok] UnbiasedL1Inner Oxygen L2QTemplate NaF EkCen=3.234 LG chi2/ndf=1.569 EGE chi2/ndf=1.268
[ok] UnbiasedL1Inner Oxygen L2QTemplate NaF EkCen=3.600 LG chi2/ndf=1.063 EGE chi2/ndf=0.862
[ok] UnbiasedL1Inner Oxygen L2QTemplate NaF EkCen=3.997 LG chi2/ndf=1.070 EGE chi2/ndf=0.844
[ok] UnbiasedL1Inner Oxygen L2QTemplate NaF EkCen=4.425 LG chi2/ndf=1.213 EGE chi2/ndf=1.262
[ok] UnbiasedL1Inner Oxygen L2QTemplate NaF EkCen=4.894 LG chi2/ndf=1.383 EGE chi2/ndf=1.027
[init] UnbiasedL1Inner_Oxygen_AGL_L1QTemplate with 73 Ek/n bins
[ok] UnbiasedL1Inner Oxygen L1QTemplate AGL EkCen=2.896 LG chi2/ndf=2.477 EGE chi2/ndf=2.143
[ok] UnbiasedL1Inner Oxygen L1QTemplate AGL EkCen=3.234 LG chi2/ndf=2.125 EGE chi2/ndf=2.019
[ok] UnbiasedL1Inner Oxygen L1QTemplate AGL EkCen=3.600 LG chi2/ndf=2.909 EGE chi2/ndf=2.544
[ok] UnbiasedL1Inner Oxygen L1QTemplate AGL EkCen=3.997 LG chi2/ndf=2.186 EGE chi2/ndf=2.017
[ok] UnbiasedL1Inner Oxygen L1QTemplate AGL EkCen=4.425 LG chi2/ndf=2.308 EGE chi2/ndf=1.948
[ok] UnbiasedL1Inner Oxygen L1QTemplate AGL EkCen=4.894 LG chi2/ndf=2.198 EGE chi2/ndf=1.604
[ok] UnbiasedL1Inner Oxygen L1QTemplate AGL EkCen=5.388 LG chi2/ndf=2.343 EGE chi2/ndf=2.360
[ok] UnbiasedL1Inner Oxygen L1QTemplate AGL EkCen=5.907 LG chi2/ndf=1.949 EGE chi2/ndf=1.492
[ok] UnbiasedL1Inner Oxygen L1QTemplate AGL EkCen=6.477 LG chi2/ndf=2.132 EGE chi2/ndf=2.010
[ok] UnbiasedL1Inner Oxygen L1QTemplate AGL EkCen=7.098 LG chi2/ndf=2.004 EGE chi2/ndf=1.865
[ok] UnbiasedL1Inner Oxygen L1QTemplate AGL EkCen=7.769 LG chi2/ndf=1.626 EGE chi2/ndf=1.428
[ok] UnbiasedL1Inner Oxygen L1QTemplate AGL EkCen=8.490 LG chi2/ndf=1.581 EGE chi2/ndf=1.303
[ok] UnbiasedL1Inner Oxygen L1QTemplate AGL EkCen=9.261 LG chi2/ndf=1.860 EGE chi2/ndf=1.250
[ok] UnbiasedL1Inner Oxygen L1QTemplate AGL EkCen=10.083 LG chi2/ndf=2.155 EGE chi2/ndf=1.502
[ok] UnbiasedL1Inner Oxygen L1QTemplate AGL EkCen=10.980 LG chi2/ndf=2.278 EGE chi2/ndf=1.934
[ok] UnbiasedL1Inner Oxygen L1QTemplate AGL EkCen=11.952 LG chi2/ndf=1.951 EGE chi2/ndf=1.593
[ok] UnbiasedL1Inner Oxygen L1QTemplate AGL EkCen=12.975 LG chi2/ndf=1.361 EGE chi2/ndf=0.861
[ok] UnbiasedL1Inner Oxygen L1QTemplate AGL EkCen=14.072 LG chi2/ndf=1.210 EGE chi2/ndf=0.765
[ok] UnbiasedL1Inner Oxygen L1QTemplate AGL EkCen=15.245 LG chi2/ndf=1.825 EGE chi2/ndf=1.199
[ok] UnbiasedL1Inner Oxygen L1QTemplate AGL EkCen=16.493 LG chi2/ndf=1.199 EGE chi2/ndf=0.901
[ok] UnbiasedL1Inner Oxygen L1QTemplate AGL EkCen=17.842 LG chi2/ndf=1.733 EGE chi2/ndf=1.254
[ok] UnbiasedL1Inner Oxygen L1QTemplate AGL EkCen=19.290 LG chi2/ndf=1.632 EGE chi2/ndf=1.307
[init] UnbiasedL1Inner_Oxygen_AGL_L2QTemplate with 73 Ek/n bins
[ok] UnbiasedL1Inner Oxygen L2QTemplate AGL EkCen=2.896 LG chi2/ndf=2.374 EGE chi2/ndf=1.536
[ok] UnbiasedL1Inner Oxygen L2QTemplate AGL EkCen=3.234 LG chi2/ndf=1.870 EGE chi2/ndf=1.363
[ok] UnbiasedL1Inner Oxygen L2QTemplate AGL EkCen=3.600 LG chi2/ndf=2.506 EGE chi2/ndf=2.119
[ok] UnbiasedL1Inner Oxygen L2QTemplate AGL EkCen=3.997 LG chi2/ndf=1.517 EGE chi2/ndf=1.425
[ok] UnbiasedL1Inner Oxygen L2QTemplate AGL EkCen=4.425 LG chi2/ndf=1.692 EGE chi2/ndf=1.455
[ok] UnbiasedL1Inner Oxygen L2QTemplate AGL EkCen=4.894 LG chi2/ndf=1.661 EGE chi2/ndf=1.139
[ok] UnbiasedL1Inner Oxygen L2QTemplate AGL EkCen=5.388 LG chi2/ndf=1.865 EGE chi2/ndf=1.644
[ok] UnbiasedL1Inner Oxygen L2QTemplate AGL EkCen=5.907 LG chi2/ndf=2.038 EGE chi2/ndf=1.881
[ok] UnbiasedL1Inner Oxygen L2QTemplate AGL EkCen=6.477 LG chi2/ndf=1.870 EGE chi2/ndf=1.295
[ok] UnbiasedL1Inner Oxygen L2QTemplate AGL EkCen=7.098 LG chi2/ndf=2.463 EGE chi2/ndf=1.708
[ok] UnbiasedL1Inner Oxygen L2QTemplate AGL EkCen=7.769 LG chi2/ndf=1.774 EGE chi2/ndf=1.097
[ok] UnbiasedL1Inner Oxygen L2QTemplate AGL EkCen=8.490 LG chi2/ndf=1.632 EGE chi2/ndf=1.368
[ok] UnbiasedL1Inner Oxygen L2QTemplate AGL EkCen=9.261 LG chi2/ndf=2.437 EGE chi2/ndf=1.534
[ok] UnbiasedL1Inner Oxygen L2QTemplate AGL EkCen=10.083 LG chi2/ndf=2.037 EGE chi2/ndf=1.835
[ok] UnbiasedL1Inner Oxygen L2QTemplate AGL EkCen=10.980 LG chi2/ndf=1.355 EGE chi2/ndf=1.329
[ok] UnbiasedL1Inner Oxygen L2QTemplate AGL EkCen=11.952 LG chi2/ndf=1.326 EGE chi2/ndf=1.317
[ok] UnbiasedL1Inner Oxygen L2QTemplate AGL EkCen=12.975 LG chi2/ndf=1.578 EGE chi2/ndf=1.082
[ok] UnbiasedL1Inner Oxygen L2QTemplate AGL EkCen=14.072 LG chi2/ndf=1.463 EGE chi2/ndf=1.130
[ok] UnbiasedL1Inner Oxygen L2QTemplate AGL EkCen=15.245 LG chi2/ndf=1.687 EGE chi2/ndf=1.020
[ok] UnbiasedL1Inner Oxygen L2QTemplate AGL EkCen=16.493 LG chi2/ndf=1.866 EGE chi2/ndf=1.008
[ok] UnbiasedL1Inner Oxygen L2QTemplate AGL EkCen=17.842 LG chi2/ndf=1.235 EGE chi2/ndf=1.017
[ok] UnbiasedL1Inner Oxygen L2QTemplate AGL EkCen=19.290 LG chi2/ndf=1.049 EGE chi2/ndf=0.749
[init] L1Inner_Beryllium_TOF_L1QTemplate with 73 Ek/n bins
[ok] L1Inner Beryllium L1QTemplate TOF EkCen=0.370 LG chi2/ndf=1.429 EGE chi2/ndf=1.299
[ok] L1Inner Beryllium L1QTemplate TOF EkCen=0.449 LG chi2/ndf=0.748 EGE chi2/ndf=0.601
[ok] L1Inner Beryllium L1QTemplate TOF EkCen=0.539 LG chi2/ndf=2.339 EGE chi2/ndf=1.535
  [info] Fit not optimal (Chi2/NDF=5.360, Boundary Hits=0). Adjusting fit range for iter 2...
[ok] L1Inner Beryllium L1QTemplate TOF EkCen=0.642 LG chi2/ndf=2.210 EGE chi2/ndf=1.011
  [info] Fit not optimal (Chi2/NDF=3.895, Boundary Hits=0). Adjusting fit range for iter 2...
[ok] L1Inner Beryllium L1QTemplate TOF EkCen=0.759 LG chi2/ndf=2.408 EGE chi2/ndf=1.332
  [info] Fit not optimal (Chi2/NDF=3.610, Boundary Hits=0). Adjusting fit range for iter 2...
[ok] L1Inner Beryllium L1QTemplate TOF EkCen=0.890 LG chi2/ndf=2.138 EGE chi2/ndf=1.415
[ok] L1Inner Beryllium L1QTemplate TOF EkCen=1.036 LG chi2/ndf=2.467 EGE chi2/ndf=1.676
[ok] L1Inner Beryllium L1QTemplate TOF EkCen=1.198 LG chi2/ndf=1.569 EGE chi2/ndf=1.282
[init] L1Inner_Beryllium_TOF_L2QTemplate with 73 Ek/n bins
[ok] L1Inner Beryllium L2QTemplate TOF EkCen=0.370 LG chi2/ndf=1.916 EGE chi2/ndf=1.815
[ok] L1Inner Beryllium L2QTemplate TOF EkCen=0.449 LG chi2/ndf=0.704 EGE chi2/ndf=0.748
[ok] L1Inner Beryllium L2QTemplate TOF EkCen=0.539 LG chi2/ndf=1.763 EGE chi2/ndf=1.020
  [info] Fit not optimal (Chi2/NDF=3.258, Boundary Hits=0). Adjusting fit range for iter 2...
[ok] L1Inner Beryllium L2QTemplate TOF EkCen=0.642 LG chi2/ndf=1.182 EGE chi2/ndf=0.913
  [info] Fit not optimal (Chi2/NDF=4.375, Boundary Hits=0). Adjusting fit range for iter 2...
[ok] L1Inner Beryllium L2QTemplate TOF EkCen=0.759 LG chi2/ndf=1.784 EGE chi2/ndf=1.088
  [info] Fit not optimal (Chi2/NDF=3.547, Boundary Hits=0). Adjusting fit range for iter 2...
[ok] L1Inner Beryllium L2QTemplate TOF EkCen=0.890 LG chi2/ndf=1.929 EGE chi2/ndf=1.392
[ok] L1Inner Beryllium L2QTemplate TOF EkCen=1.036 LG chi2/ndf=2.771 EGE chi2/ndf=1.635
[ok] L1Inner Beryllium L2QTemplate TOF EkCen=1.198 LG chi2/ndf=2.690 EGE chi2/ndf=2.331
[init] L1Inner_Beryllium_NaF_L1QTemplate with 73 Ek/n bins
[ok] L1Inner Beryllium L1QTemplate NaF EkCen=0.759 LG chi2/ndf=1.313 EGE chi2/ndf=1.258
[ok] L1Inner Beryllium L1QTemplate NaF EkCen=0.890 LG chi2/ndf=1.166 EGE chi2/ndf=0.881
[ok] L1Inner Beryllium L1QTemplate NaF EkCen=1.036 LG chi2/ndf=1.112 EGE chi2/ndf=1.051
[ok] L1Inner Beryllium L1QTemplate NaF EkCen=1.198 LG chi2/ndf=0.719 EGE chi2/ndf=0.668
[ok] L1Inner Beryllium L1QTemplate NaF EkCen=1.378 LG chi2/ndf=0.907 EGE chi2/ndf=0.885
[ok] L1Inner Beryllium L1QTemplate NaF EkCen=1.576 LG chi2/ndf=0.685 EGE chi2/ndf=0.669
[ok] L1Inner Beryllium L1QTemplate NaF EkCen=1.795 LG chi2/ndf=0.945 EGE chi2/ndf=0.956
[ok] L1Inner Beryllium L1QTemplate NaF EkCen=2.036 LG chi2/ndf=0.919 EGE chi2/ndf=0.928
[ok] L1Inner Beryllium L1QTemplate NaF EkCen=2.299 LG chi2/ndf=1.010 EGE chi2/ndf=1.011
[ok] L1Inner Beryllium L1QTemplate NaF EkCen=2.584 LG chi2/ndf=0.828 EGE chi2/ndf=0.823
[ok] L1Inner Beryllium L1QTemplate NaF EkCen=2.896 LG chi2/ndf=0.854 EGE chi2/ndf=0.779
[ok] L1Inner Beryllium L1QTemplate NaF EkCen=3.234 LG chi2/ndf=1.844 EGE chi2/ndf=1.699
[ok] L1Inner Beryllium L1QTemplate NaF EkCen=3.600 LG chi2/ndf=0.856 EGE chi2/ndf=0.827
[ok] L1Inner Beryllium L1QTemplate NaF EkCen=3.997 LG chi2/ndf=0.820 EGE chi2/ndf=0.685
[ok] L1Inner Beryllium L1QTemplate NaF EkCen=4.425 LG chi2/ndf=1.188 EGE chi2/ndf=0.869
[ok] L1Inner Beryllium L1QTemplate NaF EkCen=4.894 LG chi2/ndf=0.940 EGE chi2/ndf=0.969
[init] L1Inner_Beryllium_NaF_L2QTemplate with 73 Ek/n bins
[ok] L1Inner Beryllium L2QTemplate NaF EkCen=0.759 LG chi2/ndf=0.975 EGE chi2/ndf=0.703
[ok] L1Inner Beryllium L2QTemplate NaF EkCen=0.890 LG chi2/ndf=0.783 EGE chi2/ndf=0.703
[ok] L1Inner Beryllium L2QTemplate NaF EkCen=1.036 LG chi2/ndf=0.897 EGE chi2/ndf=0.857
[ok] L1Inner Beryllium L2QTemplate NaF EkCen=1.198 LG chi2/ndf=1.077 EGE chi2/ndf=1.063
[ok] L1Inner Beryllium L2QTemplate NaF EkCen=1.378 LG chi2/ndf=1.076 EGE chi2/ndf=1.005
[ok] L1Inner Beryllium L2QTemplate NaF EkCen=1.576 LG chi2/ndf=1.292 EGE chi2/ndf=1.320
[ok] L1Inner Beryllium L2QTemplate NaF EkCen=1.795 LG chi2/ndf=1.418 EGE chi2/ndf=1.440
[ok] L1Inner Beryllium L2QTemplate NaF EkCen=2.036 LG chi2/ndf=1.189 EGE chi2/ndf=1.250
[ok] L1Inner Beryllium L2QTemplate NaF EkCen=2.299 LG chi2/ndf=1.107 EGE chi2/ndf=1.117
[ok] L1Inner Beryllium L2QTemplate NaF EkCen=2.584 LG chi2/ndf=0.814 EGE chi2/ndf=0.830
[ok] L1Inner Beryllium L2QTemplate NaF EkCen=2.896 LG chi2/ndf=0.751 EGE chi2/ndf=0.676
[ok] L1Inner Beryllium L2QTemplate NaF EkCen=3.234 LG chi2/ndf=0.813 EGE chi2/ndf=0.738
[ok] L1Inner Beryllium L2QTemplate NaF EkCen=3.600 LG chi2/ndf=0.848 EGE chi2/ndf=0.819
[ok] L1Inner Beryllium L2QTemplate NaF EkCen=3.997 LG chi2/ndf=1.000 EGE chi2/ndf=1.028
[ok] L1Inner Beryllium L2QTemplate NaF EkCen=4.425 LG chi2/ndf=0.980 EGE chi2/ndf=0.931
[ok] L1Inner Beryllium L2QTemplate NaF EkCen=4.894 LG chi2/ndf=0.799 EGE chi2/ndf=0.700
[init] L1Inner_Beryllium_AGL_L1QTemplate with 73 Ek/n bins
[ok] L1Inner Beryllium L1QTemplate AGL EkCen=2.896 LG chi2/ndf=1.344 EGE chi2/ndf=0.957
[ok] L1Inner Beryllium L1QTemplate AGL EkCen=3.234 LG chi2/ndf=1.072 EGE chi2/ndf=1.014
[ok] L1Inner Beryllium L1QTemplate AGL EkCen=3.600 LG chi2/ndf=1.813 EGE chi2/ndf=1.503
[ok] L1Inner Beryllium L1QTemplate AGL EkCen=3.997 LG chi2/ndf=1.522 EGE chi2/ndf=1.130
[ok] L1Inner Beryllium L1QTemplate AGL EkCen=4.425 LG chi2/ndf=1.400 EGE chi2/ndf=1.128
[ok] L1Inner Beryllium L1QTemplate AGL EkCen=4.894 LG chi2/ndf=1.753 EGE chi2/ndf=1.034
[ok] L1Inner Beryllium L1QTemplate AGL EkCen=5.388 LG chi2/ndf=1.173 EGE chi2/ndf=1.031
[ok] L1Inner Beryllium L1QTemplate AGL EkCen=5.907 LG chi2/ndf=1.313 EGE chi2/ndf=0.928
[ok] L1Inner Beryllium L1QTemplate AGL EkCen=6.477 LG chi2/ndf=1.386 EGE chi2/ndf=1.190
[ok] L1Inner Beryllium L1QTemplate AGL EkCen=7.098 LG chi2/ndf=1.262 EGE chi2/ndf=1.137
[ok] L1Inner Beryllium L1QTemplate AGL EkCen=7.769 LG chi2/ndf=1.365 EGE chi2/ndf=1.352
[ok] L1Inner Beryllium L1QTemplate AGL EkCen=8.490 LG chi2/ndf=1.150 EGE chi2/ndf=1.011
[ok] L1Inner Beryllium L1QTemplate AGL EkCen=9.261 LG chi2/ndf=1.021 EGE chi2/ndf=0.983
[ok] L1Inner Beryllium L1QTemplate AGL EkCen=10.083 LG chi2/ndf=1.117 EGE chi2/ndf=1.080
[ok] L1Inner Beryllium L1QTemplate AGL EkCen=10.980 LG chi2/ndf=0.922 EGE chi2/ndf=0.912
[ok] L1Inner Beryllium L1QTemplate AGL EkCen=11.952 LG chi2/ndf=1.231 EGE chi2/ndf=0.843
[ok] L1Inner Beryllium L1QTemplate AGL EkCen=12.975 LG chi2/ndf=0.814 EGE chi2/ndf=0.703
[ok] L1Inner Beryllium L1QTemplate AGL EkCen=14.072 LG chi2/ndf=1.005 EGE chi2/ndf=0.936
[ok] L1Inner Beryllium L1QTemplate AGL EkCen=15.245 LG chi2/ndf=1.173 EGE chi2/ndf=1.198
[ok] L1Inner Beryllium L1QTemplate AGL EkCen=16.493 LG chi2/ndf=1.030 EGE chi2/ndf=1.027
[ok] L1Inner Beryllium L1QTemplate AGL EkCen=17.842 LG chi2/ndf=0.942 EGE chi2/ndf=0.946
[ok] L1Inner Beryllium L1QTemplate AGL EkCen=19.290 LG chi2/ndf=0.860 EGE chi2/ndf=0.875
[init] L1Inner_Beryllium_AGL_L2QTemplate with 73 Ek/n bins
[ok] L1Inner Beryllium L2QTemplate AGL EkCen=2.896 LG chi2/ndf=1.747 EGE chi2/ndf=1.651
[ok] L1Inner Beryllium L2QTemplate AGL EkCen=3.234 LG chi2/ndf=1.516 EGE chi2/ndf=0.885
[ok] L1Inner Beryllium L2QTemplate AGL EkCen=3.600 LG chi2/ndf=1.849 EGE chi2/ndf=1.356
[ok] L1Inner Beryllium L2QTemplate AGL EkCen=3.997 LG chi2/ndf=1.205 EGE chi2/ndf=0.814
[ok] L1Inner Beryllium L2QTemplate AGL EkCen=4.425 LG chi2/ndf=1.434 EGE chi2/ndf=0.946
[ok] L1Inner Beryllium L2QTemplate AGL EkCen=4.894 LG chi2/ndf=1.389 EGE chi2/ndf=1.115
[ok] L1Inner Beryllium L2QTemplate AGL EkCen=5.388 LG chi2/ndf=1.148 EGE chi2/ndf=0.923
[ok] L1Inner Beryllium L2QTemplate AGL EkCen=5.907 LG chi2/ndf=1.021 EGE chi2/ndf=0.970
[ok] L1Inner Beryllium L2QTemplate AGL EkCen=6.477 LG chi2/ndf=1.385 EGE chi2/ndf=1.101
[ok] L1Inner Beryllium L2QTemplate AGL EkCen=7.098 LG chi2/ndf=2.099 EGE chi2/ndf=1.652
[ok] L1Inner Beryllium L2QTemplate AGL EkCen=7.769 LG chi2/ndf=1.065 EGE chi2/ndf=1.004
[ok] L1Inner Beryllium L2QTemplate AGL EkCen=8.490 LG chi2/ndf=1.139 EGE chi2/ndf=1.059
[ok] L1Inner Beryllium L2QTemplate AGL EkCen=9.261 LG chi2/ndf=1.305 EGE chi2/ndf=1.277
[ok] L1Inner Beryllium L2QTemplate AGL EkCen=10.083 LG chi2/ndf=0.669 EGE chi2/ndf=0.686
[ok] L1Inner Beryllium L2QTemplate AGL EkCen=10.980 LG chi2/ndf=1.311 EGE chi2/ndf=1.062
[ok] L1Inner Beryllium L2QTemplate AGL EkCen=11.952 LG chi2/ndf=1.239 EGE chi2/ndf=1.248
[ok] L1Inner Beryllium L2QTemplate AGL EkCen=12.975 LG chi2/ndf=1.382 EGE chi2/ndf=1.156
[ok] L1Inner Beryllium L2QTemplate AGL EkCen=14.072 LG chi2/ndf=1.364 EGE chi2/ndf=1.268
[ok] L1Inner Beryllium L2QTemplate AGL EkCen=15.245 LG chi2/ndf=0.800 EGE chi2/ndf=0.824
[ok] L1Inner Beryllium L2QTemplate AGL EkCen=16.493 LG chi2/ndf=1.264 EGE chi2/ndf=1.133
[ok] L1Inner Beryllium L2QTemplate AGL EkCen=17.842 LG chi2/ndf=0.959 EGE chi2/ndf=0.959
[ok] L1Inner Beryllium L2QTemplate AGL EkCen=19.290 LG chi2/ndf=0.646 EGE chi2/ndf=0.667
[init] L1Inner_Boron_TOF_L1QTemplate with 73 Ek/n bins
[ok] L1Inner Boron L1QTemplate TOF EkCen=0.370 LG chi2/ndf=1.265 EGE chi2/ndf=1.141
[ok] L1Inner Boron L1QTemplate TOF EkCen=0.449 LG chi2/ndf=1.858 EGE chi2/ndf=1.775
[ok] L1Inner Boron L1QTemplate TOF EkCen=0.539 LG chi2/ndf=1.553 EGE chi2/ndf=1.289
[ok] L1Inner Boron L1QTemplate TOF EkCen=0.642 LG chi2/ndf=2.024 EGE chi2/ndf=1.378
  [info] Fit not optimal (Chi2/NDF=6.221, Boundary Hits=0). Adjusting fit range for iter 2...
[ok] L1Inner Boron L1QTemplate TOF EkCen=0.759 LG chi2/ndf=1.834 EGE chi2/ndf=1.677
  [info] Fit not optimal (Chi2/NDF=6.761, Boundary Hits=0). Adjusting fit range for iter 2...
[ok] L1Inner Boron L1QTemplate TOF EkCen=0.890 LG chi2/ndf=2.823 EGE chi2/ndf=1.601
  [info] Fit not optimal (Chi2/NDF=5.813, Boundary Hits=0). Adjusting fit range for iter 2...
  [info] Fit not optimal (Chi2/NDF=3.050, Boundary Hits=0). Adjusting fit range for iter 3...
[ok] L1Inner Boron L1QTemplate TOF EkCen=1.036 LG chi2/ndf=2.290 EGE chi2/ndf=2.343
  [info] Fit not optimal (Chi2/NDF=5.148, Boundary Hits=0). Adjusting fit range for iter 2...
  [info] Fit not optimal (Chi2/NDF=4.686, Boundary Hits=0). Adjusting fit range for iter 2...
  [info] Fit not optimal (Chi2/NDF=3.916, Boundary Hits=0). Adjusting fit range for iter 3...
[ok] L1Inner Boron L1QTemplate TOF EkCen=1.198 LG chi2/ndf=2.919 EGE chi2/ndf=2.281
[init] L1Inner_Boron_TOF_L2QTemplate with 73 Ek/n bins
[ok] L1Inner Boron L2QTemplate TOF EkCen=0.370 LG chi2/ndf=1.738 EGE chi2/ndf=1.465
[ok] L1Inner Boron L2QTemplate TOF EkCen=0.449 LG chi2/ndf=1.811 EGE chi2/ndf=1.508
[ok] L1Inner Boron L2QTemplate TOF EkCen=0.539 LG chi2/ndf=1.634 EGE chi2/ndf=1.581
[ok] L1Inner Boron L2QTemplate TOF EkCen=0.642 LG chi2/ndf=1.065 EGE chi2/ndf=1.089
  [info] Fit not optimal (Chi2/NDF=4.285, Boundary Hits=0). Adjusting fit range for iter 2...
[ok] L1Inner Boron L2QTemplate TOF EkCen=0.759 LG chi2/ndf=1.255 EGE chi2/ndf=2.133
  [info] Fit not optimal (Chi2/NDF=5.030, Boundary Hits=0). Adjusting fit range for iter 2...
[ok] L1Inner Boron L2QTemplate TOF EkCen=0.890 LG chi2/ndf=1.987 EGE chi2/ndf=1.519
  [info] Fit not optimal (Chi2/NDF=7.015, Boundary Hits=0). Adjusting fit range for iter 2...
  [info] Fit not optimal (Chi2/NDF=3.127, Boundary Hits=0). Adjusting fit range for iter 3...
[ok] L1Inner Boron L2QTemplate TOF EkCen=1.036 LG chi2/ndf=2.188 EGE chi2/ndf=2.462
  [info] Fit not optimal (Chi2/NDF=4.241, Boundary Hits=0). Adjusting fit range for iter 2...
[ok] L1Inner Boron L2QTemplate TOF EkCen=1.198 LG chi2/ndf=2.612 EGE chi2/ndf=2.335
[init] L1Inner_Boron_NaF_L1QTemplate with 73 Ek/n bins
[ok] L1Inner Boron L1QTemplate NaF EkCen=0.759 LG chi2/ndf=2.196 EGE chi2/ndf=1.476
[ok] L1Inner Boron L1QTemplate NaF EkCen=0.890 LG chi2/ndf=1.679 EGE chi2/ndf=1.526
[ok] L1Inner Boron L1QTemplate NaF EkCen=1.036 LG chi2/ndf=1.628 EGE chi2/ndf=1.544
[ok] L1Inner Boron L1QTemplate NaF EkCen=1.198 LG chi2/ndf=1.192 EGE chi2/ndf=1.194
[ok] L1Inner Boron L1QTemplate NaF EkCen=1.378 LG chi2/ndf=1.249 EGE chi2/ndf=1.328
[ok] L1Inner Boron L1QTemplate NaF EkCen=1.576 LG chi2/ndf=0.743 EGE chi2/ndf=0.739
[ok] L1Inner Boron L1QTemplate NaF EkCen=1.795 LG chi2/ndf=1.027 EGE chi2/ndf=1.059
[ok] L1Inner Boron L1QTemplate NaF EkCen=2.036 LG chi2/ndf=0.878 EGE chi2/ndf=0.904
[ok] L1Inner Boron L1QTemplate NaF EkCen=2.299 LG chi2/ndf=1.001 EGE chi2/ndf=1.046
[ok] L1Inner Boron L1QTemplate NaF EkCen=2.584 LG chi2/ndf=1.057 EGE chi2/ndf=1.034
[ok] L1Inner Boron L1QTemplate NaF EkCen=2.896 LG chi2/ndf=1.040 EGE chi2/ndf=1.087
[ok] L1Inner Boron L1QTemplate NaF EkCen=3.234 LG chi2/ndf=1.496 EGE chi2/ndf=1.399
[ok] L1Inner Boron L1QTemplate NaF EkCen=3.600 LG chi2/ndf=1.160 EGE chi2/ndf=1.177
[ok] L1Inner Boron L1QTemplate NaF EkCen=3.997 LG chi2/ndf=0.692 EGE chi2/ndf=0.702
[ok] L1Inner Boron L1QTemplate NaF EkCen=4.425 LG chi2/ndf=0.852 EGE chi2/ndf=0.916
[ok] L1Inner Boron L1QTemplate NaF EkCen=4.894 LG chi2/ndf=0.864 EGE chi2/ndf=0.900
[init] L1Inner_Boron_NaF_L2QTemplate with 73 Ek/n bins
[ok] L1Inner Boron L2QTemplate NaF EkCen=0.759 LG chi2/ndf=1.630 EGE chi2/ndf=1.181
[ok] L1Inner Boron L2QTemplate NaF EkCen=0.890 LG chi2/ndf=1.405 EGE chi2/ndf=1.206
[ok] L1Inner Boron L2QTemplate NaF EkCen=1.036 LG chi2/ndf=1.016 EGE chi2/ndf=0.976
[ok] L1Inner Boron L2QTemplate NaF EkCen=1.198 LG chi2/ndf=1.040 EGE chi2/ndf=0.905
[ok] L1Inner Boron L2QTemplate NaF EkCen=1.378 LG chi2/ndf=1.516 EGE chi2/ndf=1.164
[ok] L1Inner Boron L2QTemplate NaF EkCen=1.576 LG chi2/ndf=1.137 EGE chi2/ndf=0.905
[ok] L1Inner Boron L2QTemplate NaF EkCen=1.795 LG chi2/ndf=1.252 EGE chi2/ndf=1.275
[ok] L1Inner Boron L2QTemplate NaF EkCen=2.036 LG chi2/ndf=1.006 EGE chi2/ndf=1.029
[ok] L1Inner Boron L2QTemplate NaF EkCen=2.299 LG chi2/ndf=1.035 EGE chi2/ndf=1.119
[ok] L1Inner Boron L2QTemplate NaF EkCen=2.584 LG chi2/ndf=0.829 EGE chi2/ndf=0.872
[ok] L1Inner Boron L2QTemplate NaF EkCen=2.896 LG chi2/ndf=0.831 EGE chi2/ndf=0.855
[ok] L1Inner Boron L2QTemplate NaF EkCen=3.234 LG chi2/ndf=1.641 EGE chi2/ndf=1.703
[ok] L1Inner Boron L2QTemplate NaF EkCen=3.600 LG chi2/ndf=0.944 EGE chi2/ndf=0.989
[ok] L1Inner Boron L2QTemplate NaF EkCen=3.997 LG chi2/ndf=1.153 EGE chi2/ndf=1.124
[ok] L1Inner Boron L2QTemplate NaF EkCen=4.425 LG chi2/ndf=1.059 EGE chi2/ndf=1.087
[ok] L1Inner Boron L2QTemplate NaF EkCen=4.894 LG chi2/ndf=0.830 EGE chi2/ndf=0.733
[init] L1Inner_Boron_AGL_L1QTemplate with 73 Ek/n bins
[ok] L1Inner Boron L1QTemplate AGL EkCen=2.896 LG chi2/ndf=1.282 EGE chi2/ndf=1.367
[ok] L1Inner Boron L1QTemplate AGL EkCen=3.234 LG chi2/ndf=1.220 EGE chi2/ndf=1.421
[ok] L1Inner Boron L1QTemplate AGL EkCen=3.600 LG chi2/ndf=1.112 EGE chi2/ndf=1.152
[ok] L1Inner Boron L1QTemplate AGL EkCen=3.997 LG chi2/ndf=0.842 EGE chi2/ndf=0.814
[ok] L1Inner Boron L1QTemplate AGL EkCen=4.425 LG chi2/ndf=1.215 EGE chi2/ndf=1.228
[ok] L1Inner Boron L1QTemplate AGL EkCen=4.894 LG chi2/ndf=1.454 EGE chi2/ndf=1.293
[ok] L1Inner Boron L1QTemplate AGL EkCen=5.388 LG chi2/ndf=1.091 EGE chi2/ndf=1.203
[ok] L1Inner Boron L1QTemplate AGL EkCen=5.907 LG chi2/ndf=1.411 EGE chi2/ndf=1.555
[ok] L1Inner Boron L1QTemplate AGL EkCen=6.477 LG chi2/ndf=1.306 EGE chi2/ndf=1.318
[ok] L1Inner Boron L1QTemplate AGL EkCen=7.098 LG chi2/ndf=1.543 EGE chi2/ndf=1.445
[ok] L1Inner Boron L1QTemplate AGL EkCen=7.769 LG chi2/ndf=1.122 EGE chi2/ndf=1.195
[ok] L1Inner Boron L1QTemplate AGL EkCen=8.490 LG chi2/ndf=1.150 EGE chi2/ndf=1.148
[ok] L1Inner Boron L1QTemplate AGL EkCen=9.261 LG chi2/ndf=1.105 EGE chi2/ndf=1.163
[ok] L1Inner Boron L1QTemplate AGL EkCen=10.083 LG chi2/ndf=1.117 EGE chi2/ndf=1.059
[ok] L1Inner Boron L1QTemplate AGL EkCen=10.980 LG chi2/ndf=1.081 EGE chi2/ndf=1.016
[ok] L1Inner Boron L1QTemplate AGL EkCen=11.952 LG chi2/ndf=1.135 EGE chi2/ndf=1.176
[ok] L1Inner Boron L1QTemplate AGL EkCen=12.975 LG chi2/ndf=1.054 EGE chi2/ndf=1.093
[ok] L1Inner Boron L1QTemplate AGL EkCen=14.072 LG chi2/ndf=1.199 EGE chi2/ndf=1.342
[ok] L1Inner Boron L1QTemplate AGL EkCen=15.245 LG chi2/ndf=0.767 EGE chi2/ndf=0.768
[ok] L1Inner Boron L1QTemplate AGL EkCen=16.493 LG chi2/ndf=1.193 EGE chi2/ndf=1.199
[ok] L1Inner Boron L1QTemplate AGL EkCen=17.842 LG chi2/ndf=1.236 EGE chi2/ndf=1.337
[ok] L1Inner Boron L1QTemplate AGL EkCen=19.290 LG chi2/ndf=1.071 EGE chi2/ndf=1.078
[init] L1Inner_Boron_AGL_L2QTemplate with 73 Ek/n bins
[ok] L1Inner Boron L2QTemplate AGL EkCen=2.896 LG chi2/ndf=1.171 EGE chi2/ndf=1.400
[ok] L1Inner Boron L2QTemplate AGL EkCen=3.234 LG chi2/ndf=1.417 EGE chi2/ndf=1.662
[ok] L1Inner Boron L2QTemplate AGL EkCen=3.600 LG chi2/ndf=1.331 EGE chi2/ndf=1.436
[ok] L1Inner Boron L2QTemplate AGL EkCen=3.997 LG chi2/ndf=0.902 EGE chi2/ndf=1.006
[ok] L1Inner Boron L2QTemplate AGL EkCen=4.425 LG chi2/ndf=1.686 EGE chi2/ndf=1.745
[ok] L1Inner Boron L2QTemplate AGL EkCen=4.894 LG chi2/ndf=1.162 EGE chi2/ndf=1.299
[ok] L1Inner Boron L2QTemplate AGL EkCen=5.388 LG chi2/ndf=1.099 EGE chi2/ndf=1.191
[ok] L1Inner Boron L2QTemplate AGL EkCen=5.907 LG chi2/ndf=1.582 EGE chi2/ndf=1.521
[ok] L1Inner Boron L2QTemplate AGL EkCen=6.477 LG chi2/ndf=0.945 EGE chi2/ndf=0.965
[ok] L1Inner Boron L2QTemplate AGL EkCen=7.098 LG chi2/ndf=1.449 EGE chi2/ndf=1.460
[ok] L1Inner Boron L2QTemplate AGL EkCen=7.769 LG chi2/ndf=1.120 EGE chi2/ndf=1.241
[ok] L1Inner Boron L2QTemplate AGL EkCen=8.490 LG chi2/ndf=0.998 EGE chi2/ndf=1.175
[ok] L1Inner Boron L2QTemplate AGL EkCen=9.261 LG chi2/ndf=1.155 EGE chi2/ndf=1.325
[ok] L1Inner Boron L2QTemplate AGL EkCen=10.083 LG chi2/ndf=1.108 EGE chi2/ndf=1.151
[ok] L1Inner Boron L2QTemplate AGL EkCen=10.980 LG chi2/ndf=1.552 EGE chi2/ndf=1.645
[ok] L1Inner Boron L2QTemplate AGL EkCen=11.952 LG chi2/ndf=1.129 EGE chi2/ndf=1.162
[ok] L1Inner Boron L2QTemplate AGL EkCen=12.975 LG chi2/ndf=1.570 EGE chi2/ndf=1.584
[ok] L1Inner Boron L2QTemplate AGL EkCen=14.072 LG chi2/ndf=1.025 EGE chi2/ndf=0.893
[ok] L1Inner Boron L2QTemplate AGL EkCen=15.245 LG chi2/ndf=1.436 EGE chi2/ndf=1.248
[ok] L1Inner Boron L2QTemplate AGL EkCen=16.493 LG chi2/ndf=1.209 EGE chi2/ndf=1.217
[ok] L1Inner Boron L2QTemplate AGL EkCen=17.842 LG chi2/ndf=0.788 EGE chi2/ndf=0.855
[ok] L1Inner Boron L2QTemplate AGL EkCen=19.290 LG chi2/ndf=1.101 EGE chi2/ndf=1.137
[init] L1Inner_Carbon_TOF_L1QTemplate with 73 Ek/n bins
[ok] L1Inner Carbon L1QTemplate TOF EkCen=0.370 LG chi2/ndf=2.482 EGE chi2/ndf=1.880
[ok] L1Inner Carbon L1QTemplate TOF EkCen=0.449 LG chi2/ndf=1.742 EGE chi2/ndf=2.241
[ok] L1Inner Carbon L1QTemplate TOF EkCen=0.539 LG chi2/ndf=1.200 EGE chi2/ndf=1.389
[ok] L1Inner Carbon L1QTemplate TOF EkCen=0.642 LG chi2/ndf=1.606 EGE chi2/ndf=1.683
[ok] L1Inner Carbon L1QTemplate TOF EkCen=0.759 LG chi2/ndf=1.710 EGE chi2/ndf=1.815
[ok] L1Inner Carbon L1QTemplate TOF EkCen=0.890 LG chi2/ndf=1.969 EGE chi2/ndf=1.356
[ok] L1Inner Carbon L1QTemplate TOF EkCen=1.036 LG chi2/ndf=2.936 EGE chi2/ndf=2.197
[ok] L1Inner Carbon L1QTemplate TOF EkCen=1.198 LG chi2/ndf=2.878 EGE chi2/ndf=2.357
[init] L1Inner_Carbon_TOF_L2QTemplate with 73 Ek/n bins
[ok] L1Inner Carbon L2QTemplate TOF EkCen=0.370 LG chi2/ndf=1.167 EGE chi2/ndf=1.350
[ok] L1Inner Carbon L2QTemplate TOF EkCen=0.449 LG chi2/ndf=1.977 EGE chi2/ndf=1.415
[ok] L1Inner Carbon L2QTemplate TOF EkCen=0.539 LG chi2/ndf=1.886 EGE chi2/ndf=2.073
[ok] L1Inner Carbon L2QTemplate TOF EkCen=0.642 LG chi2/ndf=1.326 EGE chi2/ndf=2.243
[ok] L1Inner Carbon L2QTemplate TOF EkCen=0.759 LG chi2/ndf=1.175 EGE chi2/ndf=1.532
[ok] L1Inner Carbon L2QTemplate TOF EkCen=0.890 LG chi2/ndf=2.935 EGE chi2/ndf=2.183
  [info] Fit not optimal (Chi2/NDF=3.994, Boundary Hits=0). Adjusting fit range for iter 2...
[ok] L1Inner Carbon L2QTemplate TOF EkCen=1.036 LG chi2/ndf=0.944 EGE chi2/ndf=1.880
  [info] Fit not optimal (Chi2/NDF=4.621, Boundary Hits=0). Adjusting fit range for iter 2...
[ok] L1Inner Carbon L2QTemplate TOF EkCen=1.198 LG chi2/ndf=2.016 EGE chi2/ndf=2.171
[init] L1Inner_Carbon_NaF_L1QTemplate with 73 Ek/n bins
[ok] L1Inner Carbon L1QTemplate NaF EkCen=0.759 LG chi2/ndf=0.917 EGE chi2/ndf=0.974
[ok] L1Inner Carbon L1QTemplate NaF EkCen=0.890 LG chi2/ndf=0.899 EGE chi2/ndf=0.896
[ok] L1Inner Carbon L1QTemplate NaF EkCen=1.036 LG chi2/ndf=1.508 EGE chi2/ndf=1.392
[ok] L1Inner Carbon L1QTemplate NaF EkCen=1.198 LG chi2/ndf=1.135 EGE chi2/ndf=1.219
[ok] L1Inner Carbon L1QTemplate NaF EkCen=1.378 LG chi2/ndf=1.122 EGE chi2/ndf=1.071
[ok] L1Inner Carbon L1QTemplate NaF EkCen=1.576 LG chi2/ndf=1.324 EGE chi2/ndf=1.309
[ok] L1Inner Carbon L1QTemplate NaF EkCen=1.795 LG chi2/ndf=1.286 EGE chi2/ndf=1.255
[ok] L1Inner Carbon L1QTemplate NaF EkCen=2.036 LG chi2/ndf=0.752 EGE chi2/ndf=0.845
[ok] L1Inner Carbon L1QTemplate NaF EkCen=2.299 LG chi2/ndf=1.025 EGE chi2/ndf=0.870
[ok] L1Inner Carbon L1QTemplate NaF EkCen=2.584 LG chi2/ndf=0.720 EGE chi2/ndf=0.794
[ok] L1Inner Carbon L1QTemplate NaF EkCen=2.896 LG chi2/ndf=1.152 EGE chi2/ndf=0.924
[ok] L1Inner Carbon L1QTemplate NaF EkCen=3.234 LG chi2/ndf=1.115 EGE chi2/ndf=1.116
[ok] L1Inner Carbon L1QTemplate NaF EkCen=3.600 LG chi2/ndf=0.873 EGE chi2/ndf=0.849
[ok] L1Inner Carbon L1QTemplate NaF EkCen=3.997 LG chi2/ndf=1.654 EGE chi2/ndf=1.438
[ok] L1Inner Carbon L1QTemplate NaF EkCen=4.425 LG chi2/ndf=1.236 EGE chi2/ndf=1.215
[ok] L1Inner Carbon L1QTemplate NaF EkCen=4.894 LG chi2/ndf=1.235 EGE chi2/ndf=1.164
[init] L1Inner_Carbon_NaF_L2QTemplate with 73 Ek/n bins
[ok] L1Inner Carbon L2QTemplate NaF EkCen=0.759 LG chi2/ndf=0.603 EGE chi2/ndf=0.710
[ok] L1Inner Carbon L2QTemplate NaF EkCen=0.890 LG chi2/ndf=1.374 EGE chi2/ndf=1.335
[ok] L1Inner Carbon L2QTemplate NaF EkCen=1.036 LG chi2/ndf=1.483 EGE chi2/ndf=1.029
[ok] L1Inner Carbon L2QTemplate NaF EkCen=1.198 LG chi2/ndf=1.016 EGE chi2/ndf=0.902
[ok] L1Inner Carbon L2QTemplate NaF EkCen=1.378 LG chi2/ndf=1.204 EGE chi2/ndf=0.970
[ok] L1Inner Carbon L2QTemplate NaF EkCen=1.576 LG chi2/ndf=0.938 EGE chi2/ndf=0.923
[ok] L1Inner Carbon L2QTemplate NaF EkCen=1.795 LG chi2/ndf=1.549 EGE chi2/ndf=1.530
[ok] L1Inner Carbon L2QTemplate NaF EkCen=2.036 LG chi2/ndf=1.199 EGE chi2/ndf=1.191
[ok] L1Inner Carbon L2QTemplate NaF EkCen=2.299 LG chi2/ndf=1.247 EGE chi2/ndf=1.213
[ok] L1Inner Carbon L2QTemplate NaF EkCen=2.584 LG chi2/ndf=1.015 EGE chi2/ndf=0.928
[ok] L1Inner Carbon L2QTemplate NaF EkCen=2.896 LG chi2/ndf=1.801 EGE chi2/ndf=1.767
[ok] L1Inner Carbon L2QTemplate NaF EkCen=3.234 LG chi2/ndf=0.923 EGE chi2/ndf=0.921
[ok] L1Inner Carbon L2QTemplate NaF EkCen=3.600 LG chi2/ndf=1.736 EGE chi2/ndf=1.473
[ok] L1Inner Carbon L2QTemplate NaF EkCen=3.997 LG chi2/ndf=1.002 EGE chi2/ndf=0.975
[ok] L1Inner Carbon L2QTemplate NaF EkCen=4.425 LG chi2/ndf=1.507 EGE chi2/ndf=1.520
[ok] L1Inner Carbon L2QTemplate NaF EkCen=4.894 LG chi2/ndf=1.082 EGE chi2/ndf=1.036
[init] L1Inner_Carbon_AGL_L1QTemplate with 73 Ek/n bins
[ok] L1Inner Carbon L1QTemplate AGL EkCen=2.896 LG chi2/ndf=2.890 EGE chi2/ndf=2.629
[ok] L1Inner Carbon L1QTemplate AGL EkCen=3.234 LG chi2/ndf=2.103 EGE chi2/ndf=1.818
[ok] L1Inner Carbon L1QTemplate AGL EkCen=3.600 LG chi2/ndf=2.273 EGE chi2/ndf=2.063
[ok] L1Inner Carbon L1QTemplate AGL EkCen=3.997 LG chi2/ndf=1.800 EGE chi2/ndf=1.451
[ok] L1Inner Carbon L1QTemplate AGL EkCen=4.425 LG chi2/ndf=1.595 EGE chi2/ndf=1.884
[ok] L1Inner Carbon L1QTemplate AGL EkCen=4.894 LG chi2/ndf=1.813 EGE chi2/ndf=1.362
[ok] L1Inner Carbon L1QTemplate AGL EkCen=5.388 LG chi2/ndf=1.367 EGE chi2/ndf=1.574
[ok] L1Inner Carbon L1QTemplate AGL EkCen=5.907 LG chi2/ndf=1.313 EGE chi2/ndf=1.300
[ok] L1Inner Carbon L1QTemplate AGL EkCen=6.477 LG chi2/ndf=1.508 EGE chi2/ndf=1.566
[ok] L1Inner Carbon L1QTemplate AGL EkCen=7.098 LG chi2/ndf=1.389 EGE chi2/ndf=0.965
[ok] L1Inner Carbon L1QTemplate AGL EkCen=7.769 LG chi2/ndf=1.626 EGE chi2/ndf=1.219
[ok] L1Inner Carbon L1QTemplate AGL EkCen=8.490 LG chi2/ndf=1.192 EGE chi2/ndf=0.824
[ok] L1Inner Carbon L1QTemplate AGL EkCen=9.261 LG chi2/ndf=1.856 EGE chi2/ndf=1.409
[ok] L1Inner Carbon L1QTemplate AGL EkCen=10.083 LG chi2/ndf=1.927 EGE chi2/ndf=1.911
[ok] L1Inner Carbon L1QTemplate AGL EkCen=10.980 LG chi2/ndf=1.525 EGE chi2/ndf=1.484
[ok] L1Inner Carbon L1QTemplate AGL EkCen=11.952 LG chi2/ndf=1.500 EGE chi2/ndf=1.160
[ok] L1Inner Carbon L1QTemplate AGL EkCen=12.975 LG chi2/ndf=1.447 EGE chi2/ndf=1.278
[ok] L1Inner Carbon L1QTemplate AGL EkCen=14.072 LG chi2/ndf=1.078 EGE chi2/ndf=0.903
[ok] L1Inner Carbon L1QTemplate AGL EkCen=15.245 LG chi2/ndf=1.065 EGE chi2/ndf=1.033
[ok] L1Inner Carbon L1QTemplate AGL EkCen=16.493 LG chi2/ndf=0.666 EGE chi2/ndf=0.717
[ok] L1Inner Carbon L1QTemplate AGL EkCen=17.842 LG chi2/ndf=1.165 EGE chi2/ndf=1.205
[ok] L1Inner Carbon L1QTemplate AGL EkCen=19.290 LG chi2/ndf=1.517 EGE chi2/ndf=1.620
[init] L1Inner_Carbon_AGL_L2QTemplate with 73 Ek/n bins
  [info] Fit not optimal (Chi2/NDF=3.169, Boundary Hits=0). Adjusting fit range for iter 2...
  [info] Fit not optimal (Chi2/NDF=3.381, Boundary Hits=0). Adjusting fit range for iter 2...
[ok] L1Inner Carbon L2QTemplate AGL EkCen=2.896 LG chi2/ndf=1.324 EGE chi2/ndf=2.337
[ok] L1Inner Carbon L2QTemplate AGL EkCen=3.234 LG chi2/ndf=2.645 EGE chi2/ndf=1.883
[ok] L1Inner Carbon L2QTemplate AGL EkCen=3.600 LG chi2/ndf=2.653 EGE chi2/ndf=2.784
[ok] L1Inner Carbon L2QTemplate AGL EkCen=3.997 LG chi2/ndf=2.167 EGE chi2/ndf=2.359
[ok] L1Inner Carbon L2QTemplate AGL EkCen=4.425 LG chi2/ndf=2.590 EGE chi2/ndf=2.113
[ok] L1Inner Carbon L2QTemplate AGL EkCen=4.894 LG chi2/ndf=2.251 EGE chi2/ndf=1.803
[ok] L1Inner Carbon L2QTemplate AGL EkCen=5.388 LG chi2/ndf=2.128 EGE chi2/ndf=2.093
[ok] L1Inner Carbon L2QTemplate AGL EkCen=5.907 LG chi2/ndf=2.061 EGE chi2/ndf=1.969
[ok] L1Inner Carbon L2QTemplate AGL EkCen=6.477 LG chi2/ndf=1.698 EGE chi2/ndf=1.817
[ok] L1Inner Carbon L2QTemplate AGL EkCen=7.098 LG chi2/ndf=2.400 EGE chi2/ndf=2.239
[ok] L1Inner Carbon L2QTemplate AGL EkCen=7.769 LG chi2/ndf=1.877 EGE chi2/ndf=1.784
[ok] L1Inner Carbon L2QTemplate AGL EkCen=8.490 LG chi2/ndf=1.867 EGE chi2/ndf=1.863
[ok] L1Inner Carbon L2QTemplate AGL EkCen=9.261 LG chi2/ndf=1.358 EGE chi2/ndf=1.293
[ok] L1Inner Carbon L2QTemplate AGL EkCen=10.083 LG chi2/ndf=1.785 EGE chi2/ndf=2.024
[ok] L1Inner Carbon L2QTemplate AGL EkCen=10.980 LG chi2/ndf=2.243 EGE chi2/ndf=1.774
[ok] L1Inner Carbon L2QTemplate AGL EkCen=11.952 LG chi2/ndf=1.432 EGE chi2/ndf=1.410
[ok] L1Inner Carbon L2QTemplate AGL EkCen=12.975 LG chi2/ndf=1.518 EGE chi2/ndf=1.623
[ok] L1Inner Carbon L2QTemplate AGL EkCen=14.072 LG chi2/ndf=2.232 EGE chi2/ndf=2.090
[ok] L1Inner Carbon L2QTemplate AGL EkCen=15.245 LG chi2/ndf=1.280 EGE chi2/ndf=1.520
[ok] L1Inner Carbon L2QTemplate AGL EkCen=16.493 LG chi2/ndf=1.297 EGE chi2/ndf=1.354
[ok] L1Inner Carbon L2QTemplate AGL EkCen=17.842 LG chi2/ndf=1.591 EGE chi2/ndf=1.437
[ok] L1Inner Carbon L2QTemplate AGL EkCen=19.290 LG chi2/ndf=1.043 EGE chi2/ndf=0.939
[init] L1Inner_Nitrogen_TOF_L1QTemplate with 73 Ek/n bins
[ok] L1Inner Nitrogen L1QTemplate TOF EkCen=0.370 LG chi2/ndf=1.231 EGE chi2/ndf=1.299
[ok] L1Inner Nitrogen L1QTemplate TOF EkCen=0.449 LG chi2/ndf=0.929 EGE chi2/ndf=0.948
[ok] L1Inner Nitrogen L1QTemplate TOF EkCen=0.539 LG chi2/ndf=0.956 EGE chi2/ndf=1.002
[ok] L1Inner Nitrogen L1QTemplate TOF EkCen=0.642 LG chi2/ndf=1.565 EGE chi2/ndf=1.243
[ok] L1Inner Nitrogen L1QTemplate TOF EkCen=0.759 LG chi2/ndf=1.527 EGE chi2/ndf=1.070
[ok] L1Inner Nitrogen L1QTemplate TOF EkCen=0.890 LG chi2/ndf=0.931 EGE chi2/ndf=0.919
[ok] L1Inner Nitrogen L1QTemplate TOF EkCen=1.036 LG chi2/ndf=1.224 EGE chi2/ndf=1.110
[ok] L1Inner Nitrogen L1QTemplate TOF EkCen=1.198 LG chi2/ndf=1.163 EGE chi2/ndf=1.149
[init] L1Inner_Nitrogen_TOF_L2QTemplate with 73 Ek/n bins
[ok] L1Inner Nitrogen L2QTemplate TOF EkCen=0.370 LG chi2/ndf=0.995 EGE chi2/ndf=1.129
[ok] L1Inner Nitrogen L2QTemplate TOF EkCen=0.449 LG chi2/ndf=1.089 EGE chi2/ndf=1.137
[ok] L1Inner Nitrogen L2QTemplate TOF EkCen=0.539 LG chi2/ndf=1.262 EGE chi2/ndf=1.194
[ok] L1Inner Nitrogen L2QTemplate TOF EkCen=0.642 LG chi2/ndf=1.372 EGE chi2/ndf=1.517
[ok] L1Inner Nitrogen L2QTemplate TOF EkCen=0.759 LG chi2/ndf=0.976 EGE chi2/ndf=1.051
[ok] L1Inner Nitrogen L2QTemplate TOF EkCen=0.890 LG chi2/ndf=1.038 EGE chi2/ndf=1.059
[ok] L1Inner Nitrogen L2QTemplate TOF EkCen=1.036 LG chi2/ndf=1.140 EGE chi2/ndf=0.873
[ok] L1Inner Nitrogen L2QTemplate TOF EkCen=1.198 LG chi2/ndf=1.469 EGE chi2/ndf=1.531
[init] L1Inner_Nitrogen_NaF_L1QTemplate with 73 Ek/n bins
[ok] L1Inner Nitrogen L1QTemplate NaF EkCen=0.759 LG chi2/ndf=1.194 EGE chi2/ndf=1.196
[ok] L1Inner Nitrogen L1QTemplate NaF EkCen=0.890 LG chi2/ndf=1.155 EGE chi2/ndf=1.161
[ok] L1Inner Nitrogen L1QTemplate NaF EkCen=1.036 LG chi2/ndf=0.874 EGE chi2/ndf=0.898
[ok] L1Inner Nitrogen L1QTemplate NaF EkCen=1.198 LG chi2/ndf=1.090 EGE chi2/ndf=1.095
[ok] L1Inner Nitrogen L1QTemplate NaF EkCen=1.378 LG chi2/ndf=0.824 EGE chi2/ndf=0.848
[ok] L1Inner Nitrogen L1QTemplate NaF EkCen=1.576 LG chi2/ndf=1.272 EGE chi2/ndf=1.313
[ok] L1Inner Nitrogen L1QTemplate NaF EkCen=1.795 LG chi2/ndf=1.311 EGE chi2/ndf=1.283
[ok] L1Inner Nitrogen L1QTemplate NaF EkCen=2.036 LG chi2/ndf=0.910 EGE chi2/ndf=0.943
[ok] L1Inner Nitrogen L1QTemplate NaF EkCen=2.299 LG chi2/ndf=1.344 EGE chi2/ndf=1.399
[ok] L1Inner Nitrogen L1QTemplate NaF EkCen=2.584 LG chi2/ndf=0.895 EGE chi2/ndf=0.911
[ok] L1Inner Nitrogen L1QTemplate NaF EkCen=2.896 LG chi2/ndf=1.263 EGE chi2/ndf=1.301
[ok] L1Inner Nitrogen L1QTemplate NaF EkCen=3.234 LG chi2/ndf=1.148 EGE chi2/ndf=1.147
[ok] L1Inner Nitrogen L1QTemplate NaF EkCen=3.600 LG chi2/ndf=1.260 EGE chi2/ndf=1.305
[ok] L1Inner Nitrogen L1QTemplate NaF EkCen=3.997 LG chi2/ndf=0.859 EGE chi2/ndf=0.848
[ok] L1Inner Nitrogen L1QTemplate NaF EkCen=4.425 LG chi2/ndf=0.938 EGE chi2/ndf=0.926
[ok] L1Inner Nitrogen L1QTemplate NaF EkCen=4.894 LG chi2/ndf=0.829 EGE chi2/ndf=0.835
[init] L1Inner_Nitrogen_NaF_L2QTemplate with 73 Ek/n bins
[ok] L1Inner Nitrogen L2QTemplate NaF EkCen=0.759 LG chi2/ndf=1.162 EGE chi2/ndf=1.191
  [warn] boundary: EGE-try1 par#4 AlphaR = 2.216 in [0.739,2.216] L1Inner/Nitrogen/NaF/L2QTemplate EkCen=0.890
  [info] Params at boundary. Adjusting limits and refitting...
    -> Adjusting AlphaR limits to [0.443, 2.511]
[ok] L1Inner Nitrogen L2QTemplate NaF EkCen=0.890 LG chi2/ndf=1.290 EGE chi2/ndf=1.195
[ok] L1Inner Nitrogen L2QTemplate NaF EkCen=1.036 LG chi2/ndf=0.742 EGE chi2/ndf=0.640
[ok] L1Inner Nitrogen L2QTemplate NaF EkCen=1.198 LG chi2/ndf=1.270 EGE chi2/ndf=1.308
[ok] L1Inner Nitrogen L2QTemplate NaF EkCen=1.378 LG chi2/ndf=1.106 EGE chi2/ndf=0.884
[ok] L1Inner Nitrogen L2QTemplate NaF EkCen=1.576 LG chi2/ndf=1.313 EGE chi2/ndf=1.194
[ok] L1Inner Nitrogen L2QTemplate NaF EkCen=1.795 LG chi2/ndf=1.079 EGE chi2/ndf=0.980
[ok] L1Inner Nitrogen L2QTemplate NaF EkCen=2.036 LG chi2/ndf=1.010 EGE chi2/ndf=0.921
[ok] L1Inner Nitrogen L2QTemplate NaF EkCen=2.299 LG chi2/ndf=0.957 EGE chi2/ndf=0.974
[ok] L1Inner Nitrogen L2QTemplate NaF EkCen=2.584 LG chi2/ndf=1.025 EGE chi2/ndf=1.045
[ok] L1Inner Nitrogen L2QTemplate NaF EkCen=2.896 LG chi2/ndf=1.098 EGE chi2/ndf=1.093
[ok] L1Inner Nitrogen L2QTemplate NaF EkCen=3.234 LG chi2/ndf=1.178 EGE chi2/ndf=1.129
[ok] L1Inner Nitrogen L2QTemplate NaF EkCen=3.600 LG chi2/ndf=1.049 EGE chi2/ndf=1.063
[ok] L1Inner Nitrogen L2QTemplate NaF EkCen=3.997 LG chi2/ndf=1.129 EGE chi2/ndf=1.181
[ok] L1Inner Nitrogen L2QTemplate NaF EkCen=4.425 LG chi2/ndf=0.769 EGE chi2/ndf=0.742
[ok] L1Inner Nitrogen L2QTemplate NaF EkCen=4.894 LG chi2/ndf=0.783 EGE chi2/ndf=0.826
[init] L1Inner_Nitrogen_AGL_L1QTemplate with 73 Ek/n bins
[ok] L1Inner Nitrogen L1QTemplate AGL EkCen=2.896 LG chi2/ndf=1.122 EGE chi2/ndf=1.109
[ok] L1Inner Nitrogen L1QTemplate AGL EkCen=3.234 LG chi2/ndf=1.091 EGE chi2/ndf=1.194
[ok] L1Inner Nitrogen L1QTemplate AGL EkCen=3.600 LG chi2/ndf=0.854 EGE chi2/ndf=0.878
[ok] L1Inner Nitrogen L1QTemplate AGL EkCen=3.997 LG chi2/ndf=1.190 EGE chi2/ndf=1.209
[ok] L1Inner Nitrogen L1QTemplate AGL EkCen=4.425 LG chi2/ndf=0.904 EGE chi2/ndf=0.920
[ok] L1Inner Nitrogen L1QTemplate AGL EkCen=4.894 LG chi2/ndf=1.085 EGE chi2/ndf=1.171
[ok] L1Inner Nitrogen L1QTemplate AGL EkCen=5.388 LG chi2/ndf=0.900 EGE chi2/ndf=0.941
[ok] L1Inner Nitrogen L1QTemplate AGL EkCen=5.907 LG chi2/ndf=0.791 EGE chi2/ndf=0.822
[ok] L1Inner Nitrogen L1QTemplate AGL EkCen=6.477 LG chi2/ndf=1.748 EGE chi2/ndf=1.841
[ok] L1Inner Nitrogen L1QTemplate AGL EkCen=7.098 LG chi2/ndf=1.035 EGE chi2/ndf=1.089
[ok] L1Inner Nitrogen L1QTemplate AGL EkCen=7.769 LG chi2/ndf=1.320 EGE chi2/ndf=1.430
[ok] L1Inner Nitrogen L1QTemplate AGL EkCen=8.490 LG chi2/ndf=1.061 EGE chi2/ndf=1.094
[ok] L1Inner Nitrogen L1QTemplate AGL EkCen=9.261 LG chi2/ndf=1.127 EGE chi2/ndf=1.162
[ok] L1Inner Nitrogen L1QTemplate AGL EkCen=10.083 LG chi2/ndf=1.062 EGE chi2/ndf=1.118
[ok] L1Inner Nitrogen L1QTemplate AGL EkCen=10.980 LG chi2/ndf=1.383 EGE chi2/ndf=1.415
[ok] L1Inner Nitrogen L1QTemplate AGL EkCen=11.952 LG chi2/ndf=0.909 EGE chi2/ndf=0.921
[ok] L1Inner Nitrogen L1QTemplate AGL EkCen=12.975 LG chi2/ndf=1.086 EGE chi2/ndf=1.150
[ok] L1Inner Nitrogen L1QTemplate AGL EkCen=14.072 LG chi2/ndf=0.858 EGE chi2/ndf=0.923
[ok] L1Inner Nitrogen L1QTemplate AGL EkCen=15.245 LG chi2/ndf=1.295 EGE chi2/ndf=1.296
  [warn] boundary: EGE-try1 par#4 AlphaR = 1.937 in [0.646,1.937] L1Inner/Nitrogen/AGL/L1QTemplate EkCen=16.493
  [info] Params at boundary. Adjusting limits and refitting...
    -> Adjusting AlphaR limits to [0.387, 2.195]
[ok] L1Inner Nitrogen L1QTemplate AGL EkCen=16.493 LG chi2/ndf=1.519 EGE chi2/ndf=1.487
[ok] L1Inner Nitrogen L1QTemplate AGL EkCen=17.842 LG chi2/ndf=0.984 EGE chi2/ndf=1.011
[ok] L1Inner Nitrogen L1QTemplate AGL EkCen=19.290 LG chi2/ndf=0.868 EGE chi2/ndf=0.821
[init] L1Inner_Nitrogen_AGL_L2QTemplate with 73 Ek/n bins
[ok] L1Inner Nitrogen L2QTemplate AGL EkCen=2.896 LG chi2/ndf=1.230 EGE chi2/ndf=1.336
[ok] L1Inner Nitrogen L2QTemplate AGL EkCen=3.234 LG chi2/ndf=1.030 EGE chi2/ndf=1.079
[ok] L1Inner Nitrogen L2QTemplate AGL EkCen=3.600 LG chi2/ndf=1.060 EGE chi2/ndf=1.150
[ok] L1Inner Nitrogen L2QTemplate AGL EkCen=3.997 LG chi2/ndf=0.979 EGE chi2/ndf=1.077
[ok] L1Inner Nitrogen L2QTemplate AGL EkCen=4.425 LG chi2/ndf=1.282 EGE chi2/ndf=1.243
[ok] L1Inner Nitrogen L2QTemplate AGL EkCen=4.894 LG chi2/ndf=1.158 EGE chi2/ndf=1.302
[ok] L1Inner Nitrogen L2QTemplate AGL EkCen=5.388 LG chi2/ndf=1.269 EGE chi2/ndf=1.312
[ok] L1Inner Nitrogen L2QTemplate AGL EkCen=5.907 LG chi2/ndf=0.956 EGE chi2/ndf=1.035
[ok] L1Inner Nitrogen L2QTemplate AGL EkCen=6.477 LG chi2/ndf=1.156 EGE chi2/ndf=1.184
[ok] L1Inner Nitrogen L2QTemplate AGL EkCen=7.098 LG chi2/ndf=1.490 EGE chi2/ndf=1.501
[ok] L1Inner Nitrogen L2QTemplate AGL EkCen=7.769 LG chi2/ndf=0.981 EGE chi2/ndf=1.037
[ok] L1Inner Nitrogen L2QTemplate AGL EkCen=8.490 LG chi2/ndf=1.668 EGE chi2/ndf=1.559
[ok] L1Inner Nitrogen L2QTemplate AGL EkCen=9.261 LG chi2/ndf=1.083 EGE chi2/ndf=1.106
[ok] L1Inner Nitrogen L2QTemplate AGL EkCen=10.083 LG chi2/ndf=1.214 EGE chi2/ndf=0.866
[ok] L1Inner Nitrogen L2QTemplate AGL EkCen=10.980 LG chi2/ndf=1.207 EGE chi2/ndf=1.164
[ok] L1Inner Nitrogen L2QTemplate AGL EkCen=11.952 LG chi2/ndf=1.079 EGE chi2/ndf=1.116
[ok] L1Inner Nitrogen L2QTemplate AGL EkCen=12.975 LG chi2/ndf=0.927 EGE chi2/ndf=0.959
[ok] L1Inner Nitrogen L2QTemplate AGL EkCen=14.072 LG chi2/ndf=1.339 EGE chi2/ndf=1.305
[ok] L1Inner Nitrogen L2QTemplate AGL EkCen=15.245 LG chi2/ndf=1.120 EGE chi2/ndf=1.076
[ok] L1Inner Nitrogen L2QTemplate AGL EkCen=16.493 LG chi2/ndf=1.130 EGE chi2/ndf=1.027
[ok] L1Inner Nitrogen L2QTemplate AGL EkCen=17.842 LG chi2/ndf=1.085 EGE chi2/ndf=0.913
[ok] L1Inner Nitrogen L2QTemplate AGL EkCen=19.290 LG chi2/ndf=0.820 EGE chi2/ndf=0.711
[init] L1Inner_Oxygen_TOF_L1QTemplate with 73 Ek/n bins
[ok] L1Inner Oxygen L1QTemplate TOF EkCen=0.370 LG chi2/ndf=2.566 EGE chi2/ndf=2.003
[ok] L1Inner Oxygen L1QTemplate TOF EkCen=0.449 LG chi2/ndf=1.563 EGE chi2/ndf=1.361
[ok] L1Inner Oxygen L1QTemplate TOF EkCen=0.539 LG chi2/ndf=2.285 EGE chi2/ndf=2.247
[ok] L1Inner Oxygen L1QTemplate TOF EkCen=0.642 LG chi2/ndf=1.669 EGE chi2/ndf=1.614
[ok] L1Inner Oxygen L1QTemplate TOF EkCen=0.759 LG chi2/ndf=0.956 EGE chi2/ndf=1.021
[ok] L1Inner Oxygen L1QTemplate TOF EkCen=0.890 LG chi2/ndf=1.740 EGE chi2/ndf=1.773
[ok] L1Inner Oxygen L1QTemplate TOF EkCen=1.036 LG chi2/ndf=1.535 EGE chi2/ndf=1.572
[ok] L1Inner Oxygen L1QTemplate TOF EkCen=1.198 LG chi2/ndf=1.691 EGE chi2/ndf=2.198
[init] L1Inner_Oxygen_TOF_L2QTemplate with 73 Ek/n bins
[ok] L1Inner Oxygen L2QTemplate TOF EkCen=0.370 LG chi2/ndf=0.922 EGE chi2/ndf=0.971
[ok] L1Inner Oxygen L2QTemplate TOF EkCen=0.449 LG chi2/ndf=1.076 EGE chi2/ndf=1.152
[ok] L1Inner Oxygen L2QTemplate TOF EkCen=0.539 LG chi2/ndf=1.805 EGE chi2/ndf=2.159
[ok] L1Inner Oxygen L2QTemplate TOF EkCen=0.642 LG chi2/ndf=1.798 EGE chi2/ndf=2.326
[ok] L1Inner Oxygen L2QTemplate TOF EkCen=0.759 LG chi2/ndf=1.120 EGE chi2/ndf=1.399
[ok] L1Inner Oxygen L2QTemplate TOF EkCen=0.890 LG chi2/ndf=1.766 EGE chi2/ndf=1.876
[ok] L1Inner Oxygen L2QTemplate TOF EkCen=1.036 LG chi2/ndf=2.103 EGE chi2/ndf=2.866
[ok] L1Inner Oxygen L2QTemplate TOF EkCen=1.198 LG chi2/ndf=1.503 EGE chi2/ndf=1.654
[init] L1Inner_Oxygen_NaF_L1QTemplate with 73 Ek/n bins
[ok] L1Inner Oxygen L1QTemplate NaF EkCen=0.759 LG chi2/ndf=1.301 EGE chi2/ndf=1.202
[ok] L1Inner Oxygen L1QTemplate NaF EkCen=0.890 LG chi2/ndf=1.212 EGE chi2/ndf=1.246
[ok] L1Inner Oxygen L1QTemplate NaF EkCen=1.036 LG chi2/ndf=0.919 EGE chi2/ndf=0.873
[ok] L1Inner Oxygen L1QTemplate NaF EkCen=1.198 LG chi2/ndf=1.262 EGE chi2/ndf=1.286
[ok] L1Inner Oxygen L1QTemplate NaF EkCen=1.378 LG chi2/ndf=1.091 EGE chi2/ndf=1.105
[ok] L1Inner Oxygen L1QTemplate NaF EkCen=1.576 LG chi2/ndf=0.942 EGE chi2/ndf=0.835
[ok] L1Inner Oxygen L1QTemplate NaF EkCen=1.795 LG chi2/ndf=1.135 EGE chi2/ndf=0.911
[ok] L1Inner Oxygen L1QTemplate NaF EkCen=2.036 LG chi2/ndf=0.940 EGE chi2/ndf=0.767
[ok] L1Inner Oxygen L1QTemplate NaF EkCen=2.299 LG chi2/ndf=0.984 EGE chi2/ndf=0.790
[ok] L1Inner Oxygen L1QTemplate NaF EkCen=2.584 LG chi2/ndf=1.058 EGE chi2/ndf=1.067
[ok] L1Inner Oxygen L1QTemplate NaF EkCen=2.896 LG chi2/ndf=0.746 EGE chi2/ndf=0.740
[ok] L1Inner Oxygen L1QTemplate NaF EkCen=3.234 LG chi2/ndf=1.050 EGE chi2/ndf=1.054
[ok] L1Inner Oxygen L1QTemplate NaF EkCen=3.600 LG chi2/ndf=1.086 EGE chi2/ndf=1.092
[ok] L1Inner Oxygen L1QTemplate NaF EkCen=3.997 LG chi2/ndf=0.866 EGE chi2/ndf=0.883
[ok] L1Inner Oxygen L1QTemplate NaF EkCen=4.425 LG chi2/ndf=1.413 EGE chi2/ndf=1.389
[ok] L1Inner Oxygen L1QTemplate NaF EkCen=4.894 LG chi2/ndf=1.513 EGE chi2/ndf=1.494
[init] L1Inner_Oxygen_NaF_L2QTemplate with 73 Ek/n bins
  [warn] boundary: EGE-try1 par#4 AlphaR = 2.112 in [0.704,2.112] L1Inner/Oxygen/NaF/L2QTemplate EkCen=0.759
  [info] Params at boundary. Adjusting limits and refitting...
    -> Adjusting AlphaR limits to [0.422, 2.394]
[ok] L1Inner Oxygen L2QTemplate NaF EkCen=0.759 LG chi2/ndf=1.428 EGE chi2/ndf=1.375
[ok] L1Inner Oxygen L2QTemplate NaF EkCen=0.890 LG chi2/ndf=0.777 EGE chi2/ndf=0.797
[ok] L1Inner Oxygen L2QTemplate NaF EkCen=1.036 LG chi2/ndf=1.020 EGE chi2/ndf=1.029
[ok] L1Inner Oxygen L2QTemplate NaF EkCen=1.198 LG chi2/ndf=1.061 EGE chi2/ndf=1.053
[ok] L1Inner Oxygen L2QTemplate NaF EkCen=1.378 LG chi2/ndf=1.479 EGE chi2/ndf=1.532
[ok] L1Inner Oxygen L2QTemplate NaF EkCen=1.576 LG chi2/ndf=1.123 EGE chi2/ndf=0.811
[ok] L1Inner Oxygen L2QTemplate NaF EkCen=1.795 LG chi2/ndf=1.690 EGE chi2/ndf=1.267
[ok] L1Inner Oxygen L2QTemplate NaF EkCen=2.036 LG chi2/ndf=1.434 EGE chi2/ndf=0.992
[ok] L1Inner Oxygen L2QTemplate NaF EkCen=2.299 LG chi2/ndf=1.251 EGE chi2/ndf=1.136
[ok] L1Inner Oxygen L2QTemplate NaF EkCen=2.584 LG chi2/ndf=1.375 EGE chi2/ndf=1.311
[ok] L1Inner Oxygen L2QTemplate NaF EkCen=2.896 LG chi2/ndf=1.181 EGE chi2/ndf=0.916
[ok] L1Inner Oxygen L2QTemplate NaF EkCen=3.234 LG chi2/ndf=1.467 EGE chi2/ndf=1.226
[ok] L1Inner Oxygen L2QTemplate NaF EkCen=3.600 LG chi2/ndf=1.052 EGE chi2/ndf=0.831
[ok] L1Inner Oxygen L2QTemplate NaF EkCen=3.997 LG chi2/ndf=1.042 EGE chi2/ndf=0.887
[ok] L1Inner Oxygen L2QTemplate NaF EkCen=4.425 LG chi2/ndf=1.192 EGE chi2/ndf=1.219
[ok] L1Inner Oxygen L2QTemplate NaF EkCen=4.894 LG chi2/ndf=1.412 EGE chi2/ndf=1.069
[init] L1Inner_Oxygen_AGL_L1QTemplate with 73 Ek/n bins
[ok] L1Inner Oxygen L1QTemplate AGL EkCen=2.896 LG chi2/ndf=2.529 EGE chi2/ndf=2.190
[ok] L1Inner Oxygen L1QTemplate AGL EkCen=3.234 LG chi2/ndf=2.146 EGE chi2/ndf=2.099
[ok] L1Inner Oxygen L1QTemplate AGL EkCen=3.600 LG chi2/ndf=2.746 EGE chi2/ndf=2.413
[ok] L1Inner Oxygen L1QTemplate AGL EkCen=3.997 LG chi2/ndf=2.113 EGE chi2/ndf=1.977
[ok] L1Inner Oxygen L1QTemplate AGL EkCen=4.425 LG chi2/ndf=2.354 EGE chi2/ndf=2.024
[ok] L1Inner Oxygen L1QTemplate AGL EkCen=4.894 LG chi2/ndf=2.168 EGE chi2/ndf=1.619
[ok] L1Inner Oxygen L1QTemplate AGL EkCen=5.388 LG chi2/ndf=2.302 EGE chi2/ndf=2.320
[ok] L1Inner Oxygen L1QTemplate AGL EkCen=5.907 LG chi2/ndf=1.955 EGE chi2/ndf=1.456
[ok] L1Inner Oxygen L1QTemplate AGL EkCen=6.477 LG chi2/ndf=2.085 EGE chi2/ndf=1.961
[ok] L1Inner Oxygen L1QTemplate AGL EkCen=7.098 LG chi2/ndf=1.975 EGE chi2/ndf=1.820
[ok] L1Inner Oxygen L1QTemplate AGL EkCen=7.769 LG chi2/ndf=1.572 EGE chi2/ndf=1.397
[ok] L1Inner Oxygen L1QTemplate AGL EkCen=8.490 LG chi2/ndf=1.742 EGE chi2/ndf=1.362
[ok] L1Inner Oxygen L1QTemplate AGL EkCen=9.261 LG chi2/ndf=1.785 EGE chi2/ndf=1.194
[ok] L1Inner Oxygen L1QTemplate AGL EkCen=10.083 LG chi2/ndf=2.172 EGE chi2/ndf=1.553
[ok] L1Inner Oxygen L1QTemplate AGL EkCen=10.980 LG chi2/ndf=2.291 EGE chi2/ndf=1.963
[ok] L1Inner Oxygen L1QTemplate AGL EkCen=11.952 LG chi2/ndf=1.969 EGE chi2/ndf=1.701
[ok] L1Inner Oxygen L1QTemplate AGL EkCen=12.975 LG chi2/ndf=1.405 EGE chi2/ndf=0.950
[ok] L1Inner Oxygen L1QTemplate AGL EkCen=14.072 LG chi2/ndf=1.237 EGE chi2/ndf=0.887
[ok] L1Inner Oxygen L1QTemplate AGL EkCen=15.245 LG chi2/ndf=1.775 EGE chi2/ndf=1.166
[ok] L1Inner Oxygen L1QTemplate AGL EkCen=16.493 LG chi2/ndf=1.209 EGE chi2/ndf=0.919
[ok] L1Inner Oxygen L1QTemplate AGL EkCen=17.842 LG chi2/ndf=1.726 EGE chi2/ndf=1.247
[ok] L1Inner Oxygen L1QTemplate AGL EkCen=19.290 LG chi2/ndf=1.720 EGE chi2/ndf=1.386
[init] L1Inner_Oxygen_AGL_L2QTemplate with 73 Ek/n bins
[ok] L1Inner Oxygen L2QTemplate AGL EkCen=2.896 LG chi2/ndf=2.398 EGE chi2/ndf=1.519
[ok] L1Inner Oxygen L2QTemplate AGL EkCen=3.234 LG chi2/ndf=1.821 EGE chi2/ndf=1.323
[ok] L1Inner Oxygen L2QTemplate AGL EkCen=3.600 LG chi2/ndf=2.564 EGE chi2/ndf=2.151
[ok] L1Inner Oxygen L2QTemplate AGL EkCen=3.997 LG chi2/ndf=1.522 EGE chi2/ndf=1.361
[ok] L1Inner Oxygen L2QTemplate AGL EkCen=4.425 LG chi2/ndf=1.783 EGE chi2/ndf=1.511
[ok] L1Inner Oxygen L2QTemplate AGL EkCen=4.894 LG chi2/ndf=1.704 EGE chi2/ndf=1.279
[ok] L1Inner Oxygen L2QTemplate AGL EkCen=5.388 LG chi2/ndf=1.891 EGE chi2/ndf=1.740
[ok] L1Inner Oxygen L2QTemplate AGL EkCen=5.907 LG chi2/ndf=1.981 EGE chi2/ndf=1.768
[ok] L1Inner Oxygen L2QTemplate AGL EkCen=6.477 LG chi2/ndf=1.861 EGE chi2/ndf=1.252
[ok] L1Inner Oxygen L2QTemplate AGL EkCen=7.098 LG chi2/ndf=2.309 EGE chi2/ndf=1.603
[ok] L1Inner Oxygen L2QTemplate AGL EkCen=7.769 LG chi2/ndf=1.800 EGE chi2/ndf=1.058
[ok] L1Inner Oxygen L2QTemplate AGL EkCen=8.490 LG chi2/ndf=1.524 EGE chi2/ndf=1.287
[ok] L1Inner Oxygen L2QTemplate AGL EkCen=9.261 LG chi2/ndf=2.375 EGE chi2/ndf=1.559
[ok] L1Inner Oxygen L2QTemplate AGL EkCen=10.083 LG chi2/ndf=2.038 EGE chi2/ndf=1.863
[ok] L1Inner Oxygen L2QTemplate AGL EkCen=10.980 LG chi2/ndf=1.354 EGE chi2/ndf=1.315
[ok] L1Inner Oxygen L2QTemplate AGL EkCen=11.952 LG chi2/ndf=1.267 EGE chi2/ndf=1.327
[ok] L1Inner Oxygen L2QTemplate AGL EkCen=12.975 LG chi2/ndf=1.675 EGE chi2/ndf=1.137
[ok] L1Inner Oxygen L2QTemplate AGL EkCen=14.072 LG chi2/ndf=1.455 EGE chi2/ndf=1.125
[ok] L1Inner Oxygen L2QTemplate AGL EkCen=15.245 LG chi2/ndf=1.649 EGE chi2/ndf=0.962
[ok] L1Inner Oxygen L2QTemplate AGL EkCen=16.493 LG chi2/ndf=1.819 EGE chi2/ndf=0.938
[ok] L1Inner Oxygen L2QTemplate AGL EkCen=17.842 LG chi2/ndf=1.311 EGE chi2/ndf=1.068
[ok] L1Inner Oxygen L2QTemplate AGL EkCen=19.290 LG chi2/ndf=0.995 EGE chi2/ndf=0.703
All parameter histograms saved to /eos/user/z/zixuan/Isotope/ChargeFit/ChargeFitParams_BeToOxy_0.6_iter2.root
