
Processing ../rootlogon.C...
Processing chargeHistFit.cpp...
[open] input '/eos/user/z/zixuan/Isotope/Add/Be_frag4.root' -> OK
[open] output '/eos/user/z/zixuan/Isotope/ChargeFit/ChargeFitParams_BeToOxy_0.6_iter0.root' -> OK
[init] L1Inner_Nitrogen_TOF_L1QTemplate with 73 Ek/n bins
[ok] L1Inner Nitrogen L1QTemplate TOF EkCen=0.449 LG chi2/ndf=0.904 EGE chi2/ndf=0.945
[ok] L1Inner Nitrogen L1QTemplate TOF EkCen=0.539 LG chi2/ndf=1.238 EGE chi2/ndf=1.272
[ok] L1Inner Nitrogen L1QTemplate TOF EkCen=0.642 LG chi2/ndf=1.989 EGE chi2/ndf=1.663
[ok] L1Inner Nitrogen L1QTemplate TOF EkCen=0.759 LG chi2/ndf=1.648 EGE chi2/ndf=0.974
[ok] L1Inner Nitrogen L1QTemplate TOF EkCen=0.890 LG chi2/ndf=1.287 EGE chi2/ndf=1.223
[ok] L1Inner Nitrogen L1QTemplate TOF EkCen=1.036 LG chi2/ndf=1.798 EGE chi2/ndf=1.142
[ok] L1Inner Nitrogen L1QTemplate TOF EkCen=1.198 LG chi2/ndf=1.712 EGE chi2/ndf=1.377
[init] L1Inner_Nitrogen_TOF_L2QTemplate with 73 Ek/n bins
[ok] L1Inner Nitrogen L2QTemplate TOF EkCen=0.449 LG chi2/ndf=1.035 EGE chi2/ndf=0.863
[ok] L1Inner Nitrogen L2QTemplate TOF EkCen=0.539 LG chi2/ndf=1.257 EGE chi2/ndf=1.145
[ok] L1Inner Nitrogen L2QTemplate TOF EkCen=0.642 LG chi2/ndf=1.445 EGE chi2/ndf=1.347
[ok] L1Inner Nitrogen L2QTemplate TOF EkCen=0.759 LG chi2/ndf=0.872 EGE chi2/ndf=1.017
[ok] L1Inner Nitrogen L2QTemplate TOF EkCen=0.890 LG chi2/ndf=1.163 EGE chi2/ndf=1.153
[ok] L1Inner Nitrogen L2QTemplate TOF EkCen=1.036 LG chi2/ndf=1.110 EGE chi2/ndf=0.922
[ok] L1Inner Nitrogen L2QTemplate TOF EkCen=1.198 LG chi2/ndf=1.308 EGE chi2/ndf=1.333
[init] L1Inner_Nitrogen_NaF_L1QTemplate with 73 Ek/n bins
[ok] L1Inner Nitrogen L1QTemplate NaF EkCen=0.759 LG chi2/ndf=1.173 EGE chi2/ndf=1.158
[ok] L1Inner Nitrogen L1QTemplate NaF EkCen=0.890 LG chi2/ndf=0.726 EGE chi2/ndf=0.717
[ok] L1Inner Nitrogen L1QTemplate NaF EkCen=1.036 LG chi2/ndf=0.904 EGE chi2/ndf=0.952
[ok] L1Inner Nitrogen L1QTemplate NaF EkCen=1.198 LG chi2/ndf=0.901 EGE chi2/ndf=0.909
[ok] L1Inner Nitrogen L1QTemplate NaF EkCen=1.378 LG chi2/ndf=1.061 EGE chi2/ndf=1.124
[ok] L1Inner Nitrogen L1QTemplate NaF EkCen=1.576 LG chi2/ndf=1.259 EGE chi2/ndf=1.286
[ok] L1Inner Nitrogen L1QTemplate NaF EkCen=1.795 LG chi2/ndf=1.095 EGE chi2/ndf=1.258
[ok] L1Inner Nitrogen L1QTemplate NaF EkCen=2.036 LG chi2/ndf=0.960 EGE chi2/ndf=1.043
[ok] L1Inner Nitrogen L1QTemplate NaF EkCen=2.299 LG chi2/ndf=1.560 EGE chi2/ndf=1.696
[ok] L1Inner Nitrogen L1QTemplate NaF EkCen=2.584 LG chi2/ndf=0.994 EGE chi2/ndf=1.082
[ok] L1Inner Nitrogen L1QTemplate NaF EkCen=2.896 LG chi2/ndf=1.117 EGE chi2/ndf=1.217
[ok] L1Inner Nitrogen L1QTemplate NaF EkCen=3.234 LG chi2/ndf=0.903 EGE chi2/ndf=0.857
[ok] L1Inner Nitrogen L1QTemplate NaF EkCen=3.600 LG chi2/ndf=1.042 EGE chi2/ndf=1.103
[ok] L1Inner Nitrogen L1QTemplate NaF EkCen=3.997 LG chi2/ndf=0.688 EGE chi2/ndf=0.699
[ok] L1Inner Nitrogen L1QTemplate NaF EkCen=4.425 LG chi2/ndf=0.865 EGE chi2/ndf=0.881
[ok] L1Inner Nitrogen L1QTemplate NaF EkCen=4.894 LG chi2/ndf=1.151 EGE chi2/ndf=1.171
[init] L1Inner_Nitrogen_NaF_L2QTemplate with 73 Ek/n bins
[ok] L1Inner Nitrogen L2QTemplate NaF EkCen=0.759 LG chi2/ndf=0.971 EGE chi2/ndf=0.985
[ok] L1Inner Nitrogen L2QTemplate NaF EkCen=0.890 LG chi2/ndf=0.997 EGE chi2/ndf=0.980
[ok] L1Inner Nitrogen L2QTemplate NaF EkCen=1.036 LG chi2/ndf=0.701 EGE chi2/ndf=0.617
[ok] L1Inner Nitrogen L2QTemplate NaF EkCen=1.198 LG chi2/ndf=1.283 EGE chi2/ndf=1.327
[ok] L1Inner Nitrogen L2QTemplate NaF EkCen=1.378 LG chi2/ndf=1.098 EGE chi2/ndf=0.866
[ok] L1Inner Nitrogen L2QTemplate NaF EkCen=1.576 LG chi2/ndf=1.358 EGE chi2/ndf=1.236
[ok] L1Inner Nitrogen L2QTemplate NaF EkCen=1.795 LG chi2/ndf=0.875 EGE chi2/ndf=0.861
[ok] L1Inner Nitrogen L2QTemplate NaF EkCen=2.036 LG chi2/ndf=0.912 EGE chi2/ndf=0.854
[ok] L1Inner Nitrogen L2QTemplate NaF EkCen=2.299 LG chi2/ndf=1.103 EGE chi2/ndf=1.140
[ok] L1Inner Nitrogen L2QTemplate NaF EkCen=2.584 LG chi2/ndf=1.028 EGE chi2/ndf=1.074
[ok] L1Inner Nitrogen L2QTemplate NaF EkCen=2.896 LG chi2/ndf=1.161 EGE chi2/ndf=1.165
[ok] L1Inner Nitrogen L2QTemplate NaF EkCen=3.234 LG chi2/ndf=1.044 EGE chi2/ndf=1.052
[ok] L1Inner Nitrogen L2QTemplate NaF EkCen=3.600 LG chi2/ndf=1.104 EGE chi2/ndf=1.122
[ok] L1Inner Nitrogen L2QTemplate NaF EkCen=3.997 LG chi2/ndf=1.008 EGE chi2/ndf=1.080
[ok] L1Inner Nitrogen L2QTemplate NaF EkCen=4.425 LG chi2/ndf=0.758 EGE chi2/ndf=0.729
[ok] L1Inner Nitrogen L2QTemplate NaF EkCen=4.894 LG chi2/ndf=0.903 EGE chi2/ndf=0.953
[init] L1Inner_Nitrogen_AGL_L1QTemplate with 73 Ek/n bins
[ok] L1Inner Nitrogen L1QTemplate AGL EkCen=2.896 LG chi2/ndf=1.375 EGE chi2/ndf=1.580
[ok] L1Inner Nitrogen L1QTemplate AGL EkCen=3.234 LG chi2/ndf=1.259 EGE chi2/ndf=1.427
[ok] L1Inner Nitrogen L1QTemplate AGL EkCen=3.600 LG chi2/ndf=1.006 EGE chi2/ndf=1.036
[ok] L1Inner Nitrogen L1QTemplate AGL EkCen=3.997 LG chi2/ndf=1.222 EGE chi2/ndf=1.369
[ok] L1Inner Nitrogen L1QTemplate AGL EkCen=4.425 LG chi2/ndf=1.335 EGE chi2/ndf=1.315
[ok] L1Inner Nitrogen L1QTemplate AGL EkCen=4.894 LG chi2/ndf=1.127 EGE chi2/ndf=1.236
[ok] L1Inner Nitrogen L1QTemplate AGL EkCen=5.388 LG chi2/ndf=1.592 EGE chi2/ndf=1.612
[ok] L1Inner Nitrogen L1QTemplate AGL EkCen=5.907 LG chi2/ndf=1.326 EGE chi2/ndf=1.514
[ok] L1Inner Nitrogen L1QTemplate AGL EkCen=6.477 LG chi2/ndf=1.533 EGE chi2/ndf=1.611
[ok] L1Inner Nitrogen L1QTemplate AGL EkCen=7.098 LG chi2/ndf=1.209 EGE chi2/ndf=1.351
[ok] L1Inner Nitrogen L1QTemplate AGL EkCen=7.769 LG chi2/ndf=1.607 EGE chi2/ndf=1.822
[ok] L1Inner Nitrogen L1QTemplate AGL EkCen=8.490 LG chi2/ndf=1.228 EGE chi2/ndf=1.151
[ok] L1Inner Nitrogen L1QTemplate AGL EkCen=9.261 LG chi2/ndf=1.178 EGE chi2/ndf=1.233
[ok] L1Inner Nitrogen L1QTemplate AGL EkCen=10.083 LG chi2/ndf=1.129 EGE chi2/ndf=1.207
[ok] L1Inner Nitrogen L1QTemplate AGL EkCen=10.980 LG chi2/ndf=1.035 EGE chi2/ndf=1.178
[ok] L1Inner Nitrogen L1QTemplate AGL EkCen=11.952 LG chi2/ndf=1.224 EGE chi2/ndf=1.184
[ok] L1Inner Nitrogen L1QTemplate AGL EkCen=12.975 LG chi2/ndf=1.000 EGE chi2/ndf=1.144
[ok] L1Inner Nitrogen L1QTemplate AGL EkCen=14.072 LG chi2/ndf=0.750 EGE chi2/ndf=0.835
[ok] L1Inner Nitrogen L1QTemplate AGL EkCen=15.245 LG chi2/ndf=1.095 EGE chi2/ndf=1.111
[ok] L1Inner Nitrogen L1QTemplate AGL EkCen=16.493 LG chi2/ndf=1.166 EGE chi2/ndf=1.284
[ok] L1Inner Nitrogen L1QTemplate AGL EkCen=17.842 LG chi2/ndf=1.294 EGE chi2/ndf=1.388
[ok] L1Inner Nitrogen L1QTemplate AGL EkCen=19.290 LG chi2/ndf=0.958 EGE chi2/ndf=1.006
[init] L1Inner_Nitrogen_AGL_L2QTemplate with 73 Ek/n bins
[ok] L1Inner Nitrogen L2QTemplate AGL EkCen=2.896 LG chi2/ndf=0.989 EGE chi2/ndf=1.108
[ok] L1Inner Nitrogen L2QTemplate AGL EkCen=3.234 LG chi2/ndf=1.155 EGE chi2/ndf=1.183
[ok] L1Inner Nitrogen L2QTemplate AGL EkCen=3.600 LG chi2/ndf=0.919 EGE chi2/ndf=1.023
[ok] L1Inner Nitrogen L2QTemplate AGL EkCen=3.997 LG chi2/ndf=0.983 EGE chi2/ndf=1.136
[ok] L1Inner Nitrogen L2QTemplate AGL EkCen=4.425 LG chi2/ndf=1.378 EGE chi2/ndf=1.286
[ok] L1Inner Nitrogen L2QTemplate AGL EkCen=4.894 LG chi2/ndf=1.091 EGE chi2/ndf=1.198
[ok] L1Inner Nitrogen L2QTemplate AGL EkCen=5.388 LG chi2/ndf=1.330 EGE chi2/ndf=1.425
[ok] L1Inner Nitrogen L2QTemplate AGL EkCen=5.907 LG chi2/ndf=1.082 EGE chi2/ndf=1.211
[ok] L1Inner Nitrogen L2QTemplate AGL EkCen=6.477 LG chi2/ndf=1.070 EGE chi2/ndf=1.170
[ok] L1Inner Nitrogen L2QTemplate AGL EkCen=7.098 LG chi2/ndf=1.298 EGE chi2/ndf=1.272
[ok] L1Inner Nitrogen L2QTemplate AGL EkCen=7.769 LG chi2/ndf=1.046 EGE chi2/ndf=1.139
[ok] L1Inner Nitrogen L2QTemplate AGL EkCen=8.490 LG chi2/ndf=1.473 EGE chi2/ndf=1.377
[ok] L1Inner Nitrogen L2QTemplate AGL EkCen=9.261 LG chi2/ndf=0.898 EGE chi2/ndf=0.931
[ok] L1Inner Nitrogen L2QTemplate AGL EkCen=10.083 LG chi2/ndf=1.108 EGE chi2/ndf=0.886
[ok] L1Inner Nitrogen L2QTemplate AGL EkCen=10.980 LG chi2/ndf=1.274 EGE chi2/ndf=1.283
[ok] L1Inner Nitrogen L2QTemplate AGL EkCen=11.952 LG chi2/ndf=1.175 EGE chi2/ndf=1.242
[ok] L1Inner Nitrogen L2QTemplate AGL EkCen=12.975 LG chi2/ndf=0.960 EGE chi2/ndf=1.007
[ok] L1Inner Nitrogen L2QTemplate AGL EkCen=14.072 LG chi2/ndf=1.230 EGE chi2/ndf=1.231
[ok] L1Inner Nitrogen L2QTemplate AGL EkCen=15.245 LG chi2/ndf=1.112 EGE chi2/ndf=1.085
[ok] L1Inner Nitrogen L2QTemplate AGL EkCen=16.493 LG chi2/ndf=1.138 EGE chi2/ndf=1.043
[ok] L1Inner Nitrogen L2QTemplate AGL EkCen=17.842 LG chi2/ndf=1.114 EGE chi2/ndf=0.949
[ok] L1Inner Nitrogen L2QTemplate AGL EkCen=19.290 LG chi2/ndf=0.754 EGE chi2/ndf=0.699
[init] UnbiasedL1Inner_Nitrogen_TOF_L1QTemplate with 73 Ek/n bins
[ok] UnbiasedL1Inner Nitrogen L1QTemplate TOF EkCen=0.449 LG chi2/ndf=0.900 EGE chi2/ndf=0.918
[ok] UnbiasedL1Inner Nitrogen L1QTemplate TOF EkCen=0.539 LG chi2/ndf=1.245 EGE chi2/ndf=1.256
[ok] UnbiasedL1Inner Nitrogen L1QTemplate TOF EkCen=0.642 LG chi2/ndf=2.125 EGE chi2/ndf=1.753
[ok] UnbiasedL1Inner Nitrogen L1QTemplate TOF EkCen=0.759 LG chi2/ndf=1.615 EGE chi2/ndf=0.921
[ok] UnbiasedL1Inner Nitrogen L1QTemplate TOF EkCen=0.890 LG chi2/ndf=1.295 EGE chi2/ndf=1.234
[ok] UnbiasedL1Inner Nitrogen L1QTemplate TOF EkCen=1.036 LG chi2/ndf=1.868 EGE chi2/ndf=1.207
[ok] UnbiasedL1Inner Nitrogen L1QTemplate TOF EkCen=1.198 LG chi2/ndf=1.666 EGE chi2/ndf=1.379
[init] UnbiasedL1Inner_Nitrogen_TOF_L2QTemplate with 73 Ek/n bins
[ok] UnbiasedL1Inner Nitrogen L2QTemplate TOF EkCen=0.449 LG chi2/ndf=1.071 EGE chi2/ndf=0.899
[ok] UnbiasedL1Inner Nitrogen L2QTemplate TOF EkCen=0.539 LG chi2/ndf=1.199 EGE chi2/ndf=1.092
[ok] UnbiasedL1Inner Nitrogen L2QTemplate TOF EkCen=0.642 LG chi2/ndf=1.437 EGE chi2/ndf=1.422
[ok] UnbiasedL1Inner Nitrogen L2QTemplate TOF EkCen=0.759 LG chi2/ndf=0.872 EGE chi2/ndf=1.115
[ok] UnbiasedL1Inner Nitrogen L2QTemplate TOF EkCen=0.890 LG chi2/ndf=1.131 EGE chi2/ndf=1.119
[ok] UnbiasedL1Inner Nitrogen L2QTemplate TOF EkCen=1.036 LG chi2/ndf=1.180 EGE chi2/ndf=0.981
[ok] UnbiasedL1Inner Nitrogen L2QTemplate TOF EkCen=1.198 LG chi2/ndf=1.275 EGE chi2/ndf=1.250
[init] UnbiasedL1Inner_Nitrogen_NaF_L1QTemplate with 73 Ek/n bins
[ok] UnbiasedL1Inner Nitrogen L1QTemplate NaF EkCen=0.759 LG chi2/ndf=1.178 EGE chi2/ndf=1.151
[ok] UnbiasedL1Inner Nitrogen L1QTemplate NaF EkCen=0.890 LG chi2/ndf=0.758 EGE chi2/ndf=0.745
[ok] UnbiasedL1Inner Nitrogen L1QTemplate NaF EkCen=1.036 LG chi2/ndf=0.872 EGE chi2/ndf=0.908
[ok] UnbiasedL1Inner Nitrogen L1QTemplate NaF EkCen=1.198 LG chi2/ndf=0.921 EGE chi2/ndf=0.893
[ok] UnbiasedL1Inner Nitrogen L1QTemplate NaF EkCen=1.378 LG chi2/ndf=1.054 EGE chi2/ndf=1.121
[ok] UnbiasedL1Inner Nitrogen L1QTemplate NaF EkCen=1.576 LG chi2/ndf=1.301 EGE chi2/ndf=1.353
[ok] UnbiasedL1Inner Nitrogen L1QTemplate NaF EkCen=1.795 LG chi2/ndf=1.116 EGE chi2/ndf=1.267
[ok] UnbiasedL1Inner Nitrogen L1QTemplate NaF EkCen=2.036 LG chi2/ndf=1.127 EGE chi2/ndf=1.220
[ok] UnbiasedL1Inner Nitrogen L1QTemplate NaF EkCen=2.299 LG chi2/ndf=1.655 EGE chi2/ndf=1.793
[ok] UnbiasedL1Inner Nitrogen L1QTemplate NaF EkCen=2.584 LG chi2/ndf=0.953 EGE chi2/ndf=1.035
[ok] UnbiasedL1Inner Nitrogen L1QTemplate NaF EkCen=2.896 LG chi2/ndf=1.107 EGE chi2/ndf=1.212
[ok] UnbiasedL1Inner Nitrogen L1QTemplate NaF EkCen=3.234 LG chi2/ndf=0.779 EGE chi2/ndf=0.733
[ok] UnbiasedL1Inner Nitrogen L1QTemplate NaF EkCen=3.600 LG chi2/ndf=1.056 EGE chi2/ndf=1.117
[ok] UnbiasedL1Inner Nitrogen L1QTemplate NaF EkCen=3.997 LG chi2/ndf=0.679 EGE chi2/ndf=0.687
[ok] UnbiasedL1Inner Nitrogen L1QTemplate NaF EkCen=4.425 LG chi2/ndf=0.953 EGE chi2/ndf=0.977
[ok] UnbiasedL1Inner Nitrogen L1QTemplate NaF EkCen=4.894 LG chi2/ndf=1.190 EGE chi2/ndf=1.185
[init] UnbiasedL1Inner_Nitrogen_NaF_L2QTemplate with 73 Ek/n bins
[ok] UnbiasedL1Inner Nitrogen L2QTemplate NaF EkCen=0.759 LG chi2/ndf=1.044 EGE chi2/ndf=1.051
[ok] UnbiasedL1Inner Nitrogen L2QTemplate NaF EkCen=0.890 LG chi2/ndf=0.943 EGE chi2/ndf=0.914
[ok] UnbiasedL1Inner Nitrogen L2QTemplate NaF EkCen=1.036 LG chi2/ndf=0.769 EGE chi2/ndf=0.689
[ok] UnbiasedL1Inner Nitrogen L2QTemplate NaF EkCen=1.198 LG chi2/ndf=1.216 EGE chi2/ndf=1.276
[ok] UnbiasedL1Inner Nitrogen L2QTemplate NaF EkCen=1.378 LG chi2/ndf=1.055 EGE chi2/ndf=0.802
[ok] UnbiasedL1Inner Nitrogen L2QTemplate NaF EkCen=1.576 LG chi2/ndf=1.417 EGE chi2/ndf=1.305
[ok] UnbiasedL1Inner Nitrogen L2QTemplate NaF EkCen=1.795 LG chi2/ndf=0.877 EGE chi2/ndf=0.848
[ok] UnbiasedL1Inner Nitrogen L2QTemplate NaF EkCen=2.036 LG chi2/ndf=0.933 EGE chi2/ndf=0.869
[ok] UnbiasedL1Inner Nitrogen L2QTemplate NaF EkCen=2.299 LG chi2/ndf=1.122 EGE chi2/ndf=1.156
[ok] UnbiasedL1Inner Nitrogen L2QTemplate NaF EkCen=2.584 LG chi2/ndf=0.948 EGE chi2/ndf=0.988
[ok] UnbiasedL1Inner Nitrogen L2QTemplate NaF EkCen=2.896 LG chi2/ndf=1.228 EGE chi2/ndf=1.236
[ok] UnbiasedL1Inner Nitrogen L2QTemplate NaF EkCen=3.234 LG chi2/ndf=0.978 EGE chi2/ndf=0.987
[ok] UnbiasedL1Inner Nitrogen L2QTemplate NaF EkCen=3.600 LG chi2/ndf=1.159 EGE chi2/ndf=1.182
[ok] UnbiasedL1Inner Nitrogen L2QTemplate NaF EkCen=3.997 LG chi2/ndf=1.040 EGE chi2/ndf=1.111
[ok] UnbiasedL1Inner Nitrogen L2QTemplate NaF EkCen=4.425 LG chi2/ndf=0.756 EGE chi2/ndf=0.732
[ok] UnbiasedL1Inner Nitrogen L2QTemplate NaF EkCen=4.894 LG chi2/ndf=0.926 EGE chi2/ndf=0.969
[init] UnbiasedL1Inner_Nitrogen_AGL_L1QTemplate with 73 Ek/n bins
[ok] UnbiasedL1Inner Nitrogen L1QTemplate AGL EkCen=2.896 LG chi2/ndf=1.299 EGE chi2/ndf=1.499
[ok] UnbiasedL1Inner Nitrogen L1QTemplate AGL EkCen=3.234 LG chi2/ndf=1.268 EGE chi2/ndf=1.407
[ok] UnbiasedL1Inner Nitrogen L1QTemplate AGL EkCen=3.600 LG chi2/ndf=1.071 EGE chi2/ndf=1.038
[ok] UnbiasedL1Inner Nitrogen L1QTemplate AGL EkCen=3.997 LG chi2/ndf=1.233 EGE chi2/ndf=1.363
[ok] UnbiasedL1Inner Nitrogen L1QTemplate AGL EkCen=4.425 LG chi2/ndf=1.255 EGE chi2/ndf=1.236
[ok] UnbiasedL1Inner Nitrogen L1QTemplate AGL EkCen=4.894 LG chi2/ndf=1.088 EGE chi2/ndf=1.191
[ok] UnbiasedL1Inner Nitrogen L1QTemplate AGL EkCen=5.388 LG chi2/ndf=1.483 EGE chi2/ndf=1.518
[ok] UnbiasedL1Inner Nitrogen L1QTemplate AGL EkCen=5.907 LG chi2/ndf=1.285 EGE chi2/ndf=1.433
[ok] UnbiasedL1Inner Nitrogen L1QTemplate AGL EkCen=6.477 LG chi2/ndf=1.490 EGE chi2/ndf=1.553
[ok] UnbiasedL1Inner Nitrogen L1QTemplate AGL EkCen=7.098 LG chi2/ndf=1.215 EGE chi2/ndf=1.357
[ok] UnbiasedL1Inner Nitrogen L1QTemplate AGL EkCen=7.769 LG chi2/ndf=1.566 EGE chi2/ndf=1.772
[ok] UnbiasedL1Inner Nitrogen L1QTemplate AGL EkCen=8.490 LG chi2/ndf=1.270 EGE chi2/ndf=1.211
[ok] UnbiasedL1Inner Nitrogen L1QTemplate AGL EkCen=9.261 LG chi2/ndf=1.130 EGE chi2/ndf=1.190
[ok] UnbiasedL1Inner Nitrogen L1QTemplate AGL EkCen=10.083 LG chi2/ndf=1.181 EGE chi2/ndf=1.272
[ok] UnbiasedL1Inner Nitrogen L1QTemplate AGL EkCen=10.980 LG chi2/ndf=1.028 EGE chi2/ndf=1.165
[ok] UnbiasedL1Inner Nitrogen L1QTemplate AGL EkCen=11.952 LG chi2/ndf=1.367 EGE chi2/ndf=1.433
[ok] UnbiasedL1Inner Nitrogen L1QTemplate AGL EkCen=12.975 LG chi2/ndf=1.021 EGE chi2/ndf=1.156
[ok] UnbiasedL1Inner Nitrogen L1QTemplate AGL EkCen=14.072 LG chi2/ndf=0.841 EGE chi2/ndf=0.916
[ok] UnbiasedL1Inner Nitrogen L1QTemplate AGL EkCen=15.245 LG chi2/ndf=1.053 EGE chi2/ndf=1.076
[ok] UnbiasedL1Inner Nitrogen L1QTemplate AGL EkCen=16.493 LG chi2/ndf=1.198 EGE chi2/ndf=1.307
[ok] UnbiasedL1Inner Nitrogen L1QTemplate AGL EkCen=17.842 LG chi2/ndf=1.345 EGE chi2/ndf=1.437
[ok] UnbiasedL1Inner Nitrogen L1QTemplate AGL EkCen=19.290 LG chi2/ndf=0.969 EGE chi2/ndf=1.020
[init] UnbiasedL1Inner_Nitrogen_AGL_L2QTemplate with 73 Ek/n bins
[ok] UnbiasedL1Inner Nitrogen L2QTemplate AGL EkCen=2.896 LG chi2/ndf=1.031 EGE chi2/ndf=1.169
[ok] UnbiasedL1Inner Nitrogen L2QTemplate AGL EkCen=3.234 LG chi2/ndf=1.194 EGE chi2/ndf=1.235
[ok] UnbiasedL1Inner Nitrogen L2QTemplate AGL EkCen=3.600 LG chi2/ndf=0.987 EGE chi2/ndf=1.110
[ok] UnbiasedL1Inner Nitrogen L2QTemplate AGL EkCen=3.997 LG chi2/ndf=0.992 EGE chi2/ndf=1.151
[ok] UnbiasedL1Inner Nitrogen L2QTemplate AGL EkCen=4.425 LG chi2/ndf=1.381 EGE chi2/ndf=1.292
[ok] UnbiasedL1Inner Nitrogen L2QTemplate AGL EkCen=4.894 LG chi2/ndf=1.102 EGE chi2/ndf=1.221
[ok] UnbiasedL1Inner Nitrogen L2QTemplate AGL EkCen=5.388 LG chi2/ndf=1.240 EGE chi2/ndf=1.355
[ok] UnbiasedL1Inner Nitrogen L2QTemplate AGL EkCen=5.907 LG chi2/ndf=1.072 EGE chi2/ndf=1.199
[ok] UnbiasedL1Inner Nitrogen L2QTemplate AGL EkCen=6.477 LG chi2/ndf=1.024 EGE chi2/ndf=1.127
[ok] UnbiasedL1Inner Nitrogen L2QTemplate AGL EkCen=7.098 LG chi2/ndf=1.313 EGE chi2/ndf=1.278
[ok] UnbiasedL1Inner Nitrogen L2QTemplate AGL EkCen=7.769 LG chi2/ndf=0.991 EGE chi2/ndf=1.093
[ok] UnbiasedL1Inner Nitrogen L2QTemplate AGL EkCen=8.490 LG chi2/ndf=1.424 EGE chi2/ndf=1.311
[ok] UnbiasedL1Inner Nitrogen L2QTemplate AGL EkCen=9.261 LG chi2/ndf=0.870 EGE chi2/ndf=0.910
[ok] UnbiasedL1Inner Nitrogen L2QTemplate AGL EkCen=10.083 LG chi2/ndf=1.148 EGE chi2/ndf=0.937
[ok] UnbiasedL1Inner Nitrogen L2QTemplate AGL EkCen=10.980 LG chi2/ndf=1.245 EGE chi2/ndf=1.254
[ok] UnbiasedL1Inner Nitrogen L2QTemplate AGL EkCen=11.952 LG chi2/ndf=1.165 EGE chi2/ndf=1.228
[ok] UnbiasedL1Inner Nitrogen L2QTemplate AGL EkCen=12.975 LG chi2/ndf=0.958 EGE chi2/ndf=1.003
[ok] UnbiasedL1Inner Nitrogen L2QTemplate AGL EkCen=14.072 LG chi2/ndf=1.120 EGE chi2/ndf=1.126
[ok] UnbiasedL1Inner Nitrogen L2QTemplate AGL EkCen=15.245 LG chi2/ndf=1.235 EGE chi2/ndf=1.186
[ok] UnbiasedL1Inner Nitrogen L2QTemplate AGL EkCen=16.493 LG chi2/ndf=1.172 EGE chi2/ndf=1.083
[ok] UnbiasedL1Inner Nitrogen L2QTemplate AGL EkCen=17.842 LG chi2/ndf=1.112 EGE chi2/ndf=0.965
[ok] UnbiasedL1Inner Nitrogen L2QTemplate AGL EkCen=19.290 LG chi2/ndf=0.812 EGE chi2/ndf=0.753
All parameter histograms saved to /eos/user/z/zixuan/Isotope/ChargeFit/ChargeFitParams_BeToOxy_0.6_iter0.root
