
Processing rootlogon.C...
Processing est_frag.cpp...

>>> Processing channel: B11 -> B10...
  -- Detector: TOF --
  -- Detector: NaF --
  -- Detector: AGL --
****************************************
Minimizer is Minuit2 / Migrad
Chi2                      =      46.9868
NDf                       =           10
Edm                       =  7.21594e-20
NCalls                    =          282
p0                        =    0.0232154   +/-   0.000133624 
p1                        =    0.0253205   +/-   0.000130062 
p2                        =    0.0232391   +/-   0.000301965 
p3                        =    0.0203703   +/-   0.000306562 
p4                        =    0.0171934   +/-   0.000302835 
p5                        =   0.00679312   +/-   0.000321716 
p6                        =   -0.0178749   +/-   0.00485431  
p7                        =   -0.0298098   +/-   0.0193488   
p8                        =    0.0899378   +/-   0.0583762   
    INFO: Intermediate results saved to /eos/user/z/zixuan/Isotope/BkgEst/rew_results_B11_to_B10.pdf

>>> Processing channel: C12 -> B10...
  -- Detector: TOF --
  -- Detector: NaF --
  -- Detector: AGL --
****************************************
Minimizer is Minuit2 / Migrad
Chi2                      =      45.5542
NDf                       =           10
Edm                       =     1.24e-20
NCalls                    =          279
p0                        =   0.00291641   +/-   4.39577e-05 
p1                        =   0.00250845   +/-   3.88516e-05 
p2                        =   0.00187498   +/-   7.9802e-05  
p3                        =   0.00153238   +/-   7.54087e-05 
p4                        =   0.00120696   +/-   6.60337e-05 
p5                        =  0.000666431   +/-   7.32596e-05 
p6                        = -0.000384352   +/-   0.000979997 
p7                        = -0.000816279   +/-   0.00386729  
p8                        =   0.00246275   +/-   0.0116678   
    INFO: Intermediate results saved to /eos/user/z/zixuan/Isotope/BkgEst/rew_results_C12_to_B10.pdf

>>> Processing channel: N14 -> B10...
  -- Detector: TOF --
  -- Detector: NaF --
  -- Detector: AGL --
****************************************
Minimizer is Minuit2 / Migrad
Chi2                      =      28.5284
NDf                       =           10
Edm                       =  1.72947e-20
NCalls                    =          280
p0                        =  0.000529011   +/-   1.7739e-05  
p1                        =   0.00038582   +/-   1.4718e-05  
p2                        =  0.000109907   +/-   2.20849e-05 
p3                        =  0.000120435   +/-   2.03403e-05 
p4                        =  0.000111429   +/-   2.09534e-05 
p5                        =  0.000120736   +/-   3.1957e-05  
p6                        =  0.000230272   +/-   0.000558245 
p7                        =  0.000206879   +/-   0.00222987  
p8                        = -0.000624163   +/-   0.00672762  
    INFO: Intermediate results saved to /eos/user/z/zixuan/Isotope/BkgEst/rew_results_N14_to_B10.pdf

>>> Processing channel: N15 -> B10...
  -- Detector: TOF --
  -- Detector: NaF --
  -- Detector: AGL --
****************************************
Minimizer is Minuit2 / Migrad
Chi2                      =      9.84619
NDf                       =           10
Edm                       =  4.20282e-07
NCalls                    =          261
p0                        =  0.000520813   +/-   1.66049e-05 
p1                        =  0.000358363   +/-   1.35255e-05 
p2                        =  0.000177963   +/-   2.33556e-05 
p3                        =  7.94514e-05   +/-   1.79308e-05 
p4                        =  0.000133379   +/-   2.1301e-05  
p5                        =  4.74286e-05   +/-   2.31429e-05 
p6                        = -4.60657e-05   +/-   0.000501141 
p7                        = -0.000232883   +/-   0.00194434  
p8                        =  0.000702618   +/-   0.00586617  
    INFO: Intermediate results saved to /eos/user/z/zixuan/Isotope/BkgEst/rew_results_N15_to_B10.pdf

>>> Processing channel: O16 -> B10...
  -- Detector: TOF --
  -- Detector: NaF --
  -- Detector: AGL --
****************************************
Minimizer is Minuit2 / Migrad
Chi2                      =      27.0909
NDf                       =           10
Edm                       =  5.02239e-21
NCalls                    =          280
p0                        =  0.000384844   +/-   1.63531e-05 
p1                        =   0.00022361   +/-   1.27587e-05 
p2                        =  8.95141e-05   +/-   2.09304e-05 
p3                        =  7.41859e-05   +/-   1.72455e-05 
p4                        =  7.83236e-05   +/-   1.90434e-05 
p5                        =   4.5262e-05   +/-   2.36841e-05 
p6                        = -0.000289861   +/-   0.000449901 
p7                        =  -0.00049668   +/-   0.00178197  
p8                        =   0.00149851   +/-   0.00537628  
    INFO: Intermediate results saved to /eos/user/z/zixuan/Isotope/BkgEst/rew_results_O16_to_B10.pdf

>>> Processing channel: C12 -> B11...
  -- Detector: TOF --
  -- Detector: NaF --
  -- Detector: AGL --
****************************************
Minimizer is Minuit2 / Migrad
Chi2                      =      64.4893
NDf                       =           12
Edm                       =  1.19207e-18
NCalls                    =          184
p0                        =   0.00543642   +/-   5.06984e-05 
p1                        =   0.00421313   +/-   6.7356e-05  
p2                        =   0.00293262   +/-   7.05456e-05 
p3                        =   0.00198852   +/-   0.00010469  
p4                        =   0.00285489   +/-   0.00145491  
p5                        =   0.00331071   +/-   0.0058668   
p6                        =  -0.00998858   +/-   0.0177004   
    INFO: Intermediate results saved to /eos/user/z/zixuan/Isotope/BkgEst/rew_results_C12_to_B11.pdf

>>> Processing channel: N14 -> B11...
  -- Detector: TOF --
  -- Detector: NaF --
  -- Detector: AGL --
****************************************
Minimizer is Minuit2 / Migrad
Chi2                      =      25.5901
NDf                       =           10
Edm                       =  3.71304e-21
NCalls                    =          280
p0                        =   0.00136448   +/-   2.8046e-05  
p1                        =    0.0010157   +/-   2.37763e-05 
p2                        =  0.000601716   +/-   4.67932e-05 
p3                        =  0.000343058   +/-   3.40787e-05 
p4                        =  0.000296191   +/-   3.18768e-05 
p5                        =  0.000140434   +/-   3.89665e-05 
p6                        = -0.000252028   +/-   0.000656053 
p7                        = -0.000545503   +/-   0.00265732  
p8                        =   0.00164581   +/-   0.00801727  
    INFO: Intermediate results saved to /eos/user/z/zixuan/Isotope/BkgEst/rew_results_N14_to_B11.pdf

>>> Processing channel: N15 -> B11...
  -- Detector: TOF --
  -- Detector: NaF --
  -- Detector: AGL --
****************************************
Minimizer is Minuit2 / Migrad
Chi2                      =      52.6078
NDf                       =           10
Edm                       =  1.93219e-20
NCalls                    =          278
p0                        =   0.00125577   +/-   2.56042e-05 
p1                        =  0.000815472   +/-   2.02954e-05 
p2                        =  0.000503816   +/-   3.74515e-05 
p3                        =  0.000260583   +/-   2.99466e-05 
p4                        =  0.000198662   +/-   2.48376e-05 
p5                        =   9.9816e-05   +/-   3.18247e-05 
p6                        = -0.000412356   +/-   0.000608292 
p7                        = -0.000710949   +/-   0.00236617  
p8                        =   0.00214497   +/-   0.00713885  
    INFO: Intermediate results saved to /eos/user/z/zixuan/Isotope/BkgEst/rew_results_N15_to_B11.pdf

>>> Processing channel: O16 -> B11...
  -- Detector: TOF --
  -- Detector: NaF --
  -- Detector: AGL --
****************************************
Minimizer is Minuit2 / Migrad
Chi2                      =      45.2474
NDf                       =           11
Edm                       =  2.51258e-19
NCalls                    =          185
p0                        =  0.000578476   +/-   1.60732e-05 
p1                        =  0.000149373   +/-   1.58035e-05 
p2                        =  9.44348e-05   +/-   1.35025e-05 
p3                        =  6.70145e-05   +/-   2.25976e-05 
p4                        = -0.000455139   +/-   0.000414438 
p5                        = -0.000708952   +/-   0.00186659  
p6                        =   0.00213894   +/-   0.00563158  
    INFO: Intermediate results saved to /eos/user/z/zixuan/Isotope/BkgEst/rew_results_O16_to_B11.pdf

>>> Processing channel: Be9 -> Be7...
  -- Detector: TOF --
  -- Detector: NaF --
  -- Detector: AGL --
****************************************
Minimizer is Minuit2 / Migrad
Chi2                      =      4.22511
NDf                       =           10
Edm                       =  1.27796e-08
NCalls                    =          279
p0                        =   0.00111131   +/-   2.66457e-05 
p1                        =   0.00110414   +/-   2.41579e-05 
p2                        =    0.0010791   +/-   5.43086e-05 
p3                        =  0.000683085   +/-   4.7154e-05  
p4                        =  0.000596904   +/-   4.71868e-05 
p5                        =  0.000964576   +/-   8.50822e-05 
p6                        =  -0.00185834   +/-   0.00136571  
p7                        =  -0.00269332   +/-   0.00588568  
p8                        =   0.00812587   +/-   0.0177574   
    INFO: Intermediate results saved to /eos/user/z/zixuan/Isotope/BkgEst/rew_results_Be9_to_Be7.pdf

>>> Processing channel: Be10 -> Be7...
  -- Detector: TOF --
  -- Detector: NaF --
  -- Detector: AGL --
****************************************
Minimizer is Minuit2 / Migrad
Chi2                      =      32.9451
NDf                       =           10
Edm                       =  6.80634e-22
NCalls                    =          301
p0                        =  0.000584063   +/-   1.90296e-05 
p1                        =  0.000497483   +/-   1.61403e-05 
p2                        =  0.000406373   +/-   3.30329e-05 
p3                        =  0.000362223   +/-   3.35289e-05 
p4                        =  0.000303413   +/-   3.29666e-05 
p5                        =  0.000207055   +/-   4.14624e-05 
p6                        =  6.78098e-05   +/-   0.00063904  
p7                        =  4.02871e-06   +/-   0.00250569  
p8                        = -1.21548e-05   +/-   0.0075598   
    INFO: Intermediate results saved to /eos/user/z/zixuan/Isotope/BkgEst/rew_results_Be10_to_Be7.pdf

>>> Processing channel: B10 -> Be7...
  -- Detector: TOF --
  -- Detector: NaF --
  -- Detector: AGL --
****************************************
Minimizer is Minuit2 / Migrad
Chi2                      =      26.1584
NDf                       =           10
Edm                       =  9.10322e-22
NCalls                    =          280
p0                        =  0.000184264   +/-   7.25733e-06 
p1                        =  0.000148818   +/-   6.31338e-06 
p2                        =   0.00011084   +/-   1.30476e-05 
p3                        =  5.46189e-05   +/-   1.03903e-05 
p4                        =  6.63252e-05   +/-   1.16924e-05 
p5                        =  0.000150083   +/-   2.39564e-05 
p6                        =  0.000790784   +/-   0.000396262 
p7                        =   0.00101243   +/-   0.00157671  
p8                        =  -0.00305456   +/-   0.00475701  
    INFO: Intermediate results saved to /eos/user/z/zixuan/Isotope/BkgEst/rew_results_B10_to_Be7.pdf

>>> Processing channel: B11 -> Be7...
  -- Detector: TOF --
  -- Detector: NaF --
  -- Detector: AGL --
****************************************
Minimizer is Minuit2 / Migrad
Chi2                      =      12.8429
NDf                       =           10
Edm                       =  1.90332e-06
NCalls                    =          291
p0                        =  0.000271622   +/-   1.34223e-05 
p1                        =  0.000200704   +/-   1.13791e-05 
p2                        =  0.000140675   +/-   2.47694e-05 
p3                        =  8.92529e-05   +/-   1.90762e-05 
p4                        =  6.14224e-05   +/-   1.87286e-05 
p5                        =  4.49412e-05   +/-   2.30532e-05 
p6                        =  5.01689e-06   +/-   0.000501018 
p7                        = -5.69474e-05   +/-   0.00195603  
p8                        =  0.000171813   +/-   0.00590143  
    INFO: Intermediate results saved to /eos/user/z/zixuan/Isotope/BkgEst/rew_results_B11_to_Be7.pdf

>>> Processing channel: C12 -> Be7...
  -- Detector: TOF --
  -- Detector: NaF --
  -- Detector: AGL --
****************************************
Minimizer is Minuit2 / Migrad
Chi2                      =      44.5677
NDf                       =           12
Edm                       =  3.02815e-20
NCalls                    =          185
p0                        =  0.000560415   +/-   1.56002e-05 
p1                        =  0.000252392   +/-   1.78835e-05 
p2                        =  0.000164954   +/-   1.66309e-05 
p3                        =  0.000101045   +/-   2.48497e-05 
p4                        = -0.000476108   +/-   0.000429609 
p5                        = -0.000738149   +/-   0.00190592  
p6                        =   0.00222703   +/-   0.00575026  
    INFO: Intermediate results saved to /eos/user/z/zixuan/Isotope/BkgEst/rew_results_C12_to_Be7.pdf

>>> Processing channel: N14 -> Be7...
  -- Detector: TOF --
  -- Detector: NaF --
  -- Detector: AGL --
****************************************
Minimizer is Minuit2 / Migrad
Chi2                      =      18.2235
NDf                       =           10
Edm                       =  1.08635e-20
NCalls                    =          283
p0                        =  0.000160134   +/-   6.894e-06   
p1                        =  9.14725e-05   +/-   5.24091e-06 
p2                        =  4.67436e-05   +/-   8.51545e-06 
p3                        =  2.48429e-05   +/-   7.30289e-06 
p4                        =  3.29442e-05   +/-   8.03215e-06 
p5                        =  3.32869e-05   +/-   1.17489e-05 
p6                        = -0.000113591   +/-   0.000236425 
p7                        = -0.000185692   +/-   0.000968771 
p8                        =  0.000560241   +/-   0.00292283  
    INFO: Intermediate results saved to /eos/user/z/zixuan/Isotope/BkgEst/rew_results_N14_to_Be7.pdf

>>> Processing channel: N15 -> Be7...
  -- Detector: TOF --
  -- Detector: NaF --
  -- Detector: AGL --
****************************************
Minimizer is Minuit2 / Migrad
Chi2                      =      28.6997
NDf                       =           11
Edm                       =  1.95857e-19
NCalls                    =          188
p0                        =  0.000227325   +/-   8.94052e-06 
p1                        =    2.868e-05   +/-   8.29487e-06 
p2                        =  4.19282e-05   +/-   7.63582e-06 
p3                        =  1.70873e-05   +/-   1.50987e-05 
p4                        =  -2.5189e-05   +/-   0.000304157 
p5                        = -9.54098e-05   +/-   0.00109735  
p6                        =  0.000287856   +/-   0.00331077  
    INFO: Intermediate results saved to /eos/user/z/zixuan/Isotope/BkgEst/rew_results_N15_to_Be7.pdf

>>> Processing channel: O16 -> Be7...
  -- Detector: TOF --
  -- Detector: NaF --
  -- Detector: AGL --
****************************************
Minimizer is Minuit2 / Migrad
Chi2                      =      30.0953
NDf                       =            9
Edm                       =  1.01326e-21
NCalls                    =          300
p0                        =  0.000276514   +/-   1.30225e-05 
p1                        =  9.32948e-05   +/-   8.48213e-06 
p2                        =  1.65294e-05   +/-   1.50108e-05 
p3                        =  3.69164e-05   +/-   1.30981e-05 
p4                        =  2.69518e-05   +/-   1.27661e-05 
p5                        =  7.44866e-05   +/-   2.10317e-05 
p6                        =  0.000435437   +/-   0.000280677 
p7                        =  0.000578684   +/-   0.00104695  
p8                        =  -0.00174592   +/-   0.00315871  
    INFO: Intermediate results saved to /eos/user/z/zixuan/Isotope/BkgEst/rew_results_O16_to_Be7.pdf

>>> Processing channel: Be10 -> Be9...
  -- Detector: TOF --
  -- Detector: NaF --
  -- Detector: AGL --
****************************************
Minimizer is Minuit2 / Migrad
Chi2                      =      30.1501
NDf                       =           10
Edm                       =  2.38621e-19
NCalls                    =          281
p0                        =    0.0155686   +/-   0.000102209 
p1                        =    0.0173493   +/-   9.70201e-05 
p2                        =     0.016224   +/-   0.000219687 
p3                        =    0.0142173   +/-   0.000218205 
p4                        =    0.0126642   +/-   0.000219055 
p5                        =   0.00872803   +/-   0.000270828 
p6                        =     0.011579   +/-   0.00352175  
p7                        =    0.0143253   +/-   0.0138254   
p8                        =     -0.04322   +/-   0.0417119   
    INFO: Intermediate results saved to /eos/user/z/zixuan/Isotope/BkgEst/rew_results_Be10_to_Be9.pdf

>>> Processing channel: B10 -> Be9...
  -- Detector: TOF --
  -- Detector: NaF --
  -- Detector: AGL --
****************************************
Minimizer is Minuit2 / Migrad
Chi2                      =      15.7032
NDf                       =           10
Edm                       =  4.64163e-23
NCalls                    =          280
p0                        =  0.000992369   +/-   1.77793e-05 
p1                        =  0.000943637   +/-   1.67165e-05 
p2                        =  0.000819512   +/-   3.76839e-05 
p3                        =  0.000632729   +/-   3.54555e-05 
p4                        =  0.000595151   +/-   3.663e-05   
p5                        =  0.000660766   +/-   5.47841e-05 
p6                        =   0.00175938   +/-   0.000777746 
p7                        =   0.00233135   +/-   0.00305667  
p8                        =  -0.00703378   +/-   0.00922213  
    INFO: Intermediate results saved to /eos/user/z/zixuan/Isotope/BkgEst/rew_results_B10_to_Be9.pdf

>>> Processing channel: B11 -> Be9...
  -- Detector: TOF --
  -- Detector: NaF --
  -- Detector: AGL --
****************************************
Minimizer is Minuit2 / Migrad
Chi2                      =      9.20249
NDf                       =           10
Edm                       =   3.7941e-06
NCalls                    =          258
p0                        =   0.00325557   +/-   4.93142e-05 
p1                        =   0.00287994   +/-   4.44897e-05 
p2                        =   0.00236438   +/-   9.72373e-05 
p3                        =    0.0019956   +/-   9.41921e-05 
p4                        =   0.00142807   +/-   8.53241e-05 
p5                        =  0.000372372   +/-   8.03129e-05 
p6                        =  -0.00219398   +/-   0.00108655  
p7                        =  -0.00333921   +/-   0.00437161  
p8                        =    0.0100746   +/-   0.0131893   
    INFO: Intermediate results saved to /eos/user/z/zixuan/Isotope/BkgEst/rew_results_B11_to_Be9.pdf

>>> Processing channel: C12 -> Be9...
  -- Detector: TOF --
  -- Detector: NaF --
  -- Detector: AGL --
****************************************
Minimizer is Minuit2 / Migrad
Chi2                      =      19.4237
NDf                       =           10
Edm                       =  2.34705e-21
NCalls                    =          282
p0                        =  0.000424486   +/-   1.65434e-05 
p1                        =  0.000278922   +/-   1.33468e-05 
p2                        =  0.000166833   +/-   2.47349e-05 
p3                        =  0.000159421   +/-   2.27277e-05 
p4                        =  6.50025e-05   +/-   1.64798e-05 
p5                        =  6.25177e-05   +/-   2.09184e-05 
p6                        = -7.13101e-05   +/-   0.000277057 
p7                        = -9.54426e-05   +/-   0.00115317  
p8                        =  0.000287955   +/-   0.00347916  
    INFO: Intermediate results saved to /eos/user/z/zixuan/Isotope/BkgEst/rew_results_C12_to_Be9.pdf

>>> Processing channel: N14 -> Be9...
  -- Detector: TOF --
  -- Detector: NaF --
  -- Detector: AGL --
****************************************
Minimizer is Minuit2 / Migrad
Chi2                      =      14.5228
NDf                       =            8
Edm                       =  1.14985e-20
NCalls                    =          280
p0                        =  0.000157641   +/-   6.91522e-06 
p1                        =  5.77497e-05   +/-   4.44671e-06 
p2                        =  4.93001e-05   +/-   9.57728e-06 
p3                        =  3.37922e-05   +/-   9.43696e-06 
p4                        =  2.48609e-05   +/-   7.00913e-06 
p5                        =  1.62197e-05   +/-   8.8785e-06  
p6                        =  8.73346e-05   +/-   0.000215909 
p7                        =  7.01861e-05   +/-   0.000824368 
p8                        = -0.000211755   +/-   0.00248716  
    INFO: Intermediate results saved to /eos/user/z/zixuan/Isotope/BkgEst/rew_results_N14_to_Be9.pdf

>>> Processing channel: N15 -> Be9...
  -- Detector: TOF --
  -- Detector: NaF --
  -- Detector: AGL --
****************************************
Minimizer is Minuit2 / Migrad
Chi2                      =      15.8798
NDf                       =            9
Edm                       =  1.76541e-21
NCalls                    =          282
p0                        =   0.00030509   +/-   1.27535e-05 
p1                        =  0.000145556   +/-   9.2445e-06  
p2                        =  6.56023e-05   +/-   1.90487e-05 
p3                        =  4.61293e-05   +/-   1.1824e-05  
p4                        =  3.27356e-05   +/-   1.11543e-05 
p5                        =  3.14341e-05   +/-   1.78142e-05 
p6                        =  5.23088e-05   +/-   0.000206372 
p7                        =  6.77969e-05   +/-   0.000779603 
p8                        = -0.000204547   +/-   0.0023521   
    INFO: Intermediate results saved to /eos/user/z/zixuan/Isotope/BkgEst/rew_results_N15_to_Be9.pdf

>>> Processing channel: O16 -> Be9...
  -- Detector: TOF --
  -- Detector: NaF --
  -- Detector: AGL --
****************************************
Minimizer is Minuit2 / Migrad
Chi2                      =      8.48891
NDf                       =            6
Edm                       =  6.23752e-21
NCalls                    =          282
p0                        =  0.000169514   +/-   1.07198e-05 
p1                        =   7.7427e-05   +/-   7.83143e-06 
p2                        =  7.46508e-05   +/-   2.13553e-05 
p3                        =  2.94076e-05   +/-   1.11029e-05 
p4                        =  1.33336e-05   +/-   9.518e-06   
p5                        =  2.47822e-05   +/-   1.33636e-05 
p6                        =  0.000162292   +/-   0.000261049 
p7                        =  0.000189998   +/-   0.00119066  
p8                        = -0.000573233   +/-   0.00359228  
    INFO: Intermediate results saved to /eos/user/z/zixuan/Isotope/BkgEst/rew_results_O16_to_Be9.pdf

>>> Processing channel: B11 -> Be10...
  -- Detector: TOF --
  -- Detector: NaF --
  -- Detector: AGL --
****************************************
Minimizer is Minuit2 / Migrad
Chi2                      =      15.1497
NDf                       =           10
Edm                       =  2.64088e-20
NCalls                    =          278
p0                        =   0.00420273   +/-   5.71039e-05 
p1                        =   0.00439975   +/-   5.4642e-05  
p2                        =   0.00309684   +/-   0.000115346 
p3                        =    0.0029479   +/-   0.000116568 
p4                        =   0.00254416   +/-   0.000114569 
p5                        =   0.00139537   +/-   0.000136154 
p6                        =    0.0002518   +/-   0.00175962  
p7                        =  9.73364e-06   +/-   0.00697839  
p8                        = -2.93669e-05   +/-   0.0210541   
    INFO: Intermediate results saved to /eos/user/z/zixuan/Isotope/BkgEst/rew_results_B11_to_Be10.pdf

>>> Processing channel: C12 -> Be10...
  -- Detector: TOF --
  -- Detector: NaF --
  -- Detector: AGL --
****************************************
Minimizer is Minuit2 / Migrad
Chi2                      =      35.4194
NDf                       =           12
Edm                       =  1.80318e-06
NCalls                    =          201
p0                        =  0.000339958   +/-   1.27091e-05 
p1                        =  0.000194747   +/-   1.54289e-05 
p2                        =  0.000119841   +/-   1.51673e-05 
p3                        =  0.000130732   +/-   2.44053e-05 
p4                        =  0.000675089   +/-   0.000385629 
p5                        =  0.000862503   +/-   0.00142731  
p6                        =  -0.00260221   +/-   0.00430625  
    INFO: Intermediate results saved to /eos/user/z/zixuan/Isotope/BkgEst/rew_results_C12_to_Be10.pdf

>>> Processing channel: N14 -> Be10...
  -- Detector: TOF --
  -- Detector: NaF --
  -- Detector: AGL --
****************************************
Minimizer is Minuit2 / Migrad
Chi2                      =      21.0752
NDf                       =            9
Edm                       =  4.17207e-21
NCalls                    =          282
p0                        =  0.000156588   +/-   7.19901e-06 
p1                        =  9.57858e-05   +/-   5.75821e-06 
p2                        =  6.08786e-05   +/-   1.03855e-05 
p3                        =  2.32889e-05   +/-   7.8547e-06  
p4                        =  2.89837e-05   +/-   7.89225e-06 
p5                        =  2.31008e-05   +/-   1.02838e-05 
p6                        = -7.53698e-05   +/-   0.000168103 
p7                        = -0.000110343   +/-   0.000668721 
p8                        =  0.000332909   +/-   0.00201757  
    INFO: Intermediate results saved to /eos/user/z/zixuan/Isotope/BkgEst/rew_results_N14_to_Be10.pdf

>>> Processing channel: N15 -> Be10...
  -- Detector: TOF --
  -- Detector: NaF --
  -- Detector: AGL --
****************************************
Minimizer is Minuit2 / Migrad
Chi2                      =      21.5482
NDf                       =           10
Edm                       =  2.82654e-20
NCalls                    =          281
p0                        =  0.000535771   +/-   1.7103e-05  
p1                        =  0.000283419   +/-   1.28648e-05 
p2                        =   0.00019689   +/-   2.37813e-05 
p3                        =  9.01005e-05   +/-   1.74925e-05 
p4                        =  7.21255e-05   +/-   1.69701e-05 
p5                        =  6.05118e-05   +/-   2.42249e-05 
p6                        =  0.000112991   +/-   0.00035243  
p7                        =  0.000110298   +/-   0.0013696   
p8                        = -0.000332774   +/-   0.00413214  
    INFO: Intermediate results saved to /eos/user/z/zixuan/Isotope/BkgEst/rew_results_N15_to_Be10.pdf

>>> Processing channel: O16 -> Be10...
  -- Detector: TOF --
  -- Detector: NaF --
  -- Detector: AGL --
****************************************
Minimizer is Minuit2 / Migrad
Chi2                      =      36.2052
NDf                       =           10
Edm                       =  5.37217e-20
NCalls                    =          182
p0                        =  0.000180845   +/-   9.91736e-06 
p1                        =  3.30863e-05   +/-   1.0998e-05  
p2                        =  1.85006e-05   +/-   5.83816e-06 
p3                        =  2.08192e-05   +/-   1.36577e-05 
p4                        = -0.000167855   +/-   0.000255168 
p5                        = -0.000251618   +/-   0.00106935  
p6                        =  0.000759143   +/-   0.00322628  
    INFO: Intermediate results saved to /eos/user/z/zixuan/Isotope/BkgEst/rew_results_O16_to_Be10.pdf

--- All calculations finished. Starting to generate plots. ---

>>> Successfully created plot: /eos/user/z/zixuan/Isotope/BkgEst/rew_frag_epsilon_B10.png
>>> Successfully created plot: /eos/user/z/zixuan/Isotope/BkgEst/rew_frag_epsilon_B11.png
>>> Successfully created plot: /eos/user/z/zixuan/Isotope/BkgEst/rew_frag_epsilon_Be10.png
>>> Successfully created plot: /eos/user/z/zixuan/Isotope/BkgEst/rew_frag_epsilon_Be7.png
>>> Successfully created plot: /eos/user/z/zixuan/Isotope/BkgEst/rew_frag_epsilon_Be9.png

--- All plots generated and results saved to root://eoshome-z.cern.ch//eos/user/z/zixuan/Isotope/BkgEst/Epsilon_Results.root. Script finished. ---

