
Processing ../rootlogon.C...
Processing FluxSmooth.cpp...


======================================================
Processing Element: Be (Z=4)
======================================================
Step 1: Converting total R flux to an approximate total Ek/n flux...
Step 2: Splitting approximate total Ek/n flux with constant ratios...
Step 3: Smoothing initial isotope Ek/n fluxes...
=== Be7_spline_Ek ===
Data points: 67
Spline nodes: 12
****************************************
Minimizer is Minuit2 / Migrad
Chi2                      =      19.5799
NDf                       =           55
Edm                       =  8.04341e-18
NCalls                    =          470
p0                        =     0.260331   +/-   0.00504982  
p1                        =      0.12576   +/-   0.00131263  
p2                        =    0.0410324   +/-   0.000363861 
p3                        =   0.00880553   +/-   8.0139e-05  
p4                        =   0.00186916   +/-   1.76263e-05 
p5                        =  0.000386592   +/-   3.881e-06   
p6                        =  8.15852e-05   +/-   9.1598e-07  
p7                        =  1.70228e-05   +/-   2.37031e-07 
p8                        =  2.84021e-06   +/-   5.83343e-08 
p9                        =  4.12604e-07   +/-   1.45541e-08 
p10                       =  1.64191e-08   +/-   2.75955e-09 
p11                       =  1.80301e-09   +/-   7.12952e-10 
=== Be9_spline_Ek ===
Data points: 67
Spline nodes: 12
****************************************
Minimizer is Minuit2 / Migrad
Chi2                      =      19.5799
NDf                       =           55
Edm                       =  1.61679e-17
NCalls                    =          470
p0                        =     0.130166   +/-   0.00252491  
p1                        =    0.0628799   +/-   0.000656314 
p2                        =    0.0205162   +/-   0.00018193  
p3                        =   0.00440276   +/-   4.00695e-05 
p4                        =  0.000934578   +/-   8.81316e-06 
p5                        =  0.000193296   +/-   1.9405e-06  
p6                        =  4.07926e-05   +/-   4.5799e-07  
p7                        =  8.51141e-06   +/-   1.18516e-07 
p8                        =  1.42011e-06   +/-   2.91672e-08 
p9                        =  2.06302e-07   +/-   7.27705e-09 
p10                       =  8.20955e-09   +/-   1.37977e-09 
p11                       =  9.01506e-10   +/-   3.56476e-10 
=== Be10_spline_Ek ===
Data points: 67
Spline nodes: 12
****************************************
Minimizer is Minuit2 / Migrad
Chi2                      =      19.5799
NDf                       =           55
Edm                       =  2.88078e-18
NCalls                    =          470
p0                        =    0.0433886   +/-   0.000841637 
p1                        =      0.02096   +/-   0.000218771 
p2                        =   0.00683874   +/-   6.06434e-05 
p3                        =   0.00146759   +/-   1.33565e-05 
p4                        =  0.000311526   +/-   2.93772e-06 
p5                        =   6.4432e-05   +/-   6.46833e-07 
p6                        =  1.35975e-05   +/-   1.52663e-07 
p7                        =  2.83714e-06   +/-   3.95052e-08 
p8                        =  4.73369e-07   +/-   9.72238e-09 
p9                        =  6.87673e-08   +/-   2.42568e-09 
p10                       =  2.73652e-09   +/-   4.59925e-10 
p11                       =  3.00502e-10   +/-   1.18825e-10 
Step 4: Re-splitting ORIGINAL total R-flux with dynamic ratios...
Step 5: Smoothing final isotope R fluxes...
=== Be7_spline_R ===
Data points: 67
Spline nodes: 12
****************************************
Minimizer is Minuit2 / Migrad
Chi2                      =      37.1014
NDf                       =           55
Edm                       =  4.18096e-16
NCalls                    =          447
p0                        =    0.0918744   +/-   0.00168688  
p1                        =    0.0464778   +/-   0.000460396 
p2                        =    0.0149976   +/-   0.000131346 
p3                        =   0.00304275   +/-   2.83486e-05 
p4                        =  0.000635918   +/-   6.05517e-06 
p5                        =   0.00012751   +/-   1.2965e-06  
p6                        =  2.67769e-05   +/-   3.01537e-07 
p7                        =  5.50348e-06   +/-   7.73914e-08 
p8                        =  9.21223e-07   +/-   1.89213e-08 
p9                        =  1.41448e-07   +/-   4.9781e-09  
p10                       =  6.15952e-09   +/-   1.04594e-09 
p11                       =  1.10449e-10   +/-   4.34585e-11 
=== Be9_spline_R ===
Data points: 67
Spline nodes: 12
****************************************
Minimizer is Minuit2 / Migrad
Chi2                      =      23.8068
NDf                       =           55
Edm                       =  1.87553e-05
NCalls                    =          470
p0                        =    0.0557714   +/-   0.00110693  
p1                        =    0.0348415   +/-   0.000359485 
p2                        =    0.0131951   +/-   0.000115043 
p3                        =   0.00298596   +/-   2.72228e-05 
p4                        =  0.000648502   +/-   6.15638e-06 
p5                        =  0.000136136   +/-   1.37071e-06 
p6                        =  2.88232e-05   +/-   3.24864e-07 
p7                        =  6.05853e-06   +/-   8.43742e-08 
p8                        =  1.00756e-06   +/-   2.07859e-08 
p9                        =  1.41806e-07   +/-   5.0219e-09  
p10                       =  5.27171e-09   +/-   8.88373e-10 
p11                       =   9.5263e-10   +/-   3.78241e-10 
=== Be10_spline_R ===
Data points: 67
Spline nodes: 12
****************************************
Minimizer is Minuit2 / Migrad
Chi2                      =      30.0221
NDf                       =           55
Edm                       =  3.37783e-16
NCalls                    =          440
p0                        =    0.0200755   +/-   0.000407764 
p1                        =    0.0133592   +/-   0.000140594 
p2                        =   0.00545998   +/-   4.78529e-05 
p3                        =   0.00131143   +/-   1.18468e-05 
p4                        =  0.000289356   +/-   2.74595e-06 
p5                        =  6.21295e-05   +/-   6.23076e-07 
p6                        =  1.32285e-05   +/-   1.49158e-07 
p7                        =  2.80285e-06   +/-   3.89252e-08 
p8                        =  4.67267e-07   +/-   9.65141e-09 
p9                        =  6.37808e-08   +/-   2.2727e-09  
p10                       =  2.36646e-09   +/-   3.9148e-10  
p11                       =  4.51309e-10   +/-   1.79928e-10 


======================================================
Processing Element: B (Z=5)
======================================================
Step 1: Converting total R flux to an approximate total Ek/n flux...
Step 2: Splitting approximate total Ek/n flux with constant ratios...
Step 3: Smoothing initial isotope Ek/n fluxes...
=== B10_spline_Ek ===
Data points: 67
Spline nodes: 12
****************************************
Minimizer is Minuit2 / Migrad
Chi2                      =      21.0767
NDf                       =           55
Edm                       =  5.40849e-16
NCalls                    =          445
p0                        =     0.477436   +/-   0.0129709   
p1                        =     0.214423   +/-   0.00239176  
p2                        =    0.0671525   +/-   0.000567127 
p3                        =    0.0140525   +/-   0.00011282  
p4                        =   0.00290883   +/-   2.37486e-05 
p5                        =  0.000591391   +/-   5.0832e-06  
p6                        =  0.000122264   +/-   1.16138e-06 
p7                        =  2.51323e-05   +/-   2.82066e-07 
p8                        =  4.31427e-06   +/-   6.71184e-08 
p9                        =   6.2182e-07   +/-   1.60311e-08 
p10                       =  3.02159e-08   +/-   3.40956e-09 
p11                       =  3.51367e-09   +/-   8.17005e-10 
=== B11_spline_Ek ===
Data points: 67
Spline nodes: 12
****************************************
Minimizer is Minuit2 / Migrad
Chi2                      =      21.0767
NDf                       =           55
Edm                       =  5.64982e-16
NCalls                    =          445
p0                        =      1.11402   +/-   0.0302655   
p1                        =     0.500321   +/-   0.00558076  
p2                        =     0.156689   +/-   0.0013233   
p3                        =    0.0327891   +/-   0.000263247 
p4                        =   0.00678728   +/-   5.54135e-05 
p5                        =   0.00137991   +/-   1.18608e-05 
p6                        =  0.000285284   +/-   2.70988e-06 
p7                        =   5.8642e-05   +/-   6.58154e-07 
p8                        =  1.00666e-05   +/-   1.5661e-07  
p9                        =  1.45091e-06   +/-   3.74059e-08 
p10                       =  7.05038e-08   +/-   7.95563e-09 
p11                       =  8.19855e-09   +/-   1.90635e-09 
Step 4: Re-splitting ORIGINAL total R-flux with dynamic ratios...
Step 5: Smoothing final isotope R fluxes...
=== B10_spline_R ===
Data points: 67
Spline nodes: 12
****************************************
Minimizer is Minuit2 / Migrad
Chi2                      =      32.8361
NDf                       =           55
Edm                       =  1.56711e-16
NCalls                    =          532
p0                        =     0.156021   +/-   0.0040759   
p1                        =     0.077962   +/-   0.000844104 
p2                        =     0.025776   +/-   0.000218068 
p3                        =   0.00536463   +/-   4.38666e-05 
p4                        =   0.00110898   +/-   9.15053e-06 
p5                        =  0.000223147   +/-   1.93761e-06 
p6                        =  4.60368e-05   +/-   4.3939e-07  
p7                        =  9.44205e-06   +/-   1.06684e-07 
p8                        =  1.63086e-06   +/-   2.53799e-08 
p9                        =  2.38018e-07   +/-   6.1583e-09  
p10                       =  1.32457e-08   +/-   1.4747e-09  
p11                       =  4.10791e-10   +/-   9.51787e-11 
=== B11_spline_R ===
Data points: 67
Spline nodes: 12
****************************************
Minimizer is Minuit2 / Migrad
Chi2                      =      28.6253
NDf                       =           55
Edm                       =  1.89599e-05
NCalls                    =          506
p0                        =     0.394825   +/-   0.010704    
p1                        =      0.21489   +/-   0.00234781  
p2                        =    0.0752242   +/-   0.000631642 
p3                        =    0.0162253   +/-   0.00013164  
p4                        =   0.00340862   +/-   2.80759e-05 
p5                        =  0.000696447   +/-   6.02338e-06 
p6                        =  0.000144378   +/-   1.37768e-06 
p7                        =  2.96922e-05   +/-   3.3436e-07  
p8                        =  5.09023e-06   +/-   7.94865e-08 
p9                        =  7.29928e-07   +/-   1.88476e-08 
p10                       =  3.38143e-08   +/-   3.8338e-09  
p11                       =  5.05707e-09   +/-   1.1774e-09  


======================================================
Processing Element: C (Z=6)
======================================================
Step 1: Converting total R flux to an approximate total Ek/n flux...
Step 2: Splitting approximate total Ek/n flux with constant ratios...
Step 3: Smoothing initial isotope Ek/n fluxes...
=== C12_spline_Ek ===
Data points: 68
Spline nodes: 12
****************************************
Minimizer is Minuit2 / Migrad
Chi2                      =      72.2157
NDf                       =           56
Edm                       =  2.27289e-07
NCalls                    =          308
p0                        =      4.77688   +/-   0.0804455   
p1                        =      2.05286   +/-   0.014726    
p2                        =     0.674714   +/-   0.0021786   
p3                        =     0.160552   +/-   0.000952168 
p4                        =    0.0385657   +/-   0.000134618 
p5                        =   0.00948163   +/-   6.20036e-05 
p6                        =   0.00238282   +/-   1.71835e-05 
p7                        =  0.000601739   +/-   3.38962e-06 
p8                        =  0.000124428   +/-   1.06637e-06 
p9                        =  2.22514e-05   +/-   2.94322e-07 
p10                       =   6.8801e-07   +/-   4.43184e-08 
p11                       =   1.6444e-07   +/-   1.90213e-08 
Step 4: Re-splitting ORIGINAL total R-flux with dynamic ratios...
Step 5: Smoothing final isotope R fluxes...
=== C12_spline_R ===
Data points: 68
Spline nodes: 12
****************************************
Minimizer is Minuit2 / Migrad
Chi2                      =      84.3496
NDf                       =           56
Edm                       =  1.24775e-14
NCalls                    =          449
p0                        =      1.81234   +/-   0.0304135   
p1                        =     0.916138   +/-   0.00785627  
p2                        =     0.327178   +/-   0.00243763  
p3                        =     0.079295   +/-   0.000602815 
p4                        =    0.0192384   +/-   0.000149507 
p5                        =   0.00473324   +/-   3.72695e-05 
p6                        =   0.00119143   +/-   9.5794e-06  
p7                        =  0.000300769   +/-   2.49343e-06 
p8                        =  6.22318e-05   +/-   5.99236e-07 
p9                        =  1.11205e-05   +/-   1.47554e-07 
p10                       =  3.44051e-07   +/-   2.21662e-08 
p11                       =  8.22241e-08   +/-   9.5113e-09  


======================================================
Processing Element: N (Z=7)
======================================================
Step 1: Converting total R flux to an approximate total Ek/n flux...
Step 2: Splitting approximate total Ek/n flux with constant ratios...
Step 3: Smoothing initial isotope Ek/n fluxes...
=== N14_spline_Ek ===
Data points: 66
Spline nodes: 12
****************************************
Minimizer is Minuit2 / Migrad
Chi2                      =      11.5773
NDf                       =           54
Edm                       =  1.30316e-17
NCalls                    =          468
p0                        =     0.619883   +/-   0.0118689   
p1                        =     0.252061   +/-   0.00286531  
p2                        =    0.0772606   +/-   0.000789379 
p3                        =    0.0172986   +/-   0.000179998 
p4                        =   0.00386414   +/-   4.12279e-05 
p5                        =  0.000862031   +/-   9.5602e-06  
p6                        =  0.000196835   +/-   2.28181e-06 
p7                        =  4.41294e-05   +/-   5.73322e-07 
p8                        =  8.14639e-06   +/-   1.33526e-07 
p9                        =  1.17122e-06   +/-   2.91121e-08 
p10                       =  9.04405e-08   +/-   7.86427e-09 
p11                       =  1.83337e-08   +/-   2.57365e-09 
=== N15_spline_Ek ===
Data points: 66
Spline nodes: 12
****************************************
Minimizer is Minuit2 / Migrad
Chi2                      =      11.5773
NDf                       =           54
Edm                       =  1.30316e-17
NCalls                    =          468
p0                        =     0.619883   +/-   0.0118689   
p1                        =     0.252061   +/-   0.00286531  
p2                        =    0.0772606   +/-   0.000789379 
p3                        =    0.0172986   +/-   0.000179998 
p4                        =   0.00386414   +/-   4.12279e-05 
p5                        =  0.000862031   +/-   9.5602e-06  
p6                        =  0.000196835   +/-   2.28181e-06 
p7                        =  4.41294e-05   +/-   5.73322e-07 
p8                        =  8.14639e-06   +/-   1.33526e-07 
p9                        =  1.17122e-06   +/-   2.91121e-08 
p10                       =  9.04405e-08   +/-   7.86427e-09 
p11                       =  1.83337e-08   +/-   2.57365e-09 
Step 4: Re-splitting ORIGINAL total R-flux with dynamic ratios...
Step 5: Smoothing final isotope R fluxes...
=== N14_spline_R ===
Data points: 66
Spline nodes: 12
****************************************
Minimizer is Minuit2 / Migrad
Chi2                      =      16.5897
NDf                       =           54
Edm                       =   7.5387e-17
NCalls                    =          447
p0                        =     0.224651   +/-   0.00420604  
p1                        =     0.102982   +/-   0.00113192  
p2                        =    0.0334174   +/-   0.000337337 
p3                        =   0.00751533   +/-   7.89404e-05 
p4                        =   0.00168569   +/-   1.81018e-05 
p5                        =  0.000374457   +/-   4.18018e-06 
p6                        =   8.5472e-05   +/-   9.95427e-07 
p7                        =  1.91475e-05   +/-   2.49854e-07 
p8                        =  3.55441e-06   +/-   5.83606e-08 
p9                        =  5.11642e-07   +/-   1.27452e-08 
p10                       =  4.13773e-08   +/-   3.58997e-09 
p11                       =  7.57125e-09   +/-   1.06264e-09 
=== N15_spline_R ===
Data points: 66
Spline nodes: 12
****************************************
Minimizer is Minuit2 / Migrad
Chi2                      =      16.9974
NDf                       =           54
Edm                       =  1.00795e-17
NCalls                    =          499
p0                        =     0.242869   +/-   0.00461615  
p1                        =     0.116781   +/-   0.00129591  
p2                        =    0.0392492   +/-   0.000395276 
p3                        =   0.00899092   +/-   9.41659e-05 
p4                        =   0.00203813   +/-   2.18647e-05 
p5                        =  0.000456616   +/-   5.08947e-06 
p6                        =  0.000104553   +/-   1.21638e-06 
p7                        =  2.34556e-05   +/-   3.058e-07   
p8                        =  4.31054e-06   +/-   7.0893e-08  
p9                        =  6.19076e-07   +/-   1.53997e-08 
p10                       =  4.59463e-08   +/-   4.00312e-09 
p11                       =    1.013e-08   +/-   1.42227e-09 


======================================================
Processing Element: O (Z=8)
======================================================
Step 1: Converting total R flux to an approximate total Ek/n flux...
Step 2: Splitting approximate total Ek/n flux with constant ratios...
Step 3: Smoothing initial isotope Ek/n fluxes...
=== O16_spline_Ek ===
Data points: 67
Spline nodes: 12
****************************************
Minimizer is Minuit2 / Migrad
Chi2                      =      24.1004
NDf                       =           55
Edm                       =  4.56009e-16
NCalls                    =          418
p0                        =      4.17859   +/-   0.0745696   
p1                        =      1.61527   +/-   0.0161819   
p2                        =     0.518235   +/-   0.00464433  
p3                        =     0.128922   +/-   0.00115634  
p4                        =    0.0318719   +/-   0.00029193  
p5                        =   0.00814527   +/-   7.5315e-05  
p6                        =   0.00209048   +/-   1.97658e-05 
p7                        =  0.000530659   +/-   5.30196e-06 
p8                        =  0.000107951   +/-   1.29827e-06 
p9                        =  1.66014e-05   +/-   2.93869e-07 
p10                       =  7.03361e-07   +/-   5.16454e-08 
p11                       =  1.77238e-07   +/-   2.10552e-08 
Step 4: Re-splitting ORIGINAL total R-flux with dynamic ratios...
Step 5: Smoothing final isotope R fluxes...
=== O16_spline_R ===
Data points: 67
Spline nodes: 12
****************************************
Minimizer is Minuit2 / Migrad
Chi2                      =      26.6441
NDf                       =           55
Edm                       =  3.74015e-15
NCalls                    =          421
p0                        =      1.65436   +/-   0.0290457   
p1                        =     0.735333   +/-   0.00715605  
p2                        =      0.25235   +/-   0.00222863  
p3                        =    0.0638114   +/-   0.000573371 
p4                        =    0.0159025   +/-   0.000145979 
p5                        =   0.00406725   +/-   3.77239e-05 
p6                        =   0.00104524   +/-   9.9125e-06  
p7                        =  0.000265266   +/-   2.66057e-06 
p8                        =  5.39872e-05   +/-   6.51001e-07 
p9                        =  8.29789e-06   +/-   1.47131e-07 
p10                       =  3.51672e-07   +/-   2.58275e-08 
p11                       =   8.8621e-08   +/-   1.05276e-08 

[INFO] Saving all graphs and functions to /eos/user/z/zixuan/Isotope/FluxSmooth/FluxSmooth.root...
[INFO] Done.
